07-14 21:17:28.843 W/BroadcastQueue( 3149): Appop Denial: receiving Intent { act=android.intent.action.SERVICE_STATE flg=0x1000010 (has extras) } to ProcessRecord{376a8d5 3489:com.android.phone/1001} (pid=3489, uid=1001) excludes appop android:read_phone_state due to sender android (uid 1001)
07-14 21:17:28.843 W/BroadcastQueue( 3149): Appop Denial: receiving Intent { act=android.intent.action.SERVICE_STATE flg=0x1000010 (has extras) } to ProcessRecord{376a8d5 3489:com.android.phone/1001} (pid=3489, uid=1001) excludes appop android:read_phone_state due to sender android (uid 1001)
07-14 21:17:28.843 W/BroadcastQueue( 3149): Appop Denial: receiving Intent { act=android.intent.action.SERVICE_STATE flg=0x1000010 (has extras) } to ProcessRecord{376a8d5 3489:com.android.phone/1001} (pid=3489, uid=1001) excludes appop android:read_phone_state due to sender android (uid 1001)
07-14 21:17:28.844 W/BroadcastQueue( 3149): Appop Denial: receiving Intent { act=android.intent.action.SERVICE_STATE flg=0x1000010 (has extras) } to ProcessRecord{92fb579 3149:system/1000} (pid=3149, uid=1000) excludes appop android:read_phone_state due to sender android (uid 1001)
07-14 21:17:28.844 W/BroadcastQueue( 3149): Permission Denial: receiving Intent { act=android.intent.action.SERVICE_STATE flg=0x1000010 (has extras) } to com.google.android.cellbroadcastreceiver/com.android.cellbroadcastreceiver.CellBroadcastReceiver requires android.permission.READ_PHONE_STATE due to sender android (uid 1001)
07-14 21:17:28.844 D/GnssNetworkConnectivityHandler( 3149): Active Sub List size: 2
07-14 21:17:28.845 V/KeyguardUpdateMonitor( 3511): SubInfo:{id=4 iccId=896102582[****] simSlotIndex=0 carrierId=30 displayName=YES OPTUS carrierName=Emergency calls only nameSource=1 iconTint=-13408298 number= dataRoaming=0 iconBitmap=null mcc=505 mnc=02 countryIso=au isEmbedded=false nativeAccessRules=null cardString=896102582[****] cardId=3 portIndex=0 isOpportunistic=false groupUUID=null isGroupDisabled=false profileClass=-1 ehplmns=[50502] hplmns=[50502, 50590] subscriptionType=0 groupOwner=null carrierConfigAccessRules=null areUiccApplicationsEnabled=true usageSetting=0}
07-14 21:17:28.845 I/PdnController( 3872): isWifiConnected: [type: WIFI[], state: CONNECTED/CONNECTED, reason: (unspecified), extra: , failover: false, available: true, roaming: false]
07-14 21:17:28.845 V/KeyguardUpdateMonitor( 3511): SubInfo:{id=1 iccId=899187205[****] simSlotIndex=1 carrierId=2018 displayName=Jio carrierName=Emergency calls only nameSource=1 iconTint=-16746133 number=[****] dataRoaming=1 iconBitmap=null mcc=405 mnc=872 countryIso=in isEmbedded=false nativeAccessRules=null cardString=899187205[****] cardId=0 portIndex=0 isOpportunistic=false groupUUID=null isGroupDisabled=false profileClass=-1 ehplmns=[405872, 405858, 405870, 405867, 405859, 405868, 405863, 405860, 405864, 405854, 405874, 405856, 405857, 405861, 405862, 405855, 405873, 405865, 405866, 405869, 405871, 405840] hplmns=[405872] subscriptionType=0 groupOwner=null carrierConfigAccessRules=null areUiccApplicationsEnabled=true usageSetting=0}
07-14 21:17:28.845 I/PhoneStateTracker<1>( 3872): notifySnapshotState: snapshotState=0 old=0
07-14 21:17:28.846 I/RegiMgr-Handler( 3872): handleMessage: EVENT_NETWORK_TYPE
07-14 21:17:28.846 I/RegiMgr-NetEvtCtr<1>( 3872): onNetworkChanged: suspendByIrat=false
07-14 21:17:28.846 I/NetworkState( 3872): setAllCellInfo : Cleared by null set !!!!
07-14 21:17:28.846 I/RegiMgr<1>( 3872): updatePani RegisterTask[1][mProfile=RJIL VoLTE, mRegistrationRat=0, mPdnType=11, mState=IDLE, mObject=null, mReason=, mPcscfHostname=null, mDeregiReason=41]
07-14 21:17:28.847 D/CellBroadcastReceiver( 6323): onReceive Intent { act=android.intent.action.SERVICE_STATE flg=0x1000010 cmp=com.google.android.cellbroadcastreceiver/com.android.cellbroadcastreceiver.CellBroadcastReceiver (has extras) }
07-14 21:17:28.847 I/PaniGenerator<1>( 3872): generate: subId=1, network=13
07-14 21:17:28.847 I/PaniGenerator<1>( 3872): generate: network=13, fallbackPlmn=405874
07-14 21:17:28.847 I/PdnController<1>( 3872): getAllCellInfo mNeedCellLocationUpdate : true
07-14 21:17:28.848 I/PdnController<1>( 3872): get latest cellInfo and store, subId = 1
07-14 21:17:28.848 I/PaniGenerator( 3872): generate: change to NW PLMN(50503)
07-14 21:17:28.849 D/NetworkController( 3511): doUpdateMobileControllers size=2 from=com.android.systemui.statusbar.connectivity.NetworkControllerImpl.updateMobileControllers:1066 com.android.systemui.statusbar.connectivity.NetworkControllerImpl.-$$Nest$mupdateMobileControllers:0 com.android.systemui.statusbar.connectivity.NetworkControllerImpl$SubListener.onSubscriptionsChanged:1730 android.telephony.TelephonyRegistryManager$1.lambda$onSubscriptionsChanged$0:125 
07-14 21:17:28.849 D/CellBroadcastReceiver( 6323): onServiceStateChanged, ss: 1
07-14 21:17:28.849 D/NetworkController( 3511): SubInfo:{id=4 iccId=896102582[****] simSlotIndex=0 carrierId=30 displayName=YES OPTUS carrierName=Emergency calls only nameSource=1 iconTint=-13408298 number= dataRoaming=0 iconBitmap=null mcc=505 mnc=02 countryIso=au isEmbedded=false nativeAccessRules=null cardString=896102582[****] cardId=3 portIndex=0 isOpportunistic=false groupUUID=null isGroupDisabled=false profileClass=-1 ehplmns=[50502] hplmns=[50502, 50590] subscriptionType=0 groupOwner=null carrierConfigAccessRules=null areUiccApplicationsEnabled=true usageSetting=0}
07-14 21:17:28.849 D/NetworkController( 3511): SubInfo:{id=1 iccId=899187205[****] simSlotIndex=1 carrierId=2018 displayName=Jio carrierName=Emergency calls only nameSource=1 iconTint=-16746133 number=[****] dataRoaming=1 iconBitmap=null mcc=405 mnc=872 countryIso=in isEmbedded=false nativeAccessRules=null cardString=899187205[****] cardId=0 portIndex=0 isOpportunistic=false groupUUID=null isGroupDisabled=false profileClass=-1 ehplmns=[405872, 405858, 405870, 405867, 405859, 405868, 405863, 405860, 405864, 405854, 405874, 405856, 405857, 405861, 405862, 405855, 405873, 405865, 405866, 405869, 405871, 405840] hplmns=[405872] subscriptionType=0 groupOwner=null carrierConfigAccessRules=null areUiccApplicationsEnabled=true usageSetting=0}
07-14 21:17:28.850 D/MobileSignalController(1/1)( 3511): updateNetworkName showSpn=false spn=Jio dataSpn=Jio showPlmn=true plmn=Emergency calls only hasVoWifiPLMN=false
07-14 21:17:28.850 D/KeyguardUpdateMonitor( 3511): updateCarrierTextInfo
07-14 21:17:28.850 D/PanelCarrierLabelWriter( 3511): setTextForCommon=Emergency calls only | Emergency calls only CarrierLabelInfo(subId=4, slotId=0, validSub=true, networkName=Emergency calls only, emergencyOnly=true, hasVoWifiNetworkName=false) CarrierLabelInfo(subId=1, slotId=1, validSub=true, networkName=Emergency calls only, emergencyOnly=false, hasVoWifiNetworkName=false), airplaneMode=false, hasAtLeastOneVoWifiNetworkName=false, rtl=false
07-14 21:17:28.850 D/PanelCarrierLabelManager( 3511): setTextForCommon(text:Emergency calls only | Emergency calls only)
07-14 21:17:28.851 D/MobileSignalController(1/1)( 3511): notifyListener: enabled=true, connected=false, dataConnected=false, networkType=LTE (LTE), emergencyOnly=false, roaming=false, isDefault=false, dataActivity=, level=2, ca=false, mmWave=false, disabledDataIcon=false, simCard=RELIANCE
07-14 21:17:28.851 D/MobileStatusTracker(1/1)( 3511): onServiceStateChanged voiceState=1 dataState=1
07-14 21:17:28.853 I/PaniGenerator( 3872): setLkcForLastPani: current PANI is not valid!
07-14 21:17:28.853 I/PersonalSafety(23462): (REDACTED) New count is %d compared to %d
07-14 21:17:28.853 D/CallNotifier( 3489): onSubscriptionsChanged, updatePhoneStateListeners
07-14 21:17:28.854 D/CallNotifier( 3489): updatePhoneStateListeners: isRefresh=true, updateType=2, subIdToUpdate=-1
07-14 21:17:28.855 D/CarrierTextController( 3511): onRefreshCarrierInfo(), mTelephonyCapable: true
07-14 21:17:28.855 D/CarrierTextController( 3511): updateCarrierText(): 2
07-14 21:17:28.855 D/CarrierTextController( 3511): Handling (subId=4): 5 Emergency calls only
07-14 21:17:28.855 D/CarrierTextController( 3511): carrierTextForSimState = Emergency calls only
07-14 21:17:28.856 D/CarrierTextController( 3511): Handling (subId=1): 5 Emergency calls only
07-14 21:17:28.856 D/CarrierTextController( 3511): carrierTextForSimState = Emergency calls only
07-14 21:17:28.856 D/CarrierTextController( 3511): setText : Emergency calls only | Emergency calls only
07-14 21:17:28.856 D/FaceWidgetPagesController( 3511): onRefreshCarrierInfo()
07-14 21:17:28.857 D/FaceWidgetClockRoamManager( 3511): isNetworkRoamingState id=1
07-14 21:17:28.857 D/FaceWidgetClockRoamManager( 3511): isNetworkRoamingState false
07-14 21:17:28.857 D/FaceWidgetClockRoamManager( 3511): onRefreshCarrierInfo(pre, now): false, false
07-14 21:17:28.857 D/FaceWidgetClockPage( 3511): onRefreshCarrierInfo : isChanged false mIsRoaming false
07-14 21:17:28.857 D/MultiSIMController( 3511): onSubscriptionsChanged: 
07-14 21:17:28.857 D/MultiSIMController( 3511): onReceive() - action = android.intent.action.SERVICE_STATE
07-14 21:17:28.857 D/Tile.AirplaneModeTile( 3511): onReceive android.intent.action.SERVICE_STATE
07-14 21:17:28.857 D/KeyguardUpdateMonitor( 3511): received broadcast android.intent.action.SERVICE_STATE
07-14 21:17:28.858 D/CallNotifier( 3489): updatePhoneStateListeners: subId=1
07-14 21:17:28.858 D/CallNotifier( 3489): updatePhoneStateListeners: update CF notifications.
07-14 21:17:28.858 V/KeyguardUpdateMonitor( 3511): action android.intent.action.SERVICE_STATE serviceState={mVoiceRegState=1(OUT_OF_SERVICE), mDataRegState=1(OUT_OF_SERVICE), mChannelNumber=550, duplexMode()=1, mCellBandwidths=[], mOperatorAlphaLong=, mOperatorAlphaShort=, isManualNetworkSelection=false(automatic), getRilVoiceRadioTechnology=14(LTE), getRilDataRadioTechnology=14(LTE), mCssIndicator=unsupported, mNetworkId=*1, mSystemId=*1, mCdmaRoamingIndicator=-1, mCdmaDefaultRoamingIndicator=-1, VoiceRegType=0, Snap=0, MobileData=OUT_OF_SERVICE, MobileDataRoamingType=home, MobileDataRat=LTE, PsOnly=false, FemtocellInd=0, SprDisplayRoam=false, OptRadioTech=0, MsimSubmode=0, IsVoiceCallAvailable=false, mIsEmergencyOnly=true, isUsingCarrierAggregation=false, mArfcnRsrpBoost=0, mNetworkRegistrationInfos=[NetworkRegistrationInfo{ domain=CS transportType=WWAN registrationState=DENIED roamingType=NOT_ROAMING accessNetworkTechnology=LTE rejectCause=0 emergencyEnabled=true availableServices=[EMERGENCY] cellIdentity=CellIdentityLte:{ mCi=8****94 mPci=173 mTac=3***9 mEarfcn=550 mBands=[1] mBandwidth=2147483647 mMcc=505 mMnc=03 mAlphaLong=Vodafone AU mAlphaShort=Vodafone AU mAdditionalPlmns={} mCsgInfo=null} voiceSpecificInfo=VoiceSpecificRegistrationInfo { mCssSupported=false mRoamingIndicator=0 mSystemIsInPrl=0 mDefaultRoamingIndicator=0} dataSpecificInfo=null nrState=**** rRplmn=50503 isUsingCarrierAggregation=false}, NetworkRegistrationInfo{ domain=PS transportType=WWAN registrationState=DENIED roamingType=NOT_ROAMING accessNetworkTechnology=LTE rejectCause=0 emergencyEnabled=true availableServices=[EMERGENCY] cellIdentity=CellIdentityLte:{ mCi=8****94 mPci=173 mTac=3***9 mEarfcn=550 mBands=[1] mBandwidth=2147483647 mMcc=505 mMnc=03 mAlphaLong=Vodafone AU mAlphaShort=Vodafone AU mAdditionalPlmns={} mCsgInfo=null} voiceSpecificInfo=null dataSpecificInfo=android.telephony.DataSpecificRegistrationInfo :{ maxDataCalls = 16 isDcNrRestricted = false isNrAvailable = false isEnDcAvailable = false LteVopsSupportInfo :  mVopsSupport = 3 mEmcBearerSupport = 2 } nrState=**** rRplmn=50503 isUsingCarrierAggregation=false}], mNrFrequencyRange=0, mOperatorAlphaLongRaw=, mOperatorAlphaShortRaw=, mIsDataRoamingFromRegistration=false, mIsIwlanPreferred=false} subId=1
07-14 21:17:28.858 D/CarrierTextController( 3511): onRefreshCarrierInfo(), mTelephonyCapable: true
07-14 21:17:28.858 D/CarrierTextController( 3511): updateCarrierText(): 2
07-14 21:17:28.858 D/CarrierTextController( 3511): Handling (subId=4): 5 Emergency calls only
07-14 21:17:28.859 D/CarrierTextController( 3511): carrierTextForSimState = Emergency calls only
07-14 21:17:28.859 D/CarrierTextController( 3511): Handling (subId=1): 5 Emergency calls only
07-14 21:17:28.859 D/CarrierTextController( 3511): carrierTextForSimState = Emergency calls only
07-14 21:17:28.859 D/CarrierTextController( 3511): setText : Emergency calls only | Emergency calls only
07-14 21:17:28.859 D/FaceWidgetPagesController( 3511): onRefreshCarrierInfo()
07-14 21:17:28.859 I/RegiMgr-NetEvtCtr<1>( 3872): onNetworkEventChanged:Changed Event: Network type(0=>13), Voice network(0=>13), isWifiConnected(false=> true), Operator(=>50503)
07-14 21:17:28.859 I/VolteServiceModule( 3872): onNetworkChanged: NetworkEvent [network=13, voiceNetwork=13, voiceOverPs=UNKNOWN, outOfService=true, isDataRoaming=false, isVoiceRoaming=false, csOutOfService=true, isWifiConnected=true, isEpdgConnected=false, isEpdgAvailable=false, operatorNumeric=50503, isPsOnlyReg=false, isDataConnected=false]
07-14 21:17:28.859 I/ImModule( 3872): updateFeatures: phoneId = 1
07-14 21:17:28.860 I/VolteServiceModule( 3872): tryDisconnect(1) delay 100
07-14 21:17:28.860 D/FaceWidgetClockRoamManager( 3511): isNetworkRoamingState id=1
07-14 21:17:28.860 D/FaceWidgetClockRoamManager( 3511): isNetworkRoamingState false
07-14 21:17:28.860 D/FaceWidgetClockRoamManager( 3511): onRefreshCarrierInfo(pre, now): false, false
07-14 21:17:28.860 D/FaceWidgetClockPage( 3511): onRefreshCarrierInfo : isChanged false mIsRoaming false
07-14 21:17:28.860 I/ImsServiceSwitchEur[1]( 3872):  isRcsEnabled: true mDefaultSms false mUpsmEnabled false mEmergencyEnabled false
07-14 21:17:28.860 I/FeatureUpdater( 3872): RCS is disabled.
07-14 21:17:28.860 D/MultiSIMController( 3511): MESSAGE_UPDATE_SUBSCRIPTION_INFO
07-14 21:17:28.860 E/#IMSCR  ( 3872): 07-14 21:17:28 0x40000000:1,none
07-14 21:17:28.860 I/RcsUtils( 3872): isDualRcsReg: false
07-14 21:17:28.860 D/KeyguardUpdateMonitor( 3511): updateCarrierTextInfo
07-14 21:17:28.861 D/PanelCarrierLabelWriter( 3511): setTextForCommon=Emergency calls only | Emergency calls only CarrierLabelInfo(subId=4, slotId=0, validSub=true, networkName=Emergency calls only, emergencyOnly=true, hasVoWifiNetworkName=false) CarrierLabelInfo(subId=1, slotId=1, validSub=true, networkName=Emergency calls only, emergencyOnly=true, hasVoWifiNetworkName=false), airplaneMode=false, hasAtLeastOneVoWifiNetworkName=false, rtl=false
07-14 21:17:28.861 D/PanelCarrierLabelManager( 3511): setTextForCommon(text:Emergency calls only | Emergency calls only)
07-14 21:17:28.861 D/MobileSignalController(1/1)( 3511): notifyListener: enabled=true, connected=true, dataConnected=false, networkType=LTE (LTE), emergencyOnly=true, roaming=false, isDefault=false, dataActivity=, level=1, ca=false, mmWave=false, disabledDataIcon=false, simCard=RELIANCE
07-14 21:17:28.861 D/NetworkController( 3511): ServiceState from intent slotId=1
07-14 21:17:28.862 D/NetworkController( 3511): IsPowerOffServiceState is false: 0
07-14 21:17:28.862 D/Tile.AirplaneModeTile( 3511):  handleUpdateState: airplane mode is disabled : enter mSetting.getValue() == 0 mIsWiFiOnlyDevice false isNoSimState false !isPowerOffServiceState true
07-14 21:17:28.862 D/Tile.AirplaneModeTile( 3511):  handleUpdateState:  value = false, state = 1
07-14 21:17:28.862 I/Telephony: SamsungImsManagerInjector( 3489): [getImsManager_0 : com.samsung.telephony.model.ims.SamsungTelephonyImsManager@dcc56d9] [ getImsManager_1 : com.samsung.telephony.model.ims.SamsungTelephonyImsManager@3c3f7f]
07-14 21:17:28.862 D/semImsManager[1]( 3489): isImsFeatureEnabled: mmtel-video, -1
07-14 21:17:28.863 I/CapabilityUtil( 3872): onNetworkChanged: setOwnCapabilities(false) is called
07-14 21:17:28.863 I/RcsUtils( 3872): isDualRcsReg: false
07-14 21:17:28.864 I/SmsServiceModule( 3872): regInfo: null
07-14 21:17:28.864 I/SmsServiceModule( 3872): disallow sms Service
07-14 21:17:28.864 I/SmsServiceModule( 3872): Sms Service queryCapabilityStatus[1]: removeCapabilities CAPABILITY_TYPE_SMS
07-14 21:17:28.865 D/MultiSIMController( 3511): updateMultiSimReadyState: mHasOpportunisticESim = false
07-14 21:17:28.865 E/CmcServiceHelper( 3872): disallow Call Service
07-14 21:17:28.865 E/CmcServiceHelper( 3872): disallow Call Service
07-14 21:17:28.865 E/CmcServiceHelper( 3872): disallow Call Service
07-14 21:17:28.865 I/UtServiceModule<1>( 3872): isUtEnabled with policy : PS enabled = true
07-14 21:17:28.865 I/CapabilityDiscModule<1>( 3872): queryCapabilityStatus
07-14 21:17:28.866 E/CapabilityUtil<1>( 3872): checkModuleReady: mConfig.isAvailable == false
07-14 21:17:28.866 I/CapabilityDiscModule<1>( 3872): isUceServiceAvailable: not ready
07-14 21:17:28.866 E/CapabilityUtil<1>( 3872): checkModuleReady: mConfig.isAvailable == false
07-14 21:17:28.866 I/CapabilityDiscModule<1>( 3872): isUceServiceAvailable: not ready
07-14 21:17:28.866 I/ImsServiceStub<1>( 3872): isServiceAvailable: mmtel-video, rat: -1, profileFind:true, Enabled:true
07-14 21:17:28.866 I/Telephony: SamsungImsRepositoryImpl( 3489): isPSVTRegistered, result :true
07-14 21:17:28.866 I/Telephony: SamsungCallForwardUpdateManager( 3489): shouldCheckVideoCallForwarding for slot 1 : true
07-14 21:17:28.866 I/Telephony: SamsungCallForwardUpdateManager( 3489): isCfiVisible, voiceI: false, videoI: false
07-14 21:17:28.866 I/NotificationMgr( 3489): updateCfi: subId= 1, visible=N, isValidSubId= true
07-14 21:17:28.867 I/RegiMgr-NetEvtCtr<1>( 3872): handleNetworkEventBeforeRegister: new network event=NetworkEvent [network=13, voiceNetwork=13, voiceOverPs=UNKNOWN, outOfService=true, isDataRoaming=false, isVoiceRoaming=false, csOutOfService=true, isWifiConnected=true, isEpdgConnected=false, isEpdgAvailable=false, operatorNumeric=50503, isPsOnlyReg=false, isDataConnected=false], old network event=NetworkEvent [network=0, voiceNetwork=0, voiceOverPs=UNKNOWN, outOfService=true, isDataRoaming=false, isVoiceRoaming=false, csOutOfService=true, isWifiConnected=false, isEpdgConnected=false, isEpdgAvailable=false, operatorNumeric=, isPsOnlyReg=false, isDataConnected=false]
07-14 21:17:28.867 I/RegiMgr-NetEvtCtr<1>( 3872): out of service.
07-14 21:17:28.867 I/SimManager( 3872): getRilSimOperator: ETC
07-14 21:17:28.867 I/SimManager<1>( 3872): hasIsim: [true]
07-14 21:17:28.867 I/SimManager( 3872): mSimState:LOADED, mIsimLoaded:true, hasIsim():true
07-14 21:17:28.867 I/RegiMgr-NetEvtCtr<1>( 3872): onNetworkEventChanged: tryRegister by phoneID
07-14 21:17:28.867 I/RegiMgr<1>( 3872): tryRegister:
07-14 21:17:28.868 I/RegiMgr<0>( 3872): RegisterTask(s): OPS VoLTE (IDLE), Global GC RCS (IDLE)
07-14 21:17:28.868 I/RegiMgr<1>( 3872): RegisterTask(s): RJIL VoLTE (IDLE)
07-14 21:17:28.868 I/RcsPolicyMgr<1>( 3872): pendingRcsRegister: mActiveDataPhoneId = 1
07-14 21:17:28.868 I/RegisterTask( 3872): isSuspended: mSuspended(false) mSuspendByIrat(false)
07-14 21:17:28.868 I/RegiMgr<1>( 3872): [RJIL VoLTE|IDLE] checkForTryRegister id: 700
07-14 21:17:28.868 I/PdnController( 3872): isConnected: No callback exists
07-14 21:17:28.868 I/RegiMgr ( 3872): isPdnConnected: false, PdnType: 11
07-14 21:17:28.869 D/NotificationMgr( 3489): cancelAsUser, tag=1, id=4, user=UserHandle{0}
07-14 21:17:28.870 I/PdnController( 3872): getDefaultNetworkBearer:  WIFI
07-14 21:17:28.870 I/PdnController<1>( 3872): isNetworkAvailable: isEpdgConnected=false getDataNetworkType()=13
07-14 21:17:28.870 D/CallNotifier( 3489): updatePhoneStateListeners: update MW notifications.
07-14 21:17:28.870 I/NotificationMgr( 3489): updateMwi(): subId 1 update to false
07-14 21:17:28.871 D/Telephony: SamsungVoiceMailMwiNotifiaction( 3489): getMwiNotificationId, notificationId: 2
07-14 21:17:28.871 I/NotificationMgr( 3489): updateMwi(): phoneId 1, notificationId 2
07-14 21:17:28.872 I/RcsProvisioningFlow(32465): Scheduling 3 using PWQ with updateTrigger: 2, scheduledAt: 2026-07-14T11:17:28.868Z, initialDelaySeconds: 0.
07-14 21:17:28.872 I/Telecom:SamsungTelecomServiceImpl( 3149): getDefaultDialerPackageForUser - userId : 0 / callingPid : 3489 / processName : sts
07-14 21:17:28.873 D/NotificationMgr( 3489): updateMwi, notifyCancelAsUserMwi
07-14 21:17:28.873 D/Telephony: SamsungVoiceMailMwiManager( 3489): cancelAsUser, id=2, user=UserHandle{0}
07-14 21:17:28.873 D/PhoneInterfaceManager( 3489): setDataEnabledForReason() Reason=1 Pid=3149 App=system
07-14 21:17:28.873 I/RegiMgr-Utils<1>( 3872): Not found best network in UNKNOWN - serviceSet empty - OOS: true
07-14 21:17:28.874 I/RegiGvnBase<1>( 3872): isReadyToDualRegister : true
07-14 21:17:28.874 I/Telephony: SamsungMultiSimRepositoryImpl( 3489): isNoSIM() : slotIndex: 0, simState: 5
07-14 21:17:28.874 I/Telephony: SamsungMultiSimRepositoryImpl( 3489): isNotReadySIM() : slotIndex: 0, simState: 5
07-14 21:17:28.874 I/Telephony: SamsungMultiSimRepositoryImpl( 3489): isNoSIM() : slotIndex: 1, simState: 5
07-14 21:17:28.874 I/Telephony: SamsungMultiSimRepositoryImpl( 3489): isNotReadySIM() : slotIndex: 1, simState: 5
07-14 21:17:28.875 D/Telephony: SamsungVoiceMailMwiManager( 3489): notifyCancelMwiForGear()...
07-14 21:17:28.876 I/RegiMgr<1>( 3872): [RJIL VoLTE|IDLE] checkInitialRegistrationIsReady: APM ON [false], Roamimg [false]
07-14 21:17:28.876 I/RcsPolicyMgr<1>( 3872): pendingRcsRegister: mActiveDataPhoneId = 1
07-14 21:17:28.876 I/ImsProfile( 3872): isRttSupportByCallApp : false ttyType : 1
07-14 21:17:28.876 I/RegiMgr-Utils<1>( 3872): getPriorityRegiedTask : isPriority  High? true
07-14 21:17:28.876 I/RegiMgr-Utils<1>( 3872): Profile is in = IDLE
07-14 21:17:28.876 I/RegiGvnBase( 3872): checkRegiStatus: getState()=IDLE mIsUpdateRegistering=false
07-14 21:17:28.876 I/RegiMgr<1>( 3872): getTelephonyCallStatus:
07-14 21:17:28.877 D/PhoneInterfaceManager( 3489): setDataEnabledForReason() Reason=1 Pid=3149 App=system
07-14 21:17:28.878 D/CallNotifier( 3489): updatePhoneStateListeners: subId=4
07-14 21:17:28.878 D/CallNotifier( 3489): updatePhoneStateListeners: update CF notifications.
07-14 21:17:28.879 I/Telephony: SamsungImsManagerInjector( 3489): [getImsManager_0 : com.samsung.telephony.model.ims.SamsungTelephonyImsManager@dcc56d9] [ getImsManager_1 : com.samsung.telephony.model.ims.SamsungTelephonyImsManager@3c3f7f]
07-14 21:17:28.879 D/semImsManager[0]( 3489): isImsFeatureEnabled: mmtel-video, -1
07-14 21:17:28.879 I/ImsServiceSwitchEur[1]( 3872):  isRcsEnabled: true mDefaultSms false mUpsmEnabled false mEmergencyEnabled false
07-14 21:17:28.880 I/ImsServiceStub<0>( 3872): isServiceAvailable: VoImsFeature : (mmtel-video) is not supported
07-14 21:17:28.880 I/Telephony: SamsungImsRepositoryImpl( 3489): isPSVTRegistered, result :false
07-14 21:17:28.880 I/Telephony: SamsungCallForwardUpdateManager( 3489): shouldCheckVideoCallForwarding for slot 0 : false
07-14 21:17:28.880 I/Telephony: SamsungCallForwardUpdateManager( 3489): isCfiVisible, voiceI: false, videoI: false
07-14 21:17:28.880 I/NotificationMgr( 3489): updateCfi: subId= 4, visible=N, isValidSubId= true
07-14 21:17:28.881 D/NotificationMgr( 3489): cancelAsUser, tag=4, id=4, user=UserHandle{0}
07-14 21:17:28.881 D/CallNotifier( 3489): updatePhoneStateListeners: update MW notifications.
07-14 21:17:28.881 I/NotificationMgr( 3489): updateMwi(): subId 4 update to false
07-14 21:17:28.881 D/Telephony: SamsungVoiceMailMwiNotifiaction( 3489): getMwiNotificationId, notificationId: 3
07-14 21:17:28.881 I/NotificationMgr( 3489): updateMwi(): phoneId 0, notificationId 3
07-14 21:17:28.882 I/ConfigTrigger<1>( 3872): isWaitAutoConfig:
07-14 21:17:28.883 I/[ND]SurveyMeasurementWorker( 7658): androidx.work-2 | Start Work
07-14 21:17:28.884 I/[ND]SurveyMeasurementWorker( 7658): androidx.work-2 | internal receiver is registered
07-14 21:17:28.885 I/Telecom:SamsungTelecomServiceImpl( 3149): getDefaultDialerPackageForUser - userId : 0 / callingPid : 3489 / processName : sts
07-14 21:17:28.885 D/NotificationMgr( 3489): updateMwi, notifyCancelAsUserMwi
07-14 21:17:28.886 I/ImsServiceSwitchEur[1]( 3872):  isRcsEnabled: true mDefaultSms false mUpsmEnabled false mEmergencyEnabled false
07-14 21:17:28.886 I/RegiMgr-Utils( 3872): selectPdnType: rat=0pdn=11
07-14 21:17:28.886 I/RegiMgr<1>( 3872): getServiceForNetwork: network 0
07-14 21:17:28.886 I/RegiMgr<1>( 3872): RJIL VoLTE: no ims service for current rat0
07-14 21:17:28.886 D/Telephony: SamsungVoiceMailMwiManager( 3489): cancelAsUser, id=3, user=UserHandle{0}
07-14 21:17:28.886 I/Telephony: SamsungMultiSimRepositoryImpl( 3489): isNoSIM() : slotIndex: 0, simState: 5
07-14 21:17:28.886 I/Telephony: SamsungMultiSimRepositoryImpl( 3489): isNotReadySIM() : slotIndex: 0, simState: 5
07-14 21:17:28.886 I/Telephony: SamsungMultiSimRepositoryImpl( 3489): isNoSIM() : slotIndex: 1, simState: 5
07-14 21:17:28.886 I/Telephony: SamsungMultiSimRepositoryImpl( 3489): isNotReadySIM() : slotIndex: 1, simState: 5
07-14 21:17:28.888 D/Telephony: SamsungVoiceMailMwiManager( 3489): notifyCancelMwiForGear()...
07-14 21:17:28.889 I/Telephony( 3489): TelecomAccountRegistry$1: TelecomAccountRegistry: onSubscriptionsChanged - update accounts
07-14 21:17:28.889 E/#IMSCR  ( 3872): 07-14 21:17:28 0x1101000B:1,FILTERED ALL:11
07-14 21:17:28.889 I/GeolocationCon( 3872): handleMessage : what = SERVICE_STATE_CHANGED
07-14 21:17:28.889 I/GeolocationCon( 3872): matchTimingReqLocation ,match=0, timing=4
07-14 21:17:28.889 I/GeolocationCon( 3872): matchTimingReqLocation ,match=0, timing=4
07-14 21:17:28.889 I/GeolocationCon( 3872): matchTimingReqLocation ,match=0, timing=4
07-14 21:17:28.889 I/GeolocationCon( 3872): profile is null
07-14 21:17:28.889 I/RegiMgr-Handler( 3872): handleMessage: EVENT_DO_PENDING_UPDATE_REGISTRATION
07-14 21:17:28.894 D/MultiSIMController( 3511): MESSAGE_UPDATE_SERVICE_STATE
07-14 21:17:28.894 W/Bugle   (32465): BuglePhoneNumberUtils: canonicalizeMccMnc: invalid mccmnc. mcc: null, mnc: null
07-14 21:17:28.894 I/Telephony( 3489): SamsungTelecomAccountRegistry: shouldUpdatePhoneAccountsOnSubscriptionsChanged: false, validPhoneCounts: 2, accounts.size: 2
07-14 21:17:28.894 I/Telephony( 3489): TelecomAccountRegistry$1: TelecomAccountRegistry: onSubscriptionsChanged - end
07-14 21:17:28.897 I/Telephony( 3489): TelecomAccountRegistry$AccountEntry: isRttCurrentlySupported -- regular acct,, hasVoiceAvailability: false, isRttSupported: false, alwaysAllowWhileRoaming: false, isRoaming: false, isOnWfc: false
07-14 21:17:28.898 I/Telephony( 3489): TelecomAccountRegistry$AccountEntry: isRttCurrentlySupported -- regular acct,, hasVoiceAvailability: false, isRttSupported: false, alwaysAllowWhileRoaming: false, isRoaming: false, isOnWfc: false
07-14 21:17:28.898 V/PhoneGlobals( 3489): handleServiceStateChanged
07-14 21:17:28.898 D/NotificationMgr( 3489): updateNetworkSelection, Use Samsung codes instead of AOSP codes
07-14 21:17:28.898 V/PhoneGlobals( 3489): subId=1, mDefaultDataSubId=-1, ss roaming=false
07-14 21:17:28.902 D/PhoneRestrictionPolicy( 3149): isOperationAllowed >>> slotNum: 1 function: 1
07-14 21:17:28.904 I/[ND]Preconditions( 7658): androidx.work-2 | prop:false->false, pref:false->false, GRM mode (false)
07-14 21:17:28.905 I/[ND]Preconditions( 7658): androidx.work-2 | UT Mode | Preconditions are NOT satisfied | "SM-E625F" in [ SurveyModelDomain(useModel=SM-G981N), SurveyModelDomain(useModel=SM-G986N), SurveyModelDomain(useModel=SM-G988N), SurveyModelDomain(useModel=SM-F700N), SurveyModelDomain(useModel=SM-F707N), SurveyModelDomain(useModel=SM-G977N), SurveyModelDomain(useModel=SM-N986N), SurveyModelDomain(useModel=SM-N981N), SurveyModelDomain(useModel=SM-F916N), SurveyModelDomain(useModel=SM-G991N), SurveyModelDomain(useModel=SM-G996N), SurveyModelDomain(useModel=SM-G998N), SurveyModelDomain(useModel=SM-F711N), SurveyModelDomain(useModel=SM-F926N), SurveyModelDomain(useModel=SM-S901N), SurveyModelDomain(useModel=SM-S906N), SurveyModelDomain(useModel=SM-S908N) ]
07-14 21:17:28.905 I/[ND]UtModeUtilityImpl( 7658): androidx.work-2 | Get nedi.ut_mode (false)
07-14 21:17:28.905 I/[ND]UtModeUtilityImpl( 7658): androidx.work-2 | Get nedi.grm_mode (false)
07-14 21:17:28.906 D/KeyguardUpdateMonitor( 3511): handleServiceStateChange(subId=1, serviceState={mVoiceRegState=1(OUT_OF_SERVICE), mDataRegState=1(OUT_OF_SERVICE), mChannelNumber=550, duplexMode()=1, mCellBandwidths=[], mOperatorAlphaLong=, mOperatorAlphaShort=, isManualNetworkSelection=false(automatic), getRilVoiceRadioTechnology=14(LTE), getRilDataRadioTechnology=14(LTE), mCssIndicator=unsupported, mNetworkId=*1, mSystemId=*1, mCdmaRoamingIndicator=-1, mCdmaDefaultRoamingIndicator=-1, VoiceRegType=0, Snap=0, MobileData=OUT_OF_SERVICE, MobileDataRoamingType=home, MobileDataRat=LTE, PsOnly=false, FemtocellInd=0, SprDisplayRoam=false, OptRadioTech=0, MsimSubmode=0, IsVoiceCallAvailable=false, mIsEmergencyOnly=true, isUsingCarrierAggregation=false, mArfcnRsrpBoost=0, mNetworkRegistrationInfos=[NetworkRegistrationInfo{ domain=CS transportType=WWAN registrationState=DENIED roamingType=NOT_ROAMING accessNetworkTechnology=LTE rejectCause=0 emergencyEnabled=true availableServices=[EMERGENCY] cellIdentity=CellIdentityLte:{ mCi=8****94 mPci=173 mTac=3***9 mEarfcn=550 mBands=[1] mBandwidth=2147483647 mMcc=505 mMnc=03 mAlphaLong=Vodafone AU mAlphaShort=Vodafone AU mAdditionalPlmns={} mCsgInfo=null} voiceSpecificInfo=VoiceSpecificRegistrationInfo { mCssSupported=false mRoamingIndicator=0 mSystemIsInPrl=0 mDefaultRoamingIndicator=0} dataSpecificInfo=null nrState=**** rRplmn=50503 isUsingCarrierAggregation=false}, NetworkRegistrationInfo{ domain=PS transportType=WWAN registrationState=DENIED roamingType=NOT_ROAMING accessNetworkTechnology=LTE rejectCause=0 emergencyEnabled=true availableServices=[EMERGENCY] cellIdentity=CellIdentityLte:{ mCi=8****94 mPci=173 mTac=3***9 mEarfcn=550 mBands=[1] mBandwidth=2147483647 mMcc=505 mMnc=03 mAlphaLong=Vodafone AU mAlphaShort=Vodafone AU mAdditionalPlmns={} mCsgInfo=null} voiceSpecificInfo=null dataSpecificInfo=android.telephony.DataSpecificRegistrationInfo :{ maxDataCalls = 16 isDcNrRestricted = false isNrAvailable = false isEnDcAvailable = false LteVopsSupportInfo :  mVopsSupport = 3 mEmcBearerSupport = 2 } nrState=**** rRplmn=50503 isUsingCarrierAggregation=false}], mNrFrequencyRange=0, mOperatorAlphaLongRaw=, mOperatorAlphaShortRaw=, mIsDataRoamingFromRegistration=false, mIsIwlanPreferred=false}
07-14 21:17:28.906 D/CarrierTextController( 3511): onRefreshCarrierInfo(), mTelephonyCapable: true
07-14 21:17:28.907 D/CarrierTextController( 3511): updateCarrierText(): 2
07-14 21:17:28.907 D/CarrierTextController( 3511): Handling (subId=4): 5 Emergency calls only
07-14 21:17:28.907 D/CarrierTextController( 3511): carrierTextForSimState = Emergency calls only
07-14 21:17:28.907 D/CarrierTextController( 3511): Handling (subId=1): 5 Emergency calls only
07-14 21:17:28.907 D/CarrierTextController( 3511): carrierTextForSimState = Emergency calls only
07-14 21:17:28.907 D/CarrierTextController( 3511): setText : Emergency calls only | Emergency calls only
07-14 21:17:28.907 D/FaceWidgetPagesController( 3511): onRefreshCarrierInfo()
07-14 21:17:28.907 D/FaceWidgetClockRoamManager( 3511): isNetworkRoamingState id=1
07-14 21:17:28.907 D/FaceWidgetClockRoamManager( 3511): isNetworkRoamingState false
07-14 21:17:28.907 D/FaceWidgetClockRoamManager( 3511): onRefreshCarrierInfo(pre, now): false, false
07-14 21:17:28.907 D/FaceWidgetClockPage( 3511): onRefreshCarrierInfo : isChanged false mIsRoaming false
07-14 21:17:28.912 D/Telephony: SamsungTuiAsyncSendExtras( 3489): SamsungTuiAsyncSendExtras[onPreExecute] method: network_notification_event
07-14 21:17:28.913 D/CarrierTextController( 3511): onRefreshCarrierInfo(), mTelephonyCapable: true
07-14 21:17:28.913 D/CarrierTextController( 3511): updateCarrierText(): 2
07-14 21:17:28.913 D/CarrierTextController( 3511): Handling (subId=4): 5 Emergency calls only
07-14 21:17:28.913 D/Telephony: SamsungTuiAsyncSendExtras( 3489): SamsungTuiAsyncSendExtras[doInBackground] method: network_notification_event
07-14 21:17:28.913 D/CarrierTextController( 3511): carrierTextForSimState = Emergency calls only
07-14 21:17:28.913 D/CarrierTextController( 3511): Handling (subId=1): 5 Emergency calls only
07-14 21:17:28.913 D/CarrierTextController( 3511): carrierTextForSimState = Emergency calls only
07-14 21:17:28.913 D/CarrierTextController( 3511): setText : Emergency calls only | Emergency calls only
07-14 21:17:28.913 D/FaceWidgetPagesController( 3511): onRefreshCarrierInfo()
07-14 21:17:28.914 D/FaceWidgetClockRoamManager( 3511): isNetworkRoamingState id=1
07-14 21:17:28.914 D/FaceWidgetClockRoamManager( 3511): isNetworkRoamingState false
07-14 21:17:28.914 D/FaceWidgetClockRoamManager( 3511): onRefreshCarrierInfo(pre, now): false, false
07-14 21:17:28.914 D/FaceWidgetClockPage( 3511): onRefreshCarrierInfo : isChanged false mIsRoaming false
07-14 21:17:28.915 W/Bugle   (32465): BuglePhoneNumberUtils: canonicalizeMccMnc: invalid mccmnc. mcc: null, mnc: null
07-14 21:17:28.916 D/SLocation( 3149): SGeofenceCellManager - cellList : 18
07-14 21:17:28.916 D/SLocation( 3149): CellLocationManager - onCellLocationChanged 1 / 1
07-14 21:17:28.920 I/FaceWidgetPositionAlgorithm( 3511): getClockContainerHeight() supplier = 290, bottom margin = 0, real height = 358
07-14 21:17:28.920 I/FaceWidgetPositionAlgorithm( 3511): getClockContainerHeight() supplier = 290, bottom margin = 68, real height = 358
07-14 21:17:28.920 I/FaceWidgetPositionAlgorithm( 3511): getMediaContainerHeight() height = 0 container Visibility = 8, isValid = false, mIsDozing = false, fraction = 1.0, source = 0, target = 0
07-14 21:17:28.920 I/FaceWidgetPositionAlgorithm( 3511): getMediaContainerHeight() supplier = 0
07-14 21:17:28.920 I/InternalContentProvider( 3296): network_notification_event null
07-14 21:17:28.921 I/InternalContentProvider( 3296): Take CarrierUiCallFunctions
07-14 21:17:28.921 I/CarrierUiCallFunctions( 3296): call network_notification_event null Bundle[mParcelledData.dataSize=860]
07-14 21:17:28.921 V/QsExpandAnimator( 3511): setQsExpansionPosition 0.0
07-14 21:17:28.924 I/ResourceType( 3511): [SWT] Success lookup value directly, data = 0x010607cc
07-14 21:17:28.924 I/ResourceType( 3511): [SWT] Success lookup value directly, data = 0x010607cc
07-14 21:17:28.925 I/ResourceType( 3511): [SWT] Success lookup value directly, data = 0x010607cc
07-14 21:17:28.925 I/ResourceType( 3511): [SWT] Success lookup value directly, data = 0x010607cc
07-14 21:17:28.925 I/ResourceType( 3511): [SWT] Success lookup value directly, data = 0x010607cc
07-14 21:17:28.925 I/ResourceType( 3511): [SWT] Success lookup value directly, data = 0x010607cc
07-14 21:17:28.925 I/ResourceType( 3511): [SWT] Success lookup value directly, data = 0x010607cc
07-14 21:17:28.925 I/ResourceType( 3511): [SWT] Success lookup value directly, data = 0x010607cc
07-14 21:17:28.926 V/QsExpandAnimator( 3511): updateAnimators
07-14 21:17:28.926 V/QsExpandAnimator( 3511): clearAnimationState 
07-14 21:17:28.926 V/QsExpandAnimator( 3511): updateViews
07-14 21:17:28.927 V/QsExpandAnimator( 3511): updateTileAnimator
07-14 21:17:28.927 V/QsExpandAnimator( 3511): updateHeaderAnimator
07-14 21:17:28.927 V/QsExpandAnimator( 3511): updateBarAnimator
07-14 21:17:28.927 V/QsExpandAnimator( 3511): setQsExpansionPosition 0.0
07-14 21:17:28.927 V/QsExpandAnimator( 3511): onAnimationAtStart
07-14 21:17:28.928 D/SLocation( 3149): SGeofenceCellManager - cellList : 18
07-14 21:17:28.929 D/SLocation( 3149): CellLocationManager - onServiceStateChanged 1
07-14 21:17:28.930 D/Telephony: SamsungTuiAsyncSendExtras( 3489): SamsungTuiAsyncSendExtras[onPostExecute] method: network_notification_event
07-14 21:17:28.931 I/AlarmManagerUtils( 3296): getRegisterAlarmManager : register_allow_data_dialog_retry_to_alarm_manager = false
07-14 21:17:28.931 I/CU.NetworkUiReceiver( 3296): handleNetworkNotification event: android.telephony.action.SERVICE_PROVIDERS_UPDATED
07-14 21:17:28.934 I/BugleConnectivity(32465): isOnSatellite(4): false [CONTEXT ratelimit_period="1 SECONDS" skipped=1 ]
07-14 21:17:28.934 I/BugleConnectivity(32465): 4 is not on satellite and no other subscriptions are on satellite [CONTEXT ratelimit_period="1 SECONDS" skipped=1 ]
07-14 21:17:28.938 I/CU.NetworkSelectionNotificationMgr( 3296): refreshNetworkSelection
07-14 21:17:28.945 D/WM-GreedyScheduler(32465): Ignoring {WorkSpec: 9ad7dfff-0140-48fb-8bba-f06d60d995ed}. Requires ContentUri triggers.
07-14 21:17:28.945 D/WM-GreedyScheduler(32465): Ignoring {WorkSpec: 41e25bf5-490a-465c-bec0-83c8d1df316b}. Requires device idle.
07-14 21:17:28.945 D/WM-GreedyScheduler(32465): Ignoring {WorkSpec: 76935092-cc34-4a9c-8c56-2863a56ad4af}. Requires ContentUri triggers.
07-14 21:17:28.945 D/WM-GreedyScheduler(32465): Starting work for d35a060e-3964-497b-9bb0-0bab23735f2e
07-14 21:17:28.945 D/Telephony: SamsungTuiCallFunctions( 3489): getDataRegState() dataRegState= 1
07-14 21:17:28.946 I/SepApiMethodCall( 3296): method:getDataRegState result:1 success:true error:null
07-14 21:17:28.946 D/Telephony: SamsungTuiCallFunctions( 3489): getDataRoamingType() dataRegState= 0
07-14 21:17:28.947 I/SepApiMethodCall( 3296): method:getDataRoamingType result:0 success:true error:null
07-14 21:17:28.947 I/CU.NetworkUiReceiver( 3296): ACTION_SERVICE_PROVIDERS_UPDATED : serviceState.getState = 1, dataRegState = 1, dataRoamingType = 0
07-14 21:17:28.951 E/L       ( 3296): Exception java.io.IOException: Permission denied
07-14 21:17:28.951 I/UT.TelephonyUtils( 3296): getPhoneId : subId = -1
07-14 21:17:28.951 I/CU.NetworkUiUtils( 3296): isSupportRoamingNotiOption : (false)
07-14 21:17:28.952 I/FT.SimUtilFeature( 3296): getMultiSimIccType phoneId 0 iccType 2
07-14 21:17:28.952 I/FT.SimUtilFeature( 3296): isSimCardInserted[slot0] true
07-14 21:17:28.954 D/statsd  (  709): StateTracker did not find state value for query key (27)0x10000->1001[I] 
07-14 21:17:28.954 W/statsd  (  709): StateTracker not found for state atom 27
07-14 21:17:28.954 I/FT.SimUtilFeature( 3296): isSimCardStatusOn[slot0] true
07-14 21:17:28.954 I/FT.SimUtilFeature( 3296): getMultiSimIccType phoneId 1 iccType 2
07-14 21:17:28.954 I/FT.SimUtilFeature( 3296): isSimCardInserted[slot1] true
07-14 21:17:28.954 W/[ND]LocationUtilityImpl( 7658): androidx.work-2 | getLocationSingle: location time/provider condition is not satisfied
07-14 21:17:28.958 I/FT.SimUtilFeature( 3296): isPhone2On() [true]
07-14 21:17:28.958 I/FT.SimUtilFeature( 3296): isSimCardStatusOn[slot1] true, isOpportunistic false, isBootStrap false
07-14 21:17:28.959 D/WM-Processor(32465): tnz: processing WorkGenerationalId(workSpecId=d35a060e-3964-497b-9bb0-0bab23735f2e, generation=0)
07-14 21:17:28.964 D/Telephony: SamsungTuiCallFunctions( 3489): getSimApplicationState() simState= 10
07-14 21:17:28.964 I/SepApiMethodCall( 3296): method:getSimApplicationState result:10 success:true error:null
07-14 21:17:28.967 D/Telephony: SamsungTuiCallFunctions( 3489): getSimApplicationState() simState= 10
07-14 21:17:28.967 I/SepApiMethodCall( 3296): method:getSimApplicationState result:10 success:true error:null
07-14 21:17:28.967 I/FT.TuiUtilFeature( 3296): isFirstBootInTss : false isTSSActivated : false
07-14 21:17:28.967 I/UT.TelephonyUtils( 3296): getPhoneId : subId = 1
07-14 21:17:28.972 D/MddListenableWorkerFactory(32465): createWorker for class: com.google.android.apps.messaging.shared.datamodel.workqueue.WorkQueueWorkerShim
07-14 21:17:28.977 D/WM-WorkerWrapper(32465): Starting work for com.google.android.apps.messaging.shared.datamodel.workqueue.WorkQueueWorkerShim
07-14 21:17:28.986 I/RcsProvisioningFlow(32465): Handling SIM state update work request for 3 with updateTrigger 2, scheduledAt 2026-07-14T11:17:28.868Z.
07-14 21:17:28.987 I/RcsProvisioningFlow(32465): Beginning update task for phone SIMs state scheduledAt: 2026-07-14T11:17:28.868Z
07-14 21:17:28.992 I/RcsProvisioningFlow(32465): Lock acquired for updating phone SIMs state with update trigger: 2.
07-14 21:17:28.992 I/RcsProvisioningFlow(32465): subscriptionUtilsList subIds: [4, 1]
07-14 21:17:28.999 I/BugleSimStateTracker(32465): default call SIM: redacted-pii:sim_id[chars:20,last3:928], default sms SIM redacted-pii:sim_id[chars:20,last3:928]. default data SIM redacted-pii:sim_id[chars:20,last3:928].
07-14 21:17:29.000 I/BugleSimStateTracker(32465): default call SIM: redacted-pii:sim_id[chars:20,last3:928], default sms SIM redacted-pii:sim_id[chars:20,last3:928]. default data SIM redacted-pii:sim_id[chars:20,last3:928].
07-14 21:17:29.012 I/BugleSimStateTracker(32465): Subscription is carrier config identified: true [CONTEXT sub_id=4 ]
07-14 21:17:29.017 I/[ND]SurveyMeasurementWorker( 7658): androidx.work-2 | onComplete, disposed=true
07-14 21:17:29.017 I/[ND]SurveyMeasurementWorker( 7658): androidx.work-2 | internal receiver is unregistered
07-14 21:17:29.019 I/[ND]SurveyMeasurementWorker( 7658): androidx.work-2 | End Work: Success {mOutputData=Data {}}
07-14 21:17:29.019 I/BugleSimStateTracker(32465): Subscription is carrier config identified: true [CONTEXT sub_id=1 ]
07-14 21:17:29.021 I/WM-WorkerWrapper( 7658): Worker result SUCCESS for Work [ id=1475b4a7-99e1-404e-8ac0-842dd6c03439, tags={ com.samsung.android.networkdiagnostic.core.background.cp.SurveyMeasurementWorker, LimitedAndStorageNotLow } ]
07-14 21:17:29.047 I/BugleSimStateTracker(32465): Looking up Fi through package names.
07-14 21:17:29.053 I/HqmInfo::HqmManagerService( 3149): MSG_TYPE:MSG_TYPE_PROCESS_LOG_BY_HQM
07-14 21:17:29.093 I/BugleSimStateTracker(32465): Looking up Fi through package names.
07-14 21:17:29.102 I/RcsProvisioningFlow(32465): All newly built SimSubscriptionInfos: [(simId: redacted-pii:sim_id[chars:19,last3:498],
07-14 21:17:29.102 I/RcsProvisioningFlow(32465): subId: 4,
07-14 21:17:29.102 I/RcsProvisioningFlow(32465): simSlot: 0,
07-14 21:17:29.102 I/RcsProvisioningFlow(32465): imsi: redacted-pii:imsi[chars:15],
07-14 21:17:29.102 I/RcsProvisioningFlow(32465): phoneNumber: redacted-pii:phone_number[chars:12,last2:86],
07-14 21:17:29.102 I/RcsProvisioningFlow(32465): countryCode: AU,
07-14 21:17:29.102 I/RcsProvisioningFlow(32465): networkOperatorName: ,
07-14 21:17:29.102 I/RcsProvisioningFlow(32465): subscriptionGroupUuid: ,
07-14 21:17:29.102 I/RcsProvisioningFlow(32465): mcc: 505,
07-14 21:17:29.102 I/RcsProvisioningFlow(32465): mnc: 02,
07-14 21:17:29.102 I/RcsProvisioningFlow(32465): simCarrierId: 30,
07-14 21:17:29.102 I/RcsProvisioningFlow(32465): iccid: redacted-pii:sim_iccid[chars:19],
07-14 21:17:29.102 I/RcsProvisioningFlow(32465): isFi: false,
07-14 21:17:29.102 I/RcsProvisioningFlow(32465): loggableGuid: fd570863-4086-4a9a-b0a4-46713bdb9f90,
07-14 21:17:29.102 I/RcsProvisioningFlow(32465): formattedMsisdn: redacted-pii:phone_number[chars:12,last2:86],
07-14 21:17:29.102 I/RcsProvisioningFlow(32465): simOperatorName: YES OPTUS,
07-14 21:17:29.102 I/RcsProvisioningFlow(32465): simOperator: 50502,
07-14 21:17:29.102 I/RcsProvisioningFlow(32465): groupIdLevel1: 02FFFFFFFFFFFFFFFFFFFFFFFFFFFFFFFFFFFFFFFFFFFFFFFFFFFFFFFFFFFFFFFFFF,
07-14 21:17:29.102 I/RcsProvisioningFlow(32465): preferredSubscriptionName: YES OPTUS), (simId: redacted-pii:sim_id[chars:20,last3:928],
07-14 21:17:29.102 I/RcsProvisioningFlow(32465): subId: 1,
07-14 21:17:29.102 I/RcsProvisioningFlow(32465): simSlot: 1,
07-14 21:17:29.102 I/RcsProvisioningFlow(32465): imsi: redacted-pii:imsi[chars:15],
07-14 21:17:29.102 I/RcsProvisioningFlow(32465): phoneNumber: redacted-pii:phone_number[chars:12,last2:26],
07-14 21:17:29.102 I/RcsProvisioningFlow(32465): countryCode: IN,
07-14 21:17:29.102 I/RcsProvisioningFlow(32465): networkOperatorName: ,
07-14 21:17:29.102 I/RcsProvisioningFlow(32465): subscriptionGroupUuid: ,
07-14 21:17:29.102 I/RcsProvisioningFlow(32465): mcc: 405,
07-14 21:17:29.102 I/RcsProvisioningFlow(32465): mnc: 872,
07-14 21:17:29.102 I/RcsProvisioningFlow(32465): simCarrierId: 2018,
07-14 21:17:29.102 I/RcsProvisioningFlow(32465): iccid: redacted-pii:sim_iccid[chars:20],
07-14 21:17:29.102 I/RcsProvisioningFlow(32465): isFi: false,
07-14 21:17:29.102 I/RcsProvisioningFlow(32465): loggableGuid: 54a03721-bf03-46c7-a647-6be27888b4f8,
07-14 21:17:29.102 I/RcsProvisioningFlow(32465): formattedMsisdn: redacted-pii:phone_number[chars:13,last2:26],
07-14 21:17:29.102 I/RcsProvisioningFlow(32465): simOperatorName: Jio,
07-14 21:17:29.102 I/RcsProvisioningFlow(32465): simOperator: 405872,
07-14 21:17:29.102 I/RcsProvisioningFlow(32465): groupIdLevel1: FFFFFFFFFFFFFFFFFFFF,
07-14 21:17:29.102 I/RcsProvisioningFlow(32465): preferredSubscriptionName: Jio)]
07-14 21:17:29.112 I/RcsProvisioningFlow(32465): Storing updated SimSubscriptionInfo list in PhoneSimsStateDataStore: [(redacted-pii:sim_id[chars:19,last3:498], fd570863-4086-4a9a-b0a4-46713bdb9f90), (redacted-pii:sim_id[chars:20,last3:928], 54a03721-bf03-46c7-a647-6be27888b4f8)]
07-14 21:17:29.112 I/RcsProvisioningFlow(32465): Storing updated SimSubscriptionInfo list in SimStateStore: [(redacted-pii:sim_id[chars:19,last3:498], fd570863-4086-4a9a-b0a4-46713bdb9f90), (redacted-pii:sim_id[chars:20,last3:928], 54a03721-bf03-46c7-a647-6be27888b4f8)]
07-14 21:17:29.113 I/RcsProvisioningFlow(32465): Sim subscription infos have not changed, skipping saving
07-14 21:17:29.114 I/RcsProvisioningFlow(32465): Phone defaults have not changed in SimStateStore, skipping saving
07-14 21:17:29.114 I/RcsProvisioningFlow(32465): Phone defaults have not changed in PhoneSimsStateDataStore, skipping saving
07-14 21:17:29.115 I/RcsProvisioningFlow(32465): No new or updated SIMs on phone sim state update.
07-14 21:17:29.129 I/WM-WorkerWrapper(32465): Worker result SUCCESS for Work [ id=d35a060e-3964-497b-9bb0-0bab23735f2e, class=com.google.android.apps.messaging.shared.datamodel.workqueue.WorkQueueWorkerShim, tags={ com.google.android.apps.messaging.shared.datamodel.workqueue.WorkQueueWorkerShim,sim_state_update_queue-WORK_TYPE_UPDATE_PHONE_SIMS_STATE } ]
07-14 21:17:29.131 D/WM-Processor(32465): tnz d35a060e-3964-497b-9bb0-0bab23735f2e executed; reschedule = false
07-14 21:17:29.134 D/WM-GreedyScheduler(32465): Cancelling work ID d35a060e-3964-497b-9bb0-0bab23735f2e
07-14 21:17:29.140 D/WM-GreedyScheduler(32465): Ignoring {WorkSpec: 9ad7dfff-0140-48fb-8bba-f06d60d995ed}. Requires ContentUri triggers.
07-14 21:17:29.140 D/WM-GreedyScheduler(32465): Ignoring {WorkSpec: 41e25bf5-490a-465c-bec0-83c8d1df316b}. Requires device idle.
07-14 21:17:29.140 D/WM-GreedyScheduler(32465): Ignoring {WorkSpec: 76935092-cc34-4a9c-8c56-2863a56ad4af}. Requires ContentUri triggers.
07-14 21:17:29.329 D/ScanFilter( 3822): manu data matches
07-14 21:17:29.330 D/BtGatt.GattService( 3822): onScanResult to scannerId: 1- eventType=0x1b, addressType=0, address=28AF42_D, primaryPhy=1, secondaryPhy=0, advertisingSid=0xff, txPower=127, rssi=-64, periodicAdvInt=0x0
07-14 21:17:29.334 I/[+1000]oneconnect[1.8.47.24_01][BEACON_MANAGER_CONTROL_SERVICE]( 5676): BeaconManagerControlService.reserveStopService - Setting timer to stop service in 180000ms
07-14 21:17:29.342 D/ScanFilter( 3822): manu data matches
07-14 21:17:29.342 D/BtGatt.GattService( 3822): onScanResult to scannerId: 1- eventType=0x1b, addressType=0, address=28AF42_D, primaryPhy=1, secondaryPhy=0, advertisingSid=0xff, txPower=127, rssi=-64, periodicAdvInt=0x0
07-14 21:17:29.371 I/SemWifiServiceDetector( 3149): Traff. tracking started
07-14 21:17:29.823 D/io_stats(  472): !@   8,0 r 159649255 3932811180 w 29775639 536621132 d 0 0 f 0 0 iot 30981752 0 th 0 0 0 pt 0 inp 0 0 1127955.978
07-14 21:17:29.873 D/SemNscXgbMsL1( 3149): Probability - Cloud gaming: [0.04833651]
07-14 21:17:29.873 D/SemNscXgbMsL1( 3149): Probability - Real time: [0.12477314]
07-14 21:17:29.874 D/SemNscXgbMsL1( 3149): Probability - Non real time: [0.7286333]
07-14 21:17:29.874 D/SemNscXgbMsL1( 3149): 1 sample inference time: 0.997577 msecs
07-14 21:17:29.875 D/SemNscXgbL2Rt( 3149): L2 RT 1 sample inference time: 1.543307 msecs
07-14 21:17:29.877 D/SemNscXgbL2Nrt( 3149): L2 NRT 1 sample inference time: 1.377308 msecs
07-14 21:17:29.946 V/SemCellularStateManager( 3149): notifyCellularStateChanged : sendCommandUpdateCellularCapabilities called
07-14 21:17:29.946 D/SemSupplicantStaIfaceHalHidlImpl( 3149): updateCellularCapabilities called
07-14 21:17:29.946 D/MobileStatusTracker(1/1)( 3511): onSignalStrengthsChanged level=3, vendorLevel=1
07-14 21:17:29.948 D/MobileSignalController(1/1)( 3511): notifyListener: enabled=true, connected=true, dataConnected=false, networkType=LTE (LTE), emergencyOnly=true, roaming=false, isDefault=false, dataActivity=, level=1, ca=false, mmWave=false, disabledDataIcon=false, simCard=RELIANCE
07-14 21:17:29.948 D/NetworkController( 3511): SignalStrength from intent slotId=1
07-14 21:17:29.951 D/MobileStatusTracker(1/1)( 3511): onSignalStrengthsChanged level=3, vendorLevel=2
07-14 21:17:29.953 D/MobileSignalController(1/1)( 3511): notifyListener: enabled=true, connected=true, dataConnected=false, networkType=LTE (LTE), emergencyOnly=true, roaming=false, isDefault=false, dataActivity=, level=2, ca=false, mmWave=false, disabledDataIcon=false, simCard=RELIANCE
07-14 21:17:29.954 D/NetworkController( 3511): SignalStrength from intent slotId=1
07-14 21:17:30.234 D/SemWifiUsabilityStatsMonitor( 3149): onWifiUsabilityStats - seqNum 204212, isSameBssidAndFreq true
07-14 21:17:30.237 I/SemWifiLinkQualityMonitor( 3149): Link Qos Query: 0.152 ms / 52.732 Mbps (65 / 0.029 / 1.000)
07-14 21:17:30.378 D/SemNscXgbMsL1( 3149): Probability - Cloud gaming: [0.01652999]
07-14 21:17:30.378 D/SemNscXgbMsL1( 3149): Probability - Real time: [0.33186036]
07-14 21:17:30.378 D/SemNscXgbMsL1( 3149): Probability - Non real time: [0.69455105]
07-14 21:17:30.378 D/SemNscXgbMsL1( 3149): 1 sample inference time: 0.969462 msecs
07-14 21:17:30.380 D/SemNscXgbL2Rt( 3149): L2 RT 1 sample inference time: 1.607039 msecs
07-14 21:17:30.382 D/SemNscXgbL2Nrt( 3149): L2 NRT 1 sample inference time: 1.428616 msecs
07-14 21:17:30.451 D/SemNativeCarrierFeature_vendor( 3009): getInstance
