07-14 21:18:14.859 I/NearbyMediums(23462): Current Tracked Scanning Clients are : {NearbyConnections.EnvironmentMonitor, NearbySharing, NearbyConnections.TxAdvertisement}
07-14 21:18:15.212 I/NearbyMediums(21599): No BLE Fast/GATT advertisements found in the latest cycle.
07-14 21:18:15.212 I/NearbyMediums(21599): Current Tracked Scanning Clients are : {NearbyConnections.EnvironmentMonitor, NearbySharing}
07-14 21:18:15.678 E/audit   (  685): type=1400 audit(1784027895.676:760521): avc:  denied  { write } for  pid=16284 comm="ThreadPoolForeg" name="traced_producer" dev="tmpfs" ino=7808 scontext=u:r:gmscore_app:s0:c512,c768 tcontext=u:object_r:traced_producer_socket:s0 tclass=sock_file permissive=0 SEPF_SM-E625F_13_0001 audit_filtered
07-14 21:18:15.678 E/audit   (  685): type=1300 audit(1784027895.676:760521): arch=c00000b7 syscall=203 success=no exit=-13 a0=8d a1=b400007417feb3b0 a2=1e a3=ffffffff95bb1b4a items=1 ppid=2929 pid=16284 auid=4294967295 uid=10228 gid=10228 euid=10228 suid=10228 fsuid=10228 egid=10228 sgid=10228 fsgid=10228 tty=(none) ses=4294967295 comm="ThreadPoolForeg" exe="/system/bin/app_process64" subj=u:r:gmscore_app:s0:c512,c768 key=(null)
07-14 21:18:15.678 E/audit   (  685): type=1306 audit(1784027895.676:760521): saddr=01002F6465762F736F636B65742F7472616365645F70726F647563657200
07-14 21:18:15.678 E/audit   (  685): type=1302 audit(1784027895.676:760521): item=0 name="/dev/socket/traced_producer" inode=7808 dev=00:11 mode=0140666 ouid=0 ogid=0 rdev=00:00 obj=u:object_r:traced_producer_socket:s0 nametype=NORMAL cap_fp=0000000000000000 cap_fi=0000000000000000 cap_fe=0 cap_fver=0
07-14 21:18:15.679 E/audit   (  685): type=1327 audit(1784027895.676:760521): proctitle="com.google.android.gms"
07-14 21:18:15.732 D/ScanFilter( 3822): manu data matches
07-14 21:18:15.732 D/BtGatt.GattService( 3822): onScanResult to scannerId: 1- eventType=0x1b, addressType=0, address=28AF42_D, primaryPhy=1, secondaryPhy=0, advertisingSid=0xff, txPower=127, rssi=-58, periodicAdvInt=0x0
07-14 21:18:15.733 I/BCMGR[11.2.04.4](19573): BeaconMainController] onReceive - [1 : bad rssi][2 : ST packet!][3 : ST packet!][4 : ST packet!][5 : ST packet!][6 : bad rssi][7 : ST packet!][8 : ST packet!][9 : bad rssi][10 : bad rssi]
07-14 21:18:15.738 I/[+1000]oneconnect[1.8.47.24_01][BEACON_MANAGER_CONTROL_SERVICE]( 5676): BeaconManagerControlService.reserveStopService - Setting timer to stop service in 180000ms
07-14 21:18:15.773 W/DeviceStorageMonitorService( 3149): updateBroadcasts(/data) oldLevel:0, newLevel:0, seq:1
07-14 21:18:15.775 D/DeviceStorageMonitorService( 3149): Available File Node Number is [13066005]
07-14 21:18:15.775 W/DeviceStorageMonitorService( 3149): updateBroadcasts_filenode(/data) fn_oldLevel:0, fn_newLevel:0, seq:1
07-14 21:18:15.839 I/SDHMS:D ( 5236): SIOP:: AP:293 BAT:229 USB:0 CHG:277 PA:291 WIFI:277 SKIN:267 SKINF:260 SKINB:267 LRP:267 LRF:260 LRB:267 
07-14 21:18:16.456 D/InputDispatcher( 3149): Inject motion (8077/2000): action=0x0, time=1128002611000000, f=0x0, d=0 dsdx=1.000000 dtdx=0.000000
07-14 21:18:16.456 I/InputDispatcher( 3149): Delivering touch to (3511): action: 0x4, f=0x0, d=0, 'a793e53', t=1 
07-14 21:18:16.456 I/InputDispatcher( 3149): Delivering touch to (7389): action: 0x0, f=0x0, d=0, 'aa33dac', t=1 
07-14 21:18:16.457 D/PowerManagerService( 3149): [api] userActivityFromNative :  (event: 2 flags: 0 displayId: 0) eventTime = 1128002611
07-14 21:18:16.457 I/ViewRootImpl@4cf8fef[MainActivity]( 7389): ViewPostIme pointer 0
07-14 21:18:16.458 I/GestureDetector( 3149): obtain mCurrentDownEvent. id: -956454180 caller: com.android.server.wm.SystemGesturesPointerEventListener.onPointerEvent:203 com.android.server.wm.PointerEventDispatcher.onInputEvent:53 android.view.InputEventReceiver.dispatchInputEvent:285 
07-14 21:18:16.459 I/GestureDetector( 3149): obtain mCurrentDownEvent. id: -956454180 caller: com.android.server.wm.SystemPerformancePointerEventListener.onPointerEvent:89 com.android.server.wm.PointerEventDispatcher.onInputEvent:53 android.view.InputEventReceiver.dispatchInputEvent:285 
07-14 21:18:16.459 D/PowerManagerService( 3149): UserActivityStateListenerState: 1
07-14 21:18:16.461 I/SemDvfsHyPerManager( 5236): acquire hyper - BaseTABoost/5236@23, type = 1090523139
07-14 21:18:16.461 I/SemDvfsHyPerManager( 5236): acquire hyper - BaseTAToouchBoost/5236@25, type = 1090523139
07-14 21:18:16.461 I/HYPER-HAL( 3020): [RequestManager.cpp]acquire(): Acquired ID : 13831193  [5236 / 23]    HINT :      list : [TABoost / 5] 
07-14 21:18:16.461 I/HYPER-HAL( 3020): [RequestManager.cpp]acquire(): Acquired ID : 13841716  [5236 / 25]    HINT :      list : [TABoost / 20] [TIMEOUT / 1500] 
07-14 21:18:16.463 I/GestureDetector( 3149): obtain mCurrentMotionEventRaw. action: 2 id: -921943002
07-14 21:18:16.463 I/GestureDetector( 3149): obtain mCurrentMotionEventRaw. action: 2 id: -921943002
07-14 21:18:16.506 D/SemWifiUsabilityStatsMonitor( 3149): onWifiUsabilityStats - seqNum 204227, isSameBssidAndFreq true
07-14 21:18:16.508 D/NetworkController.WifiSignalController( 3511): notifyListener: visible=true, connected=true, inetCondition=1, isDefault=true, wifiTestReported=true, receivedInetCondition=-1, hideDuringMobileSwitching=false
07-14 21:18:16.509 D/Tile.WifiTile( 3511): handleUpdateState isTransient=false transientEnabling =false cb.isTransient=false state.state = 2 mStateBeforeClick.value =false enabled =true
07-14 21:18:16.510 I/SemWifiLinkQualityMonitor( 3149): Link Qos Query: 0.163 ms / 49.184 Mbps (65 / 0.040 / 1.000)
07-14 21:18:16.658 I/SemDvfsHyPerManager( 5236): acquire hyper - BaseTABoost/5236@23, type = 1090523139
07-14 21:18:16.658 I/SemDvfsHyPerManager( 5236): acquire hyper - BaseTAToouchBoost/5236@25, type = 1090523139
07-14 21:18:16.658 I/HYPER-HAL( 3020): [RequestManager.cpp]acquire(): Acquired ID : 13831193  [5236 / 23]    HINT :      list : [TABoost / 5] 
07-14 21:18:16.658 I/HYPER-HAL( 3020): [RequestManager.cpp]acquire(): Acquired ID : 13841716  [5236 / 25]    HINT :      list : [TABoost / 20] [TIMEOUT / 1500] 
07-14 21:18:16.772 I/SemDvfsHyPerManager( 5236): acquire hyper - BaseTABoost/5236@23, type = 1090523139
07-14 21:18:16.772 I/SemDvfsHyPerManager( 5236): acquire hyper - BaseTAToouchBoost/5236@25, type = 1090523139
07-14 21:18:16.773 I/HYPER-HAL( 3020): [RequestManager.cpp]acquire(): Acquired ID : 13831193  [5236 / 23]    HINT :      list : [TABoost / 5] 
07-14 21:18:16.773 I/HYPER-HAL( 3020): [RequestManager.cpp]acquire(): Acquired ID : 13841716  [5236 / 25]    HINT :      list : [TABoost / 20] [TIMEOUT / 1500] 
07-14 21:18:16.970 I/SemDvfsHyPerManager( 5236): acquire hyper - BaseTABoost/5236@23, type = 1090523139
07-14 21:18:16.970 I/SemDvfsHyPerManager( 5236): acquire hyper - BaseTAToouchBoost/5236@25, type = 1090523139
07-14 21:18:16.971 I/HYPER-HAL( 3020): [RequestManager.cpp]acquire(): Acquired ID : 13831193  [5236 / 23]    HINT :      list : [TABoost / 5] 
07-14 21:18:16.971 I/HYPER-HAL( 3020): [RequestManager.cpp]acquire(): Acquired ID : 13841716  [5236 / 25]    HINT :      list : [TABoost / 20] [TIMEOUT / 1500] 
07-14 21:18:17.072 I/SemDvfsHyPerManager( 5236): acquire hyper - BaseTABoost/5236@23, type = 1090523139
07-14 21:18:17.072 I/SemDvfsHyPerManager( 5236): acquire hyper - BaseTAToouchBoost/5236@25, type = 1090523139
07-14 21:18:17.073 I/HYPER-HAL( 3020): [RequestManager.cpp]acquire(): Acquired ID : 13831193  [5236 / 23]    HINT :      list : [TABoost / 5] 
07-14 21:18:17.073 I/HYPER-HAL( 3020): [RequestManager.cpp]acquire(): Acquired ID : 13841716  [5236 / 25]    HINT :      list : [TABoost / 20] [TIMEOUT / 1500] 
07-14 21:18:17.108 D/InputDispatcher( 3149): Inject motion (8077/2000): action=0x1, time=1128003263000000, f=0x0, d=0 dsdx=1.000000 dtdx=0.000000
07-14 21:18:17.108 I/InputDispatcher( 3149): Delivering touch to (7389): action: 0x1, f=0x0, d=0, 'aa33dac', t=1 
07-14 21:18:17.109 I/SemDvfsHyPerManager( 3149): acquire hyper - SMOOTH_SCROLL/3149@22, type = -999
07-14 21:18:17.110 I/HYPER-HAL( 3020): [RequestManager.cpp]acquire(): Acquired ID : 5029228  [3149 / 22]    HINT : SMOOTH_SCROLL    list : 
07-14 21:18:17.111 I/HYPER-HAL( 3020): [RequestManager.cpp]releaseLocked(): Released ID : 5029228
07-14 21:18:17.112 D/SGM:GameManager( 3149): identifyGamePackage. com.collectiq.ai.local, mCurrentUserId: 0, callerUserId: 0, callingMethodInfo: com.android.server.ssrm.fgapps.GameAppUtils.isGame(GameAppUtils.java:84)
07-14 21:18:17.112 D/SGM:PkgDataHelper( 3149): getGamePkgData(). com.collectiq.ai.local
07-14 21:18:17.112 I/SemDvfsHyPerManager( 3149): acquire hyper - GESTURE_DETECTED/3149@27, type = -999
07-14 21:18:17.113 I/HYPER-HAL( 3020): [RequestManager.cpp]acquire(): Acquired ID : 5045103  [3149 / 27]    HINT : GESTURE_DETECTED    list : [TIMEOUT / 1124] 
07-14 21:18:17.115 D/SGM:GameManager( 3149): identifyGamePackage. com.collectiq.ai.local, mCurrentUserId: 0, callerUserId: 0, callingMethodInfo: com.android.server.ssrm.fgapps.GameAppUtils.isGame(GameAppUtils.java:84)
07-14 21:18:17.115 D/SGM:PkgDataHelper( 3149): getGamePkgData(). com.collectiq.ai.local
07-14 21:18:17.115 I/SemDvfsHyPerManager( 3149): acquire hyper - GESTURE_DETECTED/3149@27, type = -999
07-14 21:18:17.115 I/HYPER-HAL( 3020): [RequestManager.cpp]acquire(): Acquired ID : 5045103  [3149 / 27]    HINT : GESTURE_DETECTED    list : [TIMEOUT / 1124] 
07-14 21:18:17.133 I/ViewRootImpl@4cf8fef[MainActivity]( 7389): ViewPostIme pointer 1
07-14 21:18:17.247 D/ScanFilter( 3822): manu data matches
07-14 21:18:17.248 D/BtGatt.GattService( 3822): onScanResult to scannerId: 1- eventType=0x1b, addressType=0, address=28AF42_D, primaryPhy=1, secondaryPhy=0, advertisingSid=0xff, txPower=127, rssi=-64, periodicAdvInt=0x0
07-14 21:18:17.257 D/ScanFilter( 3822): manu data matches
07-14 21:18:17.257 D/BtGatt.GattService( 3822): onScanResult to scannerId: 1- eventType=0x1b, addressType=0, address=28AF42_D, primaryPhy=1, secondaryPhy=0, advertisingSid=0xff, txPower=127, rssi=-64, periodicAdvInt=0x0
07-14 21:18:17.473 I/wpa_supplicant(23780): Heartbeat 102362
07-14 21:18:17.845 D/io_stats(  472): !@   8,0 r 159650486 3932848908 w 29776170 536638628 d 0 0 f 0 0 iot 30982228 0 th 0 0 0 pt 0 inp 0 0 1128004.000
07-14 21:18:18.202 D/AndroidRuntime( 8084): >>>>>> START com.android.internal.os.RuntimeInit uid 2000 <<<<<<
07-14 21:18:18.207 I/AndroidRuntime( 8084): Using default boot image
07-14 21:18:18.208 I/AndroidRuntime( 8084): Leaving lock profiling enabled
07-14 21:18:18.208 D/SecNativeFeatureCppIf( 8084): encoded
07-14 21:18:18.208 D/SecNativeFeatureCppIf( 8084): decoding and unzip finish
07-14 21:18:18.208 D/SecNativeFeatureCppIf( 8084): use unCompDataBuff. encoded
07-14 21:18:18.208 D/SecNativeFeatureCppIf( 8084): Free unCompDataBuff
07-14 21:18:18.208 D/AndroidRuntime( 8084): addProductProperty: pBrand1 is not null
07-14 21:18:18.208 D/AndroidRuntime( 8084): addProductProperty: not brand or 7
07-14 21:18:18.211 I/app_process( 8084): Using CollectorTypeCC GC.
07-14 21:18:18.239 I/HYPER-HAL( 3020): [RequestManager.cpp]releaseLocked(): Released ID : 5045103
07-14 21:18:18.346 D/app_process( 8084): Time zone APEX ICU file found: /apex/com.android.tzdata/etc/icu/icu_tzdata.dat
07-14 21:18:18.346 D/app_process( 8084): I18n APEX ICU file found: /apex/com.android.i18n/etc/icu/icudt70l.dat
07-14 21:18:18.357 W/app_process( 8084): ClassLoaderContext classpath size mismatch. expected=0, found=1 (PCL[] | PCL[/system/framework/android.test.runner.jar*2256426886])
07-14 21:18:18.374 E/SemDvfsManager_JNI( 8084): SemDvfsManager: registerfunction enter
07-14 21:18:18.374 E/SemAffinityControl( 8084): SemAffinityControl: registerfunction enter
07-14 21:18:18.381 D/AndroidRuntime( 8084): Calling main entry com.android.commands.uiautomator.Launcher
07-14 21:18:18.391 I/SurfaceFlinger(  812): id=51390 createSurf flag=80004, WindowToken{b854b92 type=2032 android.os.Binder@cef7d1d}#51390
07-14 21:18:18.394 D/SettingsProvider( 3149): isChangeAllowed() : name = accessibility_enabled
07-14 21:18:18.396 I/GenerationRegistry( 3149): mBackingStore.isClosed() : false
07-14 21:18:18.396 I/GenerationRegistry( 3149): mBackingStore.isClosed() : false
07-14 21:18:18.396 D/WindowMagnificationMgr( 3149): requestConnection :false mConnectionState : 3
07-14 21:18:18.396 W/WindowMagnificationMgr( 3149): requestConnection duplicated request: connect=false, mConnectionState=DISCONNECTED
07-14 21:18:18.406 I/SAMSUNGWALLET[IN](28681): [WalletStartup] Screen reader is enabled
07-14 21:18:18.410 D/SettingsProvider( 3149): isChangeAllowed() : name = accessibility_enabled
07-14 21:18:18.410 I/GenerationRegistry( 3149): mBackingStore.isClosed() : false
07-14 21:18:18.410 I/GenerationRegistry( 3149): mBackingStore.isClosed() : false
07-14 21:18:18.410 D/WindowMagnificationMgr( 3149): requestConnection :false mConnectionState : 3
07-14 21:18:18.411 W/WindowMagnificationMgr( 3149): requestConnection duplicated request: connect=false, mConnectionState=DISCONNECTED
07-14 21:18:18.417 D/BatterySaverPolicy( 3149): accessibility changed to true, updating policy.
07-14 21:18:18.418 I/AccessibilityManagerService( 3149): semIsAccessibilityServiceEnabled()
07-14 21:18:18.418 I/AccessibilityManagerService( 3149): accesibilityService is null
07-14 21:18:18.418 I/AccessibilityManagerService( 3149): semIsAccessibilityServiceEnabled()
07-14 21:18:18.418 I/AccessibilityManagerService( 3149): accesibilityService is null
07-14 21:18:18.418 D/AS.AudioService( 3149): Accessibility volume enabled = false
07-14 21:18:18.420 V/SafetyCenterAccessibilityListener(15585): accessibility event occurred, safety center feature not enabled.
07-14 21:18:18.420 W/WindowManager( 3149): Cannot find window which accessibility connection is added to
07-14 21:18:18.432 I/TouchInteractionService(13347): onActiveNavBarRegionChanges, region : SkRegion((0,2265,388,2400)(389,2265,690,2400)(691,2265,961,2400))
07-14 21:18:18.432 V/Navbar.Store( 3511): ----handleEvent(0) OnUpdateRemoteViewContainer(leftContainer=android.widget.LinearLayout{c0c0ac4 I.E...... ......I. 0,0-118,135 #7f0b04f6 app:id/left_remoteview}, rightContainer=android.widget.LinearLayout{4007dad I.E...... ......I. 962,0-1080,135 #7f0b07aa app:id/right_remoteview}, contextualButtonVisible=false, darkIntensity=0.0) [Module] SamsungNavigationBarView
07-14 21:18:18.433 V/Navbar.Store( 3511): ------[Band]REMOTE_VIEW_PACK_SET_REMOTEVIEW_CONTAINER
07-14 21:18:18.433 V/Navbar.Store( 3511): --------apply(0) UpdateRemoteViewContainer
07-14 21:18:18.433 V/Navbar.Store( 3511): --------apply(0) UpdateRemoteViewDarkIntensity
07-14 21:18:18.433 V/Navbar.Store( 3511): handleEvent(0) OnNavBarUpdateA11YService(clickable=false, longClickable=false) [Module] NavigationBar
07-14 21:18:18.433 V/Navbar.Store( 3511): --[Band]SETUPWIZARD_PACK_UPDATE_A11Y_SERVICE
07-14 21:18:18.452 I/TouchInteractionService(13347): onActiveNavBarRegionChanges, region : SkRegion((0,2265,388,2400)(389,2265,690,2400)(691,2265,961,2400))
07-14 21:18:18.574 I/HYPER-HAL( 3020): [RequestManager.cpp]releaseLocked(): Released ID : 13841716
07-14 21:18:19.459 D/SemCscFeature( 8084): Encoded
07-14 21:18:19.502 W/MediaProvider( 4985): isAppCloneUserPair for user 0: false
07-14 21:18:19.519 D/SyncManager( 3149): userId - 0 auto - true
07-14 21:18:19.529 W/AccessibilityNodeInfoDumper( 8084): Fetch time: 60ms
07-14 21:18:19.534 D/SettingsProvider( 3149): isChangeAllowed() : name = accessibility_enabled
07-14 21:18:19.535 I/GenerationRegistry( 3149): mBackingStore.isClosed() : false
07-14 21:18:19.535 I/GenerationRegistry( 3149): mBackingStore.isClosed() : false
07-14 21:18:19.535 D/WindowMagnificationMgr( 3149): requestConnection :false mConnectionState : 3
07-14 21:18:19.535 W/WindowMagnificationMgr( 3149): requestConnection duplicated request: connect=false, mConnectionState=DISCONNECTED
07-14 21:18:19.538 D/SettingsProvider( 3149): isChangeAllowed() : name = accelerometer_rotation
07-14 21:18:19.538 D/SettingsProvider( 3149): isChangeAllowed() : name = user_rotation
07-14 21:18:19.539 V/WindowManager( 3149): rotationForOrientation(orient=SCREEN_ORIENTATION_UNSPECIFIED (-1), last=ROTATION_0 (0)); user=ROTATION_0 (0) 
07-14 21:18:19.540 D/WindowManager( 3149): rotationForOrientation, orientationSource=ActivityRecord{7c00e1d u0 com.collectiq.ai.local/com.collectiq.ai.MainActivity} t1259}
07-14 21:18:19.542 V/WindowManager( 3149): Computed rotation=ROTATION_0 (0) for display id=0 based on lastOrientation=SCREEN_ORIENTATION_UNSPECIFIED (-1) and oldRotation=ROTATION_0 (0), caller=com.android.server.wm.DisplayContent.updateRotationUnchecked:2410 com.android.server.wm.WindowManagerService.updateRotationUnchecked:4778 com.android.server.wm.WindowManagerService.thawDisplayRotation:4719 com.android.server.wm.WindowManagerService.thawRotation:4683 android.view.IWindowManager$Stub.onTransact:2536 com.android.server.wm.WindowManagerService.onTransact:1608 
07-14 21:18:19.543 I/SAMSUNGWALLET[IN](28681): [WalletStartup] Screen reader is disabled
07-14 21:18:19.549 I/Layer   (  812): id=51390 removeFromCurrentState WindowToken{b854b92 type=2032 android.os.Binder@cef7d1d}#51390 (121)
07-14 21:18:19.550 I/SurfaceFlinger(  812): id=51390 Removed WindowToken{b854b92 type=2032 android.os.Binder@cef7d1d}#51390 (121)
07-14 21:18:19.550 D/BatterySaverPolicy( 3149): accessibility changed to false, updating policy.
07-14 21:18:19.550 I/Layer   (  812): id=51390 Destroyed WindowToken{b854b92 type=2032 android.os.Binder@cef7d1d}#51390
07-14 21:18:19.573 W/WindowManager( 3149): Cannot find window which accessibility connection is added to
07-14 21:18:19.579 D/AndroidRuntime( 8084): Shutting down VM
07-14 21:18:19.600 D/SemWifiUsabilityStatsMonitor( 3149): onWifiUsabilityStats - seqNum 204228, isSameBssidAndFreq true
07-14 21:18:19.602 I/SemWifiLinkQualityMonitor( 3149): Link Qos Query: 0.170 ms / 47.192 Mbps (58 / 0.032 / 1.000)
07-14 21:18:19.770 W/libprocessgroup( 3149): Failed to open /dev/blkio//cgroup.procs: No such file or directory
07-14 21:18:19.792 D/ScanFilter( 3822): manu data matches
07-14 21:18:19.793 D/BtGatt.GattService( 3822): onScanResult to scannerId: 1- eventType=0x1b, addressType=0, address=28AF42_D, primaryPhy=1, secondaryPhy=0, advertisingSid=0xff, txPower=127, rssi=-63, periodicAdvInt=0x0
07-14 21:18:19.799 I/[+1000]oneconnect[1.8.47.24_01][BEACON_MANAGER_CONTROL_SERVICE]( 5676): BeaconManagerControlService.reserveStopService - Setting timer to stop service in 180000ms
07-14 21:18:19.800 I/[+1000]oneconnect[1.8.47.24_01][BEACON_MANAGER_CONTROL_SERVICE]( 5676): AvOcfParser.isReadyAvPopupOnboarding - AV Popup Onboarding is skipped - ($)
07-14 21:18:19.801 I/Finsky  ( 2612): [2] SCH: job service start with id 9071.
07-14 21:18:19.820 I/Finsky  ( 2612): [34454] SCH: Satisfied jobs for 9071 are: 12-1
07-14 21:18:19.824 I/Finsky  ( 2612): [34453] SCH: Job 12-1 starting
07-14 21:18:19.825 I/Finsky  ( 2612): [2] WM::SCH: Logging work start for 12-1
07-14 21:18:19.825 I/Finsky  ( 2612): [2] [ContentSync] job started
07-14 21:18:19.845 D/io_stats(  472): !@   8,0 r 159650532 3932849156 w 29776188 536638872 d 0 0 f 0 0 iot 30982248 0 th 0 0 0 pt 0 inp 0 0 1128006.000
07-14 21:18:20.026 W/libprocessgroup( 3149): Failed to open /dev/blkio//cgroup.procs: No such file or directory
07-14 21:18:20.045 I/SCS@AiSearch user 0( 7134): (ObserverWorker::AOSP_MP) [main] entering in startWork triggered by [content://media/external/file/1000055561]():  
07-14 21:18:20.045 I/SCS@AiSearch user 0( 7134): (BaseCollector::AOSP_MP) [main] entering in onChange():  
07-14 21:18:20.046 I/SCS@AiSearch user 0( 7134): (BaseCollector::AOSP_MP) [AOSP_MP-0] entering in collectChanges():  
07-14 21:18:20.049 D/PackageManager( 3149): setEnabledSetting : userId = 0 packageName = com.samsung.android.scs cmp = androidx.work.impl.background.systemalarm.RescheduleReceiver newState = 1 callingPackage = 10111/com.samsung.android.scs
07-14 21:18:20.051 D/ApplicationPolicy( 3149): getApplicationStateEnabled : pkg = com.samsung.android.scs userId : 0
07-14 21:18:20.052 D/ApplicationPolicy( 3149): getApplicationComponentState : pkg = com.samsung.android.scs userId : 0
07-14 21:18:20.071 D/PowerManagerService( 3149): UserActivityStateListenerState: 0
07-14 21:18:20.093 I/SCS@AiSearch user 0( 7134): (BaseCollector::AOSP_MP) fetchInternal values : maxSyncId: 1000055464 indexCount: 1824 sourceCount: 1824
07-14 21:18:20.128 I/SCS@AiSearch user 0( 7134): (IndexManager) [AOSP_MP-0] entering in addIndex():  
07-14 21:18:20.131 I/SCS@AiSearch user 0( 7134): (BaseCollector::AOSP_MP) fetch: fetching took  56 ms
07-14 21:18:20.131 I/SCS@AiSearch user 0( 7134): (BaseCollector::AOSP_MP) fetchChanges: applied 0 items
07-14 21:18:20.131 I/SCS@AiSearch user 0( 7134): (BaseCollector::AOSP_MP) Collect finished. Result: true
07-14 21:18:20.132 I/SCS@AiSearch user 0( 7134): (BaseCollector::AOSP_MP) enqueue ObserverWorker name: com.sec.android.app.myfiles, policy: APPEND_OR_REPLACE
07-14 21:18:20.132 I/WM-WorkerWrapper( 7134): Worker result SUCCESS for Work [ id=d76db0ad-6077-4fbc-b807-65c0a7d3067e, tags={ com.sec.android.app.myfiles, com.samsung.android.scs.ai.search.data.collector.ObserverWorker } ]
07-14 21:18:20.167 D/PackageManager( 3149): setEnabledSetting : userId = 0 packageName = com.samsung.android.scs cmp = androidx.work.impl.background.systemalarm.RescheduleReceiver newState = 1 callingPackage = 10111/com.samsung.android.scs
07-14 21:18:20.169 D/ApplicationPolicy( 3149): getApplicationStateEnabled : pkg = com.samsung.android.scs userId : 0
07-14 21:18:20.170 D/ApplicationPolicy( 3149): getApplicationComponentState : pkg = com.samsung.android.scs userId : 0
07-14 21:18:20.343 I/Finsky  ( 2612): [34455] App states replicator found 60 unowned apps
07-14 21:18:20.456 E/AuthPII (23462): [RequestTokenManager] getToken() -> BAD_AUTHENTICATION. App: com.android.vending, Service: oauth2:https://www.googleapis.com/auth/googleplay
07-14 21:18:20.456 E/AuthPII (23462): bjfw: Long live credential not available.
07-14 21:18:20.456 E/AuthPII (23462): 	at ahkl.a(:com.google.android.gms@262532029@26.25.32 (190400-944114241):1347)
07-14 21:18:20.456 E/AuthPII (23462): 	at ahks.b(:com.google.android.gms@262532029@26.25.32 (190400-944114241):26)
07-14 21:18:20.456 E/AuthPII (23462): 	at ahkq.a(:com.google.android.gms@262532029@26.25.32 (190400-944114241):661)
07-14 21:18:20.456 E/AuthPII (23462): 	at ahkp.b(:com.google.android.gms@262532029@26.25.32 (190400-944114241):151)
07-14 21:18:20.456 E/AuthPII (23462): 	at aaww.d(:com.google.android.gms@262532029@26.25.32 (190400-944114241):829)
07-14 21:18:20.456 E/AuthPII (23462): 	at ahec.getAuthToken(:com.google.android.gms@262532029@26.25.32 (190400-944114241):408)
07-14 21:18:20.456 E/AuthPII (23462): 	at android.accounts.AbstractAccountAuthenticator$Transport.getAuthToken(AbstractAccountAuthenticator.java:246)
07-14 21:18:20.456 E/AuthPII (23462): 	at android.accounts.IAccountAuthenticator$Stub.onTransact(IAccountAuthenticator.java:242)
07-14 21:18:20.456 E/AuthPII (23462): 	at android.os.Binder.transact(Binder.java:1200)
07-14 21:18:20.456 E/AuthPII (23462): 	at cqcm.onTransact(:com.google.android.gms@262532029@26.25.32 (190400-944114241):12)
07-14 21:18:20.456 E/AuthPII (23462): 	at android.os.Binder.transact(Binder.java:1200)
07-14 21:18:20.456 E/AuthPII (23462): 	at cdhn.onTransact(:com.google.android.gms@262532029@26.25.32 (190400-944114241):169)
07-14 21:18:20.456 E/AuthPII (23462): 	at android.os.Binder.execTransactInternal(Binder.java:1321)
07-14 21:18:20.456 E/AuthPII (23462): 	at android.os.Binder.execTransact(Binder.java:1280)
07-14 21:18:20.457 E/AuthPII (23462): Message is Long live credential not available.
07-14 21:18:20.457 E/AuthPII (23462): bjfw: Long live credential not available.
07-14 21:18:20.457 E/AuthPII (23462): 	at ahkl.a(:com.google.android.gms@262532029@26.25.32 (190400-944114241):1347)
07-14 21:18:20.457 E/AuthPII (23462): 	at ahks.b(:com.google.android.gms@262532029@26.25.32 (190400-944114241):26)
07-14 21:18:20.457 E/AuthPII (23462): 	at ahkq.a(:com.google.android.gms@262532029@26.25.32 (190400-944114241):661)
07-14 21:18:20.457 E/AuthPII (23462): 	at ahkp.b(:com.google.android.gms@262532029@26.25.32 (190400-944114241):151)
07-14 21:18:20.457 E/AuthPII (23462): 	at aaww.d(:com.google.android.gms@262532029@26.25.32 (190400-944114241):829)
07-14 21:18:20.457 E/AuthPII (23462): 	at ahec.getAuthToken(:com.google.android.gms@262532029@26.25.32 (190400-944114241):408)
07-14 21:18:20.457 E/AuthPII (23462): 	at android.accounts.AbstractAccountAuthenticator$Transport.getAuthToken(AbstractAccountAuthenticator.java:246)
07-14 21:18:20.457 E/AuthPII (23462): 	at android.accounts.IAccountAuthenticator$Stub.onTransact(IAccountAuthenticator.java:242)
07-14 21:18:20.457 E/AuthPII (23462): 	at android.os.Binder.transact(Binder.java:1200)
07-14 21:18:20.457 E/AuthPII (23462): 	at cqcm.onTransact(:com.google.android.gms@262532029@26.25.32 (190400-944114241):12)
07-14 21:18:20.457 E/AuthPII (23462): 	at android.os.Binder.transact(Binder.java:1200)
07-14 21:18:20.457 E/AuthPII (23462): 	at cdhn.onTransact(:com.google.android.gms@262532029@26.25.32 (190400-944114241):169)
07-14 21:18:20.457 E/AuthPII (23462): 	at android.os.Binder.execTransactInternal(Binder.java:1321)
07-14 21:18:20.457 E/AuthPII (23462): 	at android.os.Binder.execTransact(Binder.java:1280)
07-14 21:18:20.469 I/SemWifiServiceDetector( 3149): Traff. tracking started
07-14 21:18:20.480 I/Auth    (23462): (REDACTED) [GetToken] GetToken failed for app=%s with userRecoverable status: %s 
07-14 21:18:20.480 W/Auth    (23462): [ChimeraGetToken] exception while trying to fetch auth tokens for app=com.google.android.gms, scope=oauth2:https://www.googleapis.com/auth/googleplay [CONTEXT service_id=153 ]
07-14 21:18:20.480 W/Auth    (23462): ahkk: GetToken failed with status code and recovery intent: BadAuthentication
07-14 21:18:20.480 W/Auth    (23462): 	at ahkp.b(:com.google.android.gms@262532029@26.25.32 (190400-944114241):352)
07-14 21:18:20.480 W/Auth    (23462): 	at aaww.d(:com.google.android.gms@262532029@26.25.32 (190400-944114241):829)
07-14 21:18:20.480 W/Auth    (23462): 	at ahec.getAuthToken(:com.google.android.gms@262532029@26.25.32 (190400-944114241):408)
07-14 21:18:20.480 W/Auth    (23462): 	at android.accounts.AbstractAccountAuthenticator$Transport.getAuthToken(AbstractAccountAuthenticator.java:246)
07-14 21:18:20.480 W/Auth    (23462): 	at android.accounts.IAccountAuthenticator$Stub.onTransact(IAccountAuthenticator.java:242)
07-14 21:18:20.480 W/Auth    (23462): 	at android.os.Binder.transact(Binder.java:1200)
07-14 21:18:20.480 W/Auth    (23462): 	at cqcm.onTransact(:com.google.android.gms@262532029@26.25.32 (190400-944114241):12)
07-14 21:18:20.480 W/Auth    (23462): 	at android.os.Binder.transact(Binder.java:1200)
07-14 21:18:20.480 W/Auth    (23462): 	at cdhn.onTransact(:com.google.android.gms@262532029@26.25.32 (190400-944114241):169)
07-14 21:18:20.480 W/Auth    (23462): 	at android.os.Binder.execTransactInternal(Binder.java:1321)
07-14 21:18:20.480 W/Auth    (23462): 	at android.os.Binder.execTransact(Binder.java:1280)
07-14 21:18:20.480 W/GLSActivity(23462): [GmsAccountAuthenticatorImpl] error status while fetching token:BadAuthentication
07-14 21:18:20.487 I/Finsky  ( 2612): [34455] Completed 1 account content syncs with 0 successful.
07-14 21:18:20.490 I/Finsky  ( 2612): [2] [ContentSync] Installation state replication failed, parameters=Id: 12-1, CT: 1784027823018, Constraints: [{ L: 60000, D: 86400000, C: CHARGING_NONE, I: IDLE_NONE, N: NET_ANY, B: BATTERY_ANY }].
07-14 21:18:20.490 I/Finsky  ( 2612): [2] [ContentSync] Scheduling replication attempt 3.
07-14 21:18:20.490 I/Finsky  ( 2612): [2] SCH: jobFinished: 12-1. TimeElapsed: 665ms.
07-14 21:18:20.491 I/Finsky  ( 2612): [2] WM::SCH: Logging work end for 12-1
07-14 21:18:20.497 I/Finsky  ( 2612): [34454] SCH: Attempting to reschedule job: Id: 12-1, Constraints: [{ L: 80000, D: 86400000, C: CHARGING_NONE, I: IDLE_NONE, N: NET_ANY, B: BATTERY_ANY }]
07-14 21:18:20.508 I/Finsky  ( 2612): [34336] SCH: Scheduling phonesky job Id: 1-1337, CT: 1783991997954, Constraints: [{ L: 43196311, D: 86396311, C: CHARGING_NONE, I: IDLE_NONE, N: NET_ANY, B: BATTERY_ANY }]
07-14 21:18:20.508 I/Finsky  ( 2612): [34336] SCH: Scheduling phonesky job Id: 34-9913, CT: 1783948858274, Constraints: [{ L: 79199810, D: 1375199810, C: CHARGING_NONE, I: IDLE_NONE, N: NET_ANY, B: BATTERY_ANY }]
07-14 21:18:20.508 I/Finsky  ( 2612): [34336] SCH: Scheduling phonesky job Id: 34-9914, CT: 1783948859882, Constraints: [{ L: 604800000, D: 2591998638, C: CHARGING_NONE, I: IDLE_NONE, N: NET_ANY, B: BATTERY_ANY }]
07-14 21:18:20.515 I/Finsky  ( 2612): [34336] SCH: Scheduling 1 system job(s)
07-14 21:18:20.516 I/Finsky  ( 2612): [34336] SCH: Scheduling system job Id: 9075, L: 157569, D: 50493750, C: false, I: false, N: 1
07-14 21:18:20.523 I/Finsky  ( 2612): [34453] SCH: job service finished with id 9071.
07-14 21:18:20.619 I/Finsky  ( 2612): [34327] WM::SCH: Logging work initialize for 12-1
07-14 21:18:20.623 I/Finsky  ( 2612): [34333] SCH: Scheduling phonesky job Id: 12-1, CT: 1784027900497, Constraints: [{ L: 80000, D: 86400000, C: CHARGING_NONE, I: IDLE_NONE, N: NET_ANY, B: BATTERY_ANY }]
07-14 21:18:20.627 I/Finsky  ( 2612): [34337] SCH: Scheduling 1 system job(s)
07-14 21:18:20.627 I/Finsky  ( 2612): [34337] SCH: Scheduling system job Id: 9075, L: 79870, D: 50493638, C: false, I: false, N: 1
07-14 21:18:20.737 I/EDMNativeHelperService( 3149): isScreenCaptureEnabled
07-14 21:18:20.738 D/RestrictionPolicy( 3149): isScreenCaptureEnabled : ret=true userId=0
07-14 21:18:20.738 W/ProcessState( 8112): Extra binder thread started, but 0 threads requested. Do not use *startThreadPool when zero threads are requested.
07-14 21:18:20.781 I/servicemanager(  434): Could not find android.hardware.graphics.allocator.IAllocator/default in the VINTF manifest.
07-14 21:18:20.972 D/SemNscXgbMsL1( 3149): Probability - Cloud gaming: [0.020869786]
07-14 21:18:20.972 D/SemNscXgbMsL1( 3149): Probability - Real time: [0.33124232]
07-14 21:18:20.972 D/SemNscXgbMsL1( 3149): Probability - Non real time: [0.49224886]
07-14 21:18:20.973 D/SemNscXgbMsL1( 3149): 1 sample inference time: 0.984077 msecs
07-14 21:18:20.974 D/SemNscXgbL2Rt( 3149): L2 RT 1 sample inference time: 1.104154 msecs
07-14 21:18:20.975 D/SemNscXgbL2Nrt( 3149): L2 NRT 1 sample inference time: 0.899807 msecs
07-14 21:18:21.219 D/InputDispatcher( 3149): Inject motion (8117/2000): action=0x0, time=1128007374000000, f=0x0, d=0 dsdx=1.000000 dtdx=0.000000
07-14 21:18:21.220 I/InputDispatcher( 3149): Delivering touch to (3511): action: 0x4, f=0x0, d=0, 'a793e53', t=1 
07-14 21:18:21.220 I/InputDispatcher( 3149): Delivering touch to (7389): action: 0x0, f=0x0, d=0, 'aa33dac', t=1 
07-14 21:18:21.220 D/PowerManagerService( 3149): [api] userActivityFromNative :  (event: 2 flags: 0 displayId: 0) eventTime = 1128007374
07-14 21:18:21.220 I/ViewRootImpl@4cf8fef[MainActivity]( 7389): ViewPostIme pointer 0
07-14 21:18:21.220 I/GestureDetector( 3149): obtain mCurrentDownEvent. id: -620684110 caller: com.android.server.wm.SystemGesturesPointerEventListener.onPointerEvent:203 com.android.server.wm.PointerEventDispatcher.onInputEvent:53 android.view.InputEventReceiver.dispatchInputEvent:285 
07-14 21:18:21.221 I/GestureDetector( 3149): obtain mCurrentDownEvent. id: -620684110 caller: com.android.server.wm.SystemPerformancePointerEventListener.onPointerEvent:89 com.android.server.wm.PointerEventDispatcher.onInputEvent:53 android.view.InputEventReceiver.dispatchInputEvent:285 
07-14 21:18:21.222 D/PowerManagerService( 3149): UserActivityStateListenerState: 1
07-14 21:18:21.224 I/SemDvfsHyPerManager( 5236): acquire hyper - BaseTABoost/5236@23, type = 1090523139
07-14 21:18:21.224 I/SemDvfsHyPerManager( 5236): acquire hyper - BaseTAToouchBoost/5236@25, type = 1090523139
07-14 21:18:21.225 I/HYPER-HAL( 3020): [RequestManager.cpp]acquire(): Acquired ID : 13831193  [5236 / 23]    HINT :      list : [TABoost / 5] 
07-14 21:18:21.225 I/HYPER-HAL( 3020): [RequestManager.cpp]acquire(): Acquired ID : 13841716  [5236 / 25]    HINT :      list : [TABoost / 20] [TIMEOUT / 1500] 
07-14 21:18:21.226 I/GestureDetector( 3149): obtain mCurrentMotionEventRaw. action: 2 id: -796967313
07-14 21:18:21.226 I/GestureDetector( 3149): obtain mCurrentMotionEventRaw. action: 2 id: -796967313
07-14 21:18:21.245 D/ScanFilter( 3822): manu data matches
07-14 21:18:21.245 D/BtGatt.GattService( 3822): onScanResult to scannerId: 1- eventType=0x1b, addressType=0, address=00C3F4_0, primaryPhy=1, secondaryPhy=0, advertisingSid=0xff, txPower=127, rssi=-88, periodicAdvInt=0x0
07-14 21:18:21.293 D/ScanFilter( 3822): manu data matches
07-14 21:18:21.294 D/BtGatt.GattService( 3822): onScanResult to scannerId: 1- eventType=0x1b, addressType=0, address=28AF42_D, primaryPhy=1, secondaryPhy=0, advertisingSid=0xff, txPower=127, rssi=-67, periodicAdvInt=0x0
07-14 21:18:21.301 D/ScanFilter( 3822): manu data matches
07-14 21:18:21.302 D/BtGatt.GattService( 3822): onScanResult to scannerId: 1- eventType=0x1b, addressType=0, address=28AF42_D, primaryPhy=1, secondaryPhy=0, advertisingSid=0xff, txPower=127, rssi=-68, periodicAdvInt=0x0
07-14 21:18:21.420 I/SemDvfsHyPerManager( 5236): acquire hyper - BaseTABoost/5236@23, type = 1090523139
07-14 21:18:21.421 I/SemDvfsHyPerManager( 5236): acquire hyper - BaseTAToouchBoost/5236@25, type = 1090523139
07-14 21:18:21.421 I/HYPER-HAL( 3020): [RequestManager.cpp]acquire(): Acquired ID : 13831193  [5236 / 23]    HINT :      list : [TABoost / 5] 
07-14 21:18:21.421 I/HYPER-HAL( 3020): [RequestManager.cpp]acquire(): Acquired ID : 13841716  [5236 / 25]    HINT :      list : [TABoost / 20] [TIMEOUT / 1500] 
07-14 21:18:21.476 D/SemNscXgbMsL1( 3149): Probability - Cloud gaming: [0.011692403]
07-14 21:18:21.476 D/SemNscXgbMsL1( 3149): Probability - Real time: [0.4831987]
07-14 21:18:21.476 D/SemNscXgbMsL1( 3149): Probability - Non real time: [0.26285028]
07-14 21:18:21.476 D/SemNscXgbMsL1( 3149): 1 sample inference time: 0.600923 msecs
07-14 21:18:21.478 D/SemNscXgbL2Rt( 3149): L2 RT 1 sample inference time: 1.111884 msecs
07-14 21:18:21.479 D/SemNscXgbL2Nrt( 3149): L2 NRT 1 sample inference time: 0.869154 msecs
07-14 21:18:21.598 I/SDHMS:LOAD( 5236): type: LoadsFreqs, value: 0:72:83:901320:2730000:520000:1274320:2400000:507000:310:377:260
07-14 21:18:21.622 I/SemDvfsHyPerManager( 5236): acquire hyper - BaseTABoost/5236@23, type = 1090523139
07-14 21:18:21.623 I/SemDvfsHyPerManager( 5236): acquire hyper - BaseTAToouchBoost/5236@25, type = 1090523139
07-14 21:18:21.623 I/HYPER-HAL( 3020): [RequestManager.cpp]acquire(): Acquired ID : 13831193  [5236 / 23]    HINT :      list : [TABoost / 5] 
07-14 21:18:21.623 I/HYPER-HAL( 3020): [RequestManager.cpp]acquire(): Acquired ID : 13841716  [5236 / 25]    HINT :      list : [TABoost / 20] [TIMEOUT / 1500] 
07-14 21:18:21.724 I/SemDvfsHyPerManager( 5236): acquire hyper - BaseTABoost/5236@23, type = 1090523139
07-14 21:18:21.724 I/SemDvfsHyPerManager( 5236): acquire hyper - BaseTAToouchBoost/5236@25, type = 1090523139
07-14 21:18:21.724 I/HYPER-HAL( 3020): [RequestManager.cpp]acquire(): Acquired ID : 13831193  [5236 / 23]    HINT :      list : [TABoost / 5] 
07-14 21:18:21.725 I/HYPER-HAL( 3020): [RequestManager.cpp]acquire(): Acquired ID : 13841716  [5236 / 25]    HINT :      list : [TABoost / 20] [TIMEOUT / 1500] 
07-14 21:18:21.846 D/io_stats(  472): !@   8,0 r 159650695 3932851112 w 29776218 536638996 d 0 0 f 0 0 iot 30982284 0 th 0 0 0 pt 0 inp 0 0 1128008.001
07-14 21:18:21.869 D/InputDispatcher( 3149): Inject motion (8117/2000): action=0x1, time=1128008024000000, f=0x0, d=0 dsdx=1.000000 dtdx=0.000000
07-14 21:18:21.870 I/InputDispatcher( 3149): Delivering touch to (7389): action: 0x1, f=0x0, d=0, 'aa33dac', t=1 
07-14 21:18:21.870 I/ViewRootImpl@4cf8fef[MainActivity]( 7389): ViewPostIme pointer 1
07-14 21:18:21.871 I/SemDvfsHyPerManager( 3149): acquire hyper - SMOOTH_SCROLL/3149@22, type = -999
07-14 21:18:21.871 I/HYPER-HAL( 3020): [RequestManager.cpp]acquire(): Acquired ID : 5029228  [3149 / 22]    HINT : SMOOTH_SCROLL    list : 
07-14 21:18:21.873 I/HYPER-HAL( 3020): [RequestManager.cpp]releaseLocked(): Released ID : 5029228
07-14 21:18:21.878 D/SGM:GameManager( 3149): identifyGamePackage. com.collectiq.ai.local, mCurrentUserId: 0, callerUserId: 0, callingMethodInfo: com.android.server.ssrm.fgapps.GameAppUtils.isGame(GameAppUtils.java:84)
07-14 21:18:21.878 D/SGM:PkgDataHelper( 3149): getGamePkgData(). com.collectiq.ai.local
07-14 21:18:21.879 I/SemDvfsHyPerManager( 3149): acquire hyper - GESTURE_DETECTED/3149@27, type = -999
07-14 21:18:21.879 I/HYPER-HAL( 3020): [RequestManager.cpp]acquire(): Acquired ID : 5045103  [3149 / 27]    HINT : GESTURE_DETECTED    list : [TIMEOUT / 1124] 
07-14 21:18:21.879 D/SGM:GameManager( 3149): identifyGamePackage. com.collectiq.ai.local, mCurrentUserId: 0, callerUserId: 0, callingMethodInfo: com.android.server.ssrm.fgapps.GameAppUtils.isGame(GameAppUtils.java:84)
07-14 21:18:21.879 D/SGM:PkgDataHelper( 3149): getGamePkgData(). com.collectiq.ai.local
07-14 21:18:21.879 I/SemDvfsHyPerManager( 3149): acquire hyper - GESTURE_DETECTED/3149@27, type = -999
07-14 21:18:21.880 I/HYPER-HAL( 3020): [RequestManager.cpp]acquire(): Acquired ID : 5045103  [3149 / 27]    HINT : GESTURE_DETECTED    list : [TIMEOUT / 1124] 
07-14 21:18:21.980 D/SemNscXgbMsL1( 3149): Probability - Cloud gaming: [0.03522101]
07-14 21:18:21.980 D/SemNscXgbMsL1( 3149): Probability - Real time: [0.39569226]
07-14 21:18:21.980 D/SemNscXgbMsL1( 3149): Probability - Non real time: [0.52315605]
07-14 21:18:21.980 D/SemNscXgbMsL1( 3149): 1 sample inference time: 0.495308 msecs
07-14 21:18:21.981 D/SemNscXgbL2Rt( 3149): L2 RT 1 sample inference time: 0.896808 msecs
07-14 21:18:21.982 D/SemNscXgbL2Nrt( 3149): L2 NRT 1 sample inference time: 0.7185 msecs
07-14 21:18:22.483 D/SemNscXgbMsL1( 3149): Probability - Cloud gaming: [0.026352149]
07-14 21:18:22.483 D/SemNscXgbMsL1( 3149): Probability - Real time: [0.3666853]
07-14 21:18:22.483 D/SemNscXgbMsL1( 3149): Probability - Non real time: [0.68422294]
07-14 21:18:22.483 D/SemNscXgbMsL1( 3149): 1 sample inference time: 0.539769 msecs
07-14 21:18:22.484 D/SemNscXgbL2Rt( 3149): L2 RT 1 sample inference time: 1.020538 msecs
07-14 21:18:22.485 D/SemNscXgbL2Nrt( 3149): L2 NRT 1 sample inference time: 0.934654 msecs
07-14 21:18:22.678 D/SemWifiUsabilityStatsMonitor( 3149): onWifiUsabilityStats - seqNum 204229, isSameBssidAndFreq true
07-14 21:18:22.678 I/SemWifiLinkQualityMonitor( 3149): Link Qos Query: 0.164 ms / 48.660 Mbps (58 / 0.026 / 1.000)
07-14 21:18:22.835 E/audit   (  685): type=1400 audit(1784027902.832:760522): avc:  denied  { write } for  pid=21599 comm="ThreadPoolForeg" name="traced_producer" dev="tmpfs" ino=7808 scontext=u:r:gmscore_app:s0:c662,c768 tcontext=u:object_r:traced_producer_socket:s0 tclass=sock_file permissive=0 SEPF_SM-E625F_13_0001 audit_filtered
07-14 21:18:22.835 E/audit   (  685): type=1300 audit(1784027902.832:760522): arch=c00000b7 syscall=203 success=no exit=-13 a0=3f a1=b400007417fc0a80 a2=1e a3=ffffffff95bb1b4a items=1 ppid=2929 pid=21599 auid=4294967295 uid=15010228 gid=15010228 euid=15010228 suid=15010228 fsuid=15010228 egid=15010228 sgid=15010228 fsgid=15010228 tty=(none) ses=4294967295 comm="ThreadPoolForeg" exe="/system/bin/app_process64" subj=u:r:gmscore_app:s0:c662,c768 key=(null)
07-14 21:18:22.835 E/audit   (  685): type=1306 audit(1784027902.832:760522): saddr=01002F6465762F736F636B65742F7472616365645F70726F647563657200
07-14 21:18:22.835 E/audit   (  685): type=1302 audit(1784027902.832:760522): item=0 name="/dev/socket/traced_producer" inode=7808 dev=00:11 mode=0140666 ouid=0 ogid=0 rdev=00:00 obj=u:object_r:traced_producer_socket:s0 nametype=NORMAL cap_fp=0000000000000000 cap_fi=0000000000000000 cap_fe=0 cap_fver=0
07-14 21:18:22.835 E/audit   (  685): type=1327 audit(1784027902.832:760522): proctitle="com.google.android.gms.persistent"
07-14 21:18:22.862 D/AndroidRuntime( 8124): >>>>>> START com.android.internal.os.RuntimeInit uid 2000 <<<<<<
07-14 21:18:22.867 I/AndroidRuntime( 8124): Using default boot image
07-14 21:18:22.867 I/AndroidRuntime( 8124): Leaving lock profiling enabled
07-14 21:18:22.868 D/SecNativeFeatureCppIf( 8124): encoded
07-14 21:18:22.868 D/SecNativeFeatureCppIf( 8124): decoding and unzip finish
07-14 21:18:22.868 D/SecNativeFeatureCppIf( 8124): use unCompDataBuff. encoded
07-14 21:18:22.868 D/SecNativeFeatureCppIf( 8124): Free unCompDataBuff
07-14 21:18:22.868 D/AndroidRuntime( 8124): addProductProperty: pBrand1 is not null
07-14 21:18:22.868 D/AndroidRuntime( 8124): addProductProperty: not brand or 7
07-14 21:18:22.871 I/app_process( 8124): Using CollectorTypeCC GC.
07-14 21:18:22.986 D/SemNscXgbMsL1( 3149): Probability - Cloud gaming: [0.036361676]
07-14 21:18:22.987 D/SemNscXgbMsL1( 3149): Probability - Real time: [0.272156]
07-14 21:18:22.987 D/SemNscXgbMsL1( 3149): Probability - Non real time: [0.7647109]
07-14 21:18:22.987 D/SemNscXgbMsL1( 3149): 1 sample inference time: 0.738385 msecs
07-14 21:18:22.989 D/SemNscXgbL2Rt( 3149): L2 RT 1 sample inference time: 2.315692 msecs
07-14 21:18:22.991 D/SemNscXgbL2Nrt( 3149): L2 NRT 1 sample inference time: 1.934154 msecs
07-14 21:18:23.002 D/app_process( 8124): Time zone APEX ICU file found: /apex/com.android.tzdata/etc/icu/icu_tzdata.dat
07-14 21:18:23.002 D/app_process( 8124): I18n APEX ICU file found: /apex/com.android.i18n/etc/icu/icudt70l.dat
07-14 21:18:23.004 I/HYPER-HAL( 3020): [RequestManager.cpp]releaseLocked(): Released ID : 5045103
07-14 21:18:23.012 W/app_process( 8124): ClassLoaderContext classpath size mismatch. expected=0, found=1 (PCL[] | PCL[/system/framework/android.test.runner.jar*2256426886])
07-14 21:18:23.033 E/SemDvfsManager_JNI( 8124): SemDvfsManager: registerfunction enter
07-14 21:18:23.033 E/SemAffinityControl( 8124): SemAffinityControl: registerfunction enter
07-14 21:18:23.040 D/AndroidRuntime( 8124): Calling main entry com.android.commands.uiautomator.Launcher
07-14 21:18:23.049 I/SurfaceFlinger(  812): id=51391 createSurf flag=80004, WindowToken{f05db20 type=2032 android.os.Binder@40d7a23}#51391
07-14 21:18:23.051 D/SettingsProvider( 3149): isChangeAllowed() : name = accessibility_enabled
07-14 21:18:23.051 I/GenerationRegistry( 3149): mBackingStore.isClosed() : false
07-14 21:18:23.051 I/GenerationRegistry( 3149): mBackingStore.isClosed() : false
07-14 21:18:23.052 D/WindowMagnificationMgr( 3149): requestConnection :false mConnectionState : 3
07-14 21:18:23.052 W/WindowMagnificationMgr( 3149): requestConnection duplicated request: connect=false, mConnectionState=DISCONNECTED
07-14 21:18:23.055 I/SAMSUNGWALLET[IN](28681): [WalletStartup] Screen reader is enabled
07-14 21:18:23.056 D/BatterySaverPolicy( 3149): accessibility changed to true, updating policy.
07-14 21:18:23.059 D/SettingsProvider( 3149): isChangeAllowed() : name = accessibility_enabled
07-14 21:18:23.059 I/GenerationRegistry( 3149): mBackingStore.isClosed() : false
07-14 21:18:23.059 I/GenerationRegistry( 3149): mBackingStore.isClosed() : false
07-14 21:18:23.059 D/WindowMagnificationMgr( 3149): requestConnection :false mConnectionState : 3
07-14 21:18:23.059 W/WindowMagnificationMgr( 3149): requestConnection duplicated request: connect=false, mConnectionState=DISCONNECTED
07-14 21:18:23.063 I/AccessibilityManagerService( 3149): semIsAccessibilityServiceEnabled()
07-14 21:18:23.063 I/AccessibilityManagerService( 3149): accesibilityService is null
07-14 21:18:23.063 I/AccessibilityManagerService( 3149): semIsAccessibilityServiceEnabled()
07-14 21:18:23.063 I/AccessibilityManagerService( 3149): accesibilityService is null
07-14 21:18:23.063 D/AS.AudioService( 3149): Accessibility volume enabled = false
07-14 21:18:23.064 V/SafetyCenterAccessibilityListener(15585): accessibility event occurred, safety center feature not enabled.
07-14 21:18:23.071 W/WindowManager( 3149): Cannot find window which accessibility connection is added to
07-14 21:18:23.083 I/TouchInteractionService(13347): onActiveNavBarRegionChanges, region : SkRegion((0,2265,388,2400)(389,2265,690,2400)(691,2265,961,2400))
07-14 21:18:23.083 V/Navbar.Store( 3511): ----handleEvent(0) OnUpdateRemoteViewContainer(leftContainer=android.widget.LinearLayout{c0c0ac4 I.E...... ......I. 0,0-118,135 #7f0b04f6 app:id/left_remoteview}, rightContainer=android.widget.LinearLayout{4007dad I.E...... ......I. 962,0-1080,135 #7f0b07aa app:id/right_remoteview}, contextualButtonVisible=false, darkIntensity=0.0) [Module] SamsungNavigationBarView
07-14 21:18:23.083 V/Navbar.Store( 3511): ------[Band]REMOTE_VIEW_PACK_SET_REMOTEVIEW_CONTAINER
07-14 21:18:23.083 V/Navbar.Store( 3511): --------apply(0) UpdateRemoteViewContainer
07-14 21:18:23.083 V/Navbar.Store( 3511): --------apply(0) UpdateRemoteViewDarkIntensity
07-14 21:18:23.084 V/Navbar.Store( 3511): handleEvent(0) OnNavBarUpdateA11YService(clickable=false, longClickable=false) [Module] NavigationBar
07-14 21:18:23.084 V/Navbar.Store( 3511): --[Band]SETUPWIZARD_PACK_UPDATE_A11Y_SERVICE
07-14 21:18:23.099 I/TouchInteractionService(13347): onActiveNavBarRegionChanges, region : SkRegion((0,2265,388,2400)(389,2265,690,2400)(691,2265,961,2400))
07-14 21:18:23.225 I/HYPER-HAL( 3020): [RequestManager.cpp]releaseLocked(): Released ID : 13841716
07-14 21:18:23.444 I/SemWifiServiceDetector( 3149): Traff. tracking stopped
07-14 21:18:23.846 D/io_stats(  472): !@   8,0 r 159650695 3932851112 w 29776229 536639336 d 0 0 f 0 0 iot 30982288 0 th 0 0 0 pt 0 inp 0 0 1128010.001
07-14 21:18:24.106 D/SemCscFeature( 8124): Encoded
07-14 21:18:24.141 W/MediaProvider( 4985): isAppCloneUserPair for user 0: false
07-14 21:18:24.159 D/SyncManager( 3149): userId - 0 auto - true
07-14 21:18:24.168 W/AccessibilityNodeInfoDumper( 8124): Fetch time: 54ms
07-14 21:18:24.172 D/SettingsProvider( 3149): isChangeAllowed() : name = accessibility_enabled
07-14 21:18:24.173 I/GenerationRegistry( 3149): mBackingStore.isClosed() : false
07-14 21:18:24.174 I/GenerationRegistry( 3149): mBackingStore.isClosed() : false
07-14 21:18:24.175 D/WindowMagnificationMgr( 3149): requestConnection :false mConnectionState : 3
07-14 21:18:24.175 W/WindowMagnificationMgr( 3149): requestConnection duplicated request: connect=false, mConnectionState=DISCONNECTED
07-14 21:18:24.180 D/BatterySaverPolicy( 3149): accessibility changed to false, updating policy.
07-14 21:18:24.184 I/SAMSUNGWALLET[IN](28681): [WalletStartup] Screen reader is disabled
07-14 21:18:24.185 D/SettingsProvider( 3149): isChangeAllowed() : name = accelerometer_rotation
07-14 21:18:24.185 D/SettingsProvider( 3149): isChangeAllowed() : name = user_rotation
07-14 21:18:24.187 V/WindowManager( 3149): rotationForOrientation(orient=SCREEN_ORIENTATION_UNSPECIFIED (-1), last=ROTATION_0 (0)); user=ROTATION_0 (0) 
07-14 21:18:24.187 D/WindowManager( 3149): rotationForOrientation, orientationSource=ActivityRecord{7c00e1d u0 com.collectiq.ai.local/com.collectiq.ai.MainActivity} t1259}
07-14 21:18:24.187 V/WindowManager( 3149): Computed rotation=ROTATION_0 (0) for display id=0 based on lastOrientation=SCREEN_ORIENTATION_UNSPECIFIED (-1) and oldRotation=ROTATION_0 (0), caller=com.android.server.wm.DisplayContent.updateRotationUnchecked:2410 com.android.server.wm.WindowManagerService.updateRotationUnchecked:4778 com.android.server.wm.WindowManagerService.thawDisplayRotation:4719 com.android.server.wm.WindowManagerService.thawRotation:4683 android.view.IWindowManager$Stub.onTransact:2536 com.android.server.wm.WindowManagerService.onTransact:1608 
07-14 21:18:24.196 I/Layer   (  812): id=51391 removeFromCurrentState WindowToken{f05db20 type=2032 android.os.Binder@40d7a23}#51391 (121)
07-14 21:18:24.197 I/SurfaceFlinger(  812): id=51391 Removed WindowToken{f05db20 type=2032 android.os.Binder@40d7a23}#51391 (121)
07-14 21:18:24.197 I/Layer   (  812): id=51391 Destroyed WindowToken{f05db20 type=2032 android.os.Binder@40d7a23}#51391
07-14 21:18:24.200 W/WindowManager( 3149): Cannot find window which accessibility connection is added to
07-14 21:18:24.228 D/AndroidRuntime( 8124): Shutting down VM
07-14 21:18:24.668 W/libprocessgroup( 3149): Failed to open /dev/blkio//cgroup.procs: No such file or directory
07-14 21:18:24.684 I/SCS@AiSearch user 0( 7134): (ObserverWorker::AOSP_MP) [main] entering in startWork triggered by [content://media/external/file/1000055562]():  
07-14 21:18:24.684 I/SCS@AiSearch user 0( 7134): (BaseCollector::AOSP_MP) [main] entering in onChange():  
07-14 21:18:24.685 I/SCS@AiSearch user 0( 7134): (BaseCollector::AOSP_MP) [AOSP_MP-0] entering in collectChanges():  
07-14 21:18:24.705 D/PackageManager( 3149): setEnabledSetting : userId = 0 packageName = com.samsung.android.scs cmp = androidx.work.impl.background.systemalarm.RescheduleReceiver newState = 1 callingPackage = 10111/com.samsung.android.scs
07-14 21:18:24.706 D/ApplicationPolicy( 3149): getApplicationStateEnabled : pkg = com.samsung.android.scs userId : 0
07-14 21:18:24.708 D/ApplicationPolicy( 3149): getApplicationComponentState : pkg = com.samsung.android.scs userId : 0
07-14 21:18:24.733 I/SCS@AiSearch user 0( 7134): (BaseCollector::AOSP_MP) fetchInternal values : maxSyncId: 1000055464 indexCount: 1824 sourceCount: 1824
07-14 21:18:24.764 I/SCS@AiSearch user 0( 7134): (IndexManager) [AOSP_MP-0] entering in addIndex():  
07-14 21:18:24.768 I/SCS@AiSearch user 0( 7134): (BaseCollector::AOSP_MP) fetch: fetching took  52 ms
07-14 21:18:24.768 I/SCS@AiSearch user 0( 7134): (BaseCollector::AOSP_MP) fetchChanges: applied 0 items
07-14 21:18:24.768 I/SCS@AiSearch user 0( 7134): (BaseCollector::AOSP_MP) Collect finished. Result: true
07-14 21:18:24.769 I/WM-WorkerWrapper( 7134): Worker result SUCCESS for Work [ id=db5b0543-8ee4-43cc-b272-fadd116c14f9, tags={ com.sec.android.app.myfiles, com.samsung.android.scs.ai.search.data.collector.ObserverWorker } ]
