07-14 21:18:51.528 V/Navbar.Store( 3511): --------apply(0) UpdateRemoteViewContainer
07-14 21:18:51.529 V/Navbar.Store( 3511): --------apply(0) UpdateRemoteViewDarkIntensity
07-14 21:18:51.529 V/Navbar.Store( 3511): handleEvent(0) OnNavBarUpdateA11YService(clickable=false, longClickable=false) [Module] NavigationBar
07-14 21:18:51.529 V/Navbar.Store( 3511): --[Band]SETUPWIZARD_PACK_UPDATE_A11Y_SERVICE
07-14 21:18:51.545 I/TouchInteractionService(13347): onActiveNavBarRegionChanges, region : SkRegion((0,2265,388,2400)(389,2265,690,2400)(691,2265,961,2400))
07-14 21:18:51.581 I/lectiq.ai.local( 7389): Compiler allocated 6133KB to compile void android.view.ViewRootImpl.performTraversals()
07-14 21:18:51.587 D/ScanFilter( 3822): manu data matches
07-14 21:18:51.588 D/BtGatt.GattService( 3822): onScanResult to scannerId: 1- eventType=0x1b, addressType=0, address=28AF42_D, primaryPhy=1, secondaryPhy=0, advertisingSid=0xff, txPower=127, rssi=-59, periodicAdvInt=0x0
07-14 21:18:51.591 I/[+1000]oneconnect[1.8.47.24_01][BEACON_MANAGER_CONTROL_SERVICE]( 5676): BeaconManagerControlService.reserveStopService - Setting timer to stop service in 180000ms
07-14 21:18:51.592 I/[+1000]oneconnect[1.8.47.24_01][BEACON_MANAGER_CONTROL_SERVICE]( 5676): AvOcfParser.isReadyAvPopupOnboarding - AV Popup Onboarding is skipped - ($)
07-14 21:18:51.623 E/sehhealth-service(  761): Could not open /sys/class/power_supply/battery/lrp
07-14 21:18:51.825 D/CustomizedBinderCallsStatsInternal( 3149): reportCpuUsage() : 1%
07-14 21:18:51.827 I/BinderCallsStats( 3149): Collected cpu time : 0us, collected call count : 0 for 60184 ms
07-14 21:18:51.835 W/ProcessCpusetController( 3149): Slowdown: pid 25595 is nonexistent
07-14 21:18:51.838 W/ProcessCpusetController( 3149): Slowdown: pid 25423 is nonexistent
07-14 21:18:51.888 I/SDHMS:LOAD( 5236): type: LoadsFreqs, value: 0:58:82:732680:2730000:520000:1164020:2002000:507000:315:377:260
07-14 21:18:52.404 W/libprocessgroup( 3149): Failed to open /dev/blkio//cgroup.procs: No such file or directory
07-14 21:18:52.418 I/NetworkScheduler.Stats(23462): (REDACTED) Task %s/%s started execution. cause:%s exec_start_elapsed_seconds: %s
07-14 21:18:52.424 I/NetworkScheduler.Stats(23462): (REDACTED) Task %s/%s finished executing. cause:%s result: %s elapsed_millis: %s uptime_millis: %s exec_start_elapsed_seconds: %s
07-14 21:18:52.509 I/ContactsProvider_EventLog(16381): cp_s: [CONTACT con(786) dat(5047) acc({phone(1)=20, sim(3)=3, com.google.android.apps.tachyon(155)=1, sim2(5)=7, phone(2)=1, google(4)=779}) calls([logtype:100 cnt:11, logtype:1000 cnt:1494, logtype:1150 cnt:9]) Iso(AU) uId(0) ]
07-14 21:18:52.509 I/ContactsProvider_EventLog(16381): cp_s: [ agr({[5]=7, [3]=3, [4]=730, [1]=20, [2]=1, [4 ,4]=24, [4 ,155]=1}) ]
07-14 21:18:52.509 I/ContactsProvider_EventLog(16381): cp_s: [ cnt({acore(16381)=1}) ]
07-14 21:18:52.509 I/ContactsProvider_EventLog(16381): cp_s: [PROFILE ] [SAPROFILE ]
07-14 21:18:52.509 I/ContactsProvider_EventLog(16381): cp_s: [STATE R(F) ]
07-14 21:18:52.553 D/SemCscFeature( 8241): Encoded
07-14 21:18:52.590 W/MediaProvider( 4985): isAppCloneUserPair for user 0: false
07-14 21:18:52.610 D/SyncManager( 3149): userId - 0 auto - true
07-14 21:18:52.618 W/AccessibilityNodeInfoDumper( 8241): Fetch time: 56ms
07-14 21:18:52.620 D/SettingsProvider( 3149): isChangeAllowed() : name = accessibility_enabled
07-14 21:18:52.621 I/GenerationRegistry( 3149): mBackingStore.isClosed() : false
07-14 21:18:52.622 I/GenerationRegistry( 3149): mBackingStore.isClosed() : false
07-14 21:18:52.622 D/WindowMagnificationMgr( 3149): requestConnection :false mConnectionState : 3
07-14 21:18:52.622 W/WindowMagnificationMgr( 3149): requestConnection duplicated request: connect=false, mConnectionState=DISCONNECTED
07-14 21:18:52.628 D/BatterySaverPolicy( 3149): accessibility changed to false, updating policy.
07-14 21:18:52.630 D/SettingsProvider( 3149): isChangeAllowed() : name = accelerometer_rotation
07-14 21:18:52.630 D/SettingsProvider( 3149): isChangeAllowed() : name = user_rotation
07-14 21:18:52.635 I/SAMSUNGWALLET[IN](28681): [WalletStartup] Screen reader is disabled
07-14 21:18:52.642 V/WindowManager( 3149): rotationForOrientation(orient=SCREEN_ORIENTATION_UNSPECIFIED (-1), last=ROTATION_0 (0)); user=ROTATION_0 (0) 
07-14 21:18:52.642 D/WindowManager( 3149): rotationForOrientation, orientationSource=ActivityRecord{7c00e1d u0 com.collectiq.ai.local/com.collectiq.ai.MainActivity} t1259}
07-14 21:18:52.642 V/WindowManager( 3149): Computed rotation=ROTATION_0 (0) for display id=0 based on lastOrientation=SCREEN_ORIENTATION_UNSPECIFIED (-1) and oldRotation=ROTATION_0 (0), caller=com.android.server.wm.DisplayContent.updateRotationUnchecked:2410 com.android.server.wm.WindowManagerService.updateRotationUnchecked:4778 com.android.server.wm.WindowManagerService.thawDisplayRotation:4719 com.android.server.wm.WindowManagerService.thawRotation:4683 android.view.IWindowManager$Stub.onTransact:2536 com.android.server.wm.WindowManagerService.onTransact:1608 
07-14 21:18:52.643 I/Layer   (  812): id=51394 removeFromCurrentState WindowToken{3df00b type=2032 android.os.Binder@23473da}#51394 (121)
07-14 21:18:52.643 I/SurfaceFlinger(  812): id=51394 Removed WindowToken{3df00b type=2032 android.os.Binder@23473da}#51394 (121)
07-14 21:18:52.643 I/Layer   (  812): id=51394 Destroyed WindowToken{3df00b type=2032 android.os.Binder@23473da}#51394
07-14 21:18:52.666 W/WindowManager( 3149): Cannot find window which accessibility connection is added to
07-14 21:18:52.677 D/AndroidRuntime( 8241): Shutting down VM
07-14 21:18:52.866 E/audit   (  685): type=1400 audit(1784027932.864:760525): avc:  denied  { write } for  pid=21599 comm="ThreadPoolForeg" name="traced_producer" dev="tmpfs" ino=7808 scontext=u:r:gmscore_app:s0:c662,c768 tcontext=u:object_r:traced_producer_socket:s0 tclass=sock_file permissive=0 SEPF_SM-E625F_13_0001 audit_filtered
07-14 21:18:52.866 E/audit   (  685): type=1300 audit(1784027932.864:760525): arch=c00000b7 syscall=203 success=no exit=-13 a0=3f a1=b400007417fb6c40 a2=1e a3=ffffffff95bb1b4a items=1 ppid=2929 pid=21599 auid=4294967295 uid=15010228 gid=15010228 euid=15010228 suid=15010228 fsuid=15010228 egid=15010228 sgid=15010228 fsgid=15010228 tty=(none) ses=4294967295 comm="ThreadPoolForeg" exe="/system/bin/app_process64" subj=u:r:gmscore_app:s0:c662,c768 key=(null)
07-14 21:18:52.866 E/audit   (  685): type=1306 audit(1784027932.864:760525): saddr=01002F6465762F736F636B65742F7472616365645F70726F647563657200
07-14 21:18:52.867 E/audit   (  685): type=1302 audit(1784027932.864:760525): item=0 name="/dev/socket/traced_producer" inode=7808 dev=00:11 mode=0140666 ouid=0 ogid=0 rdev=00:00 obj=u:object_r:traced_producer_socket:s0 nametype=NORMAL cap_fp=0000000000000000 cap_fi=0000000000000000 cap_fe=0 cap_fver=0
07-14 21:18:52.867 E/audit   (  685): type=1327 audit(1784027932.864:760525): proctitle="com.google.android.gms.persistent"
07-14 21:18:53.112 D/PowerManagerService( 3149): UserActivityStateListenerState: 0
07-14 21:18:53.114 W/libprocessgroup( 3149): Failed to open /dev/blkio//cgroup.procs: No such file or directory
07-14 21:18:53.133 I/SCS@AiSearch user 0( 7134): (ObserverWorker::AOSP_MP) [main] entering in startWork triggered by [content://media/external/file/1000055565]():  
07-14 21:18:53.133 I/SCS@AiSearch user 0( 7134): (BaseCollector::AOSP_MP) [main] entering in onChange():  
07-14 21:18:53.135 I/SCS@AiSearch user 0( 7134): (BaseCollector::AOSP_MP) [AOSP_MP-0] entering in collectChanges():  
07-14 21:18:53.141 D/PackageManager( 3149): setEnabledSetting : userId = 0 packageName = com.samsung.android.scs cmp = androidx.work.impl.background.systemalarm.RescheduleReceiver newState = 1 callingPackage = 10111/com.samsung.android.scs
07-14 21:18:53.142 D/ApplicationPolicy( 3149): getApplicationStateEnabled : pkg = com.samsung.android.scs userId : 0
07-14 21:18:53.144 D/ApplicationPolicy( 3149): getApplicationComponentState : pkg = com.samsung.android.scs userId : 0
07-14 21:18:53.179 I/SCS@AiSearch user 0( 7134): (BaseCollector::AOSP_MP) fetchInternal values : maxSyncId: 1000055464 indexCount: 1824 sourceCount: 1824
07-14 21:18:53.215 I/SCS@AiSearch user 0( 7134): (IndexManager) [AOSP_MP-0] entering in addIndex():  
07-14 21:18:53.217 I/SCS@AiSearch user 0( 7134): (BaseCollector::AOSP_MP) fetch: fetching took  52 ms
07-14 21:18:53.217 I/SCS@AiSearch user 0( 7134): (BaseCollector::AOSP_MP) fetchChanges: applied 0 items
07-14 21:18:53.217 I/SCS@AiSearch user 0( 7134): (BaseCollector::AOSP_MP) Collect finished. Result: true
07-14 21:18:53.219 I/WM-WorkerWrapper( 7134): Worker result SUCCESS for Work [ id=78e3caf2-4392-42fa-8d03-9c7c5cc25528, tags={ com.sec.android.app.myfiles, com.samsung.android.scs.ai.search.data.collector.ObserverWorker } ]
07-14 21:18:53.226 I/SCS@AiSearch user 0( 7134): (BaseCollector::AOSP_MP) enqueue ObserverWorker name: com.sec.android.app.myfiles, policy: APPEND_OR_REPLACE
07-14 21:18:53.256 D/PackageManager( 3149): setEnabledSetting : userId = 0 packageName = com.samsung.android.scs cmp = androidx.work.impl.background.systemalarm.RescheduleReceiver newState = 1 callingPackage = 10111/com.samsung.android.scs
07-14 21:18:53.257 D/ApplicationPolicy( 3149): getApplicationStateEnabled : pkg = com.samsung.android.scs userId : 0
07-14 21:18:53.257 D/ApplicationPolicy( 3149): getApplicationComponentState : pkg = com.samsung.android.scs userId : 0
07-14 21:18:53.699 D/SemWifiUsabilityStatsMonitor( 3149): onWifiUsabilityStats - seqNum 204239, isSameBssidAndFreq true
07-14 21:18:53.701 I/SemWifiLinkQualityMonitor( 3149): Link Qos Query: 0.531 ms / 15.072 Mbps (58 / 0.098 / 2.250)
07-14 21:18:53.833 I/EDMNativeHelperService( 3149): isScreenCaptureEnabled
07-14 21:18:53.834 D/RestrictionPolicy( 3149): isScreenCaptureEnabled : ret=true userId=0
07-14 21:18:53.834 W/ProcessState( 8269): Extra binder thread started, but 0 threads requested. Do not use *startThreadPool when zero threads are requested.
07-14 21:18:53.856 D/io_stats(  472): !@   8,0 r 159651572 3932875628 w 29776753 536647236 d 0 0 f 0 0 iot 30982556 0 th 0 0 0 pt 0 inp 0 0 1128040.011
07-14 21:18:53.873 I/servicemanager(  434): Could not find android.hardware.graphics.allocator.IAllocator/default in the VINTF manifest.
07-14 21:18:54.099 D/ScanFilter( 3822): manu data matches
07-14 21:18:54.100 D/BtGatt.GattService( 3822): onScanResult to scannerId: 1- eventType=0x1b, addressType=0, address=28AF42_D, primaryPhy=1, secondaryPhy=0, advertisingSid=0xff, txPower=127, rssi=-59, periodicAdvInt=0x0
07-14 21:18:54.101 I/BCMGR[11.2.04.4](19573): BeaconMainController] onReceive - [1 : ST packet!][2 : ST packet!][3 : ST packet!][4 : ST packet!][5 : ST packet!][6 : ST packet!][7 : ST packet!][8 : ST packet!][9 : ST packet!][10 : ST packet!]
07-14 21:18:54.337 D/InputDispatcher( 3149): Inject motion (8274/2000): action=0x0, time=1128040491000000, f=0x0, d=0 dsdx=1.000000 dtdx=0.000000
07-14 21:18:54.338 I/InputDispatcher( 3149): Delivering touch to (3511): action: 0x4, f=0x0, d=0, 'a793e53', t=1 
07-14 21:18:54.338 I/InputDispatcher( 3149): Delivering touch to (7389): action: 0x0, f=0x0, d=0, 'aa33dac', t=1 
07-14 21:18:54.338 D/PowerManagerService( 3149): [api] userActivityFromNative :  (event: 2 flags: 0 displayId: 0) eventTime = 1128040491
07-14 21:18:54.339 I/GestureDetector( 3149): obtain mCurrentDownEvent. id: -110749143 caller: com.android.server.wm.SystemGesturesPointerEventListener.onPointerEvent:203 com.android.server.wm.PointerEventDispatcher.onInputEvent:53 android.view.InputEventReceiver.dispatchInputEvent:285 
07-14 21:18:54.339 I/ViewRootImpl@4cf8fef[MainActivity]( 7389): ViewPostIme pointer 0
07-14 21:18:54.339 D/PowerManagerService( 3149): UserActivityStateListenerState: 1
07-14 21:18:54.339 I/GestureDetector( 3149): obtain mCurrentDownEvent. id: -110749143 caller: com.android.server.wm.SystemPerformancePointerEventListener.onPointerEvent:89 com.android.server.wm.PointerEventDispatcher.onInputEvent:53 android.view.InputEventReceiver.dispatchInputEvent:285 
07-14 21:18:54.343 I/SemDvfsHyPerManager( 5236): acquire hyper - BaseTABoost/5236@23, type = 1090523139
07-14 21:18:54.343 I/SemDvfsHyPerManager( 5236): acquire hyper - BaseTAToouchBoost/5236@25, type = 1090523139
07-14 21:18:54.344 I/HYPER-HAL( 3020): [RequestManager.cpp]acquire(): Acquired ID : 13831193  [5236 / 23]    HINT :      list : [TABoost / 5] 
07-14 21:18:54.344 I/HYPER-HAL( 3020): [RequestManager.cpp]acquire(): Acquired ID : 13841716  [5236 / 25]    HINT :      list : [TABoost / 20] [TIMEOUT / 1500] 
07-14 21:18:54.347 I/GestureDetector( 3149): obtain mCurrentMotionEventRaw. action: 2 id: -50789402
07-14 21:18:54.347 I/GestureDetector( 3149): obtain mCurrentMotionEventRaw. action: 2 id: -50789402
07-14 21:18:54.539 I/SemDvfsHyPerManager( 5236): acquire hyper - BaseTABoost/5236@23, type = 1090523139
07-14 21:18:54.539 I/SemDvfsHyPerManager( 5236): acquire hyper - BaseTAToouchBoost/5236@25, type = 1090523139
07-14 21:18:54.539 I/HYPER-HAL( 3020): [RequestManager.cpp]acquire(): Acquired ID : 13831193  [5236 / 23]    HINT :      list : [TABoost / 5] 
07-14 21:18:54.540 I/HYPER-HAL( 3020): [RequestManager.cpp]acquire(): Acquired ID : 13841716  [5236 / 25]    HINT :      list : [TABoost / 20] [TIMEOUT / 1500] 
07-14 21:18:54.739 I/SemDvfsHyPerManager( 5236): acquire hyper - BaseTABoost/5236@23, type = 1090523139
07-14 21:18:54.739 I/SemDvfsHyPerManager( 5236): acquire hyper - BaseTAToouchBoost/5236@25, type = 1090523139
07-14 21:18:54.739 I/HYPER-HAL( 3020): [RequestManager.cpp]acquire(): Acquired ID : 13831193  [5236 / 23]    HINT :      list : [TABoost / 5] 
07-14 21:18:54.739 I/HYPER-HAL( 3020): [RequestManager.cpp]acquire(): Acquired ID : 13841716  [5236 / 25]    HINT :      list : [TABoost / 20] [TIMEOUT / 1500] 
07-14 21:18:54.869 I/NearbyMediums(23462): No BLE Fast/GATT advertisements found in the latest cycle.
07-14 21:18:54.870 I/NearbyMediums(23462): Current Tracked Scanning Clients are : {NearbyConnections.EnvironmentMonitor, NearbySharing, NearbyConnections.TxAdvertisement}
07-14 21:18:54.938 I/SemDvfsHyPerManager( 5236): acquire hyper - BaseTABoost/5236@23, type = 1090523139
07-14 21:18:54.938 I/SemDvfsHyPerManager( 5236): acquire hyper - BaseTAToouchBoost/5236@25, type = 1090523139
07-14 21:18:54.938 I/HYPER-HAL( 3020): [RequestManager.cpp]acquire(): Acquired ID : 13831193  [5236 / 23]    HINT :      list : [TABoost / 5] 
07-14 21:18:54.938 I/HYPER-HAL( 3020): [RequestManager.cpp]acquire(): Acquired ID : 13841716  [5236 / 25]    HINT :      list : [TABoost / 20] [TIMEOUT / 1500] 
07-14 21:18:55.086 D/InputDispatcher( 3149): Inject motion (8274/2000): action=0x1, time=1128041241000000, f=0x0, d=0 dsdx=1.000000 dtdx=0.000000
07-14 21:18:55.086 I/InputDispatcher( 3149): Delivering touch to (7389): action: 0x1, f=0x0, d=0, 'aa33dac', t=1 
07-14 21:18:55.087 I/ViewRootImpl@4cf8fef[MainActivity]( 7389): ViewPostIme pointer 1
07-14 21:18:55.087 I/SemDvfsHyPerManager( 3149): acquire hyper - SMOOTH_SCROLL/3149@22, type = -999
07-14 21:18:55.088 I/HYPER-HAL( 3020): [RequestManager.cpp]acquire(): Acquired ID : 5029228  [3149 / 22]    HINT : SMOOTH_SCROLL    list : 
07-14 21:18:55.089 D/SGM:GameManager( 3149): identifyGamePackage. com.collectiq.ai.local, mCurrentUserId: 0, callerUserId: 0, callingMethodInfo: com.android.server.ssrm.fgapps.GameAppUtils.isGame(GameAppUtils.java:84)
07-14 21:18:55.089 D/SGM:PkgDataHelper( 3149): getGamePkgData(). com.collectiq.ai.local
07-14 21:18:55.090 I/SemDvfsHyPerManager( 3149): acquire hyper - GESTURE_DETECTED/3149@27, type = -999
07-14 21:18:55.090 I/HYPER-HAL( 3020): [RequestManager.cpp]releaseLocked(): Released ID : 5029228
07-14 21:18:55.090 I/HYPER-HAL( 3020): [RequestManager.cpp]acquire(): Acquired ID : 5045103  [3149 / 27]    HINT : GESTURE_DETECTED    list : [TIMEOUT / 1099] 
07-14 21:18:55.091 D/SGM:GameManager( 3149): identifyGamePackage. com.collectiq.ai.local, mCurrentUserId: 0, callerUserId: 0, callingMethodInfo: com.android.server.ssrm.fgapps.GameAppUtils.isGame(GameAppUtils.java:84)
07-14 21:18:55.091 D/SGM:PkgDataHelper( 3149): getGamePkgData(). com.collectiq.ai.local
07-14 21:18:55.092 I/SemDvfsHyPerManager( 3149): acquire hyper - GESTURE_DETECTED/3149@27, type = -999
07-14 21:18:55.093 I/HYPER-HAL( 3020): [RequestManager.cpp]acquire(): Acquired ID : 5045103  [3149 / 27]    HINT : GESTURE_DETECTED    list : [TIMEOUT / 1099] 
07-14 21:18:55.221 I/NearbyMediums(21599): No BLE Fast/GATT advertisements found in the latest cycle.
07-14 21:18:55.221 I/NearbyMediums(21599): Current Tracked Scanning Clients are : {NearbyConnections.EnvironmentMonitor, NearbySharing}
07-14 21:18:55.628 D/ScanFilter( 3822): manu data matches
07-14 21:18:55.628 D/BtGatt.GattService( 3822): onScanResult to scannerId: 1- eventType=0x1b, addressType=0, address=28AF42_D, primaryPhy=1, secondaryPhy=0, advertisingSid=0xff, txPower=127, rssi=-64, periodicAdvInt=0x0
07-14 21:18:55.632 I/[+1000]oneconnect[1.8.47.24_01][BEACON_MANAGER_CONTROL_SERVICE]( 5676): BeaconManagerControlService.reserveStopService - Setting timer to stop service in 180000ms
07-14 21:18:55.639 D/ScanFilter( 3822): manu data matches
07-14 21:18:55.639 D/BtGatt.GattService( 3822): onScanResult to scannerId: 1- eventType=0x1b, addressType=0, address=28AF42_D, primaryPhy=1, secondaryPhy=0, advertisingSid=0xff, txPower=127, rssi=-64, periodicAdvInt=0x0
07-14 21:18:56.171 D/AndroidRuntime( 8281): >>>>>> START com.android.internal.os.RuntimeInit uid 2000 <<<<<<
07-14 21:18:56.177 I/AndroidRuntime( 8281): Using default boot image
07-14 21:18:56.177 I/AndroidRuntime( 8281): Leaving lock profiling enabled
07-14 21:18:56.178 D/SecNativeFeatureCppIf( 8281): encoded
07-14 21:18:56.178 D/SecNativeFeatureCppIf( 8281): decoding and unzip finish
07-14 21:18:56.178 D/SecNativeFeatureCppIf( 8281): use unCompDataBuff. encoded
07-14 21:18:56.178 D/SecNativeFeatureCppIf( 8281): Free unCompDataBuff
07-14 21:18:56.178 D/AndroidRuntime( 8281): addProductProperty: pBrand1 is not null
07-14 21:18:56.178 D/AndroidRuntime( 8281): addProductProperty: not brand or 7
07-14 21:18:56.181 I/app_process( 8281): Using CollectorTypeCC GC.
07-14 21:18:56.193 I/HYPER-HAL( 3020): [RequestManager.cpp]releaseLocked(): Released ID : 5045103
07-14 21:18:56.320 D/app_process( 8281): Time zone APEX ICU file found: /apex/com.android.tzdata/etc/icu/icu_tzdata.dat
07-14 21:18:56.320 D/app_process( 8281): I18n APEX ICU file found: /apex/com.android.i18n/etc/icu/icudt70l.dat
07-14 21:18:56.333 W/app_process( 8281): ClassLoaderContext classpath size mismatch. expected=0, found=1 (PCL[] | PCL[/system/framework/android.test.runner.jar*2256426886])
07-14 21:18:56.353 E/SemDvfsManager_JNI( 8281): SemDvfsManager: registerfunction enter
07-14 21:18:56.353 E/SemAffinityControl( 8281): SemAffinityControl: registerfunction enter
07-14 21:18:56.360 D/AndroidRuntime( 8281): Calling main entry com.android.commands.uiautomator.Launcher
07-14 21:18:56.369 I/SurfaceFlinger(  812): id=51395 createSurf flag=80004, WindowToken{85392ea type=2032 android.os.Binder@4676ad5}#51395
07-14 21:18:56.372 D/SettingsProvider( 3149): isChangeAllowed() : name = accessibility_enabled
07-14 21:18:56.373 I/GenerationRegistry( 3149): mBackingStore.isClosed() : false
07-14 21:18:56.373 I/GenerationRegistry( 3149): mBackingStore.isClosed() : false
07-14 21:18:56.374 D/WindowMagnificationMgr( 3149): requestConnection :false mConnectionState : 3
07-14 21:18:56.374 W/WindowMagnificationMgr( 3149): requestConnection duplicated request: connect=false, mConnectionState=DISCONNECTED
07-14 21:18:56.378 I/SAMSUNGWALLET[IN](28681): [WalletStartup] Screen reader is enabled
07-14 21:18:56.380 D/BatterySaverPolicy( 3149): accessibility changed to true, updating policy.
07-14 21:18:56.382 D/SettingsProvider( 3149): isChangeAllowed() : name = accessibility_enabled
07-14 21:18:56.382 I/GenerationRegistry( 3149): mBackingStore.isClosed() : false
07-14 21:18:56.382 I/GenerationRegistry( 3149): mBackingStore.isClosed() : false
07-14 21:18:56.382 D/WindowMagnificationMgr( 3149): requestConnection :false mConnectionState : 3
07-14 21:18:56.382 W/WindowMagnificationMgr( 3149): requestConnection duplicated request: connect=false, mConnectionState=DISCONNECTED
07-14 21:18:56.388 I/AccessibilityManagerService( 3149): semIsAccessibilityServiceEnabled()
07-14 21:18:56.388 I/AccessibilityManagerService( 3149): accesibilityService is null
07-14 21:18:56.388 I/AccessibilityManagerService( 3149): semIsAccessibilityServiceEnabled()
07-14 21:18:56.388 I/AccessibilityManagerService( 3149): accesibilityService is null
07-14 21:18:56.388 D/AS.AudioService( 3149): Accessibility volume enabled = false
07-14 21:18:56.389 V/SafetyCenterAccessibilityListener(15585): accessibility event occurred, safety center feature not enabled.
07-14 21:18:56.394 W/WindowManager( 3149): Cannot find window which accessibility connection is added to
07-14 21:18:56.406 I/TouchInteractionService(13347): onActiveNavBarRegionChanges, region : SkRegion((0,2265,388,2400)(389,2265,690,2400)(691,2265,961,2400))
07-14 21:18:56.406 V/Navbar.Store( 3511): ----handleEvent(0) OnUpdateRemoteViewContainer(leftContainer=android.widget.LinearLayout{c0c0ac4 I.E...... ......I. 0,0-118,135 #7f0b04f6 app:id/left_remoteview}, rightContainer=android.widget.LinearLayout{4007dad I.E...... ......I. 962,0-1080,135 #7f0b07aa app:id/right_remoteview}, contextualButtonVisible=false, darkIntensity=0.0) [Module] SamsungNavigationBarView
07-14 21:18:56.406 V/Navbar.Store( 3511): ------[Band]REMOTE_VIEW_PACK_SET_REMOTEVIEW_CONTAINER
07-14 21:18:56.406 V/Navbar.Store( 3511): --------apply(0) UpdateRemoteViewContainer
07-14 21:18:56.406 V/Navbar.Store( 3511): --------apply(0) UpdateRemoteViewDarkIntensity
07-14 21:18:56.407 V/Navbar.Store( 3511): handleEvent(0) OnNavBarUpdateA11YService(clickable=false, longClickable=false) [Module] NavigationBar
07-14 21:18:56.407 V/Navbar.Store( 3511): --[Band]SETUPWIZARD_PACK_UPDATE_A11Y_SERVICE
07-14 21:18:56.426 I/TouchInteractionService(13347): onActiveNavBarRegionChanges, region : SkRegion((0,2265,388,2400)(389,2265,690,2400)(691,2265,961,2400))
07-14 21:18:56.439 I/HYPER-HAL( 3020): [RequestManager.cpp]releaseLocked(): Released ID : 13841716
07-14 21:18:56.798 D/SemWifiUsabilityStatsMonitor( 3149): onWifiUsabilityStats - seqNum 204240, isSameBssidAndFreq true
07-14 21:18:56.802 I/SemWifiLinkQualityMonitor( 3149): Link Qos Query: 1.179 ms / 6.784 Mbps (58 / 0.386 / 2.250)
07-14 21:18:57.427 D/SemCscFeature( 8281): Encoded
07-14 21:18:57.460 W/MediaProvider( 4985): isAppCloneUserPair for user 0: false
07-14 21:18:57.476 I/wpa_supplicant(23780): Heartbeat 102366
07-14 21:18:57.479 D/SyncManager( 3149): userId - 0 auto - true
07-14 21:18:57.487 W/AccessibilityNodeInfoDumper( 8281): Fetch time: 52ms
07-14 21:18:57.495 D/SettingsProvider( 3149): isChangeAllowed() : name = accessibility_enabled
07-14 21:18:57.496 I/GenerationRegistry( 3149): mBackingStore.isClosed() : false
07-14 21:18:57.496 I/GenerationRegistry( 3149): mBackingStore.isClosed() : false
07-14 21:18:57.497 D/WindowMagnificationMgr( 3149): requestConnection :false mConnectionState : 3
07-14 21:18:57.497 W/WindowMagnificationMgr( 3149): requestConnection duplicated request: connect=false, mConnectionState=DISCONNECTED
07-14 21:18:57.499 D/SettingsProvider( 3149): isChangeAllowed() : name = accelerometer_rotation
07-14 21:18:57.500 D/SettingsProvider( 3149): isChangeAllowed() : name = user_rotation
07-14 21:18:57.500 V/WindowManager( 3149): rotationForOrientation(orient=SCREEN_ORIENTATION_UNSPECIFIED (-1), last=ROTATION_0 (0)); user=ROTATION_0 (0) 
07-14 21:18:57.500 D/WindowManager( 3149): rotationForOrientation, orientationSource=ActivityRecord{7c00e1d u0 com.collectiq.ai.local/com.collectiq.ai.MainActivity} t1259}
07-14 21:18:57.501 V/WindowManager( 3149): Computed rotation=ROTATION_0 (0) for display id=0 based on lastOrientation=SCREEN_ORIENTATION_UNSPECIFIED (-1) and oldRotation=ROTATION_0 (0), caller=com.android.server.wm.DisplayContent.updateRotationUnchecked:2410 com.android.server.wm.WindowManagerService.updateRotationUnchecked:4778 com.android.server.wm.WindowManagerService.thawDisplayRotation:4719 com.android.server.wm.WindowManagerService.thawRotation:4683 android.view.IWindowManager$Stub.onTransact:2536 com.android.server.wm.WindowManagerService.onTransact:1608 
07-14 21:18:57.502 D/BatterySaverPolicy( 3149): accessibility changed to false, updating policy.
07-14 21:18:57.506 I/SAMSUNGWALLET[IN](28681): [WalletStartup] Screen reader is disabled
07-14 21:18:57.507 I/Layer   (  812): id=51395 removeFromCurrentState WindowToken{85392ea type=2032 android.os.Binder@4676ad5}#51395 (121)
07-14 21:18:57.507 I/SurfaceFlinger(  812): id=51395 Removed WindowToken{85392ea type=2032 android.os.Binder@4676ad5}#51395 (121)
07-14 21:18:57.508 I/Layer   (  812): id=51395 Destroyed WindowToken{85392ea type=2032 android.os.Binder@4676ad5}#51395
07-14 21:18:57.519 W/WindowManager( 3149): Cannot find window which accessibility connection is added to
07-14 21:18:57.542 D/AndroidRuntime( 8281): Shutting down VM
07-14 21:18:57.858 D/io_stats(  472): !@   8,0 r 159651588 3932875692 w 29776762 536647392 d 0 0 f 0 0 iot 30982572 0 th 0 0 0 pt 0 inp 0 0 1128044.013
07-14 21:18:57.986 W/libprocessgroup( 3149): Failed to open /dev/blkio//cgroup.procs: No such file or directory
07-14 21:18:58.003 I/SCS@AiSearch user 0( 7134): (ObserverWorker::AOSP_MP) [main] entering in startWork triggered by [content://media/external/file/1000055566]():  
07-14 21:18:58.003 I/SCS@AiSearch user 0( 7134): (BaseCollector::AOSP_MP) [main] entering in onChange():  
07-14 21:18:58.004 I/SCS@AiSearch user 0( 7134): (BaseCollector::AOSP_MP) [AOSP_MP-0] entering in collectChanges():  
07-14 21:18:58.011 D/PackageManager( 3149): setEnabledSetting : userId = 0 packageName = com.samsung.android.scs cmp = androidx.work.impl.background.systemalarm.RescheduleReceiver newState = 1 callingPackage = 10111/com.samsung.android.scs
07-14 21:18:58.013 D/ApplicationPolicy( 3149): getApplicationStateEnabled : pkg = com.samsung.android.scs userId : 0
07-14 21:18:58.015 D/ApplicationPolicy( 3149): getApplicationComponentState : pkg = com.samsung.android.scs userId : 0
07-14 21:18:58.038 D/PowerManagerService( 3149): UserActivityStateListenerState: 0
07-14 21:18:58.046 I/SCS@AiSearch user 0( 7134): (BaseCollector::AOSP_MP) fetchInternal values : maxSyncId: 1000055464 indexCount: 1824 sourceCount: 1824
07-14 21:18:58.070 I/SCS@AiSearch user 0( 7134): (IndexManager) [AOSP_MP-0] entering in addIndex():  
07-14 21:18:58.076 I/SCS@AiSearch user 0( 7134): (BaseCollector::AOSP_MP) fetch: fetching took  45 ms
07-14 21:18:58.076 I/SCS@AiSearch user 0( 7134): (BaseCollector::AOSP_MP) fetchChanges: applied 0 items
07-14 21:18:58.076 I/SCS@AiSearch user 0( 7134): (BaseCollector::AOSP_MP) Collect finished. Result: true
07-14 21:18:58.078 I/SCS@AiSearch user 0( 7134): (BaseCollector::AOSP_MP) enqueue ObserverWorker name: com.sec.android.app.myfiles, policy: APPEND_OR_REPLACE
07-14 21:18:58.078 I/WM-WorkerWrapper( 7134): Worker result SUCCESS for Work [ id=115b0095-8ee8-4bcf-a29d-278547aed55e, tags={ com.sec.android.app.myfiles, com.samsung.android.scs.ai.search.data.collector.ObserverWorker } ]
07-14 21:18:58.113 D/PackageManager( 3149): setEnabledSetting : userId = 0 packageName = com.samsung.android.scs cmp = androidx.work.impl.background.systemalarm.RescheduleReceiver newState = 1 callingPackage = 10111/com.samsung.android.scs
07-14 21:18:58.114 D/ApplicationPolicy( 3149): getApplicationStateEnabled : pkg = com.samsung.android.scs userId : 0
07-14 21:18:58.114 D/ApplicationPolicy( 3149): getApplicationComponentState : pkg = com.samsung.android.scs userId : 0
07-14 21:18:58.161 D/ScanFilter( 3822): manu data matches
07-14 21:18:58.161 D/BtGatt.GattService( 3822): onScanResult to scannerId: 1- eventType=0x1b, addressType=0, address=28AF42_D, primaryPhy=1, secondaryPhy=0, advertisingSid=0xff, txPower=127, rssi=-65, periodicAdvInt=0x0
07-14 21:18:58.166 D/ScanFilter( 3822): manu data matches
07-14 21:18:58.166 D/BtGatt.GattService( 3822): onScanResult to scannerId: 1- eventType=0x1b, addressType=0, address=28AF42_D, primaryPhy=1, secondaryPhy=0, advertisingSid=0xff, txPower=127, rssi=-65, periodicAdvInt=0x0
07-14 21:18:58.677 I/EDMNativeHelperService( 3149): isScreenCaptureEnabled
07-14 21:18:58.678 D/RestrictionPolicy( 3149): isScreenCaptureEnabled : ret=true userId=0
07-14 21:18:58.678 W/ProcessState( 8305): Extra binder thread started, but 0 threads requested. Do not use *startThreadPool when zero threads are requested.
07-14 21:18:58.714 I/servicemanager(  434): Could not find android.hardware.graphics.allocator.IAllocator/default in the VINTF manifest.
07-14 21:18:59.161 D/InputDispatcher( 3149): Inject motion (8310/2000): action=0x0, time=1128045316000000, f=0x0, d=0 dsdx=1.000000 dtdx=0.000000
07-14 21:18:59.162 I/InputDispatcher( 3149): Delivering touch to (3511): action: 0x4, f=0x0, d=0, 'a793e53', t=1 
07-14 21:18:59.162 I/InputDispatcher( 3149): Delivering touch to (7389): action: 0x0, f=0x0, d=0, 'aa33dac', t=1 
07-14 21:18:59.162 D/PowerManagerService( 3149): [api] userActivityFromNative :  (event: 2 flags: 0 displayId: 0) eventTime = 1128045316
07-14 21:18:59.163 I/ViewRootImpl@4cf8fef[MainActivity]( 7389): ViewPostIme pointer 0
07-14 21:18:59.163 I/GestureDetector( 3149): obtain mCurrentDownEvent. id: -672823907 caller: com.android.server.wm.SystemGesturesPointerEventListener.onPointerEvent:203 com.android.server.wm.PointerEventDispatcher.onInputEvent:53 android.view.InputEventReceiver.dispatchInputEvent:285 
07-14 21:18:59.164 I/GestureDetector( 3149): obtain mCurrentDownEvent. id: -672823907 caller: com.android.server.wm.SystemPerformancePointerEventListener.onPointerEvent:89 com.android.server.wm.PointerEventDispatcher.onInputEvent:53 android.view.InputEventReceiver.dispatchInputEvent:285 
07-14 21:18:59.164 D/PowerManagerService( 3149): UserActivityStateListenerState: 1
07-14 21:18:59.166 I/SemDvfsHyPerManager( 5236): acquire hyper - BaseTABoost/5236@23, type = 1090523139
07-14 21:18:59.166 I/GestureDetector( 3149): obtain mCurrentMotionEventRaw. action: 2 id: -55934668
07-14 21:18:59.166 I/SemDvfsHyPerManager( 5236): acquire hyper - BaseTAToouchBoost/5236@25, type = 1090523139
07-14 21:18:59.166 I/GestureDetector( 3149): obtain mCurrentMotionEventRaw. action: 2 id: -55934668
07-14 21:18:59.166 I/HYPER-HAL( 3020): [RequestManager.cpp]acquire(): Acquired ID : 13831193  [5236 / 23]    HINT :      list : [TABoost / 5] 
07-14 21:18:59.166 I/HYPER-HAL( 3020): [RequestManager.cpp]acquire(): Acquired ID : 13841716  [5236 / 25]    HINT :      list : [TABoost / 20] [TIMEOUT / 1500] 
07-14 21:18:59.362 I/SemDvfsHyPerManager( 5236): acquire hyper - BaseTABoost/5236@23, type = 1090523139
07-14 21:18:59.362 I/SemDvfsHyPerManager( 5236): acquire hyper - BaseTAToouchBoost/5236@25, type = 1090523139
07-14 21:18:59.362 I/HYPER-HAL( 3020): [RequestManager.cpp]acquire(): Acquired ID : 13831193  [5236 / 23]    HINT :      list : [TABoost / 5] 
07-14 21:18:59.362 I/HYPER-HAL( 3020): [RequestManager.cpp]acquire(): Acquired ID : 13841716  [5236 / 25]    HINT :      list : [TABoost / 20] [TIMEOUT / 1500] 
07-14 21:18:59.563 I/SemDvfsHyPerManager( 5236): acquire hyper - BaseTABoost/5236@23, type = 1090523139
07-14 21:18:59.563 I/SemDvfsHyPerManager( 5236): acquire hyper - BaseTAToouchBoost/5236@25, type = 1090523139
07-14 21:18:59.563 I/HYPER-HAL( 3020): [RequestManager.cpp]acquire(): Acquired ID : 13831193  [5236 / 23]    HINT :      list : [TABoost / 5] 
07-14 21:18:59.563 I/HYPER-HAL( 3020): [RequestManager.cpp]acquire(): Acquired ID : 13841716  [5236 / 25]    HINT :      list : [TABoost / 20] [TIMEOUT / 1500] 
07-14 21:18:59.674 D/ScanFilter( 3822): manu data matches
07-14 21:18:59.674 D/BtGatt.GattService( 3822): onScanResult to scannerId: 1- eventType=0x1b, addressType=0, address=28AF42_D, primaryPhy=1, secondaryPhy=0, advertisingSid=0xff, txPower=127, rssi=-67, periodicAdvInt=0x0
07-14 21:18:59.677 I/[+1000]oneconnect[1.8.47.24_01][BEACON_MANAGER_CONTROL_SERVICE]( 5676): BeaconManagerControlService.reserveStopService - Setting timer to stop service in 180000ms
07-14 21:18:59.687 D/ScanFilter( 3822): manu data matches
07-14 21:18:59.687 D/BtGatt.GattService( 3822): onScanResult to scannerId: 1- eventType=0x1b, addressType=0, address=28AF42_D, primaryPhy=1, secondaryPhy=0, advertisingSid=0xff, txPower=127, rssi=-67, periodicAdvInt=0x0
07-14 21:18:59.764 I/SemDvfsHyPerManager( 5236): acquire hyper - BaseTABoost/5236@23, type = 1090523139
07-14 21:18:59.764 I/SemDvfsHyPerManager( 5236): acquire hyper - BaseTAToouchBoost/5236@25, type = 1090523139
07-14 21:18:59.764 I/HYPER-HAL( 3020): [RequestManager.cpp]acquire(): Acquired ID : 13831193  [5236 / 23]    HINT :      list : [TABoost / 5] 
07-14 21:18:59.764 I/HYPER-HAL( 3020): [RequestManager.cpp]acquire(): Acquired ID : 13841716  [5236 / 25]    HINT :      list : [TABoost / 20] [TIMEOUT / 1500] 
07-14 21:18:59.858 D/io_stats(  472): !@   8,0 r 159651596 3932875724 w 29776771 536647904 d 0 0 f 0 0 iot 30982580 0 th 0 0 0 pt 0 inp 0 0 1128046.013
07-14 21:18:59.892 D/SemWifiUsabilityStatsMonitor( 3149): onWifiUsabilityStats - seqNum 204241, isSameBssidAndFreq true
07-14 21:18:59.893 I/SemWifiLinkQualityMonitor( 3149): Link Qos Query: 0.824 ms / 9.709 Mbps (58 / 0.228 / 2.250)
07-14 21:18:59.911 D/InputDispatcher( 3149): Inject motion (8310/2000): action=0x1, time=1128046066000000, f=0x0, d=0 dsdx=1.000000 dtdx=0.000000
07-14 21:18:59.911 I/InputDispatcher( 3149): Delivering touch to (7389): action: 0x1, f=0x0, d=0, 'aa33dac', t=1 
07-14 21:18:59.911 I/ViewRootImpl@4cf8fef[MainActivity]( 7389): ViewPostIme pointer 1
07-14 21:18:59.912 I/SemDvfsHyPerManager( 3149): acquire hyper - SMOOTH_SCROLL/3149@22, type = -999
07-14 21:18:59.914 I/HYPER-HAL( 3020): [RequestManager.cpp]acquire(): Acquired ID : 5029228  [3149 / 22]    HINT : SMOOTH_SCROLL    list : 
07-14 21:18:59.914 D/SGM:GameManager( 3149): identifyGamePackage. com.collectiq.ai.local, mCurrentUserId: 0, callerUserId: 0, callingMethodInfo: com.android.server.ssrm.fgapps.GameAppUtils.isGame(GameAppUtils.java:84)
07-14 21:18:59.914 D/SGM:PkgDataHelper( 3149): getGamePkgData(). com.collectiq.ai.local
07-14 21:18:59.914 I/SemDvfsHyPerManager( 3149): acquire hyper - GESTURE_DETECTED/3149@27, type = -999
07-14 21:18:59.915 D/SGM:GameManager( 3149): identifyGamePackage. com.collectiq.ai.local, mCurrentUserId: 0, callerUserId: 0, callingMethodInfo: com.android.server.ssrm.fgapps.GameAppUtils.isGame(GameAppUtils.java:84)
07-14 21:18:59.915 D/SGM:PkgDataHelper( 3149): getGamePkgData(). com.collectiq.ai.local
07-14 21:18:59.915 I/SemDvfsHyPerManager( 3149): acquire hyper - GESTURE_DETECTED/3149@27, type = -999
07-14 21:18:59.916 I/HYPER-HAL( 3020): [RequestManager.cpp]releaseLocked(): Released ID : 5029228
07-14 21:18:59.916 I/HYPER-HAL( 3020): [RequestManager.cpp]acquire(): Acquired ID : 5045103  [3149 / 27]    HINT : GESTURE_DETECTED    list : [TIMEOUT / 1099] 
07-14 21:18:59.917 I/HYPER-HAL( 3020): [RequestManager.cpp]acquire(): Acquired ID : 5045103  [3149 / 27]    HINT : GESTURE_DETECTED    list : [TIMEOUT / 1099] 
07-14 21:19:00.002 I/EyeComfortSolutionService( 3149): action  :  android.intent.action.TIME_TICK
07-14 21:19:00.002 D/QSClockBellTower( 3511): onReceive(android.intent.action.TIME_TICK) mTimeZoneString:null
07-14 21:19:00.021 D/KeyguardUpdateMonitor( 3511): received broadcast android.intent.action.TIME_TICK
07-14 21:19:00.094 D/QSClockBellTower( 3511): He is ready to ring the bell. (((QSClockBellSound - TimeText:21:19, TimeContentDescription:21:19, DateText:Tue, 14 July, ShortDateText:Tue, 14 Jul, Demo:false, QuickStar-Second(false|12:34:56))))
07-14 21:19:00.094 D/QSClockIndicatorView( 3511): Home Indicator status_bar_clock 21:19 notifyTimeChanged(QSClockBellSound - TimeText:21:19, TimeContentDescription:21:19, DateText:Tue, 14 July, ShortDateText:Tue, 14 Jul, Demo:false, QuickStar-Second(false|12:34:56)) ClockVisibleByPolicy:true, ClockVisibleByUser:true, visible?true, parent:android.widget.LinearLayout{a497355 V.E...... ......ID 0,0-97,92 #7f0b04f0 app:id/left_clock_container}
07-14 21:19:00.094 D/QSClockBellTower( 3511): Everyone heard the bell. run(currentTime:1784027940093,   getTime():Tue Jul 14 21:19:00 GMT+10:00 2026,   getTimeZone():libcore.util.ZoneInfo[mDstSavings=3600000,mUseDst=true,mDelegate=[id="Australia/Melbourne",mRawOffset=36000000,mEarliestRawOffset=34792000,transitions=142]])
07-14 21:19:00.094 D/KeyguardUpdateMonitor( 3511): handleTimeUpdate
07-14 21:19:00.094 D/FaceWidgetPagesController( 3511): onTimeChanged()
07-14 21:19:00.107 I/FaceWidgetPositionAlgorithm( 3511): getClockContainerHeight() supplier = 290, bottom margin = 0, real height = 358
07-14 21:19:00.107 I/FaceWidgetPositionAlgorithm( 3511): getClockContainerHeight() supplier = 290, bottom margin = 68, real height = 358
07-14 21:19:00.107 I/FaceWidgetPositionAlgorithm( 3511): getMediaContainerHeight() height = 0 container Visibility = 8, isValid = false, mIsDozing = false, fraction = 1.0, source = 0, target = 0
07-14 21:19:00.107 I/FaceWidgetPositionAlgorithm( 3511): getMediaContainerHeight() supplier = 0
07-14 21:19:00.108 V/QsExpandAnimator( 3511): setQsExpansionPosition 0.0
07-14 21:19:00.111 I/ResourceType( 3511): [SWT] Success lookup value directly, data = 0x010607cc
07-14 21:19:00.112 I/ResourceType( 3511): [SWT] Success lookup value directly, data = 0x010607cc
07-14 21:19:00.112 I/ResourceType( 3511): [SWT] Success lookup value directly, data = 0x010607cc
07-14 21:19:00.112 I/ResourceType( 3511): [SWT] Success lookup value directly, data = 0x010607cc
07-14 21:19:00.112 I/ResourceType( 3511): [SWT] Success lookup value directly, data = 0x010607cc
07-14 21:19:00.112 I/ResourceType( 3511): [SWT] Success lookup value directly, data = 0x010607cc
07-14 21:19:00.112 I/ResourceType( 3511): [SWT] Success lookup value directly, data = 0x010607cc
07-14 21:19:00.113 I/ResourceType( 3511): [SWT] Success lookup value directly, data = 0x010607cc
07-14 21:19:00.115 V/QsExpandAnimator( 3511): updateAnimators
07-14 21:19:00.115 V/QsExpandAnimator( 3511): clearAnimationState 
07-14 21:19:00.115 V/QsExpandAnimator( 3511): updateViews
07-14 21:19:00.118 V/QsExpandAnimator( 3511): updateTileAnimator
07-14 21:19:00.118 V/QsExpandAnimator( 3511): updateHeaderAnimator
07-14 21:19:00.118 V/QsExpandAnimator( 3511): updateBarAnimator
07-14 21:19:00.118 V/QsExpandAnimator( 3511): setQsExpansionPosition 0.0
07-14 21:19:00.118 V/QsExpandAnimator( 3511): onAnimationAtStart
07-14 21:19:00.987 D/AndroidRuntime( 8316): >>>>>> START com.android.internal.os.RuntimeInit uid 2000 <<<<<<
07-14 21:19:00.993 I/AndroidRuntime( 8316): Using default boot image
07-14 21:19:00.993 I/AndroidRuntime( 8316): Leaving lock profiling enabled
07-14 21:19:00.993 D/SecNativeFeatureCppIf( 8316): encoded
07-14 21:19:00.993 D/SecNativeFeatureCppIf( 8316): decoding and unzip finish
07-14 21:19:00.993 D/SecNativeFeatureCppIf( 8316): use unCompDataBuff. encoded
07-14 21:19:00.993 D/SecNativeFeatureCppIf( 8316): Free unCompDataBuff
07-14 21:19:00.993 D/AndroidRuntime( 8316): addProductProperty: pBrand1 is not null
07-14 21:19:00.993 D/AndroidRuntime( 8316): addProductProperty: not brand or 7
07-14 21:19:00.996 I/app_process( 8316): Using CollectorTypeCC GC.
07-14 21:19:01.018 I/HYPER-HAL( 3020): [RequestManager.cpp]releaseLocked(): Released ID : 5045103
07-14 21:19:01.126 D/app_process( 8316): Time zone APEX ICU file found: /apex/com.android.tzdata/etc/icu/icu_tzdata.dat
07-14 21:19:01.126 D/app_process( 8316): I18n APEX ICU file found: /apex/com.android.i18n/etc/icu/icudt70l.dat
07-14 21:19:01.135 W/app_process( 8316): ClassLoaderContext classpath size mismatch. expected=0, found=1 (PCL[] | PCL[/system/framework/android.test.runner.jar*2256426886])
07-14 21:19:01.154 E/SemDvfsManager_JNI( 8316): SemDvfsManager: registerfunction enter
07-14 21:19:01.154 E/SemAffinityControl( 8316): SemAffinityControl: registerfunction enter
07-14 21:19:01.161 D/AndroidRuntime( 8316): Calling main entry com.android.commands.uiautomator.Launcher
07-14 21:19:01.169 I/SurfaceFlinger(  812): id=51396 createSurf flag=80004, WindowToken{9e6f7b5 type=2032 android.os.Binder@1c787ec}#51396
07-14 21:19:01.173 D/SettingsProvider( 3149): isChangeAllowed() : name = accessibility_enabled
07-14 21:19:01.173 I/GenerationRegistry( 3149): mBackingStore.isClosed() : false
07-14 21:19:01.174 I/GenerationRegistry( 3149): mBackingStore.isClosed() : false
07-14 21:19:01.174 D/WindowMagnificationMgr( 3149): requestConnection :false mConnectionState : 3
07-14 21:19:01.174 W/WindowMagnificationMgr( 3149): requestConnection duplicated request: connect=false, mConnectionState=DISCONNECTED
07-14 21:19:01.179 D/BatterySaverPolicy( 3149): accessibility changed to true, updating policy.
07-14 21:19:01.182 I/SAMSUNGWALLET[IN](28681): [WalletStartup] Screen reader is enabled
07-14 21:19:01.185 D/SettingsProvider( 3149): isChangeAllowed() : name = accessibility_enabled
07-14 21:19:01.185 I/GenerationRegistry( 3149): mBackingStore.isClosed() : false
07-14 21:19:01.186 I/GenerationRegistry( 3149): mBackingStore.isClosed() : false
07-14 21:19:01.186 D/WindowMagnificationMgr( 3149): requestConnection :false mConnectionState : 3
07-14 21:19:01.186 W/WindowMagnificationMgr( 3149): requestConnection duplicated request: connect=false, mConnectionState=DISCONNECTED
07-14 21:19:01.190 I/AccessibilityManagerService( 3149): semIsAccessibilityServiceEnabled()
07-14 21:19:01.190 I/AccessibilityManagerService( 3149): accesibilityService is null
07-14 21:19:01.190 I/AccessibilityManagerService( 3149): semIsAccessibilityServiceEnabled()
07-14 21:19:01.190 I/AccessibilityManagerService( 3149): accesibilityService is null
07-14 21:19:01.190 D/AS.AudioService( 3149): Accessibility volume enabled = false
07-14 21:19:01.192 D/ScanFilter( 3822): manu data matches
07-14 21:19:01.192 D/BtGatt.GattService( 3822): onScanResult to scannerId: 1- eventType=0x1b, addressType=0, address=28AF42_D, primaryPhy=1, secondaryPhy=0, advertisingSid=0xff, txPower=127, rssi=-59, periodicAdvInt=0x0
07-14 21:19:01.195 V/SafetyCenterAccessibilityListener(15585): accessibility event occurred, safety center feature not enabled.
07-14 21:19:01.197 W/WindowManager( 3149): Cannot find window which accessibility connection is added to
07-14 21:19:01.204 D/ScanFilter( 3822): manu data matches
07-14 21:19:01.205 D/BtGatt.GattService( 3822): onScanResult to scannerId: 1- eventType=0x1b, addressType=0, address=28AF42_D, primaryPhy=1, secondaryPhy=0, advertisingSid=0xff, txPower=127, rssi=-58, periodicAdvInt=0x0
07-14 21:19:01.209 I/TouchInteractionService(13347): onActiveNavBarRegionChanges, region : SkRegion((0,2265,388,2400)(389,2265,690,2400)(691,2265,961,2400))
07-14 21:19:01.210 V/Navbar.Store( 3511): ----handleEvent(0) OnUpdateRemoteViewContainer(leftContainer=android.widget.LinearLayout{c0c0ac4 I.E...... ......I. 0,0-118,135 #7f0b04f6 app:id/left_remoteview}, rightContainer=android.widget.LinearLayout{4007dad I.E...... ......I. 962,0-1080,135 #7f0b07aa app:id/right_remoteview}, contextualButtonVisible=false, darkIntensity=0.0) [Module] SamsungNavigationBarView
07-14 21:19:01.210 V/Navbar.Store( 3511): ------[Band]REMOTE_VIEW_PACK_SET_REMOTEVIEW_CONTAINER
07-14 21:19:01.210 V/Navbar.Store( 3511): --------apply(0) UpdateRemoteViewContainer
07-14 21:19:01.210 V/Navbar.Store( 3511): --------apply(0) UpdateRemoteViewDarkIntensity
07-14 21:19:01.210 V/Navbar.Store( 3511): handleEvent(0) OnNavBarUpdateA11YService(clickable=false, longClickable=false) [Module] NavigationBar
07-14 21:19:01.210 V/Navbar.Store( 3511): --[Band]SETUPWIZARD_PACK_UPDATE_A11Y_SERVICE
07-14 21:19:01.222 I/TouchInteractionService(13347): onActiveNavBarRegionChanges, region : SkRegion((0,2265,388,2400)(389,2265,690,2400)(691,2265,961,2400))
07-14 21:19:01.265 I/HYPER-HAL( 3020): [RequestManager.cpp]releaseLocked(): Released ID : 13841716
07-14 21:19:01.798 E/sehhealth-service(  761): Could not open /sys/class/power_supply/battery/lrp
07-14 21:19:01.969 I/SDHMS:LOAD( 5236): type: LoadsFreqs, value: 0:63:81:1010160:2730000:520000:1444060:2400000:507000:329:377:260
07-14 21:19:02.226 D/SemCscFeature( 8316): Encoded
07-14 21:19:02.259 W/MediaProvider( 4985): isAppCloneUserPair for user 0: false
07-14 21:19:02.282 D/SyncManager( 3149): userId - 0 auto - true
07-14 21:19:02.290 W/AccessibilityNodeInfoDumper( 8316): Fetch time: 55ms
07-14 21:19:02.294 D/SettingsProvider( 3149): isChangeAllowed() : name = accessibility_enabled
07-14 21:19:02.295 I/GenerationRegistry( 3149): mBackingStore.isClosed() : false
07-14 21:19:02.295 I/GenerationRegistry( 3149): mBackingStore.isClosed() : false
07-14 21:19:02.295 D/WindowMagnificationMgr( 3149): requestConnection :false mConnectionState : 3
07-14 21:19:02.295 W/WindowMagnificationMgr( 3149): requestConnection duplicated request: connect=false, mConnectionState=DISCONNECTED
07-14 21:19:02.301 D/BatterySaverPolicy( 3149): accessibility changed to false, updating policy.
07-14 21:19:02.305 I/SAMSUNGWALLET[IN](28681): [WalletStartup] Screen reader is disabled
07-14 21:19:02.313 D/SettingsProvider( 3149): isChangeAllowed() : name = accelerometer_rotation
07-14 21:19:02.314 D/SettingsProvider( 3149): isChangeAllowed() : name = user_rotation
07-14 21:19:02.314 W/WindowManager( 3149): Cannot find window which accessibility connection is added to
07-14 21:19:02.314 V/WindowManager( 3149): rotationForOrientation(orient=SCREEN_ORIENTATION_UNSPECIFIED (-1), last=ROTATION_0 (0)); user=ROTATION_0 (0) 
07-14 21:19:02.314 D/WindowManager( 3149): rotationForOrientation, orientationSource=ActivityRecord{7c00e1d u0 com.collectiq.ai.local/com.collectiq.ai.MainActivity} t1259}
07-14 21:19:02.314 V/WindowManager( 3149): Computed rotation=ROTATION_0 (0) for display id=0 based on lastOrientation=SCREEN_ORIENTATION_UNSPECIFIED (-1) and oldRotation=ROTATION_0 (0), caller=com.android.server.wm.DisplayContent.updateRotationUnchecked:2410 com.android.server.wm.WindowManagerService.updateRotationUnchecked:4778 com.android.server.wm.WindowManagerService.thawDisplayRotation:4719 com.android.server.wm.WindowManagerService.thawRotation:4683 android.view.IWindowManager$Stub.onTransact:2536 com.android.server.wm.WindowManagerService.onTransact:1608 
07-14 21:19:02.337 I/Layer   (  812): id=51396 removeFromCurrentState WindowToken{9e6f7b5 type=2032 android.os.Binder@1c787ec}#51396 (121)
07-14 21:19:02.338 I/SurfaceFlinger(  812): id=51396 Removed WindowToken{9e6f7b5 type=2032 android.os.Binder@1c787ec}#51396 (121)
07-14 21:19:02.338 I/Layer   (  812): id=51396 Destroyed WindowToken{9e6f7b5 type=2032 android.os.Binder@1c787ec}#51396
07-14 21:19:02.352 D/AndroidRuntime( 8316): Shutting down VM
07-14 21:19:02.790 W/libprocessgroup( 3149): Failed to open /dev/blkio//cgroup.procs: No such file or directory
07-14 21:19:02.812 I/SCS@AiSearch user 0( 7134): (ObserverWorker::AOSP_MP) [main] entering in startWork triggered by [content://media/external/file/1000055567]():  
07-14 21:19:02.812 I/SCS@AiSearch user 0( 7134): (BaseCollector::AOSP_MP) [main] entering in onChange():  
07-14 21:19:02.813 I/SCS@AiSearch user 0( 7134): (BaseCollector::AOSP_MP) [AOSP_MP-0] entering in collectChanges():  
07-14 21:19:02.833 D/PackageManager( 3149): setEnabledSetting : userId = 0 packageName = com.samsung.android.scs cmp = androidx.work.impl.background.systemalarm.RescheduleReceiver newState = 1 callingPackage = 10111/com.samsung.android.scs
07-14 21:19:02.834 D/ApplicationPolicy( 3149): getApplicationStateEnabled : pkg = com.samsung.android.scs userId : 0
07-14 21:19:02.836 D/ApplicationPolicy( 3149): getApplicationComponentState : pkg = com.samsung.android.scs userId : 0
07-14 21:19:02.863 D/PowerManagerService( 3149): UserActivityStateListenerState: 0
07-14 21:19:02.864 I/SCS@AiSearch user 0( 7134): (BaseCollector::AOSP_MP) fetchInternal values : maxSyncId: 1000055464 indexCount: 1824 sourceCount: 1824
07-14 21:19:02.907 I/SCS@AiSearch user 0( 7134): (IndexManager) [AOSP_MP-0] entering in addIndex():  
07-14 21:19:02.911 I/SCS@AiSearch user 0( 7134): (BaseCollector::AOSP_MP) fetch: fetching took  65 ms
07-14 21:19:02.911 I/SCS@AiSearch user 0( 7134): (BaseCollector::AOSP_MP) fetchChanges: applied 0 items
07-14 21:19:02.911 I/SCS@AiSearch user 0( 7134): (BaseCollector::AOSP_MP) Collect finished. Result: true
07-14 21:19:02.912 I/WM-WorkerWrapper( 7134): Worker result SUCCESS for Work [ id=b8e9ecc8-fc26-4649-aec9-fefe19ccccb8, tags={ com.sec.android.app.myfiles, com.samsung.android.scs.ai.search.data.collector.ObserverWorker } ]
07-14 21:19:02.921 I/SCS@AiSearch user 0( 7134): (BaseCollector::AOSP_MP) enqueue ObserverWorker name: com.sec.android.app.myfiles, policy: APPEND_OR_REPLACE
07-14 21:19:02.959 D/PackageManager( 3149): setEnabledSetting : userId = 0 packageName = com.samsung.android.scs cmp = androidx.work.impl.background.systemalarm.RescheduleReceiver newState = 1 callingPackage = 10111/com.samsung.android.scs
07-14 21:19:02.961 D/ApplicationPolicy( 3149): getApplicationStateEnabled : pkg = com.samsung.android.scs userId : 0
07-14 21:19:02.962 D/ApplicationPolicy( 3149): getApplicationComponentState : pkg = com.samsung.android.scs userId : 0
07-14 21:19:02.985 W/libprocessgroup( 3149): Failed to open /dev/blkio//cgroup.procs: No such file or directory
07-14 21:19:03.009 I/CMHJobService(17410): [#CMH#] onStartJob Called at Jul 14,2026 21:19:03 
07-14 21:19:03.011 I/CMHJobService(17410): [#CMH#] Battery Percentage is:  1.0, High Temp: 32768
07-14 21:19:03.017 D/SemWifiUsabilityStatsMonitor( 3149): onWifiUsabilityStats - seqNum 204242, isSameBssidAndFreq true
07-14 21:19:03.017 I/SemWifiLinkQualityMonitor( 3149): Link Qos Query: 0.769 ms / 10.398 Mbps (58 / 0.204 / 2.250)
07-14 21:19:03.480 I/EDMNativeHelperService( 3149): isScreenCaptureEnabled
