07-14 21:18:24.772 I/SCS@AiSearch user 0( 7134): (BaseCollector::AOSP_MP) enqueue ObserverWorker name: com.sec.android.app.myfiles, policy: APPEND_OR_REPLACE
07-14 21:18:24.810 D/PackageManager( 3149): setEnabledSetting : userId = 0 packageName = com.samsung.android.scs cmp = androidx.work.impl.background.systemalarm.RescheduleReceiver newState = 1 callingPackage = 10111/com.samsung.android.scs
07-14 21:18:24.810 D/ApplicationPolicy( 3149): getApplicationStateEnabled : pkg = com.samsung.android.scs userId : 0
07-14 21:18:24.811 D/ApplicationPolicy( 3149): getApplicationComponentState : pkg = com.samsung.android.scs userId : 0
07-14 21:18:24.823 D/PowerManagerService( 3149): UserActivityStateListenerState: 0
07-14 21:18:24.860 I/NearbyMediums(23462): No BLE Fast/GATT advertisements found in the latest cycle.
07-14 21:18:24.861 I/NearbyMediums(23462): Current Tracked Scanning Clients are : {NearbyConnections.EnvironmentMonitor, NearbySharing, NearbyConnections.TxAdvertisement}
07-14 21:18:25.214 I/NearbyMediums(21599): No BLE Fast/GATT advertisements found in the latest cycle.
07-14 21:18:25.214 I/NearbyMediums(21599): Current Tracked Scanning Clients are : {NearbyConnections.EnvironmentMonitor, NearbySharing}
07-14 21:18:25.337 D/ScanFilter( 3822): manu data matches
07-14 21:18:25.337 D/BtGatt.GattService( 3822): onScanResult to scannerId: 1- eventType=0x1b, addressType=0, address=28AF42_D, primaryPhy=1, secondaryPhy=0, advertisingSid=0xff, txPower=127, rssi=-59, periodicAdvInt=0x0
07-14 21:18:25.340 I/EDMNativeHelperService( 3149): isScreenCaptureEnabled
07-14 21:18:25.341 I/[+1000]oneconnect[1.8.47.24_01][BEACON_MANAGER_CONTROL_SERVICE]( 5676): BeaconManagerControlService.reserveStopService - Setting timer to stop service in 180000ms
07-14 21:18:25.342 D/RestrictionPolicy( 3149): isScreenCaptureEnabled : ret=true userId=0
07-14 21:18:25.343 W/ProcessState( 8146): Extra binder thread started, but 0 threads requested. Do not use *startThreadPool when zero threads are requested.
07-14 21:18:25.346 D/ScanFilter( 3822): manu data matches
07-14 21:18:25.346 D/BtGatt.GattService( 3822): onScanResult to scannerId: 1- eventType=0x1b, addressType=0, address=28AF42_D, primaryPhy=1, secondaryPhy=0, advertisingSid=0xff, txPower=127, rssi=-59, periodicAdvInt=0x0
07-14 21:18:25.392 I/servicemanager(  434): Could not find android.hardware.graphics.allocator.IAllocator/default in the VINTF manifest.
07-14 21:18:25.766 D/SemWifiUsabilityStatsMonitor( 3149): onWifiUsabilityStats - seqNum 204230, isSameBssidAndFreq true
07-14 21:18:25.766 D/ConnectivityService( 3149): notifyType CALLBACK_CAP_CHANGED for [107 WIFI]
07-14 21:18:25.774 D/NetworkController.WifiSignalController( 3511): notifyListener: visible=true, connected=true, inetCondition=1, isDefault=true, wifiTestReported=true, receivedInetCondition=-1, hideDuringMobileSwitching=false
07-14 21:18:25.776 D/SemWifiSwitchForIndividualAppsService( 3149): stopTCPMonitoring : already stopped
07-14 21:18:25.777 D/Tile.WifiTile( 3511): handleUpdateState isTransient=false transientEnabling =false cb.isTransient=false state.state = 2 mStateBeforeClick.value =false enabled =true
07-14 21:18:25.779 I/WifiConnectivityMonitor.NCC( 3149): sNetworkCallback(oCC) FULL : 107(true/false)[ Transports: WIFI Capabilities: NOT_METERED&INTERNET&NOT_RESTRICTED&TRUSTED&NOT_VPN&VALIDATED&NOT_ROAMING&FOREGROUND&NOT_CONGESTED&NOT_SUSPENDED&NOT_VCN_MANAGED LinkUpBandwidth>=8319Kbps LinkDnBandwidth>=28947Kbps TransportInfo: <SSID: <unknown ssid>, BSSID: 02:00:00:**:**:00, MAC: 02:00:00:**:**:00, IP: /192.168.0.164, Security type: 2, Supplicant state: COMPLETED, Wi-Fi standard: 4, RSSI: -64, Link speed: 58Mbps, Tx Link speed: 58Mbps, Max Supported Tx Link speed: 72Mbps, Rx Link speed: 72Mbps, Max Supported Rx Link speed: 72Mbps, Frequency: 2427MHz, Net ID: -1, Metered hint: false, score: 60, isUsable: true, CarrierMerged: false, SubscriptionId: -1, IsPrimary: 1, Trusted: true, Restricted: false, Ephemeral: false, OEM paid: false, OEM private: false, OSU AP: false, FQDN: <none>, Provider friendly name: <none>, Requesting package name: <none><none>MLO Information: , AP MLD Address: <none>, AP MLO Link Id: <none>, AP MLO Affiliated links: <none>> SignalStrength: -64 AdminUids: [1000] SSID: "hari's" UnderlyingNetworks: Null]
07-14 21:18:25.781 I/WifiConnectivityMonitor( 3149): current mode : 1
07-14 21:18:25.781 D/OpenNetworkQos[4.00]( 3149): updateBssidNoInternet: mBssidNoInternet = false
07-14 21:18:25.781 I/SemWifiLinkQualityMonitor( 3149): Link Qos Query: 0.399 ms / 20.049 Mbps (58 / 0.062 / 2.000)
07-14 21:18:25.781 D/OpenNetworkQos[4.00]( 3149): getOpenNetworkQosNoInternetStatus: false
07-14 21:18:25.781 D/OpenNetworkQos[4.00]( 3149): getOpenNetworkQosScores: 26 23 23 
07-14 21:18:25.782 D/SettingsProvider( 3149): isChangeAllowed() : name = wifi_wcm_qos_sharing_score_summary
07-14 21:18:25.782 I/WifiProfileShare( 3149): network QoS data was changed (internet), updateQoSData networkType: true, qosData: false
07-14 21:18:25.783 V/WifiProfileShare.Caster( 3149): update wips network, size: 0
07-14 21:18:25.783 D/WifiProfileShare( 3149): nearby scanning settings run
07-14 21:18:25.783 D/WifiProfileShare( 3149): network score provider settings enabled
07-14 21:18:25.783 D/OpenNetworkQos[4.00]( 3149): getOpenNetworkQosScores: 26 23 23 
07-14 21:18:25.783 D/OpenNetworkQos[4.00]( 3149): getOpenNetworkQosNoInternetStatus: false
07-14 21:18:25.783 I/WifiProfileShare.Caster( 3149): current network type: 0, score: [26, 23, 23]
07-14 21:18:25.783 V/WifiProfileShare.Caster( 3149): captive portal configuration was set
07-14 21:18:25.784 V/WifiProfileShare.Cache( 3149): update network score 7a:fe:ce:**:**:3c
07-14 21:18:25.784 D/WifiProfileShare.ScanMatcher( 3149): getMcfDataList size:1
07-14 21:18:25.784 I/WifiProfileShare.Caster( 3149): qos data was updated , before:type:QOS, pBssid:99:e9:46, qosData:f3 after:type:QOS, pBssid:99:e9:46, qosData:f3
07-14 21:18:25.789 I/HBD     ( 9058): g onCapabilitiesChanged network : 107 current network state : wifi 
07-14 21:18:25.793 I/[MCFSDK_android_1.2.4010]_4_b( 3149): isNetworkEnabled - type : 1 ret : true
07-14 21:18:25.794 D/WifiProfileShare.McfCast( 3149): -ME--- mIsNetworkEnabled :true
07-14 21:18:25.794 D/WifiProfileShare.McfCast( 3149): updateQoSData ignored, same contents
07-14 21:18:25.794 D/WifiProfileShare.MCF( 3149): success update QosData !
07-14 21:18:25.794 I/BugleRcsEngine(12011): handleMessage processing message:[NOTIFY_UPTIME_IGNORE_STATE_CHANGED] with [non-null]:RcsEngineImpl reference [CONTEXT log_prefix="RcsEngineImpl[DUAL_REG]:[6222869c-462e]>Handler" thread_id=24041 ]
07-14 21:18:25.795 I/[MCFSDK_android_1.2.4010]_4_b( 3149): isNetworkEnabled - type : 1 ret : true
07-14 21:18:25.795 D/WifiProfileShare.McfCast( 3149): -ME--- mIsNetworkEnabled :true
07-14 21:18:25.796 D/WifiProfileShare.McfCast( 3149): -ME--- updatePasswordDate pwdData size:1
07-14 21:18:25.796 I/BugleRcsEngine(12011): Connected state: [1], networkType: [WIFI] [CONTEXT thread_id=24031 ]
07-14 21:18:25.800 D/ConnectivityManager(21599): StackLog: [android.net.ConnectivityManager.sendRequestForNetwork(ConnectivityManager.java:4300)] [android.net.ConnectivityManager.sendRequestForNetwork(ConnectivityManager.java:4342)] [android.net.ConnectivityManager.registerNetworkCallback(ConnectivityManager.java:4724)] [android.net.ConnectivityManager.registerNetworkCallback(ConnectivityManager.java:4694)] [dqmy.a(:com.google.android.gms@262532029@26.25.32 (190400-944114241):34)] [lhu.a(:com.google.android.gms@262532029@26.25.32 (190400-944114241):19)] [dqnk.j(:com.google.android.gms@262532029@26.25.32 (190400-944114241):19)] [dqnk.O(:com.google.android.gms@262532029@26.25.32 (190400-944114241):14)] [dqnk.K(:com.google.android.gms@262532029@26.25.32 (190400-944114241):7)] [dqnk.I(:com.google.android.gms@262532029@26.25.32 (190400-944114241):23)] [dqnc.run(:com.google.android.gms@262532029@26.25.32 (190400-944114241):9)] [bkmu.c(:com.google.android.gms@262532029@26.25.32 (190400-944114241):50)] [bkmu.run(:com.google.android.gms@262532029@26.25.32 (190400-944114241):66)] [java.util.concurrent.ThreadPoolExecutor.runWorker(ThreadPoolExecutor.java:1137)] [java.util.concurrent.ThreadPoolExecutor$Worker.run(ThreadPoolExecutor.java:637)] [bksm.run(:com.google.android.gms@262532029@26.25.32 (190400-944114241):8)] [java.lang.Thread.run(Thread.java:1012)]
07-14 21:18:25.805 I/NullBinder(23462): NullBinder for android.net.action.RECOMMEND_NETWORKS triggering remote TransactionTooLargeException due to Service without Chimera impl, calling uid: 1000, calling pid: 0
07-14 21:18:25.805 W/.gms.persistent(23462): Large reply transaction of 1056768 bytes, interface descriptor , code 1
07-14 21:18:25.807 D/NetworkController.WifiSignalController( 3511): notifyListener: visible=true, connected=true, inetCondition=1, isDefault=true, wifiTestReported=true, receivedInetCondition=-1, hideDuringMobileSwitching=false
07-14 21:18:25.808 D/Tile.WifiTile( 3511): handleUpdateState isTransient=false transientEnabling =false cb.isTransient=false state.state = 2 mStateBeforeClick.value =false enabled =true
07-14 21:18:25.809 I/BugleRcsEngine(12011): Cannot use CS.apk as it's battery optimized [CONTEXT thread_id=24041 ]
07-14 21:18:25.809 D/ConnectivityManager(23462): StackLog: [android.net.ConnectivityManager.sendRequestForNetwork(ConnectivityManager.java:4300)] [android.net.ConnectivityManager.sendRequestForNetwork(ConnectivityManager.java:4342)] [android.net.ConnectivityManager.registerNetworkCallback(ConnectivityManager.java:4724)] [android.net.ConnectivityManager.registerNetworkCallback(ConnectivityManager.java:4694)] [dqmy.a(:com.google.android.gms@262532029@26.25.32 (190400-944114241):34)] [lhu.a(:com.google.android.gms@262532029@26.25.32 (190400-944114241):19)] [dqnk.j(:com.google.android.gms@262532029@26.25.32 (190400-944114241):19)] [dqnk.O(:com.google.android.gms@262532029@26.25.32 (190400-944114241):14)] [dqnk.K(:com.google.android.gms@262532029@26.25.32 (190400-944114241):7)] [dqnk.I(:com.google.android.gms@262532029@26.25.32 (190400-944114241):23)] [dqnc.run(:com.google.android.gms@262532029@26.25.32 (190400-944114241):9)] [bkmu.c(:com.google.android.gms@262532029@26.25.32 (190400-944114241):50)] [bkmu.run(:com.google.android.gms@262532029@26.25.32 (190400-944114241):66)] [java.util.concurrent.ThreadPoolExecutor.runWorker(ThreadPoolExecutor.java:1137)] [java.util.concurrent.ThreadPoolExecutor$Worker.run(ThreadPoolExecutor.java:637)] [bksm.run(:com.google.android.gms@262532029@26.25.32 (190400-944114241):8)] [java.lang.Thread.run(Thread.java:1012)]
07-14 21:18:25.812 W/libprocessgroup( 3149): Failed to open /dev/blkio//cgroup.procs: No such file or directory
07-14 21:18:25.823 D/ConnectivityManager(21599): StackLog: [android.net.ConnectivityManager.unregisterNetworkCallback(ConnectivityManager.java:4972)] [dqnk.j(:com.google.android.gms@262532029@26.25.32 (190400-944114241):43)] [dqnk.O(:com.google.android.gms@262532029@26.25.32 (190400-944114241):14)] [dqnk.K(:com.google.android.gms@262532029@26.25.32 (190400-944114241):7)] [dqnk.I(:com.google.android.gms@262532029@26.25.32 (190400-944114241):23)] [dqnc.run(:com.google.android.gms@262532029@26.25.32 (190400-944114241):9)] [bkmu.c(:com.google.android.gms@262532029@26.25.32 (190400-944114241):50)] [bkmu.run(:com.google.android.gms@262532029@26.25.32 (190400-944114241):66)] [java.util.concurrent.ThreadPoolExecutor.runWorker(ThreadPoolExecutor.java:1137)] [java.util.concurrent.ThreadPoolExecutor$Worker.run(ThreadPoolExecutor.java:637)] [bksm.run(:com.google.android.gms@262532029@26.25.32 (190400-944114241):8)] [java.lang.Thread.run(Thread.java:1012)]
07-14 21:18:25.826 D/ConnectivityService( 3149): Rematched networks [computed 0ms] [applied 3ms] [issued 7]
07-14 21:18:25.826 D/ConnectivityService( 3149): NetworkReassignment : no changes
07-14 21:18:25.829 D/ConnectivityManager(23462): StackLog: [android.net.ConnectivityManager.unregisterNetworkCallback(ConnectivityManager.java:4972)] [dqnk.j(:com.google.android.gms@262532029@26.25.32 (190400-944114241):43)] [dqnk.O(:com.google.android.gms@262532029@26.25.32 (190400-944114241):14)] [dqnk.K(:com.google.android.gms@262532029@26.25.32 (190400-944114241):7)] [dqnk.I(:com.google.android.gms@262532029@26.25.32 (190400-944114241):23)] [dqnc.run(:com.google.android.gms@262532029@26.25.32 (190400-944114241):9)] [bkmu.c(:com.google.android.gms@262532029@26.25.32 (190400-944114241):50)] [bkmu.run(:com.google.android.gms@262532029@26.25.32 (190400-944114241):66)] [java.util.concurrent.ThreadPoolExecutor.runWorker(ThreadPoolExecutor.java:1137)] [java.util.concurrent.ThreadPoolExecutor$Worker.run(ThreadPoolExecutor.java:637)] [bksm.run(:com.google.android.gms@262532029@26.25.32 (190400-944114241):8)] [java.lang.Thread.run(Thread.java:1012)]
07-14 21:18:25.829 I/NearbyMediums(21599): Wifi changed new SSID: "hari's"
07-14 21:18:25.829 D/ConnectivityService( 3149): Rematched networks [computed 1ms] [applied 1ms] [issued 1]
07-14 21:18:25.829 D/ConnectivityService( 3149): NetworkReassignment : no changes
07-14 21:18:25.829 I/NearbyMediums(21599): WifiLanConnectivityInfo is not changed, skip notify.
07-14 21:18:25.831 I/NearbyMediums(23462): Wifi changed new SSID: "hari's"
07-14 21:18:25.831 I/NearbyMediums(23462): WifiLanConnectivityInfo is not changed, skip notify.
07-14 21:18:25.847 D/io_stats(  472): !@   8,0 r 159650717 3932851200 w 29776285 536639780 d 0 0 f 0 0 iot 30982308 0 th 0 0 0 pt 0 inp 0 0 1128012.002
07-14 21:18:25.885 D/InputDispatcher( 3149): Inject motion (8153/2000): action=0x0, time=1128012039000000, f=0x0, d=0 dsdx=1.000000 dtdx=0.000000
07-14 21:18:25.885 I/InputDispatcher( 3149): Delivering touch to (3511): action: 0x4, f=0x0, d=0, 'a793e53', t=1 
07-14 21:18:25.885 I/InputDispatcher( 3149): Delivering touch to (7389): action: 0x0, f=0x0, d=0, 'aa33dac', t=1 
07-14 21:18:25.886 D/PowerManagerService( 3149): [api] userActivityFromNative :  (event: 2 flags: 0 displayId: 0) eventTime = 1128012039
07-14 21:18:25.886 I/ViewRootImpl@4cf8fef[MainActivity]( 7389): ViewPostIme pointer 0
07-14 21:18:25.890 I/GestureDetector( 3149): obtain mCurrentDownEvent. id: -794596507 caller: com.android.server.wm.SystemGesturesPointerEventListener.onPointerEvent:203 com.android.server.wm.PointerEventDispatcher.onInputEvent:53 android.view.InputEventReceiver.dispatchInputEvent:285 
07-14 21:18:25.890 I/GestureDetector( 3149): obtain mCurrentDownEvent. id: -794596507 caller: com.android.server.wm.SystemPerformancePointerEventListener.onPointerEvent:89 com.android.server.wm.PointerEventDispatcher.onInputEvent:53 android.view.InputEventReceiver.dispatchInputEvent:285 
07-14 21:18:25.891 D/PowerManagerService( 3149): UserActivityStateListenerState: 1
07-14 21:18:25.892 I/SemDvfsHyPerManager( 5236): acquire hyper - BaseTABoost/5236@23, type = 1090523139
07-14 21:18:25.892 I/SemDvfsHyPerManager( 5236): acquire hyper - BaseTAToouchBoost/5236@25, type = 1090523139
07-14 21:18:25.892 I/HYPER-HAL( 3020): [RequestManager.cpp]acquire(): Acquired ID : 13831193  [5236 / 23]    HINT :      list : [TABoost / 5] 
07-14 21:18:25.892 I/HYPER-HAL( 3020): [RequestManager.cpp]acquire(): Acquired ID : 13841716  [5236 / 25]    HINT :      list : [TABoost / 20] [TIMEOUT / 1500] 
07-14 21:18:25.894 I/HBD     ( 9058): g onCapabilityChanged  setNetworkState currentNetworkState : wifi 
07-14 21:18:25.895 I/GestureDetector( 3149): obtain mCurrentMotionEventRaw. action: 2 id: -506666938
07-14 21:18:25.895 I/GestureDetector( 3149): obtain mCurrentMotionEventRaw. action: 2 id: -506666938
07-14 21:18:26.087 I/SemDvfsHyPerManager( 5236): acquire hyper - BaseTABoost/5236@23, type = 1090523139
07-14 21:18:26.087 I/SemDvfsHyPerManager( 5236): acquire hyper - BaseTAToouchBoost/5236@25, type = 1090523139
07-14 21:18:26.088 I/HYPER-HAL( 3020): [RequestManager.cpp]acquire(): Acquired ID : 13831193  [5236 / 23]    HINT :      list : [TABoost / 5] 
07-14 21:18:26.088 I/HYPER-HAL( 3020): [RequestManager.cpp]acquire(): Acquired ID : 13841716  [5236 / 25]    HINT :      list : [TABoost / 20] [TIMEOUT / 1500] 
07-14 21:18:26.190 I/SemDvfsHyPerManager( 5236): acquire hyper - BaseTABoost/5236@23, type = 1090523139
07-14 21:18:26.190 I/SemDvfsHyPerManager( 5236): acquire hyper - BaseTAToouchBoost/5236@25, type = 1090523139
07-14 21:18:26.191 I/HYPER-HAL( 3020): [RequestManager.cpp]acquire(): Acquired ID : 13831193  [5236 / 23]    HINT :      list : [TABoost / 5] 
07-14 21:18:26.191 I/HYPER-HAL( 3020): [RequestManager.cpp]acquire(): Acquired ID : 13841716  [5236 / 25]    HINT :      list : [TABoost / 20] [TIMEOUT / 1500] 
07-14 21:18:26.299 I/NearbySharing(23462): Network state changed: NetworkState(isRestricted=false, isOnline=true, isCongested=false, isMetered=false, isWifiConnected=true)
07-14 21:18:26.300 I/NearbySharing(21599): Network state changed: NetworkState(isRestricted=false, isOnline=true, isCongested=false, isMetered=false, isWifiConnected=true)
07-14 21:18:26.301 I/NearbySharing(23462): Network state changed: NetworkState(isRestricted=false, isOnline=true, isCongested=false, isMetered=false, isWifiConnected=true)
07-14 21:18:26.313 I/NearbySharing(21599): Network state changed: NetworkState(isRestricted=false, isOnline=true, isCongested=false, isMetered=false, isWifiConnected=true)
07-14 21:18:26.389 I/SemDvfsHyPerManager( 5236): acquire hyper - BaseTABoost/5236@23, type = 1090523139
07-14 21:18:26.389 I/SemDvfsHyPerManager( 5236): acquire hyper - BaseTAToouchBoost/5236@25, type = 1090523139
07-14 21:18:26.389 I/HYPER-HAL( 3020): [RequestManager.cpp]acquire(): Acquired ID : 13831193  [5236 / 23]    HINT :      list : [TABoost / 5] 
07-14 21:18:26.389 I/HYPER-HAL( 3020): [RequestManager.cpp]acquire(): Acquired ID : 13841716  [5236 / 25]    HINT :      list : [TABoost / 20] [TIMEOUT / 1500] 
07-14 21:18:26.535 D/InputDispatcher( 3149): Inject motion (8153/2000): action=0x1, time=1128012690000000, f=0x0, d=0 dsdx=1.000000 dtdx=0.000000
07-14 21:18:26.535 I/InputDispatcher( 3149): Delivering touch to (7389): action: 0x1, f=0x0, d=0, 'aa33dac', t=1 
07-14 21:18:26.536 I/ViewRootImpl@4cf8fef[MainActivity]( 7389): ViewPostIme pointer 1
07-14 21:18:26.536 I/SemDvfsHyPerManager( 3149): acquire hyper - SMOOTH_SCROLL/3149@22, type = -999
07-14 21:18:26.536 I/HYPER-HAL( 3020): [RequestManager.cpp]acquire(): Acquired ID : 5029228  [3149 / 22]    HINT : SMOOTH_SCROLL    list : 
07-14 21:18:26.537 D/SGM:GameManager( 3149): identifyGamePackage. com.collectiq.ai.local, mCurrentUserId: 0, callerUserId: 0, callingMethodInfo: com.android.server.ssrm.fgapps.GameAppUtils.isGame(GameAppUtils.java:84)
07-14 21:18:26.537 D/SGM:PkgDataHelper( 3149): getGamePkgData(). com.collectiq.ai.local
07-14 21:18:26.538 I/SemDvfsHyPerManager( 3149): acquire hyper - GESTURE_DETECTED/3149@27, type = -999
07-14 21:18:26.538 I/HYPER-HAL( 3020): [RequestManager.cpp]releaseLocked(): Released ID : 5029228
07-14 21:18:26.539 D/SGM:GameManager( 3149): identifyGamePackage. com.collectiq.ai.local, mCurrentUserId: 0, callerUserId: 0, callingMethodInfo: com.android.server.ssrm.fgapps.GameAppUtils.isGame(GameAppUtils.java:84)
07-14 21:18:26.539 D/SGM:PkgDataHelper( 3149): getGamePkgData(). com.collectiq.ai.local
07-14 21:18:26.539 I/SemDvfsHyPerManager( 3149): acquire hyper - GESTURE_DETECTED/3149@27, type = -999
07-14 21:18:26.539 I/HYPER-HAL( 3020): [RequestManager.cpp]acquire(): Acquired ID : 5045103  [3149 / 27]    HINT : GESTURE_DETECTED    list : [TIMEOUT / 1124] 
07-14 21:18:26.540 I/HYPER-HAL( 3020): [RequestManager.cpp]acquire(): Acquired ID : 5045103  [3149 / 27]    HINT : GESTURE_DETECTED    list : [TIMEOUT / 1124] 
07-14 21:18:26.843 D/ScanFilter( 3822): manu data matches
07-14 21:18:26.843 D/BtGatt.GattService( 3822): onScanResult to scannerId: 1- eventType=0x1b, addressType=0, address=28AF42_D, primaryPhy=1, secondaryPhy=0, advertisingSid=0xff, txPower=127, rssi=-65, periodicAdvInt=0x0
07-14 21:18:26.853 D/ScanFilter( 3822): manu data matches
07-14 21:18:26.853 D/BtGatt.GattService( 3822): onScanResult to scannerId: 1- eventType=0x1b, addressType=0, address=28AF42_D, primaryPhy=1, secondaryPhy=0, advertisingSid=0xff, txPower=127, rssi=-65, periodicAdvInt=0x0
07-14 21:18:26.854 I/BCMGR[11.2.04.4](19573): BeaconMainController] onReceive - [1 : ST packet!][2 : ST packet!][3 : ST packet!][4 : ST packet!][5 : bad rssi][6 : ST packet!][7 : ST packet!][8 : ST packet!][9 : ST packet!][10 : ST packet!]
07-14 21:18:27.474 I/wpa_supplicant(23780): Heartbeat 102363
07-14 21:18:27.526 D/AndroidRuntime( 8159): >>>>>> START com.android.internal.os.RuntimeInit uid 2000 <<<<<<
07-14 21:18:27.532 I/AndroidRuntime( 8159): Using default boot image
07-14 21:18:27.532 I/AndroidRuntime( 8159): Leaving lock profiling enabled
07-14 21:18:27.533 D/SecNativeFeatureCppIf( 8159): encoded
07-14 21:18:27.533 D/SecNativeFeatureCppIf( 8159): decoding and unzip finish
07-14 21:18:27.533 D/SecNativeFeatureCppIf( 8159): use unCompDataBuff. encoded
07-14 21:18:27.533 D/SecNativeFeatureCppIf( 8159): Free unCompDataBuff
07-14 21:18:27.533 D/AndroidRuntime( 8159): addProductProperty: pBrand1 is not null
07-14 21:18:27.533 D/AndroidRuntime( 8159): addProductProperty: not brand or 7
07-14 21:18:27.536 I/app_process( 8159): Using CollectorTypeCC GC.
07-14 21:18:27.668 I/HYPER-HAL( 3020): [RequestManager.cpp]releaseLocked(): Released ID : 5045103
07-14 21:18:27.670 D/app_process( 8159): Time zone APEX ICU file found: /apex/com.android.tzdata/etc/icu/icu_tzdata.dat
07-14 21:18:27.670 D/app_process( 8159): I18n APEX ICU file found: /apex/com.android.i18n/etc/icu/icudt70l.dat
07-14 21:18:27.682 W/app_process( 8159): ClassLoaderContext classpath size mismatch. expected=0, found=1 (PCL[] | PCL[/system/framework/android.test.runner.jar*2256426886])
07-14 21:18:27.697 E/SemDvfsManager_JNI( 8159): SemDvfsManager: registerfunction enter
07-14 21:18:27.697 E/SemAffinityControl( 8159): SemAffinityControl: registerfunction enter
07-14 21:18:27.703 D/AndroidRuntime( 8159): Calling main entry com.android.commands.uiautomator.Launcher
07-14 21:18:27.711 I/SurfaceFlinger(  812): id=51392 createSurf flag=80004, WindowToken{fcac603 type=2032 android.os.Binder@d6786b2}#51392
07-14 21:18:27.713 D/SettingsProvider( 3149): isChangeAllowed() : name = accessibility_enabled
07-14 21:18:27.713 I/GenerationRegistry( 3149): mBackingStore.isClosed() : false
07-14 21:18:27.714 I/GenerationRegistry( 3149): mBackingStore.isClosed() : false
07-14 21:18:27.714 D/WindowMagnificationMgr( 3149): requestConnection :false mConnectionState : 3
07-14 21:18:27.714 W/WindowMagnificationMgr( 3149): requestConnection duplicated request: connect=false, mConnectionState=DISCONNECTED
07-14 21:18:27.719 D/SettingsProvider( 3149): isChangeAllowed() : name = accessibility_enabled
07-14 21:18:27.720 I/GenerationRegistry( 3149): mBackingStore.isClosed() : false
07-14 21:18:27.720 I/GenerationRegistry( 3149): mBackingStore.isClosed() : false
07-14 21:18:27.720 D/WindowMagnificationMgr( 3149): requestConnection :false mConnectionState : 3
07-14 21:18:27.720 W/WindowMagnificationMgr( 3149): requestConnection duplicated request: connect=false, mConnectionState=DISCONNECTED
07-14 21:18:27.722 I/SAMSUNGWALLET[IN](28681): [WalletStartup] Screen reader is enabled
07-14 21:18:27.732 D/BatterySaverPolicy( 3149): accessibility changed to true, updating policy.
07-14 21:18:27.732 V/SafetyCenterAccessibilityListener(15585): accessibility event occurred, safety center feature not enabled.
07-14 21:18:27.735 I/AccessibilityManagerService( 3149): semIsAccessibilityServiceEnabled()
07-14 21:18:27.735 I/AccessibilityManagerService( 3149): accesibilityService is null
07-14 21:18:27.735 I/AccessibilityManagerService( 3149): semIsAccessibilityServiceEnabled()
07-14 21:18:27.735 I/AccessibilityManagerService( 3149): accesibilityService is null
07-14 21:18:27.736 D/AS.AudioService( 3149): Accessibility volume enabled = false
07-14 21:18:27.739 W/WindowManager( 3149): Cannot find window which accessibility connection is added to
07-14 21:18:27.755 I/TouchInteractionService(13347): onActiveNavBarRegionChanges, region : SkRegion((0,2265,388,2400)(389,2265,690,2400)(691,2265,961,2400))
07-14 21:18:27.755 V/Navbar.Store( 3511): ----handleEvent(0) OnUpdateRemoteViewContainer(leftContainer=android.widget.LinearLayout{c0c0ac4 I.E...... ......I. 0,0-118,135 #7f0b04f6 app:id/left_remoteview}, rightContainer=android.widget.LinearLayout{4007dad I.E...... ......I. 962,0-1080,135 #7f0b07aa app:id/right_remoteview}, contextualButtonVisible=false, darkIntensity=0.0) [Module] SamsungNavigationBarView
07-14 21:18:27.755 V/Navbar.Store( 3511): ------[Band]REMOTE_VIEW_PACK_SET_REMOTEVIEW_CONTAINER
07-14 21:18:27.755 V/Navbar.Store( 3511): --------apply(0) UpdateRemoteViewContainer
07-14 21:18:27.755 V/Navbar.Store( 3511): --------apply(0) UpdateRemoteViewDarkIntensity
07-14 21:18:27.756 V/Navbar.Store( 3511): handleEvent(0) OnNavBarUpdateA11YService(clickable=false, longClickable=false) [Module] NavigationBar
07-14 21:18:27.756 V/Navbar.Store( 3511): --[Band]SETUPWIZARD_PACK_UPDATE_A11Y_SERVICE
07-14 21:18:27.761 I/TouchInteractionService(13347): onActiveNavBarRegionChanges, region : SkRegion((0,2265,388,2400)(389,2265,690,2400)(691,2265,961,2400))
07-14 21:18:27.890 I/HYPER-HAL( 3020): [RequestManager.cpp]releaseLocked(): Released ID : 13841716
07-14 21:18:28.776 D/SemCscFeature( 8159): Encoded
07-14 21:18:28.812 W/MediaProvider( 4985): isAppCloneUserPair for user 0: false
07-14 21:18:28.827 D/SyncManager( 3149): userId - 0 auto - true
07-14 21:18:28.836 W/AccessibilityNodeInfoDumper( 8159): Fetch time: 48ms
07-14 21:18:28.859 D/SettingsProvider( 3149): isChangeAllowed() : name = accessibility_enabled
07-14 21:18:28.860 I/GenerationRegistry( 3149): mBackingStore.isClosed() : false
07-14 21:18:28.861 I/GenerationRegistry( 3149): mBackingStore.isClosed() : false
07-14 21:18:28.864 D/WindowMagnificationMgr( 3149): requestConnection :false mConnectionState : 3
07-14 21:18:28.864 W/WindowMagnificationMgr( 3149): requestConnection duplicated request: connect=false, mConnectionState=DISCONNECTED
07-14 21:18:28.869 D/SettingsProvider( 3149): isChangeAllowed() : name = accelerometer_rotation
07-14 21:18:28.869 D/SettingsProvider( 3149): isChangeAllowed() : name = user_rotation
07-14 21:18:28.870 V/WindowManager( 3149): rotationForOrientation(orient=SCREEN_ORIENTATION_UNSPECIFIED (-1), last=ROTATION_0 (0)); user=ROTATION_0 (0) 
07-14 21:18:28.870 D/WindowManager( 3149): rotationForOrientation, orientationSource=ActivityRecord{7c00e1d u0 com.collectiq.ai.local/com.collectiq.ai.MainActivity} t1259}
07-14 21:18:28.871 V/WindowManager( 3149): Computed rotation=ROTATION_0 (0) for display id=0 based on lastOrientation=SCREEN_ORIENTATION_UNSPECIFIED (-1) and oldRotation=ROTATION_0 (0), caller=com.android.server.wm.DisplayContent.updateRotationUnchecked:2410 com.android.server.wm.WindowManagerService.updateRotationUnchecked:4778 com.android.server.wm.WindowManagerService.thawDisplayRotation:4719 com.android.server.wm.WindowManagerService.thawRotation:4683 android.view.IWindowManager$Stub.onTransact:2536 com.android.server.wm.WindowManagerService.onTransact:1608 
07-14 21:18:28.876 I/Layer   (  812): id=51392 removeFromCurrentState WindowToken{fcac603 type=2032 android.os.Binder@d6786b2}#51392 (121)
07-14 21:18:28.876 I/SurfaceFlinger(  812): id=51392 Removed WindowToken{fcac603 type=2032 android.os.Binder@d6786b2}#51392 (121)
07-14 21:18:28.877 I/Layer   (  812): id=51392 Destroyed WindowToken{fcac603 type=2032 android.os.Binder@d6786b2}#51392
07-14 21:18:28.879 D/BatterySaverPolicy( 3149): accessibility changed to false, updating policy.
07-14 21:18:28.882 I/SAMSUNGWALLET[IN](28681): [WalletStartup] Screen reader is disabled
07-14 21:18:28.900 W/WindowManager( 3149): Cannot find window which accessibility connection is added to
07-14 21:18:28.917 D/SemWifiUsabilityStatsMonitor( 3149): onWifiUsabilityStats - seqNum 204231, isSameBssidAndFreq true
07-14 21:18:28.919 D/ConnectivityService( 3149): notifyType CALLBACK_CAP_CHANGED for [107 WIFI]
07-14 21:18:28.919 D/AndroidRuntime( 8159): Shutting down VM
07-14 21:18:28.919 D/NetworkController.WifiSignalController( 3511): notifyListener: visible=true, connected=true, inetCondition=1, isDefault=true, wifiTestReported=true, receivedInetCondition=-1, hideDuringMobileSwitching=false
07-14 21:18:28.922 I/SemWifiLinkQualityMonitor( 3149): Link Qos Query: 0.169 ms / 47.335 Mbps (58 / 0.031 / 1.000)
07-14 21:18:28.923 D/Tile.WifiTile( 3511): handleUpdateState isTransient=false transientEnabling =false cb.isTransient=false state.state = 2 mStateBeforeClick.value =false enabled =true
07-14 21:18:28.929 D/SemWifiSwitchForIndividualAppsService( 3149): stopTCPMonitoring : already stopped
07-14 21:18:28.929 I/WifiConnectivityMonitor.NCC( 3149): sNetworkCallback(oCC) FULL : 107(true/false)[ Transports: WIFI Capabilities: NOT_METERED&INTERNET&NOT_RESTRICTED&TRUSTED&NOT_VPN&VALIDATED&NOT_ROAMING&FOREGROUND&NOT_CONGESTED&NOT_SUSPENDED&NOT_VCN_MANAGED LinkUpBandwidth>=21582Kbps LinkDnBandwidth>=29921Kbps TransportInfo: <SSID: <unknown ssid>, BSSID: 02:00:00:**:**:00, MAC: 02:00:00:**:**:00, IP: /192.168.0.164, Security type: 2, Supplicant state: COMPLETED, Wi-Fi standard: 4, RSSI: -62, Link speed: 58Mbps, Tx Link speed: 58Mbps, Max Supported Tx Link speed: 72Mbps, Rx Link speed: 72Mbps, Max Supported Rx Link speed: 72Mbps, Frequency: 2427MHz, Net ID: -1, Metered hint: false, score: 60, isUsable: true, CarrierMerged: false, SubscriptionId: -1, IsPrimary: 1, Trusted: true, Restricted: false, Ephemeral: false, OEM paid: false, OEM private: false, OSU AP: false, FQDN: <none>, Provider friendly name: <none>, Requesting package name: <none><none>MLO Information: , AP MLD Address: <none>, AP MLO Link Id: <none>, AP MLO Affiliated links: <none>> SignalStrength: -62 AdminUids: [1000] SSID: "hari's" UnderlyingNetworks: Null]
07-14 21:18:28.941 I/system_server( 3149): Background young concurrent copying GC freed 435513(16MB) AllocSpace objects, 51(1072KB) LOS objects, 9% free, 155MB/172MB, paused 1.122ms,270us total 112.407ms
07-14 21:18:28.941 I/WifiConnectivityMonitor( 3149): current mode : 1
07-14 21:18:28.941 D/OpenNetworkQos[4.00]( 3149): updateBssidNoInternet: mBssidNoInternet = false
07-14 21:18:28.941 D/OpenNetworkQos[4.00]( 3149): getOpenNetworkQosNoInternetStatus: false
07-14 21:18:28.941 D/OpenNetworkQos[4.00]( 3149): getOpenNetworkQosScores: 26 23 23 
07-14 21:18:28.941 D/SettingsProvider( 3149): isChangeAllowed() : name = wifi_wcm_qos_sharing_score_summary
07-14 21:18:28.941 I/WifiProfileShare( 3149): network QoS data was changed (internet), updateQoSData networkType: true, qosData: false
07-14 21:18:28.941 V/WifiProfileShare.Caster( 3149): update wips network, size: 0
07-14 21:18:28.941 D/WifiProfileShare( 3149): nearby scanning settings run
07-14 21:18:28.942 D/WifiProfileShare( 3149): network score provider settings enabled
07-14 21:18:28.942 D/OpenNetworkQos[4.00]( 3149): getOpenNetworkQosScores: 26 23 23 
07-14 21:18:28.942 D/OpenNetworkQos[4.00]( 3149): getOpenNetworkQosNoInternetStatus: false
07-14 21:18:28.942 I/WifiProfileShare.Caster( 3149): current network type: 0, score: [26, 23, 23]
07-14 21:18:28.942 V/WifiProfileShare.Caster( 3149): captive portal configuration was set
07-14 21:18:28.942 V/WifiProfileShare.Cache( 3149): update network score 7a:fe:ce:**:**:3c
07-14 21:18:28.942 D/WifiProfileShare.ScanMatcher( 3149): getMcfDataList size:1
07-14 21:18:28.942 I/WifiProfileShare.Caster( 3149): qos data was updated , before:type:QOS, pBssid:99:e9:46, qosData:f3 after:type:QOS, pBssid:99:e9:46, qosData:f3
07-14 21:18:28.947 I/[MCFSDK_android_1.2.4010]_4_b( 3149): isNetworkEnabled - type : 1 ret : true
07-14 21:18:28.947 D/WifiProfileShare.McfCast( 3149): -ME--- mIsNetworkEnabled :true
07-14 21:18:28.947 D/WifiProfileShare.McfCast( 3149): updateQoSData ignored, same contents
07-14 21:18:28.947 D/WifiProfileShare.MCF( 3149): success update QosData !
07-14 21:18:28.948 I/HBD     ( 9058): g onCapabilitiesChanged network : 107 current network state : wifi 
07-14 21:18:28.953 D/ConnectivityManager(23462): StackLog: [android.net.ConnectivityManager.sendRequestForNetwork(ConnectivityManager.java:4300)] [android.net.ConnectivityManager.sendRequestForNetwork(ConnectivityManager.java:4342)] [android.net.ConnectivityManager.registerNetworkCallback(ConnectivityManager.java:4724)] [android.net.ConnectivityManager.registerNetworkCallback(ConnectivityManager.java:4694)] [dqmy.a(:com.google.android.gms@262532029@26.25.32 (190400-944114241):34)] [lhu.a(:com.google.android.gms@262532029@26.25.32 (190400-944114241):19)] [dqnk.j(:com.google.android.gms@262532029@26.25.32 (190400-944114241):19)] [dqnk.O(:com.google.android.gms@262532029@26.25.32 (190400-944114241):14)] [dqnk.K(:com.google.android.gms@262532029@26.25.32 (190400-944114241):7)] [dqnk.I(:com.google.android.gms@262532029@26.25.32 (190400-944114241):23)] [dqnc.run(:com.google.android.gms@262532029@26.25.32 (190400-944114241):9)] [bkmu.c(:com.google.android.gms@262532029@26.25.32 (190400-944114241):50)] [bkmu.run(:com.google.android.gms@262532029@26.25.32 (190400-944114241):66)] [java.util.concurrent.ThreadPoolExecutor.runWorker(ThreadPoolExecutor.java:1137)] [java.util.concurrent.ThreadPoolExecutor$Worker.run(ThreadPoolExecutor.java:637)] [bksm.run(:com.google.android.gms@262532029@26.25.32 (190400-944114241):8)] [java.lang.Thread.run(Thread.java:1012)]
07-14 21:18:28.956 I/[MCFSDK_android_1.2.4010]_4_b( 3149): isNetworkEnabled - type : 1 ret : true
07-14 21:18:28.956 D/WifiProfileShare.McfCast( 3149): -ME--- mIsNetworkEnabled :true
07-14 21:18:28.956 D/WifiProfileShare.McfCast( 3149): -ME--- updatePasswordDate pwdData size:1
07-14 21:18:28.959 I/BugleRcsEngine(12011): Connected state: [1], networkType: [WIFI] [CONTEXT thread_id=24031 ]
07-14 21:18:28.960 I/BugleRcsEngine(12011): handleMessage processing message:[NOTIFY_UPTIME_IGNORE_STATE_CHANGED] with [non-null]:RcsEngineImpl reference [CONTEXT log_prefix="RcsEngineImpl[DUAL_REG]:[6222869c-462e]>Handler" thread_id=24041 ]
07-14 21:18:28.960 D/ConnectivityManager(21599): StackLog: [android.net.ConnectivityManager.sendRequestForNetwork(ConnectivityManager.java:4300)] [android.net.ConnectivityManager.sendRequestForNetwork(ConnectivityManager.java:4342)] [android.net.ConnectivityManager.registerNetworkCallback(ConnectivityManager.java:4724)] [android.net.ConnectivityManager.registerNetworkCallback(ConnectivityManager.java:4694)] [dqmy.a(:com.google.android.gms@262532029@26.25.32 (190400-944114241):34)] [lhu.a(:com.google.android.gms@262532029@26.25.32 (190400-944114241):19)] [dqnk.j(:com.google.android.gms@262532029@26.25.32 (190400-944114241):19)] [dqnk.O(:com.google.android.gms@262532029@26.25.32 (190400-944114241):14)] [dqnk.K(:com.google.android.gms@262532029@26.25.32 (190400-944114241):7)] [dqnk.I(:com.google.android.gms@262532029@26.25.32 (190400-944114241):23)] [dqnc.run(:com.google.android.gms@262532029@26.25.32 (190400-944114241):9)] [bkmu.c(:com.google.android.gms@262532029@26.25.32 (190400-944114241):50)] [bkmu.run(:com.google.android.gms@262532029@26.25.32 (190400-944114241):66)] [java.util.concurrent.ThreadPoolExecutor.runWorker(ThreadPoolExecutor.java:1137)] [java.util.concurrent.ThreadPoolExecutor$Worker.run(ThreadPoolExecutor.java:637)] [bksm.run(:com.google.android.gms@262532029@26.25.32 (190400-944114241):8)] [java.lang.Thread.run(Thread.java:1012)]
07-14 21:18:28.963 I/BugleRcsEngine(12011): Cannot use CS.apk as it's battery optimized [CONTEXT thread_id=24041 ]
07-14 21:18:28.963 D/ConnectivityService( 3149): Rematched networks [computed 0ms] [applied 2ms] [issued 3]
07-14 21:18:28.963 D/ConnectivityService( 3149): NetworkReassignment : no changes
07-14 21:18:28.966 D/ConnectivityManager(23462): StackLog: [android.net.ConnectivityManager.unregisterNetworkCallback(ConnectivityManager.java:4972)] [dqnk.j(:com.google.android.gms@262532029@26.25.32 (190400-944114241):43)] [dqnk.O(:com.google.android.gms@262532029@26.25.32 (190400-944114241):14)] [dqnk.K(:com.google.android.gms@262532029@26.25.32 (190400-944114241):7)] [dqnk.I(:com.google.android.gms@262532029@26.25.32 (190400-944114241):23)] [dqnc.run(:com.google.android.gms@262532029@26.25.32 (190400-944114241):9)] [bkmu.c(:com.google.android.gms@262532029@26.25.32 (190400-944114241):50)] [bkmu.run(:com.google.android.gms@262532029@26.25.32 (190400-944114241):66)] [java.util.concurrent.ThreadPoolExecutor.runWorker(ThreadPoolExecutor.java:1137)] [java.util.concurrent.ThreadPoolExecutor$Worker.run(ThreadPoolExecutor.java:637)] [bksm.run(:com.google.android.gms@262532029@26.25.32 (190400-944114241):8)] [java.lang.Thread.run(Thread.java:1012)]
07-14 21:18:28.970 I/NearbyMediums(23462): Wifi changed new SSID: "hari's"
07-14 21:18:28.972 D/NetworkController.WifiSignalController( 3511): notifyListener: visible=true, connected=true, inetCondition=1, isDefault=true, wifiTestReported=true, receivedInetCondition=-1, hideDuringMobileSwitching=false
07-14 21:18:28.973 D/Tile.WifiTile( 3511): handleUpdateState isTransient=false transientEnabling =false cb.isTransient=false state.state = 2 mStateBeforeClick.value =false enabled =true
07-14 21:18:28.973 I/NearbyMediums(23462): WifiLanConnectivityInfo is not changed, skip notify.
07-14 21:18:28.977 I/NullBinder(23462): NullBinder for android.net.action.RECOMMEND_NETWORKS triggering remote TransactionTooLargeException due to Service without Chimera impl, calling uid: 1000, calling pid: 0
07-14 21:18:28.977 W/.gms.persistent(23462): Large reply transaction of 1056768 bytes, interface descriptor , code 1
07-14 21:18:28.977 D/ConnectivityService( 3149): Rematched networks [computed 1ms] [applied 1ms] [issued 2]
07-14 21:18:28.977 D/ConnectivityService( 3149): NetworkReassignment : no changes
07-14 21:18:28.984 D/ConnectivityManager(21599): StackLog: [android.net.ConnectivityManager.unregisterNetworkCallback(ConnectivityManager.java:4972)] [dqnk.j(:com.google.android.gms@262532029@26.25.32 (190400-944114241):43)] [dqnk.O(:com.google.android.gms@262532029@26.25.32 (190400-944114241):14)] [dqnk.K(:com.google.android.gms@262532029@26.25.32 (190400-944114241):7)] [dqnk.I(:com.google.android.gms@262532029@26.25.32 (190400-944114241):23)] [dqnc.run(:com.google.android.gms@262532029@26.25.32 (190400-944114241):9)] [bkmu.c(:com.google.android.gms@262532029@26.25.32 (190400-944114241):50)] [bkmu.run(:com.google.android.gms@262532029@26.25.32 (190400-944114241):66)] [java.util.concurrent.ThreadPoolExecutor.runWorker(ThreadPoolExecutor.java:1137)] [java.util.concurrent.ThreadPoolExecutor$Worker.run(ThreadPoolExecutor.java:637)] [bksm.run(:com.google.android.gms@262532029@26.25.32 (190400-944114241):8)] [java.lang.Thread.run(Thread.java:1012)]
07-14 21:18:28.985 I/NearbyMediums(21599): Wifi changed new SSID: "hari's"
07-14 21:18:28.985 I/NearbyMediums(21599): WifiLanConnectivityInfo is not changed, skip notify.
07-14 21:18:29.045 I/[ND]ApplicationMonitoring( 7658): RxComputationThreadPool-1 | no activity exiting process
07-14 21:18:29.050 I/HBD     ( 9058): g onCapabilityChanged  setNetworkState currentNetworkState : wifi 
07-14 21:18:29.051 I/tworkdiagnostic( 7658): System.exit called, status: 0
07-14 21:18:29.051 I/AndroidRuntime( 7658): VM exiting with result code 0, cleanup skipped.
07-14 21:18:29.104 I/ActivityManager( 3149): Process com.samsung.android.networkdiagnostic (pid 7658) has died: cch+25 CEM (128,1853)
07-14 21:18:29.105 I/Zygote  ( 2929): Process 7658 exited cleanly (0)
07-14 21:18:29.131 D/SystemUIService( 3511): SYSUI_RAM_OPTIMIZATION onTrimMemory=5
07-14 21:18:29.136 D/SystemUIService( 3511): onTrimMemory : 5
07-14 21:18:29.138 W/DeviceManager_FLP( 4583): onTrimMemory : 5
07-14 21:18:29.140 I/Finsky  ( 2612): [2] Memory trim requested to level 40
07-14 21:18:29.140 W/DMASA[U]( 5161): [AppLogData]onTrimMemory(5):1784027909134
07-14 21:18:29.140 I/Finsky  ( 2612): [2] Flushing in-memory image cache
07-14 21:18:29.140 W/DMASA[C]( 5161): [DiagMonAgentApplication]onTrimMemory (5)
07-14 21:18:29.140 I/[+1000]oneconnect[1.8.47.24_01][BEACON_MANAGER_CONTROL_SERVICE]( 5676): QcApplication.onTrimMemory - ************** lvl=5 elapsed=1ms
07-14 21:18:29.145 I/MCFQS   (19434): (DeviceConnectionService) onTrimMemory()-[td:main] level: 5
07-14 21:18:29.146 I/Telecom:TelecomService( 3149): onTrimMemory - 5
07-14 21:18:29.146 I/SCS@AiSearch user 0( 7134): (SearchProvider) onTrimMemory(): 40
07-14 21:18:29.151 I/AiAi    ( 7423): onTrimMemory() with level 5
07-14 21:18:29.153 I/AiAi    ( 4990): onTrimMemory() with level 5
07-14 21:18:29.154 I/GpsSessionManager_FLP( 4583): arrangeInvalidSessions
07-14 21:18:29.161 I/libprocessgroup( 3149): Successfully killed process cgroup uid 5023 pid 7658 in 56ms
07-14 21:18:29.162 I/ForwardSyncCache(32465): reclaimMemory: Clearing caches
07-14 21:18:29.183 I/HBD     ( 9058): HoneyBoardService onTrimMemory 5
07-14 21:18:29.197 I/SEMS:AgentLog_13.8.52( 7924): [][main][MobileServiceApplication] onTrimMemory:40
07-14 21:18:29.339 W/libprocessgroup( 3149): Failed to open /dev/blkio//cgroup.procs: No such file or directory
07-14 21:18:29.359 I/SCS@AiSearch user 0( 7134): (ObserverWorker::AOSP_MP) [main] entering in startWork triggered by [content://media/external/file/1000055563]():  
07-14 21:18:29.359 I/SCS@AiSearch user 0( 7134): (BaseCollector::AOSP_MP) [main] entering in onChange():  
07-14 21:18:29.359 I/SCS@AiSearch user 0( 7134): (BaseCollector::AOSP_MP) [AOSP_MP-0] entering in collectChanges():  
07-14 21:18:29.364 D/PackageManager( 3149): setEnabledSetting : userId = 0 packageName = com.samsung.android.scs cmp = androidx.work.impl.background.systemalarm.RescheduleReceiver newState = 1 callingPackage = 10111/com.samsung.android.scs
07-14 21:18:29.365 D/ApplicationPolicy( 3149): getApplicationStateEnabled : pkg = com.samsung.android.scs userId : 0
07-14 21:18:29.366 D/ApplicationPolicy( 3149): getApplicationComponentState : pkg = com.samsung.android.scs userId : 0
07-14 21:18:29.377 D/ScanFilter( 3822): manu data matches
07-14 21:18:29.377 D/BtGatt.GattService( 3822): onScanResult to scannerId: 1- eventType=0x1b, addressType=0, address=28AF42_D, primaryPhy=1, secondaryPhy=0, advertisingSid=0xff, txPower=127, rssi=-64, periodicAdvInt=0x0
07-14 21:18:29.382 I/[+1000]oneconnect[1.8.47.24_01][BEACON_MANAGER_CONTROL_SERVICE]( 5676): BeaconManagerControlService.reserveStopService - Setting timer to stop service in 180000ms
07-14 21:18:29.406 I/SCS@AiSearch user 0( 7134): (BaseCollector::AOSP_MP) fetchInternal values : maxSyncId: 1000055464 indexCount: 1824 sourceCount: 1824
07-14 21:18:29.442 I/SCS@AiSearch user 0( 7134): (IndexManager) [AOSP_MP-0] entering in addIndex():  
07-14 21:18:29.446 I/SCS@AiSearch user 0( 7134): (BaseCollector::AOSP_MP) fetch: fetching took  60 ms
07-14 21:18:29.446 I/SCS@AiSearch user 0( 7134): (BaseCollector::AOSP_MP) fetchChanges: applied 0 items
07-14 21:18:29.446 I/SCS@AiSearch user 0( 7134): (BaseCollector::AOSP_MP) Collect finished. Result: true
07-14 21:18:29.448 I/SCS@AiSearch user 0( 7134): (BaseCollector::AOSP_MP) enqueue ObserverWorker name: com.sec.android.app.myfiles, policy: APPEND_OR_REPLACE
07-14 21:18:29.449 I/WM-WorkerWrapper( 7134): Worker result SUCCESS for Work [ id=0865bb68-1cd5-408d-b446-836f45011ff5, tags={ com.sec.android.app.myfiles, com.samsung.android.scs.ai.search.data.collector.ObserverWorker } ]
07-14 21:18:29.466 I/NearbySharing(21599): Network state changed: NetworkState(isRestricted=false, isOnline=true, isCongested=false, isMetered=false, isWifiConnected=true)
07-14 21:18:29.479 I/NearbySharing(21599): Network state changed: NetworkState(isRestricted=false, isOnline=true, isCongested=false, isMetered=false, isWifiConnected=true)
07-14 21:18:29.480 I/NearbySharing(23462): Network state changed: NetworkState(isRestricted=false, isOnline=true, isCongested=false, isMetered=false, isWifiConnected=true)
07-14 21:18:29.482 I/NearbySharing(23462): Network state changed: NetworkState(isRestricted=false, isOnline=true, isCongested=false, isMetered=false, isWifiConnected=true)
07-14 21:18:29.489 D/PowerManagerService( 3149): UserActivityStateListenerState: 0
07-14 21:18:29.490 D/PackageManager( 3149): setEnabledSetting : userId = 0 packageName = com.samsung.android.scs cmp = androidx.work.impl.background.systemalarm.RescheduleReceiver newState = 1 callingPackage = 10111/com.samsung.android.scs
07-14 21:18:29.491 D/ApplicationPolicy( 3149): getApplicationStateEnabled : pkg = com.samsung.android.scs userId : 0
07-14 21:18:29.492 D/ApplicationPolicy( 3149): getApplicationComponentState : pkg = com.samsung.android.scs userId : 0
07-14 21:18:29.848 D/io_stats(  472): !@   8,0 r 159651239 3932867492 w 29776310 536640184 d 0 0 f 0 0 iot 30982408 0 th 0 0 0 pt 0 inp 0 0 1128016.003
07-14 21:18:30.068 I/EDMNativeHelperService( 3149): isScreenCaptureEnabled
07-14 21:18:30.069 D/RestrictionPolicy( 3149): isScreenCaptureEnabled : ret=true userId=0
07-14 21:18:30.069 W/ProcessState( 8184): Extra binder thread started, but 0 threads requested. Do not use *startThreadPool when zero threads are requested.
07-14 21:18:30.112 I/servicemanager(  434): Could not find android.hardware.graphics.allocator.IAllocator/default in the VINTF manifest.
07-14 21:18:30.601 D/InputDispatcher( 3149): Inject motion (8191/2000): action=0x0, time=1128016756000000, f=0x0, d=0 dsdx=1.000000 dtdx=0.000000
07-14 21:18:30.602 I/InputDispatcher( 3149): Delivering touch to (3511): action: 0x4, f=0x0, d=0, 'a793e53', t=1 
07-14 21:18:30.602 I/InputDispatcher( 3149): Delivering touch to (7389): action: 0x0, f=0x0, d=0, 'aa33dac', t=1 
07-14 21:18:30.602 D/PowerManagerService( 3149): [api] userActivityFromNative :  (event: 2 flags: 0 displayId: 0) eventTime = 1128016756
07-14 21:18:30.603 I/ViewRootImpl@4cf8fef[MainActivity]( 7389): ViewPostIme pointer 0
07-14 21:18:30.603 I/GestureDetector( 3149): obtain mCurrentDownEvent. id: -512754786 caller: com.android.server.wm.SystemGesturesPointerEventListener.onPointerEvent:203 com.android.server.wm.PointerEventDispatcher.onInputEvent:53 android.view.InputEventReceiver.dispatchInputEvent:285 
07-14 21:18:30.603 I/GestureDetector( 3149): obtain mCurrentDownEvent. id: -512754786 caller: com.android.server.wm.SystemPerformancePointerEventListener.onPointerEvent:89 com.android.server.wm.PointerEventDispatcher.onInputEvent:53 android.view.InputEventReceiver.dispatchInputEvent:285 
07-14 21:18:30.605 D/PowerManagerService( 3149): UserActivityStateListenerState: 1
07-14 21:18:30.606 I/SemDvfsHyPerManager( 5236): acquire hyper - BaseTABoost/5236@23, type = 1090523139
07-14 21:18:30.606 I/SemDvfsHyPerManager( 5236): acquire hyper - BaseTAToouchBoost/5236@25, type = 1090523139
07-14 21:18:30.606 I/HYPER-HAL( 3020): [RequestManager.cpp]acquire(): Acquired ID : 13831193  [5236 / 23]    HINT :      list : [TABoost / 5] 
07-14 21:18:30.607 I/HYPER-HAL( 3020): [RequestManager.cpp]acquire(): Acquired ID : 13841716  [5236 / 25]    HINT :      list : [TABoost / 20] [TIMEOUT / 1500] 
07-14 21:18:30.608 I/GestureDetector( 3149): obtain mCurrentMotionEventRaw. action: 2 id: -169141276
07-14 21:18:30.608 I/GestureDetector( 3149): obtain mCurrentMotionEventRaw. action: 2 id: -169141276
07-14 21:18:30.704 I/SemDvfsHyPerManager( 5236): acquire hyper - BaseTABoost/5236@23, type = 1090523139
07-14 21:18:30.705 I/SemDvfsHyPerManager( 5236): acquire hyper - BaseTAToouchBoost/5236@25, type = 1090523139
07-14 21:18:30.705 I/HYPER-HAL( 3020): [RequestManager.cpp]acquire(): Acquired ID : 13831193  [5236 / 23]    HINT :      list : [TABoost / 5] 
07-14 21:18:30.705 I/HYPER-HAL( 3020): [RequestManager.cpp]acquire(): Acquired ID : 13841716  [5236 / 25]    HINT :      list : [TABoost / 20] [TIMEOUT / 1500] 
07-14 21:18:30.782 D/BatteryExternalStatsWorker( 3149): update stats : update-network-netlog (6)
07-14 21:18:30.850 D/BatteryExternalStatsWorker( 3149): Fetch WiFi data
07-14 21:18:30.851 D/BatteryExternalStatsWorker( 3149): Update Rail Energy data
07-14 21:18:30.851 D/BatteryExternalStatsWorker( 3149): Fetch modem data
07-14 21:18:30.857 D/statsd  (  709): StateTracker did not find state value for query key (27)0x10000->1001[I] 
07-14 21:18:30.857 W/statsd  (  709): StateTracker not found for state atom 27
07-14 21:18:30.859 D/statsd  (  709): StateTracker did not find state value for query key (27)0x10000->1001[I] 
07-14 21:18:30.859 W/statsd  (  709): StateTracker not found for state atom 27
07-14 21:18:30.867 D/TelephonyManager( 3149): requestModemActivityInfo: Sending result to app: ModemActivityInfo{ mTimestamp=1467498158 mSleepTimeMs=40190302 mIdleTimeMs=91885472 mActivityStatsTechSpecificInfo=[{mRat=UNKNOWN,mFrequencyRange=UNKNOWN,mTxTimeMs[]=[65, 35, 271, 208, 260],mRxTimeMs=682656350}]}
07-14 21:18:30.867 D/BatteryExternalStatsWorker( 3149): mStats lock released
07-14 21:18:30.873 D/statsd  (  709): StateTracker did not find state value for query key (27)0x10000->1001[I] 
07-14 21:18:30.873 W/statsd  (  709): StateTracker not found for state atom 27
07-14 21:18:30.874 D/statsd  (  709): StateTracker did not find state value for query key (27)0x10000->1001[I] 
07-14 21:18:30.875 W/statsd  (  709): StateTracker not found for state atom 27
07-14 21:18:30.891 D/ScanFilter( 3822): manu data matches
07-14 21:18:30.891 D/BtGatt.GattService( 3822): onScanResult to scannerId: 1- eventType=0x1b, addressType=0, address=28AF42_D, primaryPhy=1, secondaryPhy=0, advertisingSid=0xff, txPower=127, rssi=-68, periodicAdvInt=0x0
07-14 21:18:30.900 D/BatteryExternalStatsWorker( 3149): Update wifi state
07-14 21:18:30.901 D/ScanFilter( 3822): manu data matches
07-14 21:18:30.901 D/BtGatt.GattService( 3822): onScanResult to scannerId: 1- eventType=0x1b, addressType=0, address=28AF42_D, primaryPhy=1, secondaryPhy=0, advertisingSid=0xff, txPower=127, rssi=-68, periodicAdvInt=0x0
