--------- beginning of main
07-13 20:33:12.316  3149  3369 I SearchManagerService: _updateSearchables
07-13 20:33:12.352  3149  3369 W SearchableInfo: Invalid searchable metadata for com.samsung.android.messaging/.ui.view.main.picker.contact.ContactPickerActivity: Search label must be a resource reference.
07-13 20:33:12.467 25069 25069 D BoundBrokerSvc: onUnbind: Intent { act=com.google.android.gms.dtdi.identity.START dat=chimera-action:/... cmp=com.google.android.gms/.chimera.PersistentApiService }
07-13 20:33:12.495  3149  3149 I SemExecuteManagerService: handleMessage: MSG_START_SCAN received. Start scanning.
07-13 20:33:12.495  3149  3369 I SearchManagerService: _updateSearchables completed.
07-13 20:33:12.663  3149  3406 D SemNscXgbMsL1: Probability - Cloud gaming: [0.08315029]
07-13 20:33:12.663  3149  3406 D SemNscXgbMsL1: Probability - Real time: [0.08526737]
07-13 20:33:12.664  3149  3406 D SemNscXgbMsL1: Probability - Non real time: [0.9336281]
07-13 20:33:12.664  3149  3406 D SemNscXgbMsL1: 1 sample inference time: 1.351461 msecs
07-13 20:33:12.666  3149  3406 D SemNscXgbL2Rt: L2 RT 1 sample inference time: 2.530116 msecs
07-13 20:33:12.668  3149  3406 D SemNscXgbL2Nrt: L2 NRT 1 sample inference time: 1.855846 msecs
07-13 20:33:12.722 25386 25561 I Rubin   : [31771] s9.a.a(SourceFile:1) : Notify com.samsung.android.rubin.inferenceengine.contextanalytics.engine.loggers.n's database is updated.
07-13 20:33:12.730 25386 25561 I Rubin   : [31771] ga.e.m(SourceFile:6) : isSatisfiedByCmh is false
07-13 20:33:12.812  3822  3953 D ScanFilter: manu data matches
07-13 20:33:12.813  3822  3953 D BtGatt.GattService: onScanResult to scannerId: 6- eventType=0x1b, addressType=0, address=28AF42_D, primaryPhy=1, secondaryPhy=0, advertisingSid=0xff, txPower=127, rssi=-71, periodicAdvInt=0x0
07-13 20:33:13.065  3149  5449 D SemWifiUsabilityStatsMonitor: onWifiUsabilityStats - seqNum 175450, isSameBssidAndFreq true
07-13 20:33:13.073  3149  3408 I SemWifiLinkQualityMonitor: Link Qos Query: 0.405 ms / 19.735 Mbps (28 / 0.026 / 1.300)
07-13 20:33:13.082  3511  3511 D NetworkController.WifiSignalController: notifyListener: visible=true, connected=true, inetCondition=1, isDefault=true, wifiTestReported=true, receivedInetCondition=-1, hideDuringMobileSwitching=false
07-13 20:33:13.088 23190 23379 I SCS@AiSearch user 0: (AppsDataWorker) [androidx.work-1] entering in doWork():
07-13 20:33:13.088 23190 23379 I SCS@AiSearch user 0: (AppsDataObserver) [androidx.work-1] entering in execute():
07-13 20:33:13.088 23190 23379 I SCS@AiSearch user 0: (AppsDataObserver-CMD_UPDATE_LIST) changed package count: 1
07-13 20:33:13.098  3511  3596 D Tile.WifiTile: handleUpdateState isTransient=false transientEnabling =false cb.isTransient=false state.state = 2 mStateBeforeClick.value =false enabled =true
07-13 20:33:13.108 23190 23379 I SCS@AiSearch user 0: (AppsDataObserver) [androidx.work-1] leaving from execute():  result is true
07-13 20:33:13.108 23190 23379 I SCS@AiSearch user 0: (AppsDataWorker) [androidx.work-1] leaving from doWork():
07-13 20:33:13.113 23190 23248 I WM-WorkerWrapper: Worker result SUCCESS for Work [ id=88757dfe-332b-4081-83e5-805813f746ca, tags={ com.samsung.android.scs.ai.search.scheduling.workers.AppsDataWorker, CMD_UPDATE_LIST } ]
07-13 20:33:13.143  3149  3406 I SemWifiServiceDetector: Traff. tracking stopped
07-13 20:33:13.482 31818 31818 D BoundBrokerSvc: onUnbind: Intent { act=com.google.android.gms.safetynet.service.START pkg=com.google.android.gms }
--------- beginning of system
07-13 20:33:13.842   472   472 D io_stats: !@   8,0 r 151881385 3747411716 w 28218792 508234916 d 0 0 f 0 0 iot 29447692 0 th 0 0 0 pt 0 inp 0 0 1038944.417
07-13 20:33:14.061   685   685 E audit   : type=1400 audit(1783938794.055:708777): avc:  denied  { search } for  pid=25515 comm="pool-3-thread-1" name="0" dev="dm-45" ino=1722 scontext=u:r:platform_app:s0:c662,c768 tcontext=u:object_r:user_profile_root_file:s0:c512,c768 tclass=dir permissive=0 SEPF_SM-E625F_13_0001 audit_filtered
07-13 20:33:14.061   685   685 E audit   : type=1300 audit(1783938794.055:708777): arch=c00000b7 syscall=48 success=no exit=-13 a0=ffffff9c a1=b400007447f3e890 a2=2 a3=0 items=1 ppid=2929 pid=25515 auid=4294967295 uid=15005025 gid=15005025 euid=15005025 suid=15005025 fsuid=15005025 egid=15005025 sgid=15005025 fsgid=15005025 tty=(none) ses=4294967295 comm="pool-3-thread-1" exe="/system/bin/app_process64" subj=u:r:platform_app:s0:c662,c768 key=(null)
07-13 20:33:14.061   685   685 E audit   : type=1302 audit(1783938794.055:708777): item=0 name="/data/misc/profiles/cur/0/com.samsung.android.mdx.kit/primary.prof" nametype=UNKNOWN cap_fp=0000000000000000 cap_fi=0000000000000000 cap_fe=0 cap_fver=0
07-13 20:33:14.061   685   685 E audit   : type=1327 audit(1783938794.055:708777): proctitle="com.samsung.android.mdx.kit"
07-13 20:33:14.310  3822  3953 D ScanFilter: manu data matches
07-13 20:33:14.311  3822  3953 D BtGatt.GattService: onScanResult to scannerId: 6- eventType=0x1b, addressType=0, address=28AF42_D, primaryPhy=1, secondaryPhy=0, advertisingSid=0xff, txPower=127, rssi=-77, periodicAdvInt=0x0
07-13 20:33:14.319  3822  3953 D ScanFilter: manu data matches
07-13 20:33:14.319  3822  3953 D BtGatt.GattService: onScanResult to scannerId: 6- eventType=0x1b, addressType=0, address=28AF42_D, primaryPhy=1, secondaryPhy=0, advertisingSid=0xff, txPower=127, rssi=-77, periodicAdvInt=0x0
07-13 20:33:15.017 31818 31818 D BoundBrokerSvc: onUnbind: Intent { act=com.google.android.gms.measurement.START pkg=com.google.android.gms }
07-13 20:33:15.165  3149 25827 D TrafficStats: tagSocket(1330) with statsTag=0xffffffff, statsUid=-1
07-13 20:33:15.357 25573 25832 D ProfileInstaller: Installing profile for com.osp.app.signin
07-13 20:33:15.370  3149 25827 D WifiConnectivityMonitor.DnsThread:  [|205]
07-13 20:33:15.371  3149  3427 D WifiConnectivityMonitor.NetworkStatsAnalyzer: DNS resultType : 0, responseTime : 205
07-13 20:33:15.371  3149  3425 D OpenNetworkQos[4.00]: updateBssidLatestDnsResultType - result: 0
07-13 20:33:15.371  3149  3425 D OpenNetworkQos[4.00]: updateBssidNoInternet: mBssidNoInternet = false
07-13 20:33:15.372  3149  3425 D OpenNetworkQos[4.00]: getOpenNetworkQosNoInternetStatus: false
07-13 20:33:15.372  3149  3425 D OpenNetworkQos[4.00]: getOpenNetworkQosScores: 26 23 23
07-13 20:33:15.372  3149  3425 D SettingsProvider: isChangeAllowed() : name = wifi_wcm_qos_sharing_score_summary
07-13 20:33:15.373  3149  3425 I WifiProfileShare: network QoS data was changed (internet), updateQoSData networkType: true, qosData: false
07-13 20:33:15.374  3149  4570 V WifiProfileShare.Caster: update wips network, size: 0
07-13 20:33:15.374  3149  4570 D WifiProfileShare: nearby scanning settings run
07-13 20:33:15.374  3149  4570 D WifiProfileShare: network score provider settings enabled
07-13 20:33:15.374  3149  4570 D OpenNetworkQos[4.00]: getOpenNetworkQosScores: 26 23 23
07-13 20:33:15.374  3149  4570 D OpenNetworkQos[4.00]: getOpenNetworkQosNoInternetStatus: false
07-13 20:33:15.374  3149  4570 I WifiProfileShare.Caster: current network type: 0, score: [26, 23, 23]
07-13 20:33:15.375  3149  4570 V WifiProfileShare.Caster: captive portal configuration was set
07-13 20:33:15.375  3149  4570 V WifiProfileShare.Cache: update network score 7a:fe:ce:**:**:3c
07-13 20:33:15.375  3149  4570 D WifiProfileShare.ScanMatcher: getMcfDataList size:1
07-13 20:33:15.376  3149  4570 I WifiProfileShare.Caster: qos data was updated , before:type:QOS, pBssid:99:e9:46, qosData:f3 after:type:QOS, pBssid:99:e9:46, qosData:f3
07-13 20:33:15.380  3149  4570 I [MCFSDK_android_1.2.4010]_4_b: isNetworkEnabled - type : 1 ret : true
07-13 20:33:15.380  3149  4570 D WifiProfileShare.McfCast: -ME--- mIsNetworkEnabled :true
07-13 20:33:15.380  3149  4570 D WifiProfileShare.McfCast: updateQoSData ignored, same contents
07-13 20:33:15.380  3149  4570 D WifiProfileShare.MCF: success update QosData !
07-13 20:33:15.381  3149  4570 I [MCFSDK_android_1.2.4010]_4_b: isNetworkEnabled - type : 1 ret : true
07-13 20:33:15.381  3149  4570 D WifiProfileShare.McfCast: -ME--- mIsNetworkEnabled :true
07-13 20:33:15.381  3149  4570 D WifiProfileShare.McfCast: -ME--- updatePasswordDate pwdData size:1
07-13 20:33:15.843   472   472 D io_stats: !@   8,0 r 151881411 3747412064 w 28218792 508234916 d 0 0 f 0 0 iot 29447708 0 th 0 0 0 pt 0 inp 0 0 1038946.418
07-13 20:33:16.058 25069 25349 I NearbyConnections: Invalidate cached hpkeKey for client 190954037
07-13 20:33:16.166  3149  5449 D SemWifiUsabilityStatsMonitor: onWifiUsabilityStats - seqNum 175451, isSameBssidAndFreq true
07-13 20:33:16.170  3511  3511 D NetworkController.WifiSignalController: notifyListener: visible=true, connected=true, inetCondition=1, isDefault=true, wifiTestReported=true, receivedInetCondition=-1, hideDuringMobileSwitching=false
07-13 20:33:16.174  3149  3408 I SemWifiLinkQualityMonitor: Link Qos Query: 0.469 ms / 17.064 Mbps (28 / 0.066 / 1.333)
07-13 20:33:16.180  3511  3596 D Tile.WifiTile: handleUpdateState isTransient=false transientEnabling =false cb.isTransient=false state.state = 2 mStateBeforeClick.value =false enabled =true
07-13 20:33:16.197   812   812 I SurfaceFlinger: SFWD update time=1038946772551190
07-13 20:33:16.289 25069 25069 D BoundBrokerSvc: onUnbind: Intent { act=com.google.android.gms.common.telemetry.service.START dat=chimera-action:/... cmp=com.google.android.gms/.chimera.PersistentApiService }
07-13 20:33:16.490 25069 25797 D CompatibilityChangeReporter: Compat change id reported: 150939131; UID 15010228; state: ENABLED
07-13 20:33:16.521 25069 25797 I LocationSettings: (REDACTED) Read NLP consent from settings: %b
07-13 20:33:16.824  3822  3953 D ScanFilter: manu data matches
07-13 20:33:16.824  3822  3953 D BtGatt.GattService: onScanResult to scannerId: 6- eventType=0x1b, addressType=0, address=28AF42_D, primaryPhy=1, secondaryPhy=0, advertisingSid=0xff, txPower=127, rssi=-77, periodicAdvInt=0x0
07-13 20:33:17.464 25069 25113 I NearbyUWB: (REDACTED) Client %s (%s) disconnecting %s
07-13 20:33:17.468 25069 25113 I NearbyUWB: (REDACTED) Client %s (%s) disconnecting %s
07-13 20:33:17.469 23780 23780 I wpa_supplicant: Heartbeat 93458
07-13 20:33:17.474 25069 25412 I NearbyUWB: (REDACTED) User opted in for analytics reporting: %s.
07-13 20:33:17.475 25069 25411 I NearbyUWB: (REDACTED) User opted in for analytics reporting: %s.
07-13 20:33:17.478 25069 25412 I NearbyUWB: (REDACTED) User opted in for analytics reporting: %s.
07-13 20:33:17.482 25069 25411 I NearbyUWB: (REDACTED) User opted in for analytics reporting: %s.
07-13 20:33:17.491 25069 25412 I NearbyUWB: clientSession Logged [CONTEXT service_id=49 ]
07-13 20:33:17.492 25069 25411 I NearbyUWB: clientSession Logged [CONTEXT service_id=49 ]
07-13 20:33:17.492 25069 25412 I NearbyUWB: AnalyticsLogger is shutdown. [CONTEXT service_id=49 ]
07-13 20:33:17.496 25069 25411 I NearbyUWB: AnalyticsLogger is shutdown. [CONTEXT service_id=49 ]
07-13 20:33:17.845   472   472 D io_stats: !@   8,0 r 151881419 3747412124 w 28218993 508236780 d 0 0 f 0 0 iot 29447736 0 th 0 0 0 pt 0 inp 0 0 1038948.420
07-13 20:33:18.144 25069 25411 I NearbyMediums: No BLE Fast/GATT advertisements found in the latest cycle.
07-13 20:33:18.144 25069 25411 I NearbyMediums: Current Tracked Scanning Clients are : {NearbyConnections.EnvironmentMonitor, NearbySharing}
07-13 20:33:18.306  3822  3953 D ScanFilter: manu data matches
07-13 20:33:18.307  3822  3953 D BtGatt.GattService: onScanResult to scannerId: 6- eventType=0x1b, addressType=0, address=28AF42_D, primaryPhy=1, secondaryPhy=0, advertisingSid=0xff, txPower=127, rssi=-79, periodicAdvInt=0x0
07-13 20:33:18.310  3822  3953 D ScanFilter: manu data matches
07-13 20:33:18.311  3822  3953 D BtGatt.GattService: onScanResult to scannerId: 6- eventType=0x1b, addressType=0, address=28AF42_D, primaryPhy=1, secondaryPhy=0, advertisingSid=0xff, txPower=127, rssi=-79, periodicAdvInt=0x0
07-13 20:33:19.132 23992 24004 W System  : A resource failed to call close.
07-13 20:33:19.262  3149  5449 D SemWifiUsabilityStatsMonitor: onWifiUsabilityStats - seqNum 175452, isSameBssidAndFreq true
07-13 20:33:19.264  3149  3408 I SemWifiLinkQualityMonitor: Link Qos Query: 0.438 ms / 18.257 Mbps (28 / 0.043 / 1.333)
07-13 20:33:19.265  3511  3511 D NetworkController.WifiSignalController: notifyListener: visible=true, connected=true, inetCondition=1, isDefault=true, wifiTestReported=true, receivedInetCondition=-1, hideDuringMobileSwitching=false
07-13 20:33:19.272  3511  3596 D Tile.WifiTile: handleUpdateState isTransient=false transientEnabling =false cb.isTransient=false state.state = 2 mStateBeforeClick.value =false enabled =true
07-13 20:33:19.416 31818 31818 D BoundBrokerSvc: onUnbind: Intent { act=com.google.android.gms.auth.blockstore.service.START dat=chimera-action:/... cmp=com.google.android.gms/.chimera.GmsApiService }
07-13 20:33:19.568   489 23757 I keystore2: keystore2::watchdog: Watchdog thread idle -> terminating. Have a great day.
07-13 20:33:20.005 32567 23042 I NearbyMediums: No BLE Fast/GATT advertisements found in the latest cycle.
07-13 20:33:20.005 32567 23042 I NearbyMediums: Current Tracked Scanning Clients are : {NearbyConnections.EnvironmentMonitor, NearbySharing, NearbyConnections.TxAdvertisement}
07-13 20:33:20.832  3822  3953 D ScanFilter: manu data matches
07-13 20:33:20.832  3822  3953 D BtGatt.GattService: onScanResult to scannerId: 6- eventType=0x1b, addressType=0, address=28AF42_D, primaryPhy=1, secondaryPhy=0, advertisingSid=0xff, txPower=127, rssi=-77, periodicAdvInt=0x0
07-13 20:33:20.986 23909 23919 W System  : A resource failed to call close.
07-13 20:33:21.486 25011 25011 D BoundBrokerSvc: onUnbind: Intent { act=com.google.android.gms.measurement.START pkg=com.google.android.gms }
07-13 20:33:21.847   472   472 D io_stats: !@   8,0 r 151881456 3747412564 w 28219005 508237404 d 0 0 f 0 0 iot 29447752 0 th 0 0 0 pt 0 inp 0 0 1038952.422
07-13 20:33:21.955  5236  5236 I SDHMS:LOAD: type: LoadsFreqs, value: 0:0:0:564200:2730000:520000:552760:1794000:507000:3:156:0
07-13 20:33:22.042 25069 25069 D BoundBrokerSvc: onUnbind: Intent { act=com.google.android.gms.time.trustedtime.service.START dat=chimera-action:/... cmp=com.google.android.gms/.chimera.PersistentDirectBootAwareApiService }
07-13 20:33:22.124 25386 25400 W System  : A resource failed to call CursorWindow.close.
07-13 20:33:22.198 32567 32567 D BoundBrokerSvc: onUnbind: Intent { act=com.google.android.gms.time.trustedtime.singleuserapi.service.START dat=chimera-action:/... cmp=com.google.android.gms/.chimera.PersistentSingleUserInternalApiService }
07-13 20:33:22.334  3822  3953 D ScanFilter: manu data matches
07-13 20:33:22.334  3822  3953 D BtGatt.GattService: onScanResult to scannerId: 6- eventType=0x1b, addressType=0, address=28AF42_D, primaryPhy=1, secondaryPhy=0, advertisingSid=0xff, txPower=127, rssi=-71, periodicAdvInt=0x0
07-13 20:33:22.348  3822  3953 D ScanFilter: manu data matches
07-13 20:33:22.348  3822  3953 D BtGatt.GattService: onScanResult to scannerId: 6- eventType=0x1b, addressType=0, address=28AF42_D, primaryPhy=1, secondaryPhy=0, advertisingSid=0xff, txPower=127, rssi=-71, periodicAdvInt=0x0
07-13 20:33:22.350  3149  5449 D SemWifiUsabilityStatsMonitor: onWifiUsabilityStats - seqNum 175453, isSameBssidAndFreq true
07-13 20:33:22.354  3149  3408 I SemWifiLinkQualityMonitor: Link Qos Query: 0.570 ms / 14.047 Mbps (28 / 0.141 / 1.333)
07-13 20:33:22.473 25069 25069 D BoundBrokerSvc: onUnbind: Intent { act=com.google.android.gms.nearby.uwb.service.START dat=chimera-action:/... cmp=com.google.android.gms/.chimera.PersistentApiServiceNoInstantApps }
07-13 20:33:22.486 25011 25011 D BoundBrokerSvc: onUnbind: Intent { act=com.google.android.mobstore.service.START dat=chimera-action:/... cmp=com.google.android.gms/.chimera.GmsApiService }
07-13 20:33:22.493 25069 25069 D BoundBrokerSvc: onUnbind: Intent { act=com.google.android.gms.nearby.presence.service.START dat=chimera-action:/... cmp=com.google.android.gms/.chimera.PersistentApiServiceNoInstantApps }
07-13 20:33:22.497 25620 25706 I [SPOS]i : RxComputationThreadPool-1 | no activity, exiting process
07-13 20:33:22.514 25620 25706 I sungpositioning: System.exit called, status: 0
07-13 20:33:22.515 25620 25706 I AndroidRuntime: VM exiting with result code 0, cleanup skipped.
07-13 20:33:22.548 25011 25011 D BoundBrokerSvc: onUnbind: Intent { act=com.google.android.gms.onboardingconsent.api.ConsentManagerApiService.START dat=chimera-action:/... cmp=com.google.android.gms/.chimera.GmsApiService }
07-13 20:33:22.579  3149  5195 I ActivityManager: Process com.samsung.android.samsungpositioning (pid 25620) has died: prev LAST(206,1969)
07-13 20:33:22.580  2929  2929 I Zygote  : Process 25620 exited cleanly (0)
07-13 20:33:22.581  3149  3181 I libprocessgroup: Successfully killed process cgroup uid 5017 pid 25620 in 0ms
07-13 20:33:22.599   685   685 E audit   : type=1400 audit(1783938802.595:708780): avc:  denied  { write } for  pid=32567 comm="ThreadPoolForeg" name="traced_producer" dev="tmpfs" ino=7808 scontext=u:r:gmscore_app:s0:c512,c768 tcontext=u:object_r:traced_producer_socket:s0 tclass=sock_file permissive=0 SEPF_SM-E625F_13_0001 audit_filtered
07-13 20:33:22.599   685   685 E audit   : type=1300 audit(1783938802.595:708780): arch=c00000b7 syscall=203 success=no exit=-13 a0=bf a1=b400007417fcc1e0 a2=1e a3=ffffffff95bb1b76 items=1 ppid=2929 pid=32567 auid=4294967295 uid=10228 gid=10228 euid=10228 suid=10228 fsuid=10228 egid=10228 sgid=10228 fsgid=10228 tty=(none) ses=4294967295 comm="ThreadPoolForeg" exe="/system/bin/app_process64" subj=u:r:gmscore_app:s0:c512,c768 key=(null)
07-13 20:33:22.599   685   685 E audit   : type=1306 audit(1783938802.595:708780): saddr=01002F6465762F736F636B65742F7472616365645F70726F647563657200
07-13 20:33:22.599   685   685 E audit   : type=1302 audit(1783938802.595:708780): item=0 name="/dev/socket/traced_producer" inode=7808 dev=00:11 mode=0140666 ouid=0 ogid=0 rdev=00:00 obj=u:object_r:traced_producer_socket:s0 nametype=NORMAL cap_fp=0000000000000000 cap_fi=0000000000000000 cap_fe=0 cap_fver=0
07-13 20:33:22.599   685   685 E audit   : type=1327 audit(1783938802.595:708780): proctitle="com.google.android.gms.persistent"
07-13 20:33:22.799 25011 25080 I AggregationService: (REDACTED) Starting finalization task for expired aggregation windows. Total number of expired files: %s
07-13 20:33:22.815 25069 25069 D BoundBrokerSvc: onUnbind: Intent { act=com.google.android.gms.clearcut.bootcount.service.START dat=chimera-action:/... cmp=com.google.android.gms/.chimera.PersistentBoundBrokerService }
07-13 20:33:22.821 25011 25011 D BoundBrokerSvc: onUnbind: Intent { act=com.google.android.gms.logaggregation.service.START dat=chimera-action:/... cmp=com.google.android.gms/.chimera.GmsApiService }
07-13 20:33:23.203   761   761 E sehhealth-service: Could not open /sys/class/power_supply/battery/lrp
07-13 20:33:23.823 25011 25011 D BoundBrokerSvc: onUnbind: Intent { act=com.google.android.mdd.service.START dat=chimera-action:/... cmp=com.google.android.gms/.chimera.GmsApiService }
07-13 20:33:23.848   472   472 D io_stats: !@   8,0 r 151881469 3747412696 w 28219021 508237460 d 0 0 f 0 0 iot 29447760 0 th 0 0 0 pt 0 inp 0 0 1038954.423
07-13 20:33:24.385 25069 25069 D BoundBrokerSvc: onUnbind: Intent { act=com.google.android.gms.auth.aang.events.services.START dat=chimera-action:/... cmp=com.google.android.gms/.chimera.PersistentApiService }
07-13 20:33:24.449 25011 25011 D BoundBrokerSvc: onUnbind: Intent { act=com.google.android.gms.chimera.container.moduleinstall.ModuleInstallService.START dat=chimera-action:/... cmp=com.google.android.gms/.chimera.GmsApiService }
07-13 20:33:24.460  3149  4155 I ActivityManager: Killing 23791:com.android.chrome/u0a237 (adj 999): empty #25
07-13 20:33:24.474  3149  3181 I libprocessgroup: Successfully killed process cgroup uid 10237 pid 23791 in 0ms
07-13 20:33:24.538  2929  2929 I Zygote  : Process 23791 exited due to signal 9 (Killed)
07-13 20:33:24.541  3149  3483 I ActivityManager: Killing 15788:com.google.process.gservices/u0a228 (adj 999): empty #25
07-13 20:33:24.549  3149  3181 I libprocessgroup: Successfully killed process cgroup uid 10228 pid 15788 in 0ms
07-13 20:33:24.590  2929  2929 I Zygote  : Process 15788 exited due to signal 9 (Killed)
07-13 20:33:24.860  3822  3953 D ScanFilter: manu data matches
07-13 20:33:24.860  3822  3953 D BtGatt.GattService: onScanResult to scannerId: 6- eventType=0x1b, addressType=0, address=28AF42_D, primaryPhy=1, secondaryPhy=0, advertisingSid=0xff, txPower=127, rssi=-70, periodicAdvInt=0x0
07-13 20:33:24.862 19573 19598 I BCMGR[11.2.04.4]: BeaconMainController] onReceive - [1 : bad rssi][2 : bad rssi][3 : bad rssi][4 : bad rssi][5 : bad rssi][6 : bad rssi][7 : bad rssi][8 : bad rssi][9 : bad rssi][10 : bad rssi]
07-13 20:33:24.869  5676  5708 I [+1000]oneconnect[1.8.47.24_01][BEACON_MANAGER_CONTROL_SERVICE]: BeaconManagerControlService.reserveStopService - Setting timer to stop service in 180000ms
07-13 20:33:24.869  3822  3953 D ScanFilter: manu data matches
07-13 20:33:24.869  3822  3953 D BtGatt.GattService: onScanResult to scannerId: 6- eventType=0x1b, addressType=0, address=28AF42_D, primaryPhy=1, secondaryPhy=0, advertisingSid=0xff, txPower=127, rssi=-70, periodicAdvInt=0x0
07-13 20:33:25.358 25069 25069 D BoundBrokerSvc: onUnbind: Intent { act=com.google.android.gms.scheduler.ACTION_PROXY_SCHEDULE dat=chimera-action:/... cmp=com.google.android.gms/.chimera.PersistentDirectBootAwareApiService }
07-13 20:33:25.419 25069 25069 D BoundBrokerSvc: onUnbind: Intent { act=com.google.android.gms.clearcut.service.START pkg=com.google.android.gms }
07-13 20:33:25.445  3149  5449 D SemWifiUsabilityStatsMonitor: onWifiUsabilityStats - seqNum 175454, isSameBssidAndFreq true
07-13 20:33:25.448  3149  3408 I SemWifiLinkQualityMonitor: Link Qos Query: 0.658 ms / 12.153 Mbps (28 / 0.208 / 1.333)
07-13 20:33:25.850   472   472 D io_stats: !@   8,0 r 151881474 3747412948 w 28219021 508237460 d 0 0 f 0 0 iot 29447764 0 th 0 0 0 pt 0 inp 0 0 1038956.425
07-13 20:33:26.281 25069 25069 D BoundBrokerSvc: onUnbind: Intent { act=com.google.android.gms.libs.gmscorelogger.service.START dat=chimera-action:/... cmp=com.google.android.gms/.chimera.PersistentDirectBootAwareApiService }
07-13 20:33:26.373  3822  3953 D ScanFilter: manu data matches
07-13 20:33:26.374  3822  3953 D BtGatt.GattService: onScanResult to scannerId: 6- eventType=0x1b, addressType=0, address=28AF42_D, primaryPhy=1, secondaryPhy=0, advertisingSid=0xff, txPower=127, rssi=-79, periodicAdvInt=0x0
07-13 20:33:26.773   685   685 E audit   : type=1400 audit(1783938806.767:708781): avc:  denied  { write } for  pid=31818 comm="ThreadPoolForeg" name="traced_producer" dev="tmpfs" ino=7808 scontext=u:r:gmscore_app:s0:c512,c768 tcontext=u:object_r:traced_producer_socket:s0 tclass=sock_file permissive=0 SEPF_SM-E625F_13_0001 audit_filtered
07-13 20:33:26.773   685   685 E audit   : type=1300 audit(1783938806.767:708781): arch=c00000b7 syscall=203 success=no exit=-13 a0=72 a1=b400007418026090 a2=1e a3=ffffffff95bb1b76 items=1 ppid=2929 pid=31818 auid=4294967295 uid=10228 gid=10228 euid=10228 suid=10228 fsuid=10228 egid=10228 sgid=10228 fsgid=10228 tty=(none) ses=4294967295 comm="ThreadPoolForeg" exe="/system/bin/app_process64" subj=u:r:gmscore_app:s0:c512,c768 key=(null)
07-13 20:33:26.773   685   685 E audit   : type=1306 audit(1783938806.767:708781): saddr=01002F6465762F736F636B65742F7472616365645F70726F647563657200
07-13 20:33:26.773   685   685 E audit   : type=1302 audit(1783938806.767:708781): item=0 name="/dev/socket/traced_producer" inode=7808 dev=00:11 mode=0140666 ouid=0 ogid=0 rdev=00:00 obj=u:object_r:traced_producer_socket:s0 nametype=NORMAL cap_fp=0000000000000000 cap_fi=0000000000000000 cap_fe=0 cap_fver=0
07-13 20:33:26.773   685   685 E audit   : type=1327 audit(1783938806.767:708781): proctitle="com.google.android.gms"
07-13 20:33:27.023  3511  3511 D TileLifecycleManager: Unbinding service Intent { cmp=com.samsung.android.mdx/.windowslink.tileservice.SeYourPhoneTileService (has extras) } UserHandle{0}
07-13 20:33:27.038  3149  4155 I ActivityManager: Changes in 10093 5 to 10, 8 to 0
07-13 20:33:27.050  3149  4155 I ActivityManager: Killing 23865:com.google.android.documentsui/u0a76 (adj 999): empty #25
07-13 20:33:27.062  3149  3181 I libprocessgroup: Successfully killed process cgroup uid 10076 pid 23865 in 8ms
07-13 20:33:27.111  2929  2929 I Zygote  : Process 23865 exited due to signal 9 (Killed)
07-13 20:33:27.469 23780 23780 I wpa_supplicant: Heartbeat 93459
07-13 20:33:27.851   472   472 D io_stats: !@   8,0 r 151881888 3747426320 w 28219022 508237464 d 0 0 f 0 0 iot 29447856 0 th 0 0 0 pt 0 inp 0 0 1038958.426
07-13 20:33:28.148 25069 25412 I NearbyMediums: No BLE Fast/GATT advertisements found in the latest cycle.
07-13 20:33:28.148 25069 25412 I NearbyMediums: Current Tracked Scanning Clients are : {NearbyConnections.EnvironmentMonitor, NearbySharing}
07-13 20:33:28.527  3149  5449 D SemWifiUsabilityStatsMonitor: onWifiUsabilityStats - seqNum 175455, isSameBssidAndFreq true
07-13 20:33:28.528  3149  3408 I SemWifiLinkQualityMonitor: Link Qos Query: 0.519 ms / 15.414 Mbps (28 / 0.104 / 1.333)
07-13 20:33:29.715  3511  3596 D MobileStatusTracker(0/4): onSignalStrengthsChanged level=3, vendorLevel=3
07-13 20:33:29.722  3511  3596 D MobileSignalController(0/4): notifyListener: enabled=true, connected=true, dataConnected=false, networkType=LTE (4G), emergencyOnly=true, roaming=false, isDefault=false, dataActivity=, level=3, ca=false, mmWave=false, disabledDataIcon=false, simCard=ETC
07-13 20:33:29.722  3511  3596 D NetworkController: SignalStrength from intent slotId=0
07-13 20:33:29.852   472   472 D io_stats: !@   8,0 r 151881991 3747430964 w 28219022 508237464 d 0 0 f 0 0 iot 29447884 0 th 0 0 0 pt 0 inp 0 0 1038960.427
07-13 20:33:30.007 32567 23042 I NearbyMediums: No BLE Fast/GATT advertisements found in the latest cycle.
07-13 20:33:30.008 32567 23042 I NearbyMediums: Current Tracked Scanning Clients are : {NearbyConnections.EnvironmentMonitor, NearbySharing, NearbyConnections.TxAdvertisement}
07-13 20:33:30.398  3822  3953 D ScanFilter: manu data matches
07-13 20:33:30.399  3822  3953 D BtGatt.GattService: onScanResult to scannerId: 6- eventType=0x1b, addressType=0, address=28AF42_D, primaryPhy=1, secondaryPhy=0, advertisingSid=0xff, txPower=127, rssi=-73, periodicAdvInt=0x0
07-13 20:33:30.400  3822  3953 D ScanFilter: manu data matches
07-13 20:33:30.400  3822  3953 D BtGatt.GattService: onScanResult to scannerId: 6- eventType=0x1b, addressType=0, address=28AF42_D, primaryPhy=1, secondaryPhy=0, advertisingSid=0xff, txPower=127, rssi=-73, periodicAdvInt=0x0
07-13 20:33:30.636 25069 25069 D BoundBrokerSvc: onUnbind: Intent { act=com.google.android.gms.pseudonymous.service.START dat=chimera-action:/... cmp=com.google.android.gms/.chimera.PersistentApiService }
07-13 20:33:31.588 24215 24524 I droidLoggerWhenMappings: Running background check
07-13 20:33:31.618   685   685 E audit   : type=1400 audit(1783938811.615:708782): avc:  denied  { read } for  pid=24215 comm=496E74756E65204D414D206261636B name="policy" dev="selinuxfs" ino=20 scontext=u:r:priv_app:s0:c512,c768 tcontext=u:object_r:selinuxfs:s0 tclass=file permissive=0 SEPF_SM-E625F_13_0001 audit_filtered
07-13 20:33:31.618   685   685 E audit   : type=1300 audit(1783938811.615:708782): arch=c00000b7 syscall=56 success=no exit=-13 a0=ffffff9c a1=b400007417fe3160 a2=0 a3=0 items=1 ppid=2929 pid=24215 auid=4294967295 uid=10103 gid=10103 euid=10103 suid=10103 fsuid=10103 egid=10103 sgid=10103 fsgid=10103 tty=(none) ses=4294967295 comm=496E74756E65204D414D206261636B exe="/system/bin/app_process64" subj=u:r:priv_app:s0:c512,c768 key=(null)
07-13 20:33:31.618   685   685 E audit   : type=1302 audit(1783938811.615:708782): item=0 name="/sys/fs/selinux/policy" inode=20 dev=00:10 mode=0100444 ouid=0 ogid=0 rdev=00:00 obj=u:object_r:selinuxfs:s0 nametype=NORMAL cap_fp=0000000000000000 cap_fi=0000000000000000 cap_fe=0 cap_fver=0
07-13 20:33:31.618   685   685 E audit   : type=1327 audit(1783938811.615:708782): proctitle="com.microsoft.skydrive"
07-13 20:33:31.621  3149  3442 D NetdEventListenerService: DNS Requested by : 107, 10103
07-13 20:33:31.622  3149  5449 D SemWifiUsabilityStatsMonitor: onWifiUsabilityStats - seqNum 175456, isSameBssidAndFreq true
07-13 20:33:31.623  3149  3408 I SemWifiLinkQualityMonitor: Link Qos Query: 0.690 ms / 11.589 Mbps (28 / 0.232 / 1.333)
07-13 20:33:32.089  5236  5236 I SDHMS:LOAD: type: LoadsFreqs, value: 0:0:0:520000:520000:520000:507000:507000:507000:0:0:0
07-13 20:33:32.512 25069 25069 D BoundBrokerSvc: onUnbind: Intent { act=com.google.android.gms.clearcut.service.START dat=chimera-action:/... cmp=com.google.android.gms/.chimera.PersistentDirectBootAwareApiService }
07-13 20:33:32.732  3149  3442 D NetdEventListenerService: DNS Requested by : 107, 10385
07-13 20:33:34.425  3822  3953 D ScanFilter: manu data matches
07-13 20:33:34.426  3822  3953 D BtGatt.GattService: onScanResult to scannerId: 6- eventType=0x1b, addressType=0, address=28AF42_D, primaryPhy=1, secondaryPhy=0, advertisingSid=0xff, txPower=127, rssi=-70, periodicAdvInt=0x0
07-13 20:33:34.434  5676  5708 I [+1000]oneconnect[1.8.47.24_01][BEACON_MANAGER_CONTROL_SERVICE]: BeaconManagerControlService.reserveStopService - Setting timer to stop service in 180000ms
07-13 20:33:34.436  3822  3953 D ScanFilter: manu data matches
07-13 20:33:34.437  3822  3953 D BtGatt.GattService: onScanResult to scannerId: 6- eventType=0x1b, addressType=0, address=28AF42_D, primaryPhy=1, secondaryPhy=0, advertisingSid=0xff, txPower=127, rssi=-70, periodicAdvInt=0x0
07-13 20:33:34.717  3149  5449 D SemWifiUsabilityStatsMonitor: onWifiUsabilityStats - seqNum 175457, isSameBssidAndFreq true
07-13 20:33:34.722  3149  3408 I SemWifiLinkQualityMonitor: Link Qos Query: 0.694 ms / 11.521 Mbps (28 / 0.235 / 1.333)
07-13 20:33:35.251  3149  3158 I system_server: Background young concurrent copying GC freed 322677(15MB) AllocSpace objects, 20(400KB) LOS objects, 8% free, 155MB/170MB, paused 14.257ms,273us total 117.153ms
07-13 20:33:35.258  3149  3160 W System  : A resource failed to call close.
07-13 20:33:35.258 24016 24027 W System  : A resource failed to call close.
07-13 20:33:35.258 24016 24027 W System  : A resource failed to call close.
07-13 20:33:35.855   472   472 D io_stats: !@   8,0 r 151882058 3747432448 w 28219036 508237596 d 0 0 f 0 0 iot 29447892 0 th 0 0 0 pt 0 inp 0 0 1038966.430
07-13 20:33:35.975  3822  3953 D ScanFilter: manu data matches
07-13 20:33:35.976  3822  3953 D BtGatt.GattService: onScanResult to scannerId: 6- eventType=0x1b, addressType=0, address=28AF42_D, primaryPhy=1, secondaryPhy=0, advertisingSid=0xff, txPower=127, rssi=-81, periodicAdvInt=0x0
07-13 20:33:36.104 24016 24024 I _client_process: JIT allocated 69KB for compiled code of void o.zzana.run()
07-13 20:33:36.105 24016 24024 I _client_process: Compiler allocated 7924KB to compile void o.zzana.run()
07-13 20:33:36.948  3149  3396 I ChimeraAggressivePolicyHandler: executePolicy() - triggerSource: TRIGGER_SOURCE_LMKD
07-13 20:33:36.952  3149  3396 I ChimeraAggressivePolicyHandler: available memory: 2221116, free memory target: 1126400, quit chimera
07-13 20:33:37.181  5236  6698 I SDHMS:D : SIOP:: AP:278 BAT:242 USB:0 CHG:282 PA:294 WIFI:281 SKIN:273 SKINF:264 SKINB:273 LRP:273 LRF:264 LRB:273
07-13 20:33:37.186 31818 27561 I gle.android.gms: Explicit concurrent copying GC freed 49361(2569KB) AllocSpace objects, 12(624KB) LOS objects, 23% free, 26MB/34MB, paused 476us,141us total 737.831ms
07-13 20:33:37.211  3149  3406 I SemWifiServiceDetector: Traff. tracking started
07-13 20:33:37.470 23780 23780 I wpa_supplicant: Heartbeat 93460
07-13 20:33:37.714  3149  3406 D SemNscXgbMsL1: Probability - Cloud gaming: [0.037392095]
07-13 20:33:37.715  3149  3406 D SemNscXgbMsL1: Probability - Real time: [0.053857334]
07-13 20:33:37.715  3149  3406 D SemNscXgbMsL1: Probability - Non real time: [0.96232134]
07-13 20:33:37.715  3149  3406 D SemNscXgbMsL1: 1 sample inference time: 2.134615 msecs
07-13 20:33:37.720  3149  3406 D SemNscXgbL2Rt: L2 RT 1 sample inference time: 4.2425 msecs
07-13 20:33:37.723  3149  3406 D SemNscXgbL2Nrt: L2 NRT 1 sample inference time: 2.562077 msecs
07-13 20:33:37.808  3149  5449 D SemWifiUsabilityStatsMonitor: onWifiUsabilityStats - seqNum 175458, isSameBssidAndFreq true
07-13 20:33:37.810  3149  3408 I SemWifiLinkQualityMonitor: Link Qos Query: 0.785 ms / 10.188 Mbps (28 / 0.303 / 1.333)
07-13 20:33:37.857   472   472 D io_stats: !@   8,0 r 151882462 3747441288 w 28219045 508237724 d 0 0 f 0 0 iot 29447956 0 th 0 0 0 pt 0 inp 0 0 1038968.432
07-13 20:33:38.151 25069 25412 I NearbyMediums: No BLE Fast/GATT advertisements found in the latest cycle.
07-13 20:33:38.151 25069 25412 I NearbyMediums: Current Tracked Scanning Clients are : {NearbyConnections.EnvironmentMonitor, NearbySharing}
07-13 20:33:38.225  3149  3406 D SemNscXgbMsL1: Probability - Cloud gaming: [0.04336829]
07-13 20:33:38.226  3149  3406 D SemNscXgbMsL1: Probability - Real time: [0.03404081]
07-13 20:33:38.227  3149  3406 D SemNscXgbMsL1: Probability - Non real time: [0.94043374]
07-13 20:33:38.227  3149  3406 D SemNscXgbMsL1: 1 sample inference time: 2.281693 msecs
07-13 20:33:38.231  3149  3406 D SemNscXgbL2Rt: L2 RT 1 sample inference time: 3.72023 msecs
07-13 20:33:38.234  3149  3406 D SemNscXgbL2Nrt: L2 NRT 1 sample inference time: 3.045538 msecs
07-13 20:33:38.476 25069 25069 I NearbyUWB: (REDACTED) Initiating shutdown of ServiceControllerRouter %s.
07-13 20:33:38.477 25069 25412 I NearbyUWB: (REDACTED) Completed shutdown of ServiceControllerRouter %s.
07-13 20:33:38.479 25069 25069 I Nearby  : (REDACTED) Successfully shutdown executor %s.
07-13 20:33:38.482 25069 25069 I Nearby  : (REDACTED) Successfully shutdown executor %s.
07-13 20:33:38.736  3149  3406 D SemNscXgbMsL1: Probability - Cloud gaming: [0.028076127]
07-13 20:33:38.737  3149  3406 D SemNscXgbMsL1: Probability - Real time: [0.022118863]
07-13 20:33:38.737  3149  3406 D SemNscXgbMsL1: Probability - Non real time: [0.88953793]
07-13 20:33:38.737  3149  3406 D SemNscXgbMsL1: 1 sample inference time: 1.998885 msecs
07-13 20:33:38.741  3149  3406 D SemNscXgbL2Rt: L2 RT 1 sample inference time: 3.472885 msecs
07-13 20:33:38.744  3149  3406 D SemNscXgbL2Nrt: L2 NRT 1 sample inference time: 2.659308 msecs
07-13 20:33:39.246  3149  3406 D SemNscXgbMsL1: Probability - Cloud gaming: [0.03315632]
07-13 20:33:39.247  3149  3406 D SemNscXgbMsL1: Probability - Real time: [0.01930099]
07-13 20:33:39.247  3149  3406 D SemNscXgbMsL1: Probability - Non real time: [0.8991274]
07-13 20:33:39.247  3149  3406 D SemNscXgbMsL1: 1 sample inference time: 2.00677 msecs
07-13 20:33:39.251  3149  3406 D SemNscXgbL2Rt: L2 RT 1 sample inference time: 3.466154 msecs
07-13 20:33:39.254  3149  3406 D SemNscXgbL2Nrt: L2 NRT 1 sample inference time: 2.575538 msecs
07-13 20:33:39.755  3149  3406 D SemNscXgbMsL1: Probability - Cloud gaming: [0.035549138]
07-13 20:33:39.756  3149  3406 D SemNscXgbMsL1: Probability - Real time: [0.020633982]
07-13 20:33:39.757  3149  3406 D SemNscXgbMsL1: Probability - Non real time: [0.91244495]
07-13 20:33:39.757  3149  3406 D SemNscXgbMsL1: 1 sample inference time: 1.895884 msecs
07-13 20:33:39.761  3149  3406 D SemNscXgbL2Rt: L2 RT 1 sample inference time: 3.726807 msecs
07-13 20:33:39.764  3149  3406 D SemNscXgbL2Nrt: L2 NRT 1 sample inference time: 3.039039 msecs
07-13 20:33:39.859   472   472 D io_stats: !@   8,0 r 151882466 3747441416 w 28219045 508237724 d 0 0 f 0 0 iot 29447960 0 th 0 0 0 pt 0 inp 0 0 1038970.433
07-13 20:33:39.979  3822  3953 D ScanFilter: manu data matches
07-13 20:33:39.980  3822  3953 D BtGatt.GattService: onScanResult to scannerId: 6- eventType=0x1b, addressType=0, address=28AF42_D, primaryPhy=1, secondaryPhy=0, advertisingSid=0xff, txPower=127, rssi=-73, periodicAdvInt=0x0
07-13 20:33:39.989  3822  3953 D ScanFilter: manu data matches
07-13 20:33:39.989  3822  3953 D BtGatt.GattService: onScanResult to scannerId: 6- eventType=0x1b, addressType=0, address=28AF42_D, primaryPhy=1, secondaryPhy=0, advertisingSid=0xff, txPower=127, rssi=-74, periodicAdvInt=0x0
07-13 20:33:40.012 32567 23042 I NearbyMediums: No BLE Fast/GATT advertisements found in the latest cycle.
07-13 20:33:40.012 32567 23042 I NearbyMediums: Current Tracked Scanning Clients are : {NearbyConnections.EnvironmentMonitor, NearbySharing, NearbyConnections.TxAdvertisement}
07-13 20:33:40.078  3149  3170 E Watchdog: !@Sync: 26716 heap: 162 / 170 FD: 1208 [2026-07-13 20:33:40.077] softdog disabled
07-13 20:33:40.196  3149  3406 I SemWifiServiceDetector: Traff. tracking stopped
07-13 20:33:40.626 16478 16600 I ContactsProvider_EventLog: cp_s: [CONTACT con(0) dat(0) acc({}) calls([]) Iso(AU) uId(150) ]

07-13 20:33:40.626 16478 16600 I ContactsProvider_EventLog: cp_s: [ agr({}) ]

07-13 20:33:40.626 16478 16600 I ContactsProvider_EventLog: cp_s: [ cnt({}) ]

07-13 20:33:40.626 16478 16600 I ContactsProvider_EventLog: cp_s: [PROFILE ] [SAPROFILE ]

07-13 20:33:40.626 16478 16600 I ContactsProvider_EventLog: cp_s: [STATE R(F) ]
07-13 20:33:40.902  3149  5449 D SemWifiUsabilityStatsMonitor: onWifiUsabilityStats - seqNum 175459, isSameBssidAndFreq true
07-13 20:33:40.907  3149  3408 I SemWifiLinkQualityMonitor: Link Qos Query: 0.697 ms / 11.484 Mbps (28 / 0.237 / 1.333)
07-13 20:33:41.497  3822  3953 D ScanFilter: manu data matches
07-13 20:33:41.498  3822  3953 D BtGatt.GattService: onScanResult to scannerId: 6- eventType=0x1b, addressType=0, address=28AF42_D, primaryPhy=1, secondaryPhy=0, advertisingSid=0xff, txPower=127, rssi=-75, periodicAdvInt=0x0
07-13 20:33:41.500 19573 19598 I BCMGR[11.2.04.4]: BeaconMainController] onReceive - [1 : ST packet!][2 : ST packet!][3 : bad rssi][4 : bad rssi][5 : bad rssi][6 : ST packet!][7 : ST packet!][8 : bad rssi][9 : bad rssi][10 : bad rssi]
07-13 20:33:41.506  3822  3953 D ScanFilter: manu data matches
07-13 20:33:41.507  3822  3953 D BtGatt.GattService: onScanResult to scannerId: 6- eventType=0x1b, addressType=0, address=28AF42_D, primaryPhy=1, secondaryPhy=0, advertisingSid=0xff, txPower=127, rssi=-74, periodicAdvInt=0x0
07-13 20:33:41.860   472   472 D io_stats: !@   8,0 r 151882494 3747442072 w 28219047 508237740 d 0 0 f 0 0 iot 29447980 0 th 0 0 0 pt 0 inp 0 0 1038972.435
07-13 20:33:42.233  5236  5236 I SDHMS:LOAD: type: LoadsFreqs, value: 0:0:0:528319:936000:520000:584479:2210000:507000:0:0:0
07-13 20:33:43.410  3149  3382 D UsbStatsMonitor: 0 0 0 0 0 0 0 0 0 0 0 1 0 0 0 0 0 0 0 0 0 0 0 0 0 0 0 0 0 0 0 0 0 0 0 0 0 0 0 0 0 0 0 0 0 0 0 0 0 0 61916248539162
07-13 20:33:43.861   472   472 D io_stats: !@   8,0 r 151882497 3747442152 w 28219175 508239008 d 0 0 f 0 0 iot 29447996 0 th 0 0 0 pt 0 inp 0 0 1038974.436
07-13 20:33:44.011  3149  5449 D SemWifiUsabilityStatsMonitor: onWifiUsabilityStats - seqNum 175460, isSameBssidAndFreq true
07-13 20:33:44.013  3149  3408 I SemWifiLinkQualityMonitor: Link Qos Query: 0.609 ms / 13.147 Mbps (28 / 0.171 / 1.333)
07-13 20:33:44.014  3149  3358 D ConnectivityService: notifyType CALLBACK_CAP_CHANGED for [107 WIFI]
07-13 20:33:44.046  3149  3384 D SemWifiSwitchForIndividualAppsService: stopTCPMonitoring : already stopped
07-13 20:33:44.048  3149  3384 I WifiConnectivityMonitor.NCC: sNetworkCallback(oCC) FULL : 107(true/false)[ Transports: WIFI Capabilities: NOT_METERED&INTERNET&NOT_RESTRICTED&TRUSTED&NOT_VPN&VALIDATED&NOT_ROAMING&FOREGROUND&NOT_CONGESTED&NOT_SUSPENDED&NOT_VCN_MANAGED LinkUpBandwidth>=5531Kbps LinkDnBandwidth>=12116Kbps TransportInfo: <SSID: <unknown ssid>, BSSID: 02:00:00:**:**:00, MAC: 02:00:00:**:**:00, IP: /192.168.0.164, Security type: 2, Supplicant state: COMPLETED, Wi-Fi standard: 4, RSSI: -75, Link speed: 28Mbps, Tx Link speed: 28Mbps, Max Supported Tx Link speed: 72Mbps, Rx Link speed: 72Mbps, Max Supported Rx Link speed: 72Mbps, Frequency: 2427MHz, Net ID: -1, Metered hint: false, score: 60, isUsable: true, CarrierMerged: false, SubscriptionId: -1, IsPrimary: 1, Trusted: true, Restricted: false, Ephemeral: false, OEM paid: false, OEM private: false, OSU AP: false, FQDN: <none>, Provider friendly name: <none>, Requesting package name: <none><none>MLO Information: , AP MLD Address: <none>, AP MLO Link Id: <none>, AP MLO Affiliated links: <none>> SignalStrength: -75 AdminUids: [1000] SSID: "hari's" UnderlyingNetworks: Null]
07-13 20:33:44.054  3822  3953 D ScanFilter: manu data matches
07-13 20:33:44.054  3822  3953 D BtGatt.GattService: onScanResult to scannerId: 6- eventType=0x1b, addressType=0, address=28AF42_D, primaryPhy=1, secondaryPhy=0, advertisingSid=0xff, txPower=127, rssi=-73, periodicAdvInt=0x0
07-13 20:33:44.076  3149  3425 I WifiConnectivityMonitor: current mode : 1
07-13 20:33:44.076  3149  3425 D OpenNetworkQos[4.00]: updateBssidNoInternet: mBssidNoInternet = false
07-13 20:33:44.076  3149  3425 D OpenNetworkQos[4.00]: getOpenNetworkQosNoInternetStatus: false
07-13 20:33:44.076  3149  3425 D OpenNetworkQos[4.00]: getOpenNetworkQosScores: 26 23 23
07-13 20:33:44.076  3149  3425 D SettingsProvider: isChangeAllowed() : name = wifi_wcm_qos_sharing_score_summary
07-13 20:33:44.076  3149  3425 I WifiProfileShare: network QoS data was changed (internet), updateQoSData networkType: true, qosData: false
07-13 20:33:44.076  3149  4570 V WifiProfileShare.Caster: update wips network, size: 0
07-13 20:33:44.077  3149  4570 D WifiProfileShare: nearby scanning settings run
07-13 20:33:44.077  3149  4570 D WifiProfileShare: network score provider settings enabled
07-13 20:33:44.077  3149  4570 D OpenNetworkQos[4.00]: getOpenNetworkQosScores: 26 23 23
07-13 20:33:44.077  3149  4570 D OpenNetworkQos[4.00]: getOpenNetworkQosNoInternetStatus: false
07-13 20:33:44.077  3149  4570 I WifiProfileShare.Caster: current network type: 0, score: [26, 23, 23]
07-13 20:33:44.077  3149  4570 V WifiProfileShare.Caster: captive portal configuration was set
07-13 20:33:44.078  3149  4570 V WifiProfileShare.Cache: update network score 7a:fe:ce:**:**:3c
07-13 20:33:44.078  3149  4570 D WifiProfileShare.ScanMatcher: getMcfDataList size:1
07-13 20:33:44.078  3149  4570 I WifiProfileShare.Caster: qos data was updated , before:type:QOS, pBssid:99:e9:46, qosData:f3 after:type:QOS, pBssid:99:e9:46, qosData:f3
07-13 20:33:44.079  3149  4570 I [MCFSDK_android_1.2.4010]_4_b: isNetworkEnabled - type : 1 ret : true
07-13 20:33:44.079  3149  4570 D WifiProfileShare.McfCast: -ME--- mIsNetworkEnabled :true
07-13 20:33:44.079  3149  4570 D WifiProfileShare.McfCast: updateQoSData ignored, same contents
07-13 20:33:44.079  3149  4570 D WifiProfileShare.MCF: success update QosData !
07-13 20:33:44.080  3149  4570 I [MCFSDK_android_1.2.4010]_4_b: isNetworkEnabled - type : 1 ret : true
07-13 20:33:44.080  3149  4570 D WifiProfileShare.McfCast: -ME--- mIsNetworkEnabled :true
07-13 20:33:44.080  3149  4570 D WifiProfileShare.McfCast: -ME--- updatePasswordDate pwdData size:1
07-13 20:33:44.090 32567 25864 D ConnectivityManager: StackLog: [android.net.ConnectivityManager.sendRequestForNetwork(ConnectivityManager.java:4300)] [android.net.ConnectivityManager.sendRequestForNetwork(ConnectivityManager.java:4342)] [android.net.ConnectivityManager.registerNetworkCallback(ConnectivityManager.java:4724)] [android.net.ConnectivityManager.registerNetworkCallback(ConnectivityManager.java:4694)] [dqmy.a(:com.google.android.gms@262532029@26.25.32 (190400-944114241):34)] [lhu.a(:com.google.android.gms@262532029@26.25.32 (190400-944114241):19)] [dqnk.j(:com.google.android.gms@262532029@26.25.32 (190400-944114241):19)] [dqnk.O(:com.google.android.gms@262532029@26.25.32 (190400-944114241):14)] [dqnk.K(:com.google.android.gms@262532029@26.25.32 (190400-944114241):7)] [dqnk.I(:com.google.android.gms@262532029@26.25.32 (190400-944114241):23)] [dqnc.run(:com.google.android.gms@262532029@26.25.32 (190400-944114241):9)] [bkmu.c(:com.google.android.gms@262532029@26.25.32 (190400-944114241):50)] [bkmu.run(:com.google.android.gms@262532029@26.25.32 (190400-944114241):66)] [java.util.concurrent.ThreadPoolExecutor.runWorker(ThreadPoolExecutor.java:1137)] [java.util.concurrent.ThreadPoolExecutor$Worker.run(ThreadPoolExecutor.java:637)] [bksm.run(:com.google.android.gms@262532029@26.25.32 (190400-944114241):8)] [java.lang.Thread.run(Thread.java:1012)]
07-13 20:33:44.090  9058  9247 I HBD     : g onCapabilitiesChanged network : 107 current network state : wifi
07-13 20:33:44.096  3511  3596 D NetworkController.WifiSignalController: notifyListener: visible=true, connected=true, inetCondition=1, isDefault=true, wifiTestReported=true, receivedInetCondition=-1, hideDuringMobileSwitching=false
07-13 20:33:44.098 32567 32596 I NullBinder: NullBinder for android.net.action.RECOMMEND_NETWORKS triggering remote TransactionTooLargeException due to Service without Chimera impl, calling uid: 1000, calling pid: 0
07-13 20:33:44.098 32567 32596 W .gms.persistent: Large reply transaction of 1056768 bytes, interface descriptor , code 1
07-13 20:33:44.101 32567 25864 D ConnectivityManager: StackLog: [android.net.ConnectivityManager.unregisterNetworkCallback(ConnectivityManager.java:4972)] [dqnk.j(:com.google.android.gms@262532029@26.25.32 (190400-944114241):43)] [dqnk.O(:com.google.android.gms@262532029@26.25.32 (190400-944114241):14)] [dqnk.K(:com.google.android.gms@262532029@26.25.32 (190400-944114241):7)] [dqnk.I(:com.google.android.gms@262532029@26.25.32 (190400-944114241):23)] [dqnc.run(:com.google.android.gms@262532029@26.25.32 (190400-944114241):9)] [bkmu.c(:com.google.android.gms@262532029@26.25.32 (190400-944114241):50)] [bkmu.run(:com.google.android.gms@262532029@26.25.32 (190400-944114241):66)] [java.util.concurrent.ThreadPoolExecutor.runWorker(ThreadPoolExecutor.java:1137)] [java.util.concurrent.ThreadPoolExecutor$Worker.run(ThreadPoolExecutor.java:637)] [bksm.run(:com.google.android.gms@262532029@26.25.32 (190400-944114241):8)] [java.lang.Thread.run(Thread.java:1012)]
07-13 20:33:44.101 32567 25864 I NearbyMediums: Wifi changed new SSID: "hari's"
07-13 20:33:44.102 32567 25864 I NearbyMediums: WifiLanConnectivityInfo is not changed, skip notify.
07-13 20:33:44.103  3149  3358 D ConnectivityService: Rematched networks [computed 0ms] [applied 3ms] [issued 4]
07-13 20:33:44.103  3149  3358 D ConnectivityService: NetworkReassignment : no changes
07-13 20:33:44.108  3511  3596 D Tile.WifiTile: handleUpdateState isTransient=false transientEnabling =false cb.isTransient=false state.state = 2 mStateBeforeClick.value =false enabled =true
07-13 20:33:44.108 25069 25349 D ConnectivityManager: StackLog: [android.net.ConnectivityManager.sendRequestForNetwork(ConnectivityManager.java:4300)] [android.net.ConnectivityManager.sendRequestForNetwork(ConnectivityManager.java:4342)] [android.net.ConnectivityManager.registerNetworkCallback(ConnectivityManager.java:4724)] [android.net.ConnectivityManager.registerNetworkCallback(ConnectivityManager.java:4694)] [dqmy.a(:com.google.android.gms@262532029@26.25.32 (190400-944114241):34)] [lhu.a(:com.google.android.gms@262532029@26.25.32 (190400-944114241):19)] [dqnk.j(:com.google.android.gms@262532029@26.25.32 (190400-944114241):19)] [dqnk.O(:com.google.android.gms@262532029@26.25.32 (190400-944114241):14)] [dqnk.K(:com.google.android.gms@262532029@26.25.32 (190400-944114241):7)] [dqnk.I(:com.google.android.gms@262532029@26.25.32 (190400-944114241):23)] [dqnc.run(:com.google.android.gms@262532029@26.25.32 (190400-944114241):9)] [bkmu.c(:com.google.android.gms@262532029@26.25.32 (190400-944114241):50)] [bkmu.run(:com.google.android.gms@262532029@26.25.32 (190400-944114241):66)] [java.util.concurrent.ThreadPoolExecutor.runWorker(ThreadPoolExecutor.java:1137)] [java.util.concurrent.ThreadPoolExecutor$Worker.run(ThreadPoolExecutor.java:637)] [bksm.run(:com.google.android.gms@262532029@26.25.32 (190400-944114241):8)] [java.lang.Thread.run(Thread.java:1012)]
07-13 20:33:44.119  3149  3358 D ConnectivityService: Rematched networks [computed 1ms] [applied 5ms] [issued 1]
07-13 20:33:44.119  3149  3358 D ConnectivityService: NetworkReassignment : no changes
07-13 20:33:44.120 12011 12077 I BugleRcsEngine: Connected state: [1], networkType: [WIFI] [CONTEXT thread_id=24031 ]
07-13 20:33:44.120 12011 12117 I BugleRcsEngine: handleMessage processing message:[NOTIFY_UPTIME_IGNORE_STATE_CHANGED] with [non-null]:RcsEngineImpl reference [CONTEXT log_prefix="RcsEngineImpl[DUAL_REG]:[6222869c-462e]>Handler" thread_id=24041 ]
07-13 20:33:44.124 25069 25349 D ConnectivityManager: StackLog: [android.net.ConnectivityManager.unregisterNetworkCallback(ConnectivityManager.java:4972)] [dqnk.j(:com.google.android.gms@262532029@26.25.32 (190400-944114241):43)] [dqnk.O(:com.google.android.gms@262532029@26.25.32 (190400-944114241):14)] [dqnk.K(:com.google.android.gms@262532029@26.25.32 (190400-944114241):7)] [dqnk.I(:com.google.android.gms@262532029@26.25.32 (190400-944114241):23)] [dqnc.run(:com.google.android.gms@262532029@26.25.32 (190400-944114241):9)] [bkmu.c(:com.google.android.gms@262532029@26.25.32 (190400-944114241):50)] [bkmu.run(:com.google.android.gms@262532029@26.25.32 (190400-944114241):66)] [java.util.concurrent.ThreadPoolExecutor.runWorker(ThreadPoolExecutor.java:1137)] [java.util.concurrent.ThreadPoolExecutor$Worker.run(ThreadPoolExecutor.java:637)] [bksm.run(:com.google.android.gms@262532029@26.25.32 (190400-944114241):8)] [java.lang.Thread.run(Thread.java:1012)]
07-13 20:33:44.126 12011 12117 I BugleRcsEngine: Cannot use CS.apk as it's battery optimized [CONTEXT thread_id=24041 ]
07-13 20:33:44.126 25069 25349 I NearbyMediums: Wifi changed new SSID: "hari's"
07-13 20:33:44.127 25069 25349 I NearbyMediums: WifiLanConnectivityInfo is not changed, skip notify.
