07-13 20:34:17.171  3149  5199 W BroadcastQueue: Permission Denial: receiving Intent { act=android.intent.action.SERVICE_STATE flg=0x1000010 (has extras) } to com.google.android.cellbroadcastreceiver/com.android.cellbroadcastreceiver.CellBroadcastReceiver requires android.permission.READ_PHONE_STATE due to sender android (uid 1001)
07-13 20:34:17.175  3149  3179 W BroadcastQueue: Permission Denial: receiving Intent { act=android.intent.action.SERVICE_STATE flg=0x1000010 (has extras) } to com.google.android.cellbroadcastreceiver/com.android.cellbroadcastreceiver.CellBroadcastReceiver requires android.permission.ACCESS_FINE_LOCATION due to sender android (uid 1001)
07-13 20:34:17.175  3149  3179 W BroadcastQueue: Permission Denial: receiving Intent { act=android.intent.action.SERVICE_STATE flg=0x1000010 (has extras) } to com.google.android.cellbroadcastreceiver/com.android.cellbroadcastreceiver.CellBroadcastReceiver requires android.permission.READ_PHONE_STATE due to sender android (uid 1001)
07-13 20:34:17.176  3149  3179 D CompatibilityChangeReporter: Compat change id reported: 135634846; UID 10258; state: DISABLED
07-13 20:34:17.176  3149  3179 D CompatibilityChangeReporter: Compat change id reported: 177438394; UID 10258; state: DISABLED
07-13 20:34:17.176  3149  3179 D CompatibilityChangeReporter: Compat change id reported: 135772972; UID 10258; state: DISABLED
07-13 20:34:17.176  3149  3179 D CompatibilityChangeReporter: Compat change id reported: 135754954; UID 10258; state: ENABLED
07-13 20:34:17.176  3149  3180 D CompatibilityChangeReporter: Compat change id reported: 143937733; UID 10258; state: ENABLED
07-13 20:34:17.194  2929  2929 D Zygote  : Forked child process 26149
07-13 20:34:17.195  3149  3180 I ActivityManager: Start proc 26149:com.google.android.cellbroadcastreceiver/u0a258 for broadcast {com.google.android.cellbroadcastreceiver/com.android.cellbroadcastreceiver.CellBroadcastReceiver}
07-13 20:34:17.216 26149 26149 I oadcastreceiver: Using CollectorTypeCC GC.
07-13 20:34:17.227 26149 26149 E oadcastreceiver: Not starting debugger since process cannot load the jdwp agent.
07-13 20:34:17.238 26149 26149 D ActivityThread: setConscryptValidator
07-13 20:34:17.238 26149 26149 D ActivityThread: setConscryptValidator - put
07-13 20:34:17.242  3149  5218 I ActivityManager: DSS OFF for com.google.android.cellbroadcastreceiver
07-13 20:34:17.262 26149 26149 D CompatibilityChangeReporter: Compat change id reported: 171979766; UID 10258; state: ENABLED
07-13 20:34:17.281  3149  3406 D SemNscXgbMsL1: Probability - Cloud gaming: [0.21465176]
07-13 20:34:17.282  3149  3406 D SemNscXgbMsL1: Probability - Real time: [0.29414114]
07-13 20:34:17.282  3149  3406 D SemNscXgbMsL1: Probability - Non real time: [0.7248653]
07-13 20:34:17.282  3149  3406 D SemNscXgbMsL1: 1 sample inference time: 0.759384 msecs
07-13 20:34:17.285  3149  3406 D SemNscXgbL2Rt: L2 RT 1 sample inference time: 3.168308 msecs
07-13 20:34:17.286  3149  3406 D SemNscXgbL2Nrt: L2 NRT 1 sample inference time: 0.813539 msecs
07-13 20:34:17.301 26149 26149 D nativeloader: Configuring classloader-namespace-shared for other apk /apex/com.android.cellbroadcast/priv-app/GoogleCellBroadcastApp@331810000/GoogleCellBroadcastApp.apk. target_sdk_version=33, uses_libraries=, library_path=/apex/com.android.cellbroadcast/priv-app/GoogleCellBroadcastApp@331810000/lib/arm64:/system/lib64:/system/system_ext/lib64, permitted_path=/data:/mnt/expand:/data/user_de/0/com.google.android.cellbroadcastreceiver:/apex/com.android.cellbroadcast/priv-app/GoogleCellBroadcastApp@331810000:/system/lib64:/system/system_ext/lib64
07-13 20:34:17.370  3149  5218 D CompatibilityChangeReporter: Compat change id reported: 194532703; UID 5023; state: ENABLED
07-13 20:34:17.391  3149  3396 I ChimeraAggressivePolicyHandler: executePolicy() - triggerSource: TRIGGER_SOURCE_LMKD
07-13 20:34:17.392  3149  3396 I ChimeraAggressivePolicyHandler: available memory: 2225652, free memory target: 1126400, quit chimera
07-13 20:34:17.403 26149 26149 V GraphicsEnvironment: ANGLE Developer option for 'com.google.android.cellbroadcastreceiver' set to: 'default'
07-13 20:34:17.403 26149 26149 V GraphicsEnvironment: ANGLE GameManagerService for com.google.android.cellbroadcastreceiver: false
07-13 20:34:17.403 26149 26149 V GraphicsEnvironment: Neither updatable production driver nor prerelease driver is supported.
07-13 20:34:17.410 26149 26149 D NetworkSecurityConfig: No Network Security Config specified, using platform default
07-13 20:34:17.419 26149 26149 D NetworkSecurityConfig: No Network Security Config specified, using platform default
07-13 20:34:17.429  3149  5218 D PackageManager: setEnabledSetting : userId = 0 packageName = com.samsung.android.networkdiagnostic cmp = androidx.work.impl.background.systemalarm.RescheduleReceiver newState = 1 callingPackage = 5023/com.samsung.android.networkdiagnostic
07-13 20:34:17.429  3149  5218 D ApplicationPolicy: getApplicationStateEnabled : pkg = com.samsung.android.networkdiagnostic userId : 0
07-13 20:34:17.430  3149  5218 D ApplicationPolicy: getApplicationComponentState : pkg = com.samsung.android.networkdiagnostic userId : 0
07-13 20:34:17.450  3149  3185 W libprocessgroup: Failed to open /dev/blkio//cgroup.procs: No such file or directory
07-13 20:34:17.456  3149  5218 I GenerationRegistry: mBackingStore.isClosed() : false
07-13 20:34:17.462 26149 26149 D CellBroadcastReceiver: onReceive Intent { act=android.intent.action.SERVICE_STATE flg=0x1000010 cmp=com.google.android.cellbroadcastreceiver/com.android.cellbroadcastreceiver.CellBroadcastReceiver (has extras) }
07-13 20:34:17.474 23780 23780 I wpa_supplicant: Heartbeat 93464
07-13 20:34:17.486 26149 26149 D CellBroadcastReceiver: onServiceStateChanged, ss: 1
07-13 20:34:17.503   490   490 W keymaster_tee: [WRN]begin req PARAMS: A32 B2 P64
07-13 20:34:17.505   489  6543 I keystore2: keystore2::security_level: In create_operation. Success to create IKeystoreOperation. 5023, None
07-13 20:34:17.510  3149  5199 I ActivityManager: com.samsung.android.dqagent is exempt from freezer
07-13 20:34:17.511  3149  5199 D CompatibilityChangeReporter: Compat change id reported: 135634846; UID 1000; state: DISABLED
07-13 20:34:17.511  3149  5199 D CompatibilityChangeReporter: Compat change id reported: 177438394; UID 1000; state: DISABLED
07-13 20:34:17.511  3149  5199 D CompatibilityChangeReporter: Compat change id reported: 135772972; UID 1000; state: DISABLED
07-13 20:34:17.511  3149  5199 D CompatibilityChangeReporter: Compat change id reported: 135754954; UID 1000; state: ENABLED
07-13 20:34:17.532  2929  2929 D Zygote  : Forked child process 26174
07-13 20:34:17.533  3149  3180 I ActivityManager: Start proc 26174:com.samsung.android.dqagent/1000 for broadcast {com.samsung.android.dqagent/com.samsung.android.dqagent.receiver.DQADataReceiver}
07-13 20:34:17.561 26174 26174 I android.dqagent: Using CollectorTypeCC GC.
07-13 20:34:17.567 26121 26182 I [ND]SurveyMeasurementWorker: androidx.work-1 | Start Work
07-13 20:34:17.568 26121 26182 I [ND]SurveyMeasurementWorker: androidx.work-1 | internal receiver is registered
07-13 20:34:17.571 26174 26174 E android.dqagent: Not starting debugger since process cannot load the jdwp agent.
07-13 20:34:17.586 26174 26174 D ActivityThread: setConscryptValidator
07-13 20:34:17.586 26174 26174 D ActivityThread: setConscryptValidator - put
07-13 20:34:17.590  3149  5199 D CompatibilityChangeReporter: Compat change id reported: 168419799; UID 1000; state: DISABLED
07-13 20:34:17.591  3149  5199 I ActivityManager: DSS OFF for com.samsung.android.dqagent
07-13 20:34:17.611 26174 26174 D CompatibilityChangeReporter: Compat change id reported: 171979766; UID 1000; state: ENABLED
07-13 20:34:17.650  2977  2977 I lmkd    : 0(delay), 50(swap), 36(freelimit), 0(reentrymode) memory pressure events were skipped after a kill!
07-13 20:34:17.682 26121 26182 I [ND]Preconditions: androidx.work-1 | prop:false->false, pref:false->false, GRM mode (false)
07-13 20:34:17.683 26121 26182 I [ND]Preconditions: androidx.work-1 | UT Mode | Preconditions are NOT satisfied | "SM-E625F" in [ SurveyModelDomain(useModel=SM-G981N), SurveyModelDomain(useModel=SM-G986N), SurveyModelDomain(useModel=SM-G988N), SurveyModelDomain(useModel=SM-F700N), SurveyModelDomain(useModel=SM-F707N), SurveyModelDomain(useModel=SM-G977N), SurveyModelDomain(useModel=SM-N986N), SurveyModelDomain(useModel=SM-N981N), SurveyModelDomain(useModel=SM-F916N), SurveyModelDomain(useModel=SM-G991N), SurveyModelDomain(useModel=SM-G996N), SurveyModelDomain(useModel=SM-G998N), SurveyModelDomain(useModel=SM-F711N), SurveyModelDomain(useModel=SM-F926N), SurveyModelDomain(useModel=SM-S901N), SurveyModelDomain(useModel=SM-S906N), SurveyModelDomain(useModel=SM-S908N) ]
07-13 20:34:17.683 26121 26182 I [ND]UtModeUtilityImpl: androidx.work-1 | Get nedi.ut_mode (false)
07-13 20:34:17.683 26121 26182 I [ND]UtModeUtilityImpl: androidx.work-1 | Get nedi.grm_mode (false)
07-13 20:34:17.699 26121 26182 W [ND]LocationUtilityImpl: androidx.work-1 | getLocationSingle: location time/provider condition is not satisfied
07-13 20:34:17.719 26174 26174 I DIAGMON_SDK[605054]: DiagMonAgent type: 2
07-13 20:34:17.720 26174 26174 I DIAGMON_SDK[605054][999-399-549750] : generated SR object
07-13 20:34:17.747 26121 26182 I [ND]SurveyMeasurementWorker: androidx.work-1 | onComplete, disposed=true
07-13 20:34:17.749   490   490 W keymaster_tee: [WRN]begin req PARAMS: A32 B2 P64
07-13 20:34:17.751   489  6543 I keystore2: keystore2::security_level: In create_operation. Success to create IKeystoreOperation. 1000, None
07-13 20:34:17.751 26121 26182 I [ND]SurveyMeasurementWorker: androidx.work-1 | internal receiver is unregistered
07-13 20:34:17.754 26121 26182 I [ND]SurveyMeasurementWorker: androidx.work-1 | End Work: Success {mOutputData=Data {}}
07-13 20:34:17.757 26121 26165 I WM-WorkerWrapper: Worker result SUCCESS for Work [ id=dff3dd8f-99ec-44d4-8b08-0fe7dd9c82da, tags={ com.samsung.android.networkdiagnostic.core.background.cp.SurveyMeasurementWorker, LimitedAndStorageNotLow } ]
07-13 20:34:17.758  5161 30260 I DMASA[D][999-399-549750]: [DiagmonProvider]Received msg based on provider : true / anr_logging
07-13 20:34:17.759  5161 30260 I DMASA[D][999-399-549750]: [DiagmonProvider]Signature Check Success
07-13 20:34:17.774  3149  5221 I ActivityManager: Killing 24743:com.sec.android.app.sbrowser/u0a272 (adj 999): empty #25
07-13 20:34:17.778  3149  5199 I GenerationRegistry: mBackingStore.isClosed() : false
07-13 20:34:17.780 26174 26198 I DIAGMON_SDK[605054][999-399-549750] : Results : Success
07-13 20:34:17.787  3149  3406 D SemNscXgbMsL1: Probability - Cloud gaming: [0.042776346]
07-13 20:34:17.788  3149  3406 D SemNscXgbMsL1: Probability - Real time: [0.16532868]
07-13 20:34:17.788  3149  3406 D SemNscXgbMsL1: Probability - Non real time: [0.455663]
07-13 20:34:17.788  3149  3406 D SemNscXgbMsL1: 1 sample inference time: 0.721923 msecs
07-13 20:34:17.789  3149  3406 D SemNscXgbL2Rt: L2 RT 1 sample inference time: 1.172961 msecs
07-13 20:34:17.790  3149  3406 D SemNscXgbL2Nrt: L2 NRT 1 sample inference time: 0.991615 msecs
07-13 20:34:17.835  3149  3358 D ConnectivityService: releasing NetworkRequest [ REQUEST id=69192, [ Capabilities: INTERNET&NOT_RESTRICTED&TRUSTED&NOT_VCN_MANAGED Uid: 10272 RequestorUid: 10272 RequestorPkg: com.sec.android.app.sbrowser UnderlyingNetworks: Null] ] (release request)
07-13 20:34:17.835  3149  3358 D ConnectivityService:  Removing from current network [107 WIFI], leaving 188 requests.
07-13 20:34:17.836  2929  2929 I Zygote  : Process 24743 exited due to signal 9 (Killed)
07-13 20:34:17.837  3149  3181 I libprocessgroup: Successfully killed process cgroup uid 10272 pid 24743 in 61ms
07-13 20:34:17.848 26174 26199 I DQA     : [DQADatabaseOpenHelper]db open success
07-13 20:34:17.849 26174 26174 W android.dqagent: Long monitor contention with owner Thread-4 (26199) at k.a k.a.e(android.content.Context)(DBManager.java:6) waiters=0 in k.a k.a.e(android.content.Context) for 113ms
07-13 20:34:17.876  3511  3596 D MobileStatusTracker(1/1): onSignalStrengthsChanged level=3, vendorLevel=2
07-13 20:34:17.877  3511  3596 D MobileSignalController(1/1): notifyListener: enabled=true, connected=true, dataConnected=false, networkType=LTE (LTE), emergencyOnly=true, roaming=false, isDefault=false, dataActivity=, level=2, ca=false, mmWave=false, disabledDataIcon=false, simCard=RELIANCE
07-13 20:34:17.881  3511  3596 D NetworkController: SignalStrength from intent slotId=1
07-13 20:34:17.882   472   472 D io_stats: !@   8,0 r 151890113 3747624672 w 28220433 508247188 d 0 0 f 0 0 iot 29449536 0 th 0 0 0 pt 0 inp 0 0 1039008.457
07-13 20:34:17.892  3149  5211 I GenerationRegistry: mBackingStore.isClosed() : false
07-13 20:34:17.914   812   812 I SurfaceFlinger: SFWD update time=1039008489025146
07-13 20:34:17.923  3149  5211 I ActivityManager: Killing 24968:com.google.android.adservices.api/u0a147 (adj 999): empty #25
07-13 20:34:17.957  2929  2929 I Zygote  : Process 24968 exited due to signal 9 (Killed)
07-13 20:34:17.968  3149  3181 I libprocessgroup: Successfully killed process cgroup uid 10147 pid 24968 in 35ms
07-13 20:34:17.995  3149  5449 D SemWifiUsabilityStatsMonitor: onWifiUsabilityStats - seqNum 175471, isSameBssidAndFreq true
07-13 20:34:17.997  3149  3408 I SemWifiLinkQualityMonitor: Link Qos Query: 0.447 ms / 17.890 Mbps (28 / 0.027 / 1.429)
07-13 20:34:17.998  3511  3511 D NetworkController.WifiSignalController: notifyListener: visible=true, connected=true, inetCondition=1, isDefault=true, wifiTestReported=true, receivedInetCondition=-1, hideDuringMobileSwitching=false
07-13 20:34:18.001  3511  3596 D Tile.WifiTile: handleUpdateState isTransient=false transientEnabling =false cb.isTransient=false state.state = 2 mStateBeforeClick.value =false enabled =true
07-13 20:34:18.169 25069 25412 I NearbyMediums: No BLE Fast/GATT advertisements found in the latest cycle.
07-13 20:34:18.169 25069 25412 I NearbyMediums: Current Tracked Scanning Clients are : {NearbyConnections.EnvironmentMonitor, NearbySharing}
07-13 20:34:18.257  3822  3953 D ScanFilter: manu data matches
07-13 20:34:18.258  3822  3953 D BtGatt.GattService: onScanResult to scannerId: 6- eventType=0x1b, addressType=0, address=28AF42_D, primaryPhy=1, secondaryPhy=0, advertisingSid=0xff, txPower=127, rssi=-71, periodicAdvInt=0x0
07-13 20:34:18.262  3822  3953 D ScanFilter: manu data matches
07-13 20:34:18.262  3822  3953 D BtGatt.GattService: onScanResult to scannerId: 6- eventType=0x1b, addressType=0, address=28AF42_D, primaryPhy=1, secondaryPhy=0, advertisingSid=0xff, txPower=127, rssi=-71, periodicAdvInt=0x0
07-13 20:34:18.292  3149  3406 D SemNscXgbMsL1: Probability - Cloud gaming: [0.019613951]
07-13 20:34:18.292  3149  3406 D SemNscXgbMsL1: Probability - Real time: [0.2729622]
07-13 20:34:18.292  3149  3406 D SemNscXgbMsL1: Probability - Non real time: [0.7553111]
07-13 20:34:18.292  3149  3406 D SemNscXgbMsL1: 1 sample inference time: 0.673538 msecs
07-13 20:34:18.294  3149  3406 D SemNscXgbL2Rt: L2 RT 1 sample inference time: 1.3695 msecs
07-13 20:34:18.295  3149  3406 D SemNscXgbL2Nrt: L2 NRT 1 sample inference time: 1.060231 msecs
07-13 20:34:18.382  3009  3132 D SemNativeCarrierFeature_vendor: getInstance
07-13 20:34:18.387   709   715 D statsd  : StateTracker did not find state value for query key (27)0x10000->1001[I]
07-13 20:34:18.387   709   715 W statsd  : StateTracker not found for state atom 27
07-13 20:34:18.391   709   715 D statsd  : StateTracker did not find state value for query key (27)0x10000->1001[I]
07-13 20:34:18.391   709   715 W statsd  : StateTracker not found for state atom 27
07-13 20:34:18.393   709   715 D statsd  : StateTracker did not find state value for query key (27)0x10000->1001[I]
07-13 20:34:18.393   709   715 W statsd  : StateTracker not found for state atom 27
07-13 20:34:18.394   709   715 D statsd  : StateTracker did not find state value for query key (27)0x10000->1001[I]
07-13 20:34:18.394   709   715 W statsd  : StateTracker not found for state atom 27
07-13 20:34:18.402  3009  3132 D SemNativeCarrierFeature_vendor: getInstance
07-13 20:34:18.405  3009  3094 D SemNativeCarrierFeature_vendor: getInstance
07-13 20:34:18.408  3009  3132 D SemNativeCarrierFeature_vendor: getInstance
07-13 20:34:18.412  3009  3094 D SemNativeCarrierFeature_vendor: getInstance
07-13 20:34:18.417  3149  3399 D SemCellularStateManager: onCellInfoChanged: cellInfoList Number of cell: 2
07-13 20:34:18.417  3149  3399 D SemCellularStateManager: onCellInfoChanged: Registered = true, mCellularCellId = 8682764
07-13 20:34:18.417  3149  3399 V SemCellularStateManager: notifyCellularStateChanged : sendCommandUpdateCellularCapabilities called
07-13 20:34:18.417  3149  3399 D SemSupplicantStaIfaceHalHidlImpl: updateCellularCapabilities called
07-13 20:34:18.419   709   715 D statsd  : StateTracker did not find state value for query key (27)0x10000->1001[I]
07-13 20:34:18.419   709   715 W statsd  : StateTracker not found for state atom 27
07-13 20:34:18.420   709   715 D statsd  : StateTracker did not find state value for query key (27)0x10000->1001[I]
07-13 20:34:18.420   709   715 W statsd  : StateTracker not found for state atom 27
07-13 20:34:18.421   709   715 D statsd  : StateTracker did not find state value for query key (27)0x10000->1001[I]
07-13 20:34:18.421   709   715 W statsd  : StateTracker not found for state atom 27
07-13 20:34:18.422  3872  4083 I PhoneStateTracker<1>: onCellInfoChanged: xxxxx
07-13 20:34:18.422  3872  4083 I ImsCallSessionManager: onCellInfoChanged, phoneId: 1
07-13 20:34:18.422  3872  4083 I RegiMgr-Handler: handleMessage: EVENT_CELL_INFO_CHANGED
07-13 20:34:18.422  3872  4083 I RegiMgr<1>: updatePani RegisterTask[1][mProfile=RJIL VoLTE, mRegistrationRat=0, mPdnType=11, mState=IDLE, mObject=null, mReason=, mPcscfHostname=null, mDeregiReason=41]
07-13 20:34:18.423  3872  4083 I PaniGenerator<1>: generate: subId=1, network=13
07-13 20:34:18.423  3872  4083 I PaniGenerator<1>: generate: network=13, fallbackPlmn=405874
07-13 20:34:18.424  3872  4083 I PdnController<1>: getAllCellInfo mNeedCellLocationUpdate : false
07-13 20:34:18.424  3872  4083 I PaniGenerator: generate: change to NW PLMN(50503)
07-13 20:34:18.426  3872  4083 I PaniGenerator: setLkcForLastPani: current PANI is not valid!
07-13 20:34:18.427  3872  4083 I RegiMgr<1>: tryRegister:
07-13 20:34:18.427  3872  4083 I RegiMgr<0>: RegisterTask(s): OPS VoLTE (IDLE), Global GC RCS (IDLE)
07-13 20:34:18.428  3872  4083 I RegiMgr<1>: RegisterTask(s): RJIL VoLTE (IDLE)
07-13 20:34:18.428  3872  4083 I RcsPolicyMgr<1>: pendingRcsRegister: mActiveDataPhoneId = 1
07-13 20:34:18.428  3872  4083 I RegisterTask: isSuspended: mSuspended(false) mSuspendByIrat(false)
07-13 20:34:18.428  3872  4083 I RegiMgr<1>: [RJIL VoLTE|IDLE] checkForTryRegister id: 700
07-13 20:34:18.428  3872  4083 I PdnController: isConnected: No callback exists
07-13 20:34:18.428  3872  4083 I RegiMgr : isPdnConnected: false, PdnType: 11
07-13 20:34:18.430  3872  4083 I PdnController: getDefaultNetworkBearer:  WIFI
07-13 20:34:18.431  3872  4083 I PdnController<1>: isNetworkAvailable: isEpdgConnected=false getDataNetworkType()=13
07-13 20:34:18.435  3872  4083 I RegiMgr-Utils<1>: Not found best network in UNKNOWN - serviceSet empty - OOS: true
07-13 20:34:18.439  3872  4083 I RegiGvnBase<1>: isReadyToDualRegister : true
07-13 20:34:18.444  3872  4083 I RegiMgr<1>: [RJIL VoLTE|IDLE] checkInitialRegistrationIsReady: APM ON [false], Roamimg [false]
07-13 20:34:18.444  3872  4083 I RcsPolicyMgr<1>: pendingRcsRegister: mActiveDataPhoneId = 1
07-13 20:34:18.444  3872  4083 I ImsProfile: isRttSupportByCallApp : false ttyType : 1
07-13 20:34:18.444  3872  4083 I RegiMgr-Utils<1>: getPriorityRegiedTask : isPriority  High? true
07-13 20:34:18.444  3872  4083 I RegiMgr-Utils<1>: Profile is in = IDLE
07-13 20:34:18.445  3872  4083 I RegiGvnBase: checkRegiStatus: getState()=IDLE mIsUpdateRegistering=false
07-13 20:34:18.446  3872  4083 I RegiMgr<1>: getTelephonyCallStatus:
07-13 20:34:18.447  3149  3149 D SemWifiService: onServiceStateChanged : state - 1, dataNetworkType : 13
07-13 20:34:18.449  3149  3753 D SLocation: CellLocationManager - onServiceStateChanged 1
07-13 20:34:18.451  3149  3149 D SemWifiApServiceImpl: onServiceStateChanged : 1dataNetworkType : 13
07-13 20:34:18.451  3149  3149 W NSLocationMonitor: onServiceStateChanged, state=1 / channel=1550
07-13 20:34:18.451  3149  3149 I NSLocationMonitor: networkType[13]=LTE / nrState=false
07-13 20:34:18.451  3149  3149 W NSLocationMonitor: onServiceStateChanged, state=1 / channel=1550
07-13 20:34:18.451  3149  3149 I NSLocationMonitor: networkType[13]=LTE / nrState=false
07-13 20:34:18.452  3872  4181 I VolteServiceModule: onServiceStateChanged({mVoiceRegState=1(OUT_OF_SERVICE), mDataRegState=1(OUT_OF_SERVICE), mChannelNumber=1550, duplexMode()=1, mCellBandwidths=[], mOperatorAlphaLong=, mOperatorAlphaShort=, isManualNetworkSelection=false(automatic), getRilVoiceRadioTechnology=14(LTE), getRilDataRadioTechnology=14(LTE), mCssIndicator=unsupported, mNetworkId=*1, mSystemId=*1, mCdmaRoamingIndicator=-1, mCdmaDefaultRoamingIndicator=-1, VoiceRegType=0, Snap=0, MobileData=OUT_OF_SERVICE, MobileDataRoamingType=home, MobileDataRat=LTE, PsOnly=false, FemtocellInd=0, SprDisplayRoam=false, OptRadioTech=0, MsimSubmode=0, IsVoiceCallAvailable=false, mIsEmergencyOnly=true, isUsingCarrierAggregation=false, mArfcnRsrpBoost=0, mNetworkRegistrationInfos=[NetworkRegistrationInfo{ domain=CS transportType=WWAN registrationState=DENIED roamingType=NOT_ROAMING accessNetworkTechnology=LTE rejectCause=0 emergencyEnabled=true availableServices=[EMERGENCY] cellIdentity=CellIdentityLte:{ mCi=8****64 mPci=157 mTac=3***9 mEarfcn=1550 mBands=[3] mBandwidth=2147483647 mMcc=505 mMnc=03 mAlphaLong=Vodafone AU mAlphaShort=Vodafone AU mAdditionalPlmns={} mCsgInfo=null} voiceSpecificInfo=VoiceSpecificRegistrationInfo { mCssSupported=false mRoamingIndicator=0 mSystemIsInPrl=0 mDefaultRoamingIndicator=0} dataSpecificInfo=null nrState=**** rRplmn=50503 isUsingCarrierAggregation=false}, NetworkRegistrationInfo{ domain=PS transportType=WWAN registrationState=DENIED roamingType=NOT_ROAMING accessNetworkTechnology=LTE rejectCause=0 emergencyEnabled=true availableServices=[EMERGENCY] cellIdentity=CellIdentityLte:{ mCi=8****64 mPci=157 mTac=3***9 mEarfcn=1550 mBands=[3] mBandwidth=2147483647 mMcc=505 mMnc=03 mAlphaLong=Vodafone AU mAlphaShort=Vodafone AU mAdditionalPlmns={} mCsgInfo=null} voiceSpecificInfo=null dataSpecificInfo=android.telephony.DataSpecificRegistrationInfo :{ maxDataCalls = 16 isDcNrRestricted = false isNrAvailable = false isEnDcAvailable = false LteVopsSupportInfo :  mVopsSupport = 3 mEmcBearerSupport = 2 } nrState=**** rRplmn=50503 isUsingCarrierAggregation=false}], mNrFrequencyRange=0, mOperatorAlphaLongRaw=, mOperatorAlphaShortRaw=, mIsDataRoamingFromRegistration=false, mIsIwlanPreferred=false})
07-13 20:34:18.452  3872  4181 I VolteServiceModule: mIsLteEpsOnlyAttached(1):false
07-13 20:34:18.453  3511  3596 D MobileStatusTracker(1/1): onServiceStateChanged voiceState=1 dataState=1
07-13 20:34:18.453  3149  3399 W SemWifiBackOff.Fcc: service state is STATE_OUT_OF_SERVICE telephony country iso: au
07-13 20:34:18.454  3511  3596 D MobileSignalController(1/1): notifyListener: enabled=true, connected=true, dataConnected=false, networkType=LTE (LTE), emergencyOnly=true, roaming=false, isDefault=false, dataActivity=, level=2, ca=false, mmWave=false, disabledDataIcon=false, simCard=RELIANCE
07-13 20:34:18.454  4583  4643 W NetworkManager_FLP: updateServiceStateChanged, serviceState=1 / isRegistered=true / channel=1550 / networkTypeName=LTE / nr=false
07-13 20:34:18.455  4583  4643 I NetworkManager_FLP: Success to update networkStatus, Service=1 / Network=LTE(band=3, ch=1550) / MobileData=false, roaming=false / WIFI=true, conn=true / BT=true, conn=false
07-13 20:34:18.456  3149  3399 V SemWifiBackOff.5G: checkAndSetup nrFrequencyRange=0 / prevNrFrequencyRange=0
07-13 20:34:18.456  3149  3399 V SemWifiBackOff.5G: restore back off mode, current: [NONE]
07-13 20:34:18.457  4583  4643 W NetworkManager_FLP: updateServiceStateChanged, serviceState=1 / isRegistered=true / channel=1550 / networkTypeName=LTE / nr=false
07-13 20:34:18.457  3149  5199 I LocationAccessPolicy: checkLocationPermission - callingUid: 10080, callingPid: 21669, resultForFine: DENIED_HARD
07-13 20:34:18.457  3149  5199 I LocationAccessPolicy: checkLocationPermission - callingUid: 10080, callingPid: 21669, resultForCoarse: DENIED_HARD
07-13 20:34:18.459  3872  4083 I ImsServiceSwitchEur[1]:  isRcsEnabled: true mDefaultSms false mUpsmEnabled false mEmergencyEnabled false
07-13 20:34:18.459  3149  5199 W ContextImpl: Calling a method in the system process without a qualified user: android.app.ContextImpl.sendBroadcastMultiplePermissions:1285 com.android.server.TelephonyRegistry.broadcastServiceStateChanged:3130 com.android.server.TelephonyRegistry.notifyServiceStateForPhoneId:1630 com.android.internal.telephony.ITelephonyRegistry$Stub.onTransact:499 android.os.Binder.execTransactInternal:1321
07-13 20:34:18.460  3149  5199 W ContextImpl: Calling a method in the system process without a qualified user: android.app.ContextImpl.sendBroadcastMultiplePermissions:1335 android.content.Context.sendBroadcastMultiplePermissions:2285 com.android.server.TelephonyRegistry.broadcastServiceStateChanged:3134 com.android.server.TelephonyRegistry.notifyServiceStateForPhoneId:1630 com.android.internal.telephony.ITelephonyRegistry$Stub.onTransact:499
07-13 20:34:18.461  3149  5199 W ContextImpl: Calling a method in the system process without a qualified user: android.app.ContextImpl.sendBroadcastMultiplePermissions:1335 android.content.Context.sendBroadcastMultiplePermissions:2285 com.android.server.TelephonyRegistry.broadcastServiceStateChanged:3141 com.android.server.TelephonyRegistry.notifyServiceStateForPhoneId:1630 com.android.internal.telephony.ITelephonyRegistry$Stub.onTransact:499
07-13 20:34:18.465  3149  3179 W BroadcastQueue: Appop Denial: receiving Intent { act=android.intent.action.SERVICE_STATE flg=0x1000010 (has extras) } to ProcessRecord{92fb579 3149:system/1000} (pid=3149, uid=1000) excludes appop android:read_phone_state due to sender android (uid 1001)
07-13 20:34:18.465  3149  3179 W BroadcastQueue: Appop Denial: receiving Intent { act=android.intent.action.SERVICE_STATE flg=0x1000010 (has extras) } to ProcessRecord{9b0a2a4 3511:com.android.systemui/u0a62} (pid=3511, uid=10062) excludes appop android:read_phone_state due to sender android (uid 1001)
07-13 20:34:18.465  3149  3149 D SemWifiService: received: android.intent.action.SERVICE_STATE
07-13 20:34:18.465  3149  3179 W BroadcastQueue: Appop Denial: receiving Intent { act=android.intent.action.SERVICE_STATE flg=0x1000010 (has extras) } to ProcessRecord{376a8d5 3489:com.android.phone/1001} (pid=3489, uid=1001) excludes appop android:read_phone_state due to sender android (uid 1001)
07-13 20:34:18.466  3511  3511 D MultiSIMController: onReceive() - action = android.intent.action.SERVICE_STATE
07-13 20:34:18.466 25386 25561 I Rubin   : [31771] ka.n$e.run(SourceFile:1) : Start Country Analysis
07-13 20:34:18.466  3511  3511 D Tile.AirplaneModeTile: onReceive android.intent.action.SERVICE_STATE
07-13 20:34:18.466  3511  3511 D KeyguardUpdateMonitor: received broadcast android.intent.action.SERVICE_STATE
07-13 20:34:18.467  3511  3596 D NetworkController: ServiceState from intent slotId=1
07-13 20:34:18.467  3511  3511 V KeyguardUpdateMonitor: action android.intent.action.SERVICE_STATE serviceState={mVoiceRegState=1(OUT_OF_SERVICE), mDataRegState=1(OUT_OF_SERVICE), mChannelNumber=1550, duplexMode()=1, mCellBandwidths=[], mOperatorAlphaLong=, mOperatorAlphaShort=, isManualNetworkSelection=false(automatic), getRilVoiceRadioTechnology=14(LTE), getRilDataRadioTechnology=14(LTE), mCssIndicator=unsupported, mNetworkId=*1, mSystemId=*1, mCdmaRoamingIndicator=-1, mCdmaDefaultRoamingIndicator=-1, VoiceRegType=0, Snap=0, MobileData=OUT_OF_SERVICE, MobileDataRoamingType=home, MobileDataRat=LTE, PsOnly=false, FemtocellInd=0, SprDisplayRoam=false, OptRadioTech=0, MsimSubmode=0, IsVoiceCallAvailable=false, mIsEmergencyOnly=true, isUsingCarrierAggregation=false, mArfcnRsrpBoost=0, mNetworkRegistrationInfos=[NetworkRegistrationInfo{ domain=CS transportType=WWAN registrationState=DENIED roamingType=NOT_ROAMING accessNetworkTechnology=LTE rejectCause=0 emergencyEnabled=true availableServices=[EMERGENCY] cellIdentity=CellIdentityLte:{ mCi=8****64 mPci=157 mTac=3***9 mEarfcn=1550 mBands=[3] mBandwidth=2147483647 mMcc=505 mMnc=03 mAlphaLong=Vodafone AU mAlphaShort=Vodafone AU mAdditionalPlmns={} mCsgInfo=null} voiceSpecificInfo=VoiceSpecificRegistrationInfo { mCssSupported=false mRoamingIndicator=0 mSystemIsInPrl=0 mDefaultRoamingIndicator=0} dataSpecificInfo=null nrState=**** rRplmn=50503 isUsingCarrierAggregation=false}, NetworkRegistrationInfo{ domain=PS transportType=WWAN registrationState=DENIED roamingType=NOT_ROAMING accessNetworkTechnology=LTE rejectCause=0 emergencyEnabled=true availableServices=[EMERGENCY] cellIdentity=CellIdentityLte:{ mCi=8****64 mPci=157 mTac=3***9 mEarfcn=1550 mBands=[3] mBandwidth=2147483647 mMcc=505 mMnc=03 mAlphaLong=Vodafone AU mAlphaShort=Vodafone AU mAdditionalPlmns={} mCsgInfo=null} voiceSpecificInfo=null dataSpecificInfo=android.telephony.DataSpecificRegistrationInfo :{ maxDataCalls = 16 isDcNrRestricted = false isNrAvailable = false isEnDcAvailable = false LteVopsSupportInfo :  mVopsSupport = 3 mEmcBearerSupport = 2 } nrState=**** rRplmn=50503 isUsingCarrierAggregation=false}], mNrFrequencyRange=0, mOperatorAlphaLongRaw=, mOperatorAlphaShortRaw=, mIsDataRoamingFromRegistration=false, mIsIwlanPreferred=false} subId=1
07-13 20:34:18.467  3511  3511 D MultiSIMController: MESSAGE_UPDATE_SERVICE_STATE
07-13 20:34:18.468  3511  3596 D NetworkController: IsPowerOffServiceState is false: 0
07-13 20:34:18.468  3511  3596 D Tile.AirplaneModeTile:  handleUpdateState: airplane mode is disabled : enter mSetting.getValue() == 0 mIsWiFiOnlyDevice false isNoSimState false !isPowerOffServiceState true
07-13 20:34:18.468  3511  3596 D Tile.AirplaneModeTile:  handleUpdateState:  value = false, state = 1
07-13 20:34:18.465  3149  3179 W BroadcastQueue: Appop Denial: receiving Intent { act=android.intent.action.SERVICE_STATE flg=0x1000010 (has extras) } to ProcessRecord{376a8d5 3489:com.android.phone/1001} (pid=3489, uid=1001) excludes appop android:read_phone_state due to sender android (uid 1001)
07-13 20:34:18.470  3149  3179 W BroadcastQueue: Appop Denial: receiving Intent { act=android.intent.action.SERVICE_STATE flg=0x1000010 (has extras) } to ProcessRecord{376a8d5 3489:com.android.phone/1001} (pid=3489, uid=1001) excludes appop android:read_phone_state due to sender android (uid 1001)
07-13 20:34:18.470  3149  3179 W BroadcastQueue: Appop Denial: receiving Intent { act=android.intent.action.SERVICE_STATE flg=0x1000010 (has extras) } to ProcessRecord{92fb579 3149:system/1000} (pid=3149, uid=1000) excludes appop android:read_phone_state due to sender android (uid 1001)
07-13 20:34:18.470  3149  3179 W BroadcastQueue: Permission Denial: receiving Intent { act=android.intent.action.SERVICE_STATE flg=0x1000010 (has extras) } to com.google.android.cellbroadcastreceiver/com.android.cellbroadcastreceiver.CellBroadcastReceiver requires android.permission.READ_PHONE_STATE due to sender android (uid 1001)
07-13 20:34:18.471  3149  5199 W ContextImpl: Calling a method in the system process without a qualified user: android.app.ContextImpl.sendBroadcastMultiplePermissions:1335 android.content.Context.sendBroadcastMultiplePermissions:2285 com.android.server.TelephonyRegistry.broadcastServiceStateChanged:3145 com.android.server.TelephonyRegistry.notifyServiceStateForPhoneId:1630 com.android.internal.telephony.ITelephonyRegistry$Stub.onTransact:499
07-13 20:34:18.472  3489  3489 D ServiceStateProvider: subId=1
07-13 20:34:18.472  3149  3179 W BroadcastQueue: Appop Denial: receiving Intent { act=android.intent.action.SERVICE_STATE flg=0x1000010 (has extras) } to ProcessRecord{92fb579 3149:system/1000} (pid=3149, uid=1000) excludes appop android:fine_location due to sender android (uid 1001)
07-13 20:34:18.472  3149  3179 W BroadcastQueue: Appop Denial: receiving Intent { act=android.intent.action.SERVICE_STATE flg=0x1000010 (has extras) } to ProcessRecord{9b0a2a4 3511:com.android.systemui/u0a62} (pid=3511, uid=10062) excludes appop android:fine_location due to sender android (uid 1001)
07-13 20:34:18.473  3149  3179 W BroadcastQueue: Appop Denial: receiving Intent { act=android.intent.action.SERVICE_STATE flg=0x1000010 (has extras) } to ProcessRecord{376a8d5 3489:com.android.phone/1001} (pid=3489, uid=1001) excludes appop android:fine_location due to sender android (uid 1001)
07-13 20:34:18.473  3149  3179 W BroadcastQueue: Appop Denial: receiving Intent { act=android.intent.action.SERVICE_STATE flg=0x1000010 (has extras) } to ProcessRecord{376a8d5 3489:com.android.phone/1001} (pid=3489, uid=1001) excludes appop android:fine_location due to sender android (uid 1001)
07-13 20:34:18.473  3149  3179 W BroadcastQueue: Appop Denial: receiving Intent { act=android.intent.action.SERVICE_STATE flg=0x1000010 (has extras) } to ProcessRecord{376a8d5 3489:com.android.phone/1001} (pid=3489, uid=1001) excludes appop android:fine_location due to sender android (uid 1001)
07-13 20:34:18.473  3149  3179 W BroadcastQueue: Appop Denial: receiving Intent { act=android.intent.action.SERVICE_STATE flg=0x1000010 (has extras) } to ProcessRecord{92fb579 3149:system/1000} (pid=3149, uid=1000) excludes appop android:fine_location due to sender android (uid 1001)
07-13 20:34:18.473  3149  3179 W BroadcastQueue: Appop Denial: receiving Intent { act=android.intent.action.SERVICE_STATE flg=0x1000010 (has extras) } to ProcessRecord{92fb579 3149:system/1000} (pid=3149, uid=1000) excludes appop android:read_phone_state due to sender android (uid 1001)
07-13 20:34:18.473  3149  3179 W BroadcastQueue: Appop Denial: receiving Intent { act=android.intent.action.SERVICE_STATE flg=0x1000010 (has extras) } to ProcessRecord{9b0a2a4 3511:com.android.systemui/u0a62} (pid=3511, uid=10062) excludes appop android:read_phone_state due to sender android (uid 1001)
07-13 20:34:18.474  3149  3179 W BroadcastQueue: Appop Denial: receiving Intent { act=android.intent.action.SERVICE_STATE flg=0x1000010 (has extras) } to ProcessRecord{376a8d5 3489:com.android.phone/1001} (pid=3489, uid=1001) excludes appop android:read_phone_state due to sender android (uid 1001)
07-13 20:34:18.474  3149  3179 W BroadcastQueue: Appop Denial: receiving Intent { act=android.intent.action.SERVICE_STATE flg=0x1000010 (has extras) } to ProcessRecord{376a8d5 3489:com.android.phone/1001} (pid=3489, uid=1001) excludes appop android:read_phone_state due to sender android (uid 1001)
07-13 20:34:18.475  3149  3179 W BroadcastQueue: Appop Denial: receiving Intent { act=android.intent.action.SERVICE_STATE flg=0x1000010 (has extras) } to ProcessRecord{376a8d5 3489:com.android.phone/1001} (pid=3489, uid=1001) excludes appop android:read_phone_state due to sender android (uid 1001)
07-13 20:34:18.475  3149  3179 W BroadcastQueue: Appop Denial: receiving Intent { act=android.intent.action.SERVICE_STATE flg=0x1000010 (has extras) } to ProcessRecord{92fb579 3149:system/1000} (pid=3149, uid=1000) excludes appop android:read_phone_state due to sender android (uid 1001)
07-13 20:34:18.475  3149  3179 W BroadcastQueue: Permission Denial: receiving Intent { act=android.intent.action.SERVICE_STATE flg=0x1000010 (has extras) } to com.google.android.cellbroadcastreceiver/com.android.cellbroadcastreceiver.CellBroadcastReceiver requires android.permission.ACCESS_FINE_LOCATION due to sender android (uid 1001)
07-13 20:34:18.475  3872  4083 I ConfigTrigger<1>: isWaitAutoConfig:
07-13 20:34:18.479  3149  3179 W BroadcastQueue: Permission Denial: receiving Intent { act=android.intent.action.SERVICE_STATE flg=0x1000010 (has extras) } to com.google.android.cellbroadcastreceiver/com.android.cellbroadcastreceiver.CellBroadcastReceiver requires android.permission.READ_PHONE_STATE due to sender android (uid 1001)
07-13 20:34:18.482  3149  3753 D SLocation: CellLocationManager - onCellLocationChanged 1 / 1
07-13 20:34:18.482  3872  4083 I ImsServiceSwitchEur[1]:  isRcsEnabled: true mDefaultSms false mUpsmEnabled false mEmergencyEnabled false
07-13 20:34:18.482  3872  4083 I RegiMgr-Utils: selectPdnType: rat=0pdn=11
07-13 20:34:18.482  3872  4083 I RegiMgr<1>: getServiceForNetwork: network 0
07-13 20:34:18.482  3872  4083 I RegiMgr<1>: RJIL VoLTE: no ims service for current rat0
07-13 20:34:18.486 26149 26149 D CellBroadcastReceiver: onReceive Intent { act=android.intent.action.SERVICE_STATE flg=0x1000010 cmp=com.google.android.cellbroadcastreceiver/com.android.cellbroadcastreceiver.CellBroadcastReceiver (has extras) }
07-13 20:34:18.487 26149 26149 D CellBroadcastReceiver: onServiceStateChanged, ss: 1
07-13 20:34:18.488  3872  4083 E #IMSCR  : 07-13 20:34:18 0x1101000B:1,FILTERED ALL:11
07-13 20:34:18.489  3872  4083 I PdnController<1>: Active Phone Id = 1 MobileConnected = false
07-13 20:34:18.490  3872  4083 I PhoneStateTracker<1>: onServiceStateChanged: state={mVoiceRegState=1(OUT_OF_SERVICE), mDataRegState=1(OUT_OF_SERVICE), mChannelNumber=1550, duplexMode()=1, mCellBandwidths=[], mOperatorAlphaLong=, mOperatorAlphaShort=, isManualNetworkSelection=false(automatic), getRilVoiceRadioTechnology=14(LTE), getRilDataRadioTechnology=14(LTE), mCssIndicator=unsupported, mNetworkId=*1, mSystemId=*1, mCdmaRoamingIndicator=-1, mCdmaDefaultRoamingIndicator=-1, VoiceRegType=0, Snap=0, MobileData=OUT_OF_SERVICE, MobileDataRoamingType=home, MobileDataRat=LTE, PsOnly=false, FemtocellInd=0, SprDisplayRoam=false, OptRadioTech=0, MsimSubmode=0, IsVoiceCallAvailable=false, mIsEmergencyOnly=true, isUsingCarrierAggregation=false, mArfcnRsrpBoost=0, mNetworkRegistrationInfos=[NetworkRegistrationInfo{ domain=CS transportType=WWAN registrationState=DENIED roamingType=NOT_ROAMING accessNetworkTechnology=LTE rejectCause=0 emergencyEnabled=true availableServices=[EMERGENCY] cellIdentity=CellIdentityLte:{ mCi=8****64 mPci=157 mTac=3***9 mEarfcn=1550 mBands=[3] mBandwidth=2147483647 mMcc=505 mMnc=03 mAlphaLong=Vodafone AU mAlphaShort=Vodafone AU mAdditionalPlmns={} mCsgInfo=null} voiceSpecificInfo=VoiceSpecificRegistrationInfo { mCssSupported=false mRoamingIndicator=0 mSystemIsInPrl=0 mDefaultRoamingIndicator=0} dataSpecificInfo=null nrState=**** rRplmn=50503 isUsingCarrierAggregation=false}, NetworkRegistrationInfo{ domain=PS transportType=WWAN registrationState=DENIED roamingType=NOT_ROAMING accessNetworkTechnology=LTE rejectCause=0 emergencyEnabled=true availableServices=[EMERGENCY] cellIdentity=CellIdentityLte:{ mCi=8****64 mPci=157 mTac=3***9 mEarfcn=1550 mBands=[3] mBandwidth=2147483647 mMcc=505 mMnc=03 mAlphaLong=Vodafone AU mAlphaShort=Vodafone AU mAdditionalPlmns={} mCsgInfo=null} voiceSpecificInfo=null dataSpecificInfo=android.telephony.DataSpecificRegistrationInfo :{ maxDataCalls = 16 isDcNrRestricted = false isNrAvailable = false isEnDcAvailable = false LteVopsSupportInfo :  mVopsSupport = 3 mEmcBearerSupport = 2 } nrState=**** rRplmn=50503 isUsingCarrierAggregation=false}], mNrFrequencyRange=0, mOperatorAlphaLongRaw=, mOperatorAlphaShortRaw=, mIsDataRoamingFromRegistration=false, mIsIwlanPreferred=false}Changed=
07-13 20:34:18.490  3872  4083 I PdnController<1>: notifyDataConnectionState
07-13 20:34:18.490  3872  4083 I PdnController<1>: initialize PendedEPDGWeakSignal flag
07-13 20:34:18.490  3872  4083 I PdnController<1>: setPendedEPDGWeakSignal
07-13 20:34:18.490  3872  4083 I PdnController<1>: notifyDataConnectionState: needNotify=false networkType=13 isEpdgConnected=false dataNetType=13=>13 dataRegState=1=>1
07-13 20:34:18.490  3872  4083 I PhoneStateTracker<1>: notifySnapshotState: snapshotState=0 old=0
07-13 20:34:18.490  3872  4083 I GeolocationCon: handleMessage : what = SERVICE_STATE_CHANGED
07-13 20:34:18.490  3872  4083 I GeolocationCon: matchTimingReqLocation ,match=0, timing=4
07-13 20:34:18.490  3872  4083 I GeolocationCon: matchTimingReqLocation ,match=0, timing=4
07-13 20:34:18.490  3872  4083 I GeolocationCon: matchTimingReqLocation ,match=0, timing=4
07-13 20:34:18.490  3872  4083 I GeolocationCon: profile is null
07-13 20:34:18.497  3489  3489 I Telephony: TelecomAccountRegistry$AccountEntry: isRttCurrentlySupported -- regular acct,, hasVoiceAvailability: false, isRttSupported: false, alwaysAllowWhileRoaming: false, isRoaming: false, isOnWfc: false
07-13 20:34:18.498  3489  3489 I Telephony: TelecomAccountRegistry$AccountEntry: isRttCurrentlySupported -- regular acct,, hasVoiceAvailability: false, isRttSupported: false, alwaysAllowWhileRoaming: false, isRoaming: false, isOnWfc: false
07-13 20:34:18.498  3489  3489 V PhoneGlobals: handleServiceStateChanged
07-13 20:34:18.498  3489  3489 D NotificationMgr: updateNetworkSelection, Use Samsung codes instead of AOSP codes
07-13 20:34:18.498  3489  3489 V PhoneGlobals: subId=1, mDefaultDataSubId=-1, ss roaming=false
07-13 20:34:18.501  3511  3511 D KeyguardUpdateMonitor: handleServiceStateChange(subId=1, serviceState={mVoiceRegState=1(OUT_OF_SERVICE), mDataRegState=1(OUT_OF_SERVICE), mChannelNumber=1550, duplexMode()=1, mCellBandwidths=[], mOperatorAlphaLong=, mOperatorAlphaShort=, isManualNetworkSelection=false(automatic), getRilVoiceRadioTechnology=14(LTE), getRilDataRadioTechnology=14(LTE), mCssIndicator=unsupported, mNetworkId=*1, mSystemId=*1, mCdmaRoamingIndicator=-1, mCdmaDefaultRoamingIndicator=-1, VoiceRegType=0, Snap=0, MobileData=OUT_OF_SERVICE, MobileDataRoamingType=home, MobileDataRat=LTE, PsOnly=false, FemtocellInd=0, SprDisplayRoam=false, OptRadioTech=0, MsimSubmode=0, IsVoiceCallAvailable=false, mIsEmergencyOnly=true, isUsingCarrierAggregation=false, mArfcnRsrpBoost=0, mNetworkRegistrationInfos=[NetworkRegistrationInfo{ domain=CS transportType=WWAN registrationState=DENIED roamingType=NOT_ROAMING accessNetworkTechnology=LTE rejectCause=0 emergencyEnabled=true availableServices=[EMERGENCY] cellIdentity=CellIdentityLte:{ mCi=8****64 mPci=157 mTac=3***9 mEarfcn=1550 mBands=[3] mBandwidth=2147483647 mMcc=505 mMnc=03 mAlphaLong=Vodafone AU mAlphaShort=Vodafone AU mAdditionalPlmns={} mCsgInfo=null} voiceSpecificInfo=VoiceSpecificRegistrationInfo { mCssSupported=false mRoamingIndicator=0 mSystemIsInPrl=0 mDefaultRoamingIndicator=0} dataSpecificInfo=null nrState=**** rRplmn=50503 isUsingCarrierAggregation=false}, NetworkRegistrationInfo{ domain=PS transportType=WWAN registrationState=DENIED roamingType=NOT_ROAMING accessNetworkTechnology=LTE rejectCause=0 emergencyEnabled=true availableServices=[EMERGENCY] cellIdentity=CellIdentityLte:{ mCi=8****64 mPci=157 mTac=3***9 mEarfcn=1550 mBands=[3] mBandwidth=2147483647 mMcc=505 mMnc=03 mAlphaLong=Vodafone AU mAlphaShort=Vodafone AU mAdditionalPlmns={} mCsgInfo=null} voiceSpecificInfo=null dataSpecificInfo=android.telephony.DataSpecificRegistrationInfo :{ maxDataCalls = 16 isDcNrRestricted = false isNrAvailable = false isEnDcAvailable = false LteVopsSupportInfo :  mVopsSupport = 3 mEmcBearerSupport = 2 } nrState=**** rRplmn=50503 isUsingCarrierAggregation=false}], mNrFrequencyRange=0, mOperatorAlphaLongRaw=, mOperatorAlphaShortRaw=, mIsDataRoamingFromRegistration=false, mIsIwlanPreferred=false}
07-13 20:34:18.501  3149  3753 D SLocation: SGeofenceCellManager - cellList : 18
07-13 20:34:18.501  3511  3511 D CarrierTextController: onRefreshCarrierInfo(), mTelephonyCapable: true
07-13 20:34:18.501  3511  3511 D CarrierTextController: updateCarrierText(): 2
07-13 20:34:18.501  3511  3511 D CarrierTextController: Handling (subId=4): 5 Emergency calls only
07-13 20:34:18.501  3511  3511 D CarrierTextController: carrierTextForSimState = Emergency calls only
07-13 20:34:18.501  3511  3511 D CarrierTextController: Handling (subId=1): 5 Emergency calls only
07-13 20:34:18.502  3511  3511 D CarrierTextController: carrierTextForSimState = Emergency calls only
07-13 20:34:18.502  3511  3511 D CarrierTextController: setText : Emergency calls only | Emergency calls only
07-13 20:34:18.502  3511  3511 D FaceWidgetPagesController: onRefreshCarrierInfo()
07-13 20:34:18.502  3511  3511 D FaceWidgetClockRoamManager: isNetworkRoamingState id=1
07-13 20:34:18.502  3511  3511 D FaceWidgetClockRoamManager: isNetworkRoamingState false
07-13 20:34:18.502  3511  3511 D FaceWidgetClockRoamManager: onRefreshCarrierInfo(pre, now): false, false
07-13 20:34:18.502  3511  3511 D FaceWidgetClockPage: onRefreshCarrierInfo : isChanged false mIsRoaming false
07-13 20:34:18.613   709   715 D statsd  : StateTracker did not find state value for query key (27)0x10000->1001[I]
07-13 20:34:18.614   709   715 W statsd  : StateTracker not found for state atom 27
07-13 20:34:18.797  3149  3406 D SemNscXgbMsL1: Probability - Cloud gaming: [0.056369282]
07-13 20:34:18.798  3149  3406 D SemNscXgbMsL1: Probability - Real time: [0.27829862]
07-13 20:34:18.799  3149  3406 D SemNscXgbMsL1: Probability - Non real time: [0.8584733]
07-13 20:34:18.799  3149  3406 D SemNscXgbMsL1: 1 sample inference time: 2.265923 msecs
07-13 20:34:18.803  3149  3406 D SemNscXgbL2Rt: L2 RT 1 sample inference time: 3.852654 msecs
07-13 20:34:18.806  3149  3406 D SemNscXgbL2Nrt: L2 NRT 1 sample inference time: 2.849423 msecs
07-13 20:34:18.900 32567 26043 I NearbySharing: ReceiveProvider: Received request to stop advertising.
07-13 20:34:18.902 32567 26043 I NearbySharing: Advertising has stopped
07-13 20:34:18.906 32567 26116 I NearbySharing: NearbySharing Internal event ReceiveManagerStopBroadcast
07-13 20:34:18.913 32567 32689 I NearbyConnections: Client 185969828 requested advertising to stop.
07-13 20:34:18.914 32567 26116 I NearbySharing: NearbySharing Internal event ReceiveManagerEnd
07-13 20:34:18.918 32567 26207 I NearbySharing: [ClearcutLog] ADVERTISE_DEVICE_PRESENCE_END sessionId=0 flowId=6159609414719237914
07-13 20:34:18.920 32567 26208 I BluetoothAdapter: STATE_ON
07-13 20:34:18.922 32567 26208 D BluetoothLeAdvertiser: Stop AdvertingSet
07-13 20:34:18.927 32567 26043 I NearbySharing: Start advertising with mode BACKGROUND certificate visibility SELF_SHARE data usage preference ONLINE, bt advertising false, vendorId 1, deviceName included: false
07-13 20:34:18.929 32567 26043 I NearbySharing: Uwb feature is off.
07-13 20:34:18.929 32567 26043 I NearbySharing: Updating advertising options for [dtht@53cd5bb, dxsk@f746d4e] providers
07-13 20:34:18.930 32567 26043 I NearbySharing: ReceiveProvider: Received request to start advertising.
07-13 20:34:18.931  3822 18094 I bt_stack: [INFO:le_advertising_manager.cc(70)] Unregister in shim layer
07-13 20:34:18.932  3822  4248 W bt_stack: le_advertising_manager :: remove_advertiser - id : 2
07-13 20:34:18.934  3822  4239 E BtGatt.GattService: [GSIM LOG]: gsimLogHandler, msg: MESSAGE_ADV_SET_STOP, appName: com.google.android.gms, id: 2, isLegacy: true
07-13 20:34:18.935 32567 26043 I NearbySharing: Advertising has started with mode BACKGROUND, Bt enabled : false
07-13 20:34:18.939 32567 32567 D BluetoothLeAdvertiser: onAdvertisingSetStopped(2)
07-13 20:34:18.940 32567 26208 I BluetoothAdapter: STATE_ON
07-13 20:34:18.941 32567 26208 D BluetoothLeAdvertiser: Stop AdvertingSet
07-13 20:34:18.944  3822 18094 I bt_stack: [INFO:le_advertising_manager.cc(70)] Unregister in shim layer
07-13 20:34:18.945  3822  4239 E BtGatt.GattService: [GSIM LOG]: gsimLogHandler, msg: MESSAGE_ADV_SET_STOP, appName: com.google.android.gms, id: 1, isLegacy: false
07-13 20:34:18.946  3822  4248 W bt_stack: le_advertising_manager :: remove_advertiser - id : 1
07-13 20:34:18.947 32567 32567 D BluetoothLeAdvertiser: onAdvertisingSetStopped(1)
07-13 20:34:18.950 32567 26208 I NearbyMediums: Device token rotated, old deviceToken : [ 0xb5 0x13 ].
07-13 20:34:18.951 32567 26208 I BluetoothAdapter: STATE_ON
07-13 20:34:18.951 32567 26208 I BluetoothAdapter: STATE_ON
07-13 20:34:18.956  3822 18094 I bt_stack: [INFO:le_advertising_manager.cc(137)] StartAdvertisingSet in shim layer
07-13 20:34:18.956  3822 18094 W bt_stack: le_advertising_manager :: allocate_advertiser - id : 0
07-13 20:34:18.957  3822 18094 I bt_stack: [INFO:le_advertising_manager.cc(157)] create advertising set, reg_id:-3975, id:0
07-13 20:34:18.957  3822  4248 W bt_stack: le_advertising_manager :: create_extended_advertiser - id : 0
07-13 20:34:18.957  3822  4248 W bt_stack: le_advertising_manager :: enable_advertiser - id : 0
07-13 20:34:18.957  3822  4248 W bt_stack: register_client :: client registered!!!
07-13 20:34:18.963  3822  4239 E BtGatt.GattService: [GSIM LOG]: gsimLogHandler, msg: MESSAGE_ADV_SET_START, appName: com.google.android.gms, id: 0, isLegacy: true
07-13 20:34:18.963 32567 32567 D BluetoothLeAdvertiser: onAdvertisingSetStarted(0, -7, 0)
07-13 20:34:18.964 32567 32567 I NearbyMediums: [InstantOnLostManager] Start instant onLost extended advertising, hashes = [ 0x1a 0x7d 0xe7 0xaf ].
07-13 20:34:18.964 32567 26208 I NearbyMediums: Successfully stopped BLE advertising for service NearbySharing
07-13 20:34:18.964 32567 26208 I NearbyMediums: Device token rotated, old deviceToken : null.
07-13 20:34:18.964 32567 26208 D BluetoothSocket: close() this: android.bluetooth.BluetoothSocket@8a59826, channel: 7, mSocketIS: android.net.LocalSocketImpl$SocketInputStream@ac831c5, mSocketOS: android.net.LocalSocketImpl$SocketOutputStream@9c5671a, mSocket: android.net.LocalSocket@693024b impl:android.net.LocalSocketImpl@84d0428 fd:java.io.FileDescriptor@eff2541, mSocketState: LISTENING
07-13 20:34:18.965 32567 26208 I NearbyMediums: Stopped accepting Bluetooth Classic connections for NearbySharing.
