07-13 20:33:55.696 32567 32591 E AuthPII : 	at cqcm.onTransact(:com.google.android.gms@262532029@26.25.32 (190400-944114241):12)
07-13 20:33:55.696 32567 32591 E AuthPII : 	at android.os.Binder.transact(Binder.java:1200)
07-13 20:33:55.696 32567 32591 E AuthPII : 	at cdhn.onTransact(:com.google.android.gms@262532029@26.25.32 (190400-944114241):169)
07-13 20:33:55.696 32567 32591 E AuthPII : 	at android.os.Binder.execTransactInternal(Binder.java:1321)
07-13 20:33:55.696 32567 32591 E AuthPII : 	at android.os.Binder.execTransact(Binder.java:1280)
07-13 20:33:55.696 32567 32591 E AuthPII : Message is Long live credential not available.
07-13 20:33:55.696 32567 32591 E AuthPII : bjfw: Long live credential not available.
07-13 20:33:55.696 32567 32591 E AuthPII : 	at ahkl.a(:com.google.android.gms@262532029@26.25.32 (190400-944114241):1347)
07-13 20:33:55.696 32567 32591 E AuthPII : 	at ahks.b(:com.google.android.gms@262532029@26.25.32 (190400-944114241):26)
07-13 20:33:55.696 32567 32591 E AuthPII : 	at ahkq.a(:com.google.android.gms@262532029@26.25.32 (190400-944114241):661)
07-13 20:33:55.696 32567 32591 E AuthPII : 	at ahkp.b(:com.google.android.gms@262532029@26.25.32 (190400-944114241):151)
07-13 20:33:55.696 32567 32591 E AuthPII : 	at aaww.d(:com.google.android.gms@262532029@26.25.32 (190400-944114241):829)
07-13 20:33:55.696 32567 32591 E AuthPII : 	at ahec.getAuthToken(:com.google.android.gms@262532029@26.25.32 (190400-944114241):408)
07-13 20:33:55.696 32567 32591 E AuthPII : 	at android.accounts.AbstractAccountAuthenticator$Transport.getAuthToken(AbstractAccountAuthenticator.java:246)
07-13 20:33:55.696 32567 32591 E AuthPII : 	at android.accounts.IAccountAuthenticator$Stub.onTransact(IAccountAuthenticator.java:242)
07-13 20:33:55.696 32567 32591 E AuthPII : 	at android.os.Binder.transact(Binder.java:1200)
07-13 20:33:55.696 32567 32591 E AuthPII : 	at cqcm.onTransact(:com.google.android.gms@262532029@26.25.32 (190400-944114241):12)
07-13 20:33:55.696 32567 32591 E AuthPII : 	at android.os.Binder.transact(Binder.java:1200)
07-13 20:33:55.696 32567 32591 E AuthPII : 	at cdhn.onTransact(:com.google.android.gms@262532029@26.25.32 (190400-944114241):169)
07-13 20:33:55.696 32567 32591 E AuthPII : 	at android.os.Binder.execTransactInternal(Binder.java:1321)
07-13 20:33:55.696 32567 32591 E AuthPII : 	at android.os.Binder.execTransact(Binder.java:1280)
07-13 20:33:55.725 32567 32591 I Auth    : (REDACTED) [GetToken] GetToken failed for app=%s with userRecoverable status: %s
07-13 20:33:55.726 32567 32591 W Auth    : [ChimeraGetToken] exception while trying to fetch auth tokens for app=com.google.android.gms, scope=oauth2:https://www.googleapis.com/auth/experimentsandconfigs [CONTEXT service_id=153 ]
07-13 20:33:55.726 32567 32591 W Auth    : ahkk: GetToken failed with status code and recovery intent: BadAuthentication
07-13 20:33:55.726 32567 32591 W Auth    : 	at ahkp.b(:com.google.android.gms@262532029@26.25.32 (190400-944114241):352)
07-13 20:33:55.726 32567 32591 W Auth    : 	at aaww.d(:com.google.android.gms@262532029@26.25.32 (190400-944114241):829)
07-13 20:33:55.726 32567 32591 W Auth    : 	at ahec.getAuthToken(:com.google.android.gms@262532029@26.25.32 (190400-944114241):408)
07-13 20:33:55.726 32567 32591 W Auth    : 	at android.accounts.AbstractAccountAuthenticator$Transport.getAuthToken(AbstractAccountAuthenticator.java:246)
07-13 20:33:55.726 32567 32591 W Auth    : 	at android.accounts.IAccountAuthenticator$Stub.onTransact(IAccountAuthenticator.java:242)
07-13 20:33:55.726 32567 32591 W Auth    : 	at android.os.Binder.transact(Binder.java:1200)
07-13 20:33:55.726 32567 32591 W Auth    : 	at cqcm.onTransact(:com.google.android.gms@262532029@26.25.32 (190400-944114241):12)
07-13 20:33:55.726 32567 32591 W Auth    : 	at android.os.Binder.transact(Binder.java:1200)
07-13 20:33:55.726 32567 32591 W Auth    : 	at cdhn.onTransact(:com.google.android.gms@262532029@26.25.32 (190400-944114241):169)
07-13 20:33:55.726 32567 32591 W Auth    : 	at android.os.Binder.execTransactInternal(Binder.java:1321)
07-13 20:33:55.726 32567 32591 W Auth    : 	at android.os.Binder.execTransact(Binder.java:1280)
07-13 20:33:55.726 32567 32591 W GLSActivity: [GmsAccountAuthenticatorImpl] error status while fetching token:BadAuthentication
07-13 20:33:55.733 25935 26059 E Finsky  : [31817] Failed to get auth token
07-13 20:33:55.733 25935 26059 E Finsky  : com.android.volley.AuthFailureError: User needs to (re)enter credentials.
07-13 20:33:55.733 25935 26059 E Finsky  : 	at nme.a(PG:56)
07-13 20:33:55.733 25935 26059 E Finsky  : 	at abwb.a(PG:52)
07-13 20:33:55.733 25935 26059 E Finsky  : 	at blgu.f(PG:7)
07-13 20:33:55.733 25935 26059 E Finsky  : 	at bhqn.s(PG:7)
07-13 20:33:55.733 25935 26059 E Finsky  : 	at bhqn.m(PG:20)
07-13 20:33:55.733 25935 26059 E Finsky  : 	at bhpz.a(PG:185)
07-13 20:33:55.733 25935 26059 E Finsky  : 	at blgi.call(PG:265)
07-13 20:33:55.733 25935 26059 E Finsky  : 	at bpou.call(PG:21)
07-13 20:33:55.733 25935 26059 E Finsky  : 	at bprd.a(PG:3)
07-13 20:33:55.733 25935 26059 E Finsky  : 	at bpqi.run(PG:19)
07-13 20:33:55.733 25935 26059 E Finsky  : 	at bpre.run(PG:5)
07-13 20:33:55.733 25935 26059 E Finsky  : 	at java.util.concurrent.ThreadPoolExecutor.runWorker(ThreadPoolExecutor.java:1137)
07-13 20:33:55.733 25935 26059 E Finsky  : 	at java.util.concurrent.ThreadPoolExecutor$Worker.run(ThreadPoolExecutor.java:637)
07-13 20:33:55.733 25935 26059 E Finsky  : 	at bqor.run(PG:57)
07-13 20:33:55.733 25935 26059 E Finsky  : 	at java.lang.Thread.run(Thread.java:1012)
07-13 20:33:55.868   472   472 D io_stats: !@   8,0 r 151887059 3747543984 w 28219719 508242472 d 0 0 f 0 0 iot 29448844 0 th 0 0 0 pt 0 inp 0 0 1038986.443
07-13 20:33:55.881 25935 25960 E Finsky  : [31754] Failed to register with Phenotype for experiment package com.google.android.finsky.regular.
07-13 20:33:55.881 25935 25960 E Finsky  : java.util.concurrent.ExecutionException: com.google.android.libraries.phenotype.client.api.PhenotypeRuntimeException: 29504: 29504: Could not find valid auth token for all requested accounts
07-13 20:33:55.881 25935 25960 E Finsky  : 	at bpnx.h(PG:21)
07-13 20:33:55.881 25935 25960 E Finsky  : 	at bpof.s(PG:73)
07-13 20:33:55.881 25935 25960 E Finsky  : 	at alkd.doInBackground(PG:126)
07-13 20:33:55.881 25935 25960 E Finsky  : 	at alkf.f(PG:4)
07-13 20:33:55.881 25935 25960 E Finsky  : 	at alkg.call(PG:3)
07-13 20:33:55.881 25935 25960 E Finsky  : 	at bprd.a(PG:3)
07-13 20:33:55.881 25935 25960 E Finsky  : 	at bpqi.run(PG:19)
07-13 20:33:55.881 25935 25960 E Finsky  : 	at bpre.run(PG:5)
07-13 20:33:55.881 25935 25960 E Finsky  : 	at bpqw.run(PG:64)
07-13 20:33:55.881 25935 25960 E Finsky  : 	at java.util.concurrent.ThreadPoolExecutor.runWorker(ThreadPoolExecutor.java:1137)
07-13 20:33:55.881 25935 25960 E Finsky  : 	at java.util.concurrent.ThreadPoolExecutor$Worker.run(ThreadPoolExecutor.java:637)
07-13 20:33:55.881 25935 25960 E Finsky  : 	at bqor.run(PG:57)
07-13 20:33:55.881 25935 25960 E Finsky  : 	at java.lang.Thread.run(Thread.java:1012)
07-13 20:33:55.881 25935 25960 E Finsky  : Caused by: com.google.android.libraries.phenotype.client.api.PhenotypeRuntimeException: 29504: 29504: Could not find valid auth token for all requested accounts
07-13 20:33:55.881 25935 25960 E Finsky  : 	at blgi.call(PG:285)
07-13 20:33:55.881 25935 25960 E Finsky  : 	at bpou.call(PG:21)
07-13 20:33:55.881 25935 25960 E Finsky  : 	at bprd.a(PG:3)
07-13 20:33:55.881 25935 25960 E Finsky  : 	at bpqi.run(PG:19)
07-13 20:33:55.881 25935 25960 E Finsky  : 	at bpre.run(PG:5)
07-13 20:33:55.881 25935 25960 E Finsky  : 	... 4 more
07-13 20:33:55.881 25935 25960 E Finsky  : Caused by: com.google.android.gms.phenotype.core.common.PhenotypeRuntimeException: 29504: Could not find valid auth token for all requested accounts
07-13 20:33:55.881 25935 25960 E Finsky  : 	at bhqn.m(PG:140)
07-13 20:33:55.881 25935 25960 E Finsky  : 	at bhpz.a(PG:185)
07-13 20:33:55.881 25935 25960 E Finsky  : 	at blgi.call(PG:265)
07-13 20:33:55.881 25935 25960 E Finsky  : 	... 8 more
07-13 20:33:55.882 25935 25960 I Finsky  : [31754] Triggered update for experiment package com.google.android.finsky.regular.
07-13 20:33:55.920 25935 25960 I Finsky  : [31754] Already at the latest configurations for experiment package com.google.android.finsky.regular.
07-13 20:33:55.921 25935 25960 I Finsky  : [31754] Triggered update for experiment package com.google.android.finsky.regular.
07-13 20:33:55.958 25935 25960 I Finsky  : [31754] Already at the latest configurations for experiment package com.google.android.finsky.regular.
07-13 20:33:55.958 25935 26063 W android.vending: Long monitor contention with owner BlockingExecutor #0 (25960) at java.lang.Object alkd.doInBackground(java.lang.Object[])(PG:198) waiters=0 in java.lang.Object alkd.doInBackground(java.lang.Object[]) for 547ms
07-13 20:33:55.959 25935 26063 I Finsky  : [31820] Triggered update for experiment package com.google.android.finsky.stable_new.
07-13 20:33:56.041 25935 25960 W ProxyAndroidLoggerBackend: Too many Flogger logs received before configuration. Dropping old logs.
07-13 20:33:56.051 25935 26059 W ProxyAndroidLoggerBackend: Too many Flogger logs received before configuration. Dropping old logs.
07-13 20:33:56.063 25935 26063 I Finsky  : [31820] Already at the latest configurations for experiment package com.google.android.finsky.stable_new.
07-13 20:33:56.362  3149  5449 D SemWifiUsabilityStatsMonitor: onWifiUsabilityStats - seqNum 175464, isSameBssidAndFreq true
07-13 20:33:56.363  3149  3358 D ConnectivityService: notifyType CALLBACK_CAP_CHANGED for [107 WIFI]
07-13 20:33:56.366  3149  3408 I SemWifiLinkQualityMonitor: Link Qos Query: 0.372 ms / 21.505 Mbps (72 / 0.075 / 2.000)
07-13 20:33:56.368  3149  3384 D SemWifiSwitchForIndividualAppsService: stopTCPMonitoring : already stopped
07-13 20:33:56.371  3511  3511 D NetworkController.WifiSignalController: notifyListener: visible=true, connected=true, inetCondition=1, isDefault=true, wifiTestReported=true, receivedInetCondition=-1, hideDuringMobileSwitching=false
07-13 20:33:56.377  3149  3384 I WifiConnectivityMonitor.NCC: sNetworkCallback(oCC) FULL : 107(true/false)[ Transports: WIFI Capabilities: NOT_METERED&INTERNET&NOT_RESTRICTED&TRUSTED&NOT_VPN&VALIDATED&NOT_ROAMING&FOREGROUND&NOT_CONGESTED&NOT_SUSPENDED&NOT_VCN_MANAGED LinkUpBandwidth>=5531Kbps LinkDnBandwidth>=12116Kbps TransportInfo: <SSID: <unknown ssid>, BSSID: 02:00:00:**:**:00, MAC: 02:00:00:**:**:00, IP: /192.168.0.164, Security type: 2, Supplicant state: COMPLETED, Wi-Fi standard: 4, RSSI: -76, Link speed: 72Mbps, Tx Link speed: 72Mbps, Max Supported Tx Link speed: 72Mbps, Rx Link speed: 72Mbps, Max Supported Rx Link speed: 72Mbps, Frequency: 2427MHz, Net ID: -1, Metered hint: false, score: 60, isUsable: true, CarrierMerged: false, SubscriptionId: -1, IsPrimary: 1, Trusted: true, Restricted: false, Ephemeral: false, OEM paid: false, OEM private: false, OSU AP: false, FQDN: <none>, Provider friendly name: <none>, Requesting package name: <none><none>MLO Information: , AP MLD Address: <none>, AP MLO Link Id: <none>, AP MLO Affiliated links: <none>> SignalStrength: -76 AdminUids: [1000] SSID: "hari's" UnderlyingNetworks: Null]
07-13 20:33:56.382  3149  3425 I WifiConnectivityMonitor: current mode : 1
07-13 20:33:56.382  3149  3425 D OpenNetworkQos[4.00]: updateBssidNoInternet: mBssidNoInternet = false
07-13 20:33:56.382  3149  3425 D OpenNetworkQos[4.00]: getOpenNetworkQosNoInternetStatus: false
07-13 20:33:56.382  3149  3425 D OpenNetworkQos[4.00]: getOpenNetworkQosScores: 26 23 23
07-13 20:33:56.382  9058  9247 I HBD     : g onCapabilitiesChanged network : 107 current network state : wifi
07-13 20:33:56.382  3149  3425 D SettingsProvider: isChangeAllowed() : name = wifi_wcm_qos_sharing_score_summary
07-13 20:33:56.383  3149  3425 I WifiProfileShare: network QoS data was changed (internet), updateQoSData networkType: true, qosData: false
07-13 20:33:56.385  3149  4570 V WifiProfileShare.Caster: update wips network, size: 0
07-13 20:33:56.385  3149  4570 D WifiProfileShare: nearby scanning settings run
07-13 20:33:56.385  3149  4570 D WifiProfileShare: network score provider settings enabled
07-13 20:33:56.385  3149  4570 D OpenNetworkQos[4.00]: getOpenNetworkQosScores: 26 23 23
07-13 20:33:56.385  3149  4570 D OpenNetworkQos[4.00]: getOpenNetworkQosNoInternetStatus: false
07-13 20:33:56.385  3149  4570 I WifiProfileShare.Caster: current network type: 0, score: [26, 23, 23]
07-13 20:33:56.386  3149  4570 V WifiProfileShare.Caster: captive portal configuration was set
07-13 20:33:56.386  3149  4570 V WifiProfileShare.Cache: update network score 7a:fe:ce:**:**:3c
07-13 20:33:56.386  3149  4570 D WifiProfileShare.ScanMatcher: getMcfDataList size:1
07-13 20:33:56.387  3149  4570 I WifiProfileShare.Caster: qos data was updated , before:type:QOS, pBssid:99:e9:46, qosData:f3 after:type:QOS, pBssid:99:e9:46, qosData:f3
07-13 20:33:56.394 32567 26043 D ConnectivityManager: StackLog: [android.net.ConnectivityManager.sendRequestForNetwork(ConnectivityManager.java:4300)] [android.net.ConnectivityManager.sendRequestForNetwork(ConnectivityManager.java:4342)] [android.net.ConnectivityManager.registerNetworkCallback(ConnectivityManager.java:4724)] [android.net.ConnectivityManager.registerNetworkCallback(ConnectivityManager.java:4694)] [dqmy.a(:com.google.android.gms@262532029@26.25.32 (190400-944114241):34)] [lhu.a(:com.google.android.gms@262532029@26.25.32 (190400-944114241):19)] [dqnk.j(:com.google.android.gms@262532029@26.25.32 (190400-944114241):19)] [dqnk.O(:com.google.android.gms@262532029@26.25.32 (190400-944114241):14)] [dqnk.K(:com.google.android.gms@262532029@26.25.32 (190400-944114241):7)] [dqnk.I(:com.google.android.gms@262532029@26.25.32 (190400-944114241):23)] [dqnc.run(:com.google.android.gms@262532029@26.25.32 (190400-944114241):9)] [bkmu.c(:com.google.android.gms@262532029@26.25.32 (190400-944114241):50)] [bkmu.run(:com.google.android.gms@262532029@26.25.32 (190400-944114241):66)] [java.util.concurrent.ThreadPoolExecutor.runWorker(ThreadPoolExecutor.java:1137)] [java.util.concurrent.ThreadPoolExecutor$Worker.run(ThreadPoolExecutor.java:637)] [bksm.run(:com.google.android.gms@262532029@26.25.32 (190400-944114241):8)] [java.lang.Thread.run(Thread.java:1012)]
07-13 20:33:56.400  3149  4570 I [MCFSDK_android_1.2.4010]_4_b: isNetworkEnabled - type : 1 ret : true
07-13 20:33:56.400  3149  4570 D WifiProfileShare.McfCast: -ME--- mIsNetworkEnabled :true
07-13 20:33:56.400  3149  4570 D WifiProfileShare.McfCast: updateQoSData ignored, same contents
07-13 20:33:56.400  3149  4570 D WifiProfileShare.MCF: success update QosData !
07-13 20:33:56.403  3149  4570 I [MCFSDK_android_1.2.4010]_4_b: isNetworkEnabled - type : 1 ret : true
07-13 20:33:56.403  3149  4570 D WifiProfileShare.McfCast: -ME--- mIsNetworkEnabled :true
07-13 20:33:56.403  3149  4570 D WifiProfileShare.McfCast: -ME--- updatePasswordDate pwdData size:1
07-13 20:33:56.404 12011 12117 I BugleRcsEngine: handleMessage processing message:[NOTIFY_UPTIME_IGNORE_STATE_CHANGED] with [non-null]:RcsEngineImpl reference [CONTEXT log_prefix="RcsEngineImpl[DUAL_REG]:[6222869c-462e]>Handler" thread_id=24041 ]
07-13 20:33:56.404 12011 12077 I BugleRcsEngine: Connected state: [1], networkType: [WIFI] [CONTEXT thread_id=24031 ]
07-13 20:33:56.406  3149  3358 D ConnectivityService: Rematched networks [computed 0ms] [applied 2ms] [issued 1]
07-13 20:33:56.406 12011 12117 I BugleRcsEngine: Cannot use CS.apk as it's battery optimized [CONTEXT thread_id=24041 ]
07-13 20:33:56.406  3149  3358 D ConnectivityService: NetworkReassignment : no changes
07-13 20:33:56.407 32567 26043 D ConnectivityManager: StackLog: [android.net.ConnectivityManager.unregisterNetworkCallback(ConnectivityManager.java:4972)] [dqnk.j(:com.google.android.gms@262532029@26.25.32 (190400-944114241):43)] [dqnk.O(:com.google.android.gms@262532029@26.25.32 (190400-944114241):14)] [dqnk.K(:com.google.android.gms@262532029@26.25.32 (190400-944114241):7)] [dqnk.I(:com.google.android.gms@262532029@26.25.32 (190400-944114241):23)] [dqnc.run(:com.google.android.gms@262532029@26.25.32 (190400-944114241):9)] [bkmu.c(:com.google.android.gms@262532029@26.25.32 (190400-944114241):50)] [bkmu.run(:com.google.android.gms@262532029@26.25.32 (190400-944114241):66)] [java.util.concurrent.ThreadPoolExecutor.runWorker(ThreadPoolExecutor.java:1137)] [java.util.concurrent.ThreadPoolExecutor$Worker.run(ThreadPoolExecutor.java:637)] [bksm.run(:com.google.android.gms@262532029@26.25.32 (190400-944114241):8)] [java.lang.Thread.run(Thread.java:1012)]
07-13 20:33:56.410 32567 26043 I NearbyMediums: Wifi changed new SSID: "hari's"
07-13 20:33:56.410 32567 26043 I NearbyMediums: WifiLanConnectivityInfo is not changed, skip notify.
07-13 20:33:56.413  3149  3185 W libprocessgroup: Failed to open /dev/blkio//cgroup.procs: No such file or directory
07-13 20:33:56.414  3149  3185 W libprocessgroup: Failed to open /dev/blkio//cgroup.procs: No such file or directory
07-13 20:33:56.415 32567 32596 I NullBinder: NullBinder for android.net.action.RECOMMEND_NETWORKS triggering remote TransactionTooLargeException due to Service without Chimera impl, calling uid: 1000, calling pid: 0
07-13 20:33:56.415 32567 32596 W .gms.persistent: Large reply transaction of 1056768 bytes, interface descriptor , code 1
07-13 20:33:56.416  3511  3596 D Tile.WifiTile: handleUpdateState isTransient=false transientEnabling =false cb.isTransient=false state.state = 2 mStateBeforeClick.value =false enabled =true
07-13 20:33:56.418  3511  3596 D NetworkController.WifiSignalController: notifyListener: visible=true, connected=true, inetCondition=1, isDefault=true, wifiTestReported=true, receivedInetCondition=-1, hideDuringMobileSwitching=false
07-13 20:33:56.423  3511  3596 D Tile.WifiTile: handleUpdateState isTransient=false transientEnabling =false cb.isTransient=false state.state = 2 mStateBeforeClick.value =false enabled =true
07-13 20:33:56.427 25069 25349 D ConnectivityManager: StackLog: [android.net.ConnectivityManager.sendRequestForNetwork(ConnectivityManager.java:4300)] [android.net.ConnectivityManager.sendRequestForNetwork(ConnectivityManager.java:4342)] [android.net.ConnectivityManager.registerNetworkCallback(ConnectivityManager.java:4724)] [android.net.ConnectivityManager.registerNetworkCallback(ConnectivityManager.java:4694)] [dqmy.a(:com.google.android.gms@262532029@26.25.32 (190400-944114241):34)] [lhu.a(:com.google.android.gms@262532029@26.25.32 (190400-944114241):19)] [dqnk.j(:com.google.android.gms@262532029@26.25.32 (190400-944114241):19)] [dqnk.O(:com.google.android.gms@262532029@26.25.32 (190400-944114241):14)] [dqnk.K(:com.google.android.gms@262532029@26.25.32 (190400-944114241):7)] [dqnk.I(:com.google.android.gms@262532029@26.25.32 (190400-944114241):23)] [dqnc.run(:com.google.android.gms@262532029@26.25.32 (190400-944114241):9)] [bkmu.c(:com.google.android.gms@262532029@26.25.32 (190400-944114241):50)] [bkmu.run(:com.google.android.gms@262532029@26.25.32 (190400-944114241):66)] [java.util.concurrent.ThreadPoolExecutor.runWorker(ThreadPoolExecutor.java:1137)] [java.util.concurrent.ThreadPoolExecutor$Worker.run(ThreadPoolExecutor.java:637)] [bksm.run(:com.google.android.gms@262532029@26.25.32 (190400-944114241):8)] [java.lang.Thread.run(Thread.java:1012)]
07-13 20:33:56.447  3149  3358 D ConnectivityService: Rematched networks [computed 1ms] [applied 10ms] [issued 3]
07-13 20:33:56.447  3149  3358 D ConnectivityService: NetworkReassignment : no changes
07-13 20:33:56.448 25069 25349 D ConnectivityManager: StackLog: [android.net.ConnectivityManager.unregisterNetworkCallback(ConnectivityManager.java:4972)] [dqnk.j(:com.google.android.gms@262532029@26.25.32 (190400-944114241):43)] [dqnk.O(:com.google.android.gms@262532029@26.25.32 (190400-944114241):14)] [dqnk.K(:com.google.android.gms@262532029@26.25.32 (190400-944114241):7)] [dqnk.I(:com.google.android.gms@262532029@26.25.32 (190400-944114241):23)] [dqnc.run(:com.google.android.gms@262532029@26.25.32 (190400-944114241):9)] [bkmu.c(:com.google.android.gms@262532029@26.25.32 (190400-944114241):50)] [bkmu.run(:com.google.android.gms@262532029@26.25.32 (190400-944114241):66)] [java.util.concurrent.ThreadPoolExecutor.runWorker(ThreadPoolExecutor.java:1137)] [java.util.concurrent.ThreadPoolExecutor$Worker.run(ThreadPoolExecutor.java:637)] [bksm.run(:com.google.android.gms@262532029@26.25.32 (190400-944114241):8)] [java.lang.Thread.run(Thread.java:1012)]
07-13 20:33:56.451 25069 25349 I NearbyMediums: Wifi changed new SSID: "hari's"
07-13 20:33:56.451 25069 25349 I NearbyMediums: WifiLanConnectivityInfo is not changed, skip notify.
07-13 20:33:56.475 25935 25935 I Finsky  : [2] setup::RES: shouldRecoverRestoredPackages: versionCodeSystem 83501510
07-13 20:33:56.478 25935 26047 I Finsky  : [31809] registerListener
07-13 20:33:56.479 25935 26047 I Finsky  : [31809] DSC: reviveDownloads()
07-13 20:33:56.481 25935 26047 I Finsky  : [31809] Initialized AssetModuleDownloader.
07-13 20:33:56.483 22952 22992 I Finsky:background: [31725] DS: reviveDownloads()
07-13 20:33:56.489 25935 25935 I Finsky  : [2] Detected restoreservicev2://recovery not needed, will not run
07-13 20:33:56.498  9058  9058 I HBD     : g onCapabilityChanged  setNetworkState currentNetworkState : wifi
07-13 20:33:56.511  3149  3158 I system_server: Background young concurrent copying GC freed 350775(14MB) AllocSpace objects, 12(240KB) LOS objects, 8% free, 156MB/170MB, paused 893us,281us total 105.108ms
07-13 20:33:56.651  3822  3953 D ScanFilter: manu data matches
07-13 20:33:56.652  3822  3953 D BtGatt.GattService: onScanResult to scannerId: 6- eventType=0x1b, addressType=0, address=28AF42_D, primaryPhy=1, secondaryPhy=0, advertisingSid=0xff, txPower=127, rssi=-75, periodicAdvInt=0x0
07-13 20:33:56.653 19573 19598 I BCMGR[11.2.04.4]: BeaconMainController] onReceive - [1 : bad rssi][2 : bad rssi][3 : bad rssi][4 : bad rssi][5 : bad rssi][6 : bad rssi][7 : bad rssi][8 : bad rssi][9 : bad rssi][10 : bad rssi]
07-13 20:33:56.717 32567 32567 D BoundBrokerSvc: onUnbind: Intent { act=com.google.android.gms.common.telemetry.service.START dat=chimera-action:/... cmp=com.google.android.gms/.chimera.PersistentApiService }
07-13 20:33:56.788   685   685 E audit   : type=1400 audit(1783938836.783:708791): avc:  denied  { write } for  pid=31818 comm="ThreadPoolForeg" name="traced_producer" dev="tmpfs" ino=7808 scontext=u:r:gmscore_app:s0:c512,c768 tcontext=u:object_r:traced_producer_socket:s0 tclass=sock_file permissive=0 SEPF_SM-E625F_13_0001 audit_filtered
07-13 20:33:56.788   685   685 E audit   : type=1300 audit(1783938836.783:708791): arch=c00000b7 syscall=203 success=no exit=-13 a0=72 a1=b400007418000f80 a2=1e a3=ffffffff95bb1b76 items=1 ppid=2929 pid=31818 auid=4294967295 uid=10228 gid=10228 euid=10228 suid=10228 fsuid=10228 egid=10228 sgid=10228 fsgid=10228 tty=(none) ses=4294967295 comm="ThreadPoolForeg" exe="/system/bin/app_process64" subj=u:r:gmscore_app:s0:c512,c768 key=(null)
07-13 20:33:56.788   685   685 E audit   : type=1306 audit(1783938836.783:708791): saddr=01002F6465762F736F636B65742F7472616365645F70726F647563657200
07-13 20:33:56.788   685   685 E audit   : type=1302 audit(1783938836.783:708791): item=0 name="/dev/socket/traced_producer" inode=7808 dev=00:11 mode=0140666 ouid=0 ogid=0 rdev=00:00 obj=u:object_r:traced_producer_socket:s0 nametype=NORMAL cap_fp=0000000000000000 cap_fi=0000000000000000 cap_fe=0 cap_fver=0
07-13 20:33:56.788   685   685 E audit   : type=1327 audit(1783938836.783:708791): proctitle="com.google.android.gms"
07-13 20:33:56.897 32567 26043 I NearbySharing: Network state changed: NetworkState(isRestricted=false, isOnline=true, isCongested=false, isMetered=false, isWifiConnected=true)
07-13 20:33:56.899 32567 25864 I NearbySharing: Network state changed: NetworkState(isRestricted=false, isOnline=true, isCongested=false, isMetered=false, isWifiConnected=true)
07-13 20:33:56.920 25069 25349 I NearbySharing: Network state changed: NetworkState(isRestricted=false, isOnline=true, isCongested=false, isMetered=false, isWifiConnected=true)
07-13 20:33:56.925 25069 25349 I NearbySharing: Network state changed: NetworkState(isRestricted=false, isOnline=true, isCongested=false, isMetered=false, isWifiConnected=true)
07-13 20:33:57.473 23780 23780 I wpa_supplicant: Heartbeat 93462
07-13 20:33:57.869   472   472 D io_stats: !@   8,0 r 151887121 3747544552 w 28219738 508242548 d 0 0 f 0 0 iot 29448864 0 th 0 0 0 pt 0 inp 0 0 1038988.444
07-13 20:33:58.164 25069 25349 I NearbyMediums: No BLE Fast/GATT advertisements found in the latest cycle.
07-13 20:33:58.164 25069 25349 I NearbyMediums: Current Tracked Scanning Clients are : {NearbyConnections.EnvironmentMonitor, NearbySharing}
07-13 20:33:58.254  3149  3406 I SemWifiServiceDetector: Traff. tracking started
07-13 20:33:58.759  3149  3406 D SemNscXgbMsL1: Probability - Cloud gaming: [0.035336226]
07-13 20:33:58.760  3149  3406 D SemNscXgbMsL1: Probability - Real time: [0.032358896]
07-13 20:33:58.761  3149  3406 D SemNscXgbMsL1: Probability - Non real time: [0.9156414]
07-13 20:33:58.761  3149  3406 D SemNscXgbMsL1: 1 sample inference time: 1.768192 msecs
07-13 20:33:58.765  3149  3406 D SemNscXgbL2Rt: L2 RT 1 sample inference time: 3.646192 msecs
07-13 20:33:58.768  3149  3406 D SemNscXgbL2Nrt: L2 NRT 1 sample inference time: 2.719 msecs
07-13 20:33:59.153  3822  3953 D ScanFilter: manu data matches
07-13 20:33:59.154  3822  3953 D BtGatt.GattService: onScanResult to scannerId: 6- eventType=0x1b, addressType=0, address=28AF42_D, primaryPhy=1, secondaryPhy=0, advertisingSid=0xff, txPower=127, rssi=-72, periodicAdvInt=0x0
07-13 20:33:59.270  3149  3406 D SemNscXgbMsL1: Probability - Cloud gaming: [0.03149193]
07-13 20:33:59.271  3149  3406 D SemNscXgbMsL1: Probability - Real time: [0.021637967]
07-13 20:33:59.271  3149  3406 D SemNscXgbMsL1: Probability - Non real time: [0.92330414]
07-13 20:33:59.271  3149  3406 D SemNscXgbMsL1: 1 sample inference time: 1.575693 msecs
07-13 20:33:59.275  3149  3406 D SemNscXgbL2Rt: L2 RT 1 sample inference time: 3.502385 msecs
07-13 20:33:59.278  3149  3406 D SemNscXgbL2Nrt: L2 NRT 1 sample inference time: 2.749615 msecs
07-13 20:33:59.465  3149  5449 D SemWifiUsabilityStatsMonitor: onWifiUsabilityStats - seqNum 175465, isSameBssidAndFreq true
07-13 20:33:59.467  3149  3408 I SemWifiLinkQualityMonitor: Link Qos Query: 0.347 ms / 23.038 Mbps (72 / 0.063 / 2.000)
07-13 20:33:59.542 25866 25904 I Bugle   : BugleStartup: Updating app config...
07-13 20:33:59.547  3149  3964 D PackageManager: setEnabledSetting : userId = 0 packageName = com.google.android.apps.messaging cmp = com.google.android.apps.messaging.shared.receiver.SmsReceiver newState = 2 callingPackage = 10238/com.google.android.apps.messaging
07-13 20:33:59.552  3149  3964 D PackageManager: setEnabledSetting : userId = 0 packageName = com.google.android.apps.messaging cmp = com.google.android.apps.messaging.shared.receiver.TelephonyChangeReceiver newState = 1 callingPackage = 10238/com.google.android.apps.messaging
07-13 20:33:59.553  3149  3964 D ApplicationPolicy: getApplicationStateEnabled : pkg = com.google.android.apps.messaging userId : 0
07-13 20:33:59.557  3149  3964 D ApplicationPolicy: getApplicationComponentState : pkg = com.google.android.apps.messaging userId : 0
07-13 20:33:59.560  3149  3964 D PackageManager: setEnabledSetting : userId = 0 packageName = com.google.android.apps.messaging cmp = com.google.android.apps.messaging.shared.receiver.DefaultSmsPackageChangedReceiver newState = 1 callingPackage = 10238/com.google.android.apps.messaging
07-13 20:33:59.562  3149  3964 D ApplicationPolicy: getApplicationStateEnabled : pkg = com.google.android.apps.messaging userId : 0
07-13 20:33:59.563  3149  3964 D ApplicationPolicy: getApplicationComponentState : pkg = com.google.android.apps.messaging userId : 0
07-13 20:33:59.566  3149  3964 D PackageManager: setEnabledSetting : userId = 0 packageName = com.google.android.apps.messaging cmp = com.google.android.apps.messaging.shared.receiver.RestoreReceiver newState = 1 callingPackage = 10238/com.google.android.apps.messaging
07-13 20:33:59.567  3149  3964 D ApplicationPolicy: getApplicationStateEnabled : pkg = com.google.android.apps.messaging userId : 0
07-13 20:33:59.568  3149  3964 D ApplicationPolicy: getApplicationComponentState : pkg = com.google.android.apps.messaging userId : 0
07-13 20:33:59.571  3149  3964 D PackageManager: setEnabledSetting : userId = 0 packageName = com.google.android.apps.messaging cmp = com.google.android.apps.messaging.shared.receiver.SmsRejectedReceiver newState = 1 callingPackage = 10238/com.google.android.apps.messaging
07-13 20:33:59.572  3149  3964 D ApplicationPolicy: getApplicationStateEnabled : pkg = com.google.android.apps.messaging userId : 0
07-13 20:33:59.573  3149  3964 D ApplicationPolicy: getApplicationComponentState : pkg = com.google.android.apps.messaging userId : 0
07-13 20:33:59.577  3149  3964 D PackageManager: setEnabledSetting : userId = 0 packageName = com.google.android.apps.messaging cmp = com.google.android.apps.messaging.ui.conversationlist.VideoShareIntentActivity newState = 1 callingPackage = 10238/com.google.android.apps.messaging
07-13 20:33:59.578  3149  3964 D ApplicationPolicy: getApplicationStateEnabled : pkg = com.google.android.apps.messaging userId : 0
07-13 20:33:59.579  3149  3964 D ApplicationPolicy: getApplicationComponentState : pkg = com.google.android.apps.messaging userId : 0
07-13 20:33:59.582 25866 25904 I Bugle   : BugleStartup: Done with app config.
07-13 20:33:59.583 25866 25904 I Bugle   : BugleStartup: Handling shared prefs upgrade & Load MMS Configuration...
07-13 20:33:59.605 25866 25892 I BugleDataModel: Scheduling country code detector action, because a subscription changed its state.
07-13 20:33:59.615 25866 25906 I Bugle   : BugleStartup: Done initializing with enabled individual init failures.
07-13 20:33:59.620 25866 25895 I Bugle   : isDefaultSmsApp: true [CONTEXT class_name="PhoneConfiguration" ]
07-13 20:33:59.620 25866 25906 I RcsProvisioningFlow: Received intent action: android.intent.action.SIM_STATE_CHANGED with extra SIM_STATE: LOADED
07-13 20:33:59.622 25866 25906 I RcsProvisioningFlow: Sending sim state update work request to scheduler due to LOADED.
07-13 20:33:59.629 25866 25895 I BugleRcsEngine: Cannot use CS.apk as it's battery optimized [CONTEXT thread_id=31759 ]
07-13 20:33:59.632 25866 25906 I RcsProvisioningFlow: Scheduling 3 using PWQ with updateTrigger: 6, scheduledAt: 2026-07-13T10:33:59.624Z, initialDelaySeconds: 0.
07-13 20:33:59.632 25866 25892 I RcsProvisioningFlow: Beginning update task for phone SIMs state scheduledAt: 2026-07-13T10:33:59.623Z
07-13 20:33:59.639 25866 25892 I RcsProvisioningFlow: Lock acquired for updating phone SIMs state with update trigger: 1.
07-13 20:33:59.640 25866 25892 I RcsProvisioningFlow: subscriptionUtilsList subIds: [4, 1]
07-13 20:33:59.644 25866 25906 I RcsProvisioningFlow: Received intent action: android.telephony.action.DEFAULT_SUBSCRIPTION_CHANGED with extra SIM_STATE: null
07-13 20:33:59.644 25866 25906 I RcsProvisioningFlow: Scheduling 3 using PWQ with updateTrigger: 4, scheduledAt: 2026-07-13T10:33:59.644Z, initialDelaySeconds: 0.
07-13 20:33:59.647 25866 25904 W Bugle   : BuglePhoneNumberUtils: canonicalizeMccMnc: invalid mccmnc. mcc: null, mnc: null
07-13 20:33:59.653 25866 25891 I Bugle   : BroadcastReceiverAsyncWorkTracker: Acknowledging broadcast of dhyf@9b67b79
07-13 20:33:59.654 25866 25892 D WM-GreedyScheduler: Ignoring {WorkSpec: 9ad7dfff-0140-48fb-8bba-f06d60d995ed}. Requires ContentUri triggers.
07-13 20:33:59.654 25866 25892 D WM-GreedyScheduler: Ignoring {WorkSpec: 41e25bf5-490a-465c-bec0-83c8d1df316b}. Requires device idle.
07-13 20:33:59.654 25866 25892 D WM-GreedyScheduler: Ignoring {WorkSpec: c3dc92cd-e245-4584-9b3c-f9f112b7eb0c}. Requires ContentUri triggers.
07-13 20:33:59.654 25866 25892 D WM-GreedyScheduler: Starting work for 0c40cf06-ed51-4d1c-9ee0-fea43f7759b8
07-13 20:33:59.654 25866 25891 I RcsAvailability: Rcs availability updater triggered on app start for all active identities.
07-13 20:33:59.657 25866 25894 D WM-Processor: tnz: processing WorkGenerationalId(workSpecId=0c40cf06-ed51-4d1c-9ee0-fea43f7759b8, generation=0)
07-13 20:33:59.659 25866 25906 D MddListenableWorkerFactory: createWorker for class: com.google.android.apps.messaging.shared.datamodel.workqueue.WorkQueueWorkerShim
07-13 20:33:59.662 25866 25866 D WM-WorkerWrapper: Starting work for com.google.android.apps.messaging.shared.datamodel.workqueue.WorkQueueWorkerShim
07-13 20:33:59.663 25866 25902 I BugleSimStateTracker: Looking up Fi through package names.
07-13 20:33:59.672  3149  3185 W libprocessgroup: Failed to open /dev/blkio//cgroup.procs: No such file or directory
07-13 20:33:59.686 25866 25901 I RcsProvisioningFlow: Handling SIM state update work request for 3 with updateTrigger 6, scheduledAt 2026-07-13T10:33:59.624Z.
07-13 20:33:59.688 25866 25901 I RcsProvisioningFlow: Beginning update task for phone SIMs state scheduledAt: 2026-07-13T10:33:59.624Z
07-13 20:33:59.691 25866 25904 W Bugle   : BuglePhoneNumberUtils: canonicalizeMccMnc: invalid mccmnc. mcc: null, mnc: null
07-13 20:33:59.691 25866 25902 I BugleSimStateTracker: default call SIM: redacted-pii:sim_id[chars:20,last3:928], default sms SIM redacted-pii:sim_id[chars:20,last3:928]. default data SIM redacted-pii:sim_id[chars:20,last3:928].
07-13 20:33:59.692 25866 25902 I BugleSimStateTracker: default call SIM: redacted-pii:sim_id[chars:20,last3:928], default sms SIM redacted-pii:sim_id[chars:20,last3:928]. default data SIM redacted-pii:sim_id[chars:20,last3:928].
07-13 20:33:59.704  3149  3185 W libprocessgroup: Failed to open /dev/blkio//cgroup.procs: No such file or directory
07-13 20:33:59.710 31818 31818 D BoundBrokerSvc: onBind: Intent { act=com.google.android.gms.auth.service.START pkg=com.google.android.gms }
07-13 20:33:59.710 31818 31818 D BoundBrokerSvc: Loading bound service for intent: Intent { act=com.google.android.gms.auth.service.START pkg=com.google.android.gms }
07-13 20:33:59.719 25866 25895 I Bugle   : getRawTelephonyPhoneNumber redacted-pii[12-chars] [CONTEXT sub_id=4 ]
07-13 20:33:59.721 25866 25894 I BugleSimStateTracker: Subscription is carrier config identified: true [CONTEXT sub_id=4 ]
07-13 20:33:59.725 25866 25894 I BugleSimStateTracker: Subscription is carrier config identified: true [CONTEXT sub_id=1 ]
07-13 20:33:59.728 25866 25894 I BugleSimStateTracker: Looking up Fi through package names.
07-13 20:33:59.734 32567 32567 D BoundBrokerSvc: onRebind: Intent { act=com.google.android.gms.auth.aang.events.services.START dat=chimera-action:/... cmp=com.google.android.gms/.chimera.PersistentApiService }
07-13 20:33:59.736 25866 25895 I Bugle   : SubscriptionUtils.getCanonicalForSelf: self=redacted-pii[12-chars], country=AU [CONTEXT sub_id=4 ]
07-13 20:33:59.744 25866 25896 I BugleConnectivity: isOnSatellite(4): false [CONTEXT ratelimit_period="1 SECONDS" ]
07-13 20:33:59.744 25866 25896 I BugleConnectivity: 4 is not on satellite and no other subscriptions are on satellite [CONTEXT ratelimit_period="1 SECONDS" ]
07-13 20:33:59.746 31818 31818 D BoundBrokerSvc: onBind: Intent { act=com.google.android.gms.notifications.capping.api.NotificationsCappingApiService.START dat=chimera-action:/... cmp=com.google.android.gms/.chimera.GmsApiService }
07-13 20:33:59.746 31818 31818 D BoundBrokerSvc: Loading bound service for intent: Intent { act=com.google.android.gms.notifications.capping.api.NotificationsCappingApiService.START dat=chimera-action:/... cmp=com.google.android.gms/.chimera.GmsApiService }
07-13 20:33:59.766 25866 25895 I Bugle   : getRawTelephonyPhoneNumber redacted-pii[12-chars] [CONTEXT sub_id=1 ]
07-13 20:33:59.772 25866 25895 I Bugle   : SubscriptionUtils.getCanonicalForSelf: self=redacted-pii[13-chars], country=IN [CONTEXT sub_id=1 ]
07-13 20:33:59.776 25866 25894 I BugleSimStateTracker: Looking up Fi through package names.
07-13 20:33:59.779  3149  3406 D SemNscXgbMsL1: Probability - Cloud gaming: [0.033862866]
07-13 20:33:59.779  3149  3406 D SemNscXgbMsL1: Probability - Real time: [0.028562775]
07-13 20:33:59.779  3149  3406 D SemNscXgbMsL1: Probability - Non real time: [0.9179973]
07-13 20:33:59.779  3149  3406 D SemNscXgbMsL1: 1 sample inference time: 0.527615 msecs
07-13 20:33:59.780  3149  3406 D SemNscXgbL2Rt: L2 RT 1 sample inference time: 0.954692 msecs
07-13 20:33:59.781  3149  3406 D SemNscXgbL2Nrt: L2 NRT 1 sample inference time: 0.797731 msecs
07-13 20:33:59.782 25866 25894 I Bugle   : updateSmsNetworkCountry from default subscription network country. Detected country: au
07-13 20:33:59.783 25866 25895 I BugleSelfIdentity: Phone number for MyIdentity cb981a33-2265-4c61-9cc0-ea17d3138a0e does not change [CONTEXT sub_id=4 icc_id="redacted-pii[19-chars]" messaging_identity="redacted-pii[12-chars]" rcs_provisioning_id="redacted-pii[0-chars]" ]
07-13 20:33:59.788 25866 25895 I BugleSelfIdentity: Phone number for MyIdentity 656181af-0412-4f71-8400-bb776e65d3df does not change [CONTEXT sub_id=1 icc_id="redacted-pii[20-chars]" messaging_identity="redacted-pii[13-chars]" rcs_provisioning_id="redacted-pii[0-chars]" ]
07-13 20:33:59.797 25866 25894 I BugleSimStateTracker: Looking up Fi through package names.
07-13 20:33:59.802 25866 25894 I RcsProvisioningFlow: All newly built SimSubscriptionInfos: [(simId: redacted-pii:sim_id[chars:19,last3:498],
07-13 20:33:59.802 25866 25894 I RcsProvisioningFlow: subId: 4,
07-13 20:33:59.802 25866 25894 I RcsProvisioningFlow: simSlot: 0,
07-13 20:33:59.802 25866 25894 I RcsProvisioningFlow: imsi: redacted-pii:imsi[chars:15],
07-13 20:33:59.802 25866 25894 I RcsProvisioningFlow: phoneNumber: redacted-pii:phone_number[chars:12,last2:86],
07-13 20:33:59.802 25866 25894 I RcsProvisioningFlow: countryCode: AU,
07-13 20:33:59.802 25866 25894 I RcsProvisioningFlow: networkOperatorName: ,
07-13 20:33:59.802 25866 25894 I RcsProvisioningFlow: subscriptionGroupUuid: ,
07-13 20:33:59.802 25866 25894 I RcsProvisioningFlow: mcc: 505,
07-13 20:33:59.802 25866 25894 I RcsProvisioningFlow: mnc: 02,
07-13 20:33:59.802 25866 25894 I RcsProvisioningFlow: simCarrierId: 30,
07-13 20:33:59.802 25866 25894 I RcsProvisioningFlow: iccid: redacted-pii:sim_iccid[chars:19],
07-13 20:33:59.802 25866 25894 I RcsProvisioningFlow: isFi: false,
07-13 20:33:59.802 25866 25894 I RcsProvisioningFlow: loggableGuid: fd570863-4086-4a9a-b0a4-46713bdb9f90,
07-13 20:33:59.802 25866 25894 I RcsProvisioningFlow: formattedMsisdn: redacted-pii:phone_number[chars:12,last2:86],
07-13 20:33:59.802 25866 25894 I RcsProvisioningFlow: simOperatorName: YES OPTUS,
07-13 20:33:59.802 25866 25894 I RcsProvisioningFlow: simOperator: 50502,
07-13 20:33:59.802 25866 25894 I RcsProvisioningFlow: groupIdLevel1: 02FFFFFFFFFFFFFFFFFFFFFFFFFFFFFFFFFFFFFFFFFFFFFFFFFFFFFFFFFFFFFFFFFF,
07-13 20:33:59.802 25866 25894 I RcsProvisioningFlow: preferredSubscriptionName: YES OPTUS), (simId: redacted-pii:sim_id[chars:20,last3:928],
07-13 20:33:59.802 25866 25894 I RcsProvisioningFlow: subId: 1,
07-13 20:33:59.802 25866 25894 I RcsProvisioningFlow: simSlot: 1,
07-13 20:33:59.802 25866 25894 I RcsProvisioningFlow: imsi: redacted-pii:imsi[chars:15],
07-13 20:33:59.802 25866 25894 I RcsProvisioningFlow: phoneNumber: redacted-pii:phone_number[chars:12,last2:26],
07-13 20:33:59.802 25866 25894 I RcsProvisioningFlow: countryCode: IN,
07-13 20:33:59.802 25866 25894 I RcsProvisioningFlow: networkOperatorName: ,
07-13 20:33:59.802 25866 25894 I RcsProvisioningFlow: subscriptionGroupUuid: ,
07-13 20:33:59.802 25866 25894 I RcsProvisioningFlow: mcc: 405,
07-13 20:33:59.802 25866 25894 I RcsProvisioningFlow: mnc: 872,
07-13 20:33:59.802 25866 25894 I RcsProvisioningFlow: simCarrierId: 2018,
07-13 20:33:59.802 25866 25894 I RcsProvisioningFlow: iccid: redacted-pii:sim_iccid[chars:20],
07-13 20:33:59.802 25866 25894 I RcsProvisioningFlow: isFi: false,
07-13 20:33:59.802 25866 25894 I RcsProvisioningFlow: loggableGuid: 54a03721-bf03-46c7-a647-6be27888b4f8,
07-13 20:33:59.802 25866 25894 I RcsProvisioningFlow: formattedMsisdn: redacted-pii:phone_number[chars:13,last2:26],
07-13 20:33:59.802 25866 25894 I RcsProvisioningFlow: simOperatorName: Jio,
07-13 20:33:59.802 25866 25894 I RcsProvisioningFlow: simOperator: 405872,
07-13 20:33:59.802 25866 25894 I RcsProvisioningFlow: groupIdLevel1: FFFFFFFFFFFFFFFFFFFF,
07-13 20:33:59.802 25866 25894 I RcsProvisioningFlow: preferredSubscriptionName: Jio)]
07-13 20:33:59.809 25866 25895 I Bugle   : Has Samsung system feature: true
07-13 20:33:59.811 25866 25894 I RcsProvisioningFlow: Storing updated SimSubscriptionInfo list in PhoneSimsStateDataStore: [(redacted-pii:sim_id[chars:19,last3:498], fd570863-4086-4a9a-b0a4-46713bdb9f90), (redacted-pii:sim_id[chars:20,last3:928], 54a03721-bf03-46c7-a647-6be27888b4f8)]
07-13 20:33:59.811 25866 25894 I RcsProvisioningFlow: Storing updated SimSubscriptionInfo list in SimStateStore: [(redacted-pii:sim_id[chars:19,last3:498], fd570863-4086-4a9a-b0a4-46713bdb9f90), (redacted-pii:sim_id[chars:20,last3:928], 54a03721-bf03-46c7-a647-6be27888b4f8)]
07-13 20:33:59.811 25866 25894 I RcsProvisioningFlow: Sim subscription infos have not changed, skipping saving
07-13 20:33:59.811 25866 25894 I RcsProvisioningFlow: Phone defaults have not changed in SimStateStore, skipping saving
07-13 20:33:59.811 25866 25894 I RcsProvisioningFlow: Phone defaults have not changed in PhoneSimsStateDataStore, skipping saving
07-13 20:33:59.812 25866 25894 I RcsProvisioningFlow: Handling SIM loaded event for all SIMs on first update: [(redacted-pii[19-chars], fd570863-4086-4a9a-b0a4-46713bdb9f90), (redacted-pii[20-chars], 54a03721-bf03-46c7-a647-6be27888b4f8)]
07-13 20:33:59.814 25866 25894 I RcsAvailability: RCS availability update triggered on SIM loaded for simId: fd570863-4086-4a9a-b0a4-46713bdb9f90
07-13 20:33:59.815 25866 25894 I RcsAvailability: RCS availability update triggered on SIM loaded for simId: 54a03721-bf03-46c7-a647-6be27888b4f8
07-13 20:33:59.818  3149  3964 D SecContentProvider2: query(), uri = 18 selection = isRCSEnabled
07-13 20:33:59.818  3149  5214 D SecContentProvider2: query(), uri = 18 selection = isRCSEnabled
07-13 20:33:59.820  3149  5214 I PhoneRestrictionPolicy: isRCSEnabledInternal(), showMsg: false, columnName: enableRCS
07-13 20:33:59.821  3149  3964 I PhoneRestrictionPolicy: isRCSEnabledInternal(), showMsg: false, columnName: enableRCS
07-13 20:33:59.821  3149  5214 E PhoneRestrictionPolicy: getEmergencyCall >>false
07-13 20:33:59.822  3149  3964 E PhoneRestrictionPolicy: getEmergencyCall >>false
07-13 20:33:59.822  3149  5214 I PhoneRestrictionPolicy: isRCSEnabledInternal(), showMsg: false, columnName: enableRCSForSimSlot1
07-13 20:33:59.822  3149  5214 E PhoneRestrictionPolicy: getEmergencyCall >>false
07-13 20:33:59.822  3149  3964 I PhoneRestrictionPolicy: isRCSEnabledInternal(), showMsg: false, columnName: enableRCSForSimSlot1
07-13 20:33:59.822  3149  3964 E PhoneRestrictionPolicy: getEmergencyCall >>false
07-13 20:33:59.823 25866 25894 I BugleCME: MyIdentity onActiveSimsChanged: [(subId: 4, simType: SIM_TYPE_PSIM, simSlot: 0, simLoggableGuid: fd570863-4086-4a9a-b0a4-46713bdb9f90), (subId: 1, simType: SIM_TYPE_PSIM, simSlot: 1, simLoggableGuid: 54a03721-bf03-46c7-a647-6be27888b4f8)]
07-13 20:33:59.823 25866 25895 I Bugle   : RcsAvailabilityUtilForProvisioningEngineV2: updateAvailabilityForAllSimsAsync, hint: NO_HINT
07-13 20:33:59.823 25866 25902 D WM-GreedyScheduler: Ignoring {WorkSpec: 9ad7dfff-0140-48fb-8bba-f06d60d995ed}. Requires ContentUri triggers.
07-13 20:33:59.823 25866 25895 I BugleRcsProvisioning: updateAvailabilityForAllSimsAsync: hint: NO_HINT
07-13 20:33:59.823 25866 25902 D WM-GreedyScheduler: Ignoring {WorkSpec: 41e25bf5-490a-465c-bec0-83c8d1df316b}. Requires device idle.
07-13 20:33:59.824 25866 25902 D WM-GreedyScheduler: Ignoring {WorkSpec: c3dc92cd-e245-4584-9b3c-f9f112b7eb0c}. Requires ContentUri triggers.
07-13 20:33:59.826 25866 26082 I BugleRcsProvisioning: updateRcsAvailabilityForMultipleSims: hint: NO_HINT
07-13 20:33:59.827 25866 26082 I RcsAvailabilityCache: Cached availability not found for simId: redacted-pii:sim_id[chars:19,last3:498]
07-13 20:33:59.829  3149  5344 D SecContentProvider2: query(), uri = 18 selection = isRCSEnabled
07-13 20:33:59.829  3149  5344 I PhoneRestrictionPolicy: isRCSEnabledInternal(), showMsg: false, columnName: enableRCS
07-13 20:33:59.829  3149  5344 E PhoneRestrictionPolicy: getEmergencyCall >>false
07-13 20:33:59.830  3149  5344 I PhoneRestrictionPolicy: isRCSEnabledInternal(), showMsg: false, columnName: enableRCSForSimSlot1
07-13 20:33:59.830  3149  5214 D SecContentProvider2: query(), uri = 18 selection = isRCSEnabled
07-13 20:33:59.830  3149  5214 I PhoneRestrictionPolicy: isRCSEnabledInternal(), showMsg: false, columnName: enableRCS
07-13 20:33:59.830  3149  5344 E PhoneRestrictionPolicy: getEmergencyCall >>false
07-13 20:33:59.830 25866 25894 I SubscriptionsTracker: SubscriptionsTracker#refreshSelfParticipantList([4, 1]), with subIdToSimIdMap([4, 1])
07-13 20:33:59.830 25866 25902 I Bugle   : isDefaultSmsApp: true [CONTEXT class_name="PhoneConfiguration" ]
07-13 20:33:59.831  3149  5214 E PhoneRestrictionPolicy: getEmergencyCall >>false
07-13 20:33:59.831  3149  5214 I PhoneRestrictionPolicy: isRCSEnabledInternal(), showMsg: false, columnName: enableRCSForSimSlot1
07-13 20:33:59.831  3149  5214 E PhoneRestrictionPolicy: getEmergencyCall >>false
07-13 20:33:59.832  3149  3162 D SecContentProvider2: query(), uri = 18 selection = isRCSEnabled
07-13 20:33:59.832  3149  3162 I PhoneRestrictionPolicy: isRCSEnabledInternal(), showMsg: false, columnName: enableRCS
07-13 20:33:59.833  3149  5211 D SecContentProvider2: query(), uri = 18 selection = isRCSEnabled
07-13 20:33:59.833  3149  5211 I PhoneRestrictionPolicy: isRCSEnabledInternal(), showMsg: false, columnName: enableRCS
07-13 20:33:59.833  3149  5211 E PhoneRestrictionPolicy: getEmergencyCall >>false
07-13 20:33:59.834  3149  5211 I PhoneRestrictionPolicy: isRCSEnabledInternal(), showMsg: false, columnName: enableRCSForSimSlot1
07-13 20:33:59.835  3149  5211 E PhoneRestrictionPolicy: getEmergencyCall >>false
07-13 20:33:59.836 25866 25901 I Bugle   : isDefaultSmsApp: true [CONTEXT class_name="PhoneConfiguration" ]
07-13 20:33:59.838  3149  3162 E PhoneRestrictionPolicy: getEmergencyCall >>false
07-13 20:33:59.838  3149  5344 D SecContentProvider2: query(), uri = 18 selection = isRCSEnabled
07-13 20:33:59.839  3149  5344 I PhoneRestrictionPolicy: isRCSEnabledInternal(), showMsg: false, columnName: enableRCS
07-13 20:33:59.839  3149  3162 I PhoneRestrictionPolicy: isRCSEnabledInternal(), showMsg: false, columnName: enableRCSForSimSlot1
07-13 20:33:59.839  3149  3162 E PhoneRestrictionPolicy: getEmergencyCall >>false
07-13 20:33:59.839  3149  5344 E PhoneRestrictionPolicy: getEmergencyCall >>false
07-13 20:33:59.839  3149  5344 I PhoneRestrictionPolicy: isRCSEnabledInternal(), showMsg: false, columnName: enableRCSForSimSlot1
07-13 20:33:59.840  3149  5344 E PhoneRestrictionPolicy: getEmergencyCall >>false
07-13 20:33:59.842 25866 25901 I Bugle   : isDefaultSmsApp: true [CONTEXT class_name="PhoneConfiguration" ]
07-13 20:33:59.847 25866 25905 I Bugle   : MobileConfigurationRetriever: Cannot retrieve rcs onboarding flags in configuration right now, return default flags instead.
07-13 20:33:59.847 25866 25905 I Bugle   : flgp: MEDIUM
07-13 20:33:59.847 25866 25905 I Bugle   : 	at cxdh.c(PG:131)
07-13 20:33:59.847 25866 25905 I Bugle   : 	at ddai.h(PG:348)
07-13 20:33:59.847 25866 25905 I Bugle   : 	at ddah.b(PG:13)
07-13 20:33:59.847 25866 25905 I Bugle   : 	at gkbk.w(PG:11)
07-13 20:33:59.847 25866 25905 I Bugle   : 	at gkrp.iE(PG:27)
07-13 20:33:59.847 25866 25905 I Bugle   : 	at gkma.w(PG:21)
07-13 20:33:59.847 25866 25905 I Bugle   : 	at gkbk.w(PG:37)
07-13 20:33:59.847 25866 25905 I Bugle   : 	at gkrp.iE(PG:27)
07-13 20:33:59.847 25866 25905 I Bugle   : 	at gkma.w(PG:21)
07-13 20:33:59.847 25866 25905 I Bugle   : 	at gkbk.w(PG:37)
07-13 20:33:59.847 25866 25905 I Bugle   : 	at gkom.run(PG:112)
07-13 20:33:59.847 25866 25905 I Bugle   : 	at fhfx.run(PG:3)
07-13 20:33:59.847 25866 25905 I Bugle   : 	at eoeu.run(PG:7)
07-13 20:33:59.847 25866 25905 I Bugle   : 	at java.util.concurrent.ThreadPoolExecutor.runWorker(ThreadPoolExecutor.java:1137)
07-13 20:33:59.847 25866 25905 I Bugle   : 	at java.util.concurrent.ThreadPoolExecutor$Worker.run(ThreadPoolExecutor.java:637)
07-13 20:33:59.847 25866 25905 I Bugle   : 	at eody.run(PG:13)
07-13 20:33:59.847 25866 25905 I Bugle   : 	at java.lang.Thread.run(Thread.java:1012)
07-13 20:33:59.847 25866 25905 I Bugle   : 	at eofr.run(PG:62)
07-13 20:33:59.847 25866 26082 I Bugle   : isDefaultSmsApp: true [CONTEXT class_name="PhoneConfiguration" ]
07-13 20:33:59.854 25866 25894 I Bugle   : updateSmsNetworkCountry from default subscription network country. Detected country: au
07-13 20:33:59.856 25866 26082 I BugleRcsEngine: [SR]: Single Registration is disabled. Skipping Single Registration capability check for subId: 4 [CONTEXT thread_id=31783 ]
07-13 20:33:59.856 25866 25904 I MobileConfigurationApi: registerParameters successfully stored 9 parameters
07-13 20:33:59.860 25866 26081 I RcsAvailability: isEnabledRcsConfigAvailable for simId redacted-pii:sim_id[chars:20,last3:928]: true
07-13 20:33:59.861 25866 26081 I BugleRcsEngine: getConfigServerUrl with simId: redacted-pii:sim_id[chars:20,last3:928] [CONTEXT log_prefix="ProvisioningServerUtil" thread_id=31781 ]
07-13 20:33:59.861 25866 25901 I RcsAvailability: isEnabledRcsConfigAvailable for simId redacted-pii:sim_id[chars:19,last3:498]: true
