07-13 20:34:00.050  3149  5218 D PackageManager: setEnabledSetting : userId = 0 packageName = com.google.android.apps.messaging cmp = com.google.android.ims.binding.SystemBindingService newState = 1 callingPackage = 10238/com.google.android.apps.messaging
07-13 20:34:00.051 25866 26095 I BugleRcsProvisioning: RcsProvisioningTrigger: onRcsAvailabilityUpdate : availability is updated to RCS is setup, lastAvailabilityLocal is RCS is setup, simId hash = -8987083705635061611, simId = redacted-pii:sim_id[chars:20,last3:928], isPev3Enabled = true
07-13 20:34:00.051  3149  5218 D ApplicationPolicy: getApplicationStateEnabled : pkg = com.google.android.apps.messaging userId : 0
07-13 20:34:00.052  3149  5218 D ApplicationPolicy: getApplicationComponentState : pkg = com.google.android.apps.messaging userId : 0
07-13 20:34:00.053 25866 26092 I BugleRcsProvisioning: RcsProvisioningTrigger: onRcsAvailabilityUpdate : availability is updated to RCS is setup, lastAvailabilityLocal is RCS is setup, simId hash = 750099690521719472, simId = redacted-pii:sim_id[chars:19,last3:498], isPev3Enabled = true
07-13 20:34:00.055 25866 26097 I BugleTransport: Register SIM with subId: 4 on chat transport: TACHYGRAM.
07-13 20:34:00.057 25866 26086 I BugleRcsEngine: SystemBinding enabled: true [CONTEXT log_prefix="SystemBindingManager" thread_id=31787 ]
07-13 20:34:00.060 25866 26086 I BugleRcsEngine: System Binding updated [CONTEXT thread_id=31787 ]
07-13 20:34:00.062 25866 26097 I BugleTransport: Retrieved RCS available simIds: [redacted-pii[19-chars], redacted-pii[20-chars]]
07-13 20:34:00.063 25866 26097 I BugleTransport: Enabled chat transport for SIM = redacted-pii[19-chars] is TACHYGRAM
07-13 20:34:00.063 25866 26097 I BugleTransport: Enabled chat transport for SIM = redacted-pii[20-chars] is TACHYGRAM
07-13 20:34:00.064 25866 26092 I BugleTransport: Deregister all SIMs except for SIMs with subIds: [] from chat transport: DUAL_REGISTRATION.
07-13 20:34:00.066 25866 26081 I BugleTransport: Deregister all SIMs except for SIMs with subIds: [4, 1] from chat transport: TACHYGRAM.
07-13 20:34:00.067 25866 26098 I BugleTransport: Retrieved RCS available simIds: [redacted-pii[19-chars], redacted-pii[20-chars]]
07-13 20:34:00.067 25866 26091 I BugleTransport: Deregister all SIMs except for SIMs with subIds: [] from chat transport: SINGLE_REGISTRATION.
07-13 20:34:00.067 25866 26094 I RcsClientLib: Service is deprecated skipping connection attempt: RcsEngineLifecycleServiceV2
07-13 20:34:00.068  3149  5218 D SecContentProvider2: query(), uri = 18 selection = isRCSEnabled
07-13 20:34:00.068  3149  5218 I PhoneRestrictionPolicy: isRCSEnabledInternal(), showMsg: false, columnName: enableRCS
07-13 20:34:00.069  3149  5218 E PhoneRestrictionPolicy: getEmergencyCall >>false
07-13 20:34:00.070  3149  5218 I PhoneRestrictionPolicy: isRCSEnabledInternal(), showMsg: false, columnName: enableRCSForSimSlot1
07-13 20:34:00.070  3149  5218 E PhoneRestrictionPolicy: getEmergencyCall >>false
07-13 20:34:00.070 25866 25905 I BugleTransport: Retrieved RCS available simIds: [redacted-pii[19-chars], redacted-pii[20-chars]]
07-13 20:34:00.072 25866 25933 I BugleRcsJibe: RcsServiceConnectionException was raised while waiting to connect to RcsEngineLifecycleServiceV2
07-13 20:34:00.073 25866 26090 I RcsProvisioningFlow: Storing updated SimSubscriptionInfo list in PhoneSimsStateDataStore: [(redacted-pii:sim_id[chars:19,last3:498], fd570863-4086-4a9a-b0a4-46713bdb9f90), (redacted-pii:sim_id[chars:20,last3:928], 54a03721-bf03-46c7-a647-6be27888b4f8)]
07-13 20:34:00.074 25866 26090 I RcsProvisioningFlow: Storing updated SimSubscriptionInfo list in SimStateStore: [(redacted-pii:sim_id[chars:19,last3:498], fd570863-4086-4a9a-b0a4-46713bdb9f90), (redacted-pii:sim_id[chars:20,last3:928], 54a03721-bf03-46c7-a647-6be27888b4f8)]
07-13 20:34:00.074 25866 26092 I BugleTransport: Register SIM with subId: 4 on chat transport: TACHYGRAM.
07-13 20:34:00.074 25866 26090 I RcsProvisioningFlow: Sim subscription infos have not changed, skipping saving
07-13 20:34:00.074 25866 25905 I BugleTransport: Register SIM with subId: 1 on chat transport: TACHYGRAM.
07-13 20:34:00.078 25866 26090 I RcsProvisioningFlow: Phone defaults have not changed in SimStateStore, skipping saving
07-13 20:34:00.079 25866 25894 I Bugle   : isDefaultSmsApp: true [CONTEXT class_name="PhoneConfiguration" ]
07-13 20:34:00.080 25866 26090 I RcsProvisioningFlow: Phone defaults have not changed in PhoneSimsStateDataStore, skipping saving
07-13 20:34:00.082 25866 26098 I BugleTransport: Retrieved RCS available simIds: [redacted-pii[19-chars], redacted-pii[20-chars]]
07-13 20:34:00.083 25866 25905 I BugleNetwork: FirebaseRegistrationStartupTask: Enabling Firebase component
07-13 20:34:00.083 25866 26090 I RcsProvisioningFlow: No new or updated SIMs on phone sim state update.
07-13 20:34:00.088  3149  3967 D PackageManager: setEnabledSetting : userId = 0 packageName = com.google.android.apps.messaging cmp = com.google.android.apps.messaging.auto.MessagingTemplateScreenServiceModule newState = 1 callingPackage = 10238/com.google.android.apps.messaging
07-13 20:34:00.090  3149  3967 D ApplicationPolicy: getApplicationStateEnabled : pkg = com.google.android.apps.messaging userId : 0
07-13 20:34:00.090 25866 26098 I BugleTransport: Enabled chat transport for SIM = redacted-pii[19-chars] is TACHYGRAM
07-13 20:34:00.090  3149  3967 D ApplicationPolicy: getApplicationComponentState : pkg = com.google.android.apps.messaging userId : 0
07-13 20:34:00.092 25866 26098 I BugleTransport: Enabled chat transport for SIM = redacted-pii[20-chars] is TACHYGRAM
07-13 20:34:00.093 25866 26092 I BugleTransport: Deregister all SIMs except for SIMs with subIds: [] from chat transport: SINGLE_REGISTRATION.
07-13 20:34:00.093 25866 25904 I BugleTransport: Deregister all SIMs except for SIMs with subIds: [] from chat transport: DUAL_REGISTRATION.
07-13 20:34:00.094 25866 25901 I RcsClientLib: Service is deprecated skipping connection attempt: RcsEngineLifecycleServiceV2
07-13 20:34:00.094 25866 25934 I BugleRcsJibe: RcsServiceConnectionException was raised while waiting to connect to RcsEngineLifecycleServiceV2
07-13 20:34:00.095  3149  5218 D PackageManager: setEnabledSetting : userId = 0 packageName = com.google.android.apps.messaging cmp = com.google.android.apps.messaging.shared.fcm.impl.BugleFirebaseMessagingService newState = 1 callingPackage = 10238/com.google.android.apps.messaging
07-13 20:34:00.096  3149  5218 D ApplicationPolicy: getApplicationStateEnabled : pkg = com.google.android.apps.messaging userId : 0
07-13 20:34:00.097  3149  5218 D ApplicationPolicy: getApplicationComponentState : pkg = com.google.android.apps.messaging userId : 0
07-13 20:34:00.099 25866 25892 I BugleTransport: Deregister all SIMs except for SIMs with subIds: [4, 1] from chat transport: TACHYGRAM.
07-13 20:34:00.101  3511  3511 D KeyguardUpdateMonitor: received broadcast android.intent.action.TIME_TICK
07-13 20:34:00.102 25866 26098 I BugleTransport: Register SIM with subId: 1 on chat transport: TACHYGRAM.
07-13 20:34:00.103 25866 25892 I BugleTransport: Register SIM with subId: 4 on chat transport: TACHYGRAM.
07-13 20:34:00.103  3511  3511 D QSClockBellTower: He is ready to ring the bell. (((QSClockBellSound - TimeText:20:34, TimeContentDescription:20:34, DateText:Mon, 13 July, ShortDateText:Mon, 13 Jul, Demo:false, QuickStar-Second(false|12:34:56))))
07-13 20:34:00.104  3511  3511 D QSClockIndicatorView: Home Indicator status_bar_clock 20:34 notifyTimeChanged(QSClockBellSound - TimeText:20:34, TimeContentDescription:20:34, DateText:Mon, 13 July, ShortDateText:Mon, 13 Jul, Demo:false, QuickStar-Second(false|12:34:56)) ClockVisibleByPolicy:true, ClockVisibleByUser:true, visible?true, parent:android.widget.LinearLayout{a497355 V.E...... ......ID 0,0-97,92 #7f0b04f0 app:id/left_clock_container}
07-13 20:34:00.105  3511  3511 D QSClockBellTower: Everyone heard the bell. run(currentTime:1783938840102,   getTime():Mon Jul 13 20:34:00 GMT+10:00 2026,   getTimeZone():libcore.util.ZoneInfo[mDstSavings=3600000,mUseDst=true,mDelegate=[id="Australia/Melbourne",mRawOffset=36000000,mEarliestRawOffset=34792000,transitions=142]])
07-13 20:34:00.105  3511  3511 D KeyguardUpdateMonitor: handleTimeUpdate
07-13 20:34:00.105 32567 32567 D BoundBrokerSvc: onRebind: Intent { act=com.google.android.gms.common.telemetry.service.START dat=chimera-action:/... cmp=com.google.android.gms/.chimera.PersistentApiService }
07-13 20:34:00.105  3511  3511 D FaceWidgetPagesController: onTimeChanged()
07-13 20:34:00.110 25866 26095 I BugleE2eeMls: Current time: 2026-07-13T10:34:00.055Z. Needs refresh if too stale (after: 2026-07-17T07:39:13Z), or if expiring soon (after: 2026-09-12T21:13:09Z). Needs refresh: false
07-13 20:34:00.110 25866 25894 I BugleRcsEngine: [SR]: Single Registration is disabled. Skipping Single Registration capability check for subId: 1 [CONTEXT thread_id=31758 ]
07-13 20:34:00.113 25866 25901 I BugleTransport: Retrieved RCS available simIds: [redacted-pii[19-chars], redacted-pii[20-chars]]
07-13 20:34:00.114 25866 25894 I BugleRcsProvisioning: RcsAvailability configuration availability and enabled status: simId: redacted-pii:sim_id[chars:20,last3:928], SipConnectionType: DUAL_REG, isConfigurationAvailableAndEnabled: true
07-13 20:34:00.114 25866 25894 I BugleRcsProvisioning: Checking isConfigServerUrlAvailable with simId: redacted-pii:sim_id[chars:20,last3:928],
07-13 20:34:00.114 25866 25894 I BugleRcsEngine: getConfigServerUrl with simId: redacted-pii:sim_id[chars:20,last3:928] [CONTEXT log_prefix="ProvisioningServerUtil" thread_id=31758 ]
07-13 20:34:00.115 25866 25894 I BugleRcsEngine: Using MCC based URL [CONTEXT log_prefix="ProvisioningServerUtil" thread_id=31758 ]
07-13 20:34:00.115 25866 25901 I BugleTransport: Enabled chat transport for SIM = redacted-pii[19-chars] is TACHYGRAM
07-13 20:34:00.115 25866 25894 I ProvisioningServerUtil: Getting mccmnc from SimSubscriptionInfo.
07-13 20:34:00.116 25866 25901 I BugleTransport: Enabled chat transport for SIM = redacted-pii[20-chars] is TACHYGRAM
07-13 20:34:00.116 25866 26080 I Bugle   : isDefaultSmsApp: true [CONTEXT class_name="PhoneConfiguration" ]
07-13 20:34:00.117  3511  3511 I FaceWidgetPositionAlgorithm: getClockContainerHeight() supplier = 290, bottom margin = 0, real height = 358
07-13 20:34:00.117 25866 26095 I BugleE2eeMls: no certificates need to be refreshed, skip triggering certificate chain download [CONTEXT provisioning_session_id="d3ce0cd1-c7b7-40d8-a5bf-0e9a248591bb" ]
07-13 20:34:00.119  3511  3511 I FaceWidgetPositionAlgorithm: getClockContainerHeight() supplier = 290, bottom margin = 68, real height = 358
07-13 20:34:00.119  3511  3511 I FaceWidgetPositionAlgorithm: getMediaContainerHeight() height = 0 container Visibility = 8, isValid = false, mIsDozing = false, fraction = 1.0, source = 0, target = 0
07-13 20:34:00.119  3511  3511 I FaceWidgetPositionAlgorithm: getMediaContainerHeight() supplier = 0
07-13 20:34:00.121 25866 26081 I BugleTransport: Deregister all SIMs except for SIMs with subIds: [4, 1] from chat transport: TACHYGRAM.
07-13 20:34:00.121 25866 25892 I BugleTransport: Deregister all SIMs except for SIMs with subIds: [] from chat transport: SINGLE_REGISTRATION.
07-13 20:34:00.121  3511  3511 V QsExpandAnimator: setQsExpansionPosition 0.0
07-13 20:34:00.121 25866 26090 I BugleTransport: Deregister all SIMs except for SIMs with subIds: [] from chat transport: DUAL_REGISTRATION.
07-13 20:34:00.126 25866 26081 I RcsClientLib: Service is deprecated skipping connection attempt: RcsEngineLifecycleServiceV2
07-13 20:34:00.129  3511  3511 I ResourceType: [SWT] Success lookup value directly, data = 0x010607cc
07-13 20:34:00.129  3511  3511 I ResourceType: [SWT] Success lookup value directly, data = 0x010607cc
07-13 20:34:00.129  3511  3511 I ResourceType: [SWT] Success lookup value directly, data = 0x010607cc
07-13 20:34:00.129  3511  3511 I ResourceType: [SWT] Success lookup value directly, data = 0x010607cc
07-13 20:34:00.129  3511  3511 I ResourceType: [SWT] Success lookup value directly, data = 0x010607cc
07-13 20:34:00.129  3511  3511 I ResourceType: [SWT] Success lookup value directly, data = 0x010607cc
07-13 20:34:00.130  3511  3511 I ResourceType: [SWT] Success lookup value directly, data = 0x010607cc
07-13 20:34:00.130  3511  3511 I ResourceType: [SWT] Success lookup value directly, data = 0x010607cc
07-13 20:34:00.130 25866 26088 I BugleDataModel: 14 not running because already up to date, upgradeCommand: EXECUTE_UPGRADE, version: 1
07-13 20:34:00.131 25866 25930 I BugleRcsJibe: RcsServiceConnectionException was raised while waiting to connect to RcsEngineLifecycleServiceV2
07-13 20:34:00.132  3511  3511 V QsExpandAnimator: updateAnimators
07-13 20:34:00.132  3511  3511 V QsExpandAnimator: clearAnimationState
07-13 20:34:00.132  3511  3511 V QsExpandAnimator: updateViews
07-13 20:34:00.134 25866 25894 I BugleRcsProvisioning: RcsAvailability: Subscription Id: 1, simId: redacted-pii:sim_id[chars:20,last3:928], sipConnectionType: DUAL_REG, isRcsAvailable: true
07-13 20:34:00.135 25866 25894 I BugleRcsProvisioning: updateAvailabilityForRcsProvisioningId. SimId: redacted-pii:sim_id[chars:20,last3:928], currentAvailability: 7, newAvailability: 7, hint: NO_HINT
07-13 20:34:00.136 25866 26090 I RcsProvisioningWorkMana: PWQ flag is off, falling back to WorkManager.
07-13 20:34:00.137 25866 26080 I BugleRcsEngine: Cannot use CS.apk as it's battery optimized [CONTEXT thread_id=31782 ]
07-13 20:34:00.137 25866 26097 I BugleTransport: Register SIM with subId: 1 on chat transport: TACHYGRAM.
07-13 20:34:00.138 25866 26081 I BugleTransport: Retrieved RCS available simIds: [redacted-pii[19-chars], redacted-pii[20-chars]]
07-13 20:34:00.139  3511  3511 V QsExpandAnimator: updateTileAnimator
07-13 20:34:00.139 25866 25894 I RcsClientLib: Service is deprecated skipping connection attempt: EventService
07-13 20:34:00.139  3511  3511 V QsExpandAnimator: updateHeaderAnimator
07-13 20:34:00.139  3511  3511 V QsExpandAnimator: updateBarAnimator
07-13 20:34:00.139  3511  3511 V QsExpandAnimator: setQsExpansionPosition 0.0
07-13 20:34:00.140  3511  3511 V QsExpandAnimator: onAnimationAtStart
07-13 20:34:00.141 25866 25892 I BugleTransport: Register SIM with subId: 4 on chat transport: TACHYGRAM.
07-13 20:34:00.141 25866 26080 I BugleSatellite: Processing Phenotype flag changes.
07-13 20:34:00.143 25866 25901 I BugleRcsProvisioning: RcsProvisioningTrigger: onRcsAvailabilityUpdate : availability is updated to RCS is setup, lastAvailabilityLocal is RCS is setup, simId hash = -8987083705635061611, simId = redacted-pii:sim_id[chars:20,last3:928], isPev3Enabled = true
07-13 20:34:00.144 25866 26097 I BugleSatellite: Reporting to Telephony: SMS supported = true
07-13 20:34:00.145 25866 25894 I RcsClientLib: Service is deprecated skipping connection attempt: ContactsService
07-13 20:34:00.145 25866 25930 I BugleDataModel: 3 not running because already up to date, upgradeCommand: EXECUTE_UPGRADE, version: 4
07-13 20:34:00.146 25866 26090 I RcsProvisioningWorkMana: Scheduled provisioning task with 10322 seconds delay, KEEP policy, trigger is UNDEFINED_TRIGGER_EVENT, workerId is 339251a7-0cd4-434c-95cd-d6763b91990b, simId is redacted-pii:sim_id[chars:20,last3:928]
07-13 20:34:00.146 25866 26091 I BugleTransport: Retrieved RCS available simIds: [redacted-pii[19-chars], redacted-pii[20-chars]]
07-13 20:34:00.147 25866 25894 I RcsClientLib: Service is deprecated skipping connection attempt: FileTransferService
07-13 20:34:00.150 25866 25894 I RcsClientLib: Service is deprecated skipping connection attempt: LocationSharingService
07-13 20:34:00.151 25866 25894 I RcsClientLib: Service is deprecated skipping connection attempt: ImsConnectionTrackerService
07-13 20:34:00.152 25866 26090 I RcsProvisioningWorkMana: scheduleProvisioning: isConfigRefresh=true, enableStandaloneConfigRefresh=false
07-13 20:34:00.152 25866 25894 I RcsClientLib: Service is deprecated skipping connection attempt: RcsProfileService
07-13 20:34:00.153 25866 25894 I RcsClientLib: Service is deprecated skipping connection attempt: RcsMessagingService
07-13 20:34:00.154 25866 25894 I BugleRcs: connecting to 7 Rcs Services
07-13 20:34:00.154 25866 25934 I BugleDataModel: 8 not running because already up to date, upgradeCommand: EXECUTE_UPGRADE, version: 1
07-13 20:34:00.156 25866 25930 I BugleDataModel: 11 not running because already up to date, upgradeCommand: EXECUTE_UPGRADE, version: 1
07-13 20:34:00.160 25866 26095 I BugleE2eeMls: Current time: 2026-07-13T10:34:00.120Z. Needs refresh if too stale (after: 2026-07-16T17:15:15Z), or if expiring soon (after: 2026-09-12T13:41:10Z). Needs refresh: false
07-13 20:34:00.160 25866 25894 I BugleTransport: Retrieved RCS available simIds: [redacted-pii[19-chars], redacted-pii[20-chars]]
07-13 20:34:00.160 25866 26088 I BugleDataModel: 9 not running because already up to date, upgradeCommand: EXECUTE_UPGRADE, version: 4
07-13 20:34:00.161 25866 26095 I BugleE2eeMls: no certificates need to be refreshed, skip triggering certificate chain download [CONTEXT provisioning_session_id="55979936-e6cd-4f02-afaf-4fef7f57917a" ]
07-13 20:34:00.166 25866 25930 I BugleDataModel: 7 not running because already up to date, upgradeCommand: EXECUTE_UPGRADE, version: 1
07-13 20:34:00.169 25866 25931 I BugleDataModel: 2 not running because already up to date, upgradeCommand: EXECUTE_UPGRADE, version: 4
07-13 20:34:00.173 25866 25904 D WM-GreedyScheduler: Ignoring {WorkSpec: 9ad7dfff-0140-48fb-8bba-f06d60d995ed}. Requires ContentUri triggers.
07-13 20:34:00.173 25866 25904 D WM-GreedyScheduler: Ignoring {WorkSpec: 41e25bf5-490a-465c-bec0-83c8d1df316b}. Requires device idle.
07-13 20:34:00.173 25866 25904 D WM-GreedyScheduler: Ignoring {WorkSpec: c3dc92cd-e245-4584-9b3c-f9f112b7eb0c}. Requires ContentUri triggers.
07-13 20:34:00.173 25866 25904 D WM-GreedyScheduler: Starting work for fbadc816-2796-4602-ab7b-19855ba6a0b4
07-13 20:34:00.173 25866 25930 I BugleDataModel: 4 not running because already up to date, upgradeCommand: EXECUTE_UPGRADE, version: 1
07-13 20:34:00.174 25866 25875 I .apps.messaging: Background young concurrent copying GC freed 231326(8704KB) AllocSpace objects, 17(656KB) LOS objects, 34% free, 10MB/16MB, paused 954us,47us total 109.271ms
07-13 20:34:00.175 25866 25894 I WM-WorkerWrapper: Worker result SUCCESS for Work [ id=0c40cf06-ed51-4d1c-9ee0-fea43f7759b8, class=com.google.android.apps.messaging.shared.datamodel.workqueue.WorkQueueWorkerShim, tags={ com.google.android.apps.messaging.shared.datamodel.workqueue.WorkQueueWorkerShim,sim_state_update_queue-WORK_TYPE_UPDATE_PHONE_SIMS_STATE } ]
07-13 20:34:00.177 25866 25866 D WM-Processor: tnz 0c40cf06-ed51-4d1c-9ee0-fea43f7759b8 executed; reschedule = false
07-13 20:34:00.179 25866 25904 D WM-GreedyScheduler: Ignoring {WorkSpec: 9ad7dfff-0140-48fb-8bba-f06d60d995ed}. Requires ContentUri triggers.
07-13 20:34:00.180 25866 25904 D WM-GreedyScheduler: Ignoring {WorkSpec: 41e25bf5-490a-465c-bec0-83c8d1df316b}. Requires device idle.
07-13 20:34:00.180 25866 25904 D WM-GreedyScheduler: Ignoring {WorkSpec: c3dc92cd-e245-4584-9b3c-f9f112b7eb0c}. Requires ContentUri triggers.
07-13 20:34:00.183 25866 26095 D WM-GreedyScheduler: Ignoring {WorkSpec: 9ad7dfff-0140-48fb-8bba-f06d60d995ed}. Requires ContentUri triggers.
07-13 20:34:00.183 25866 26095 D WM-GreedyScheduler: Ignoring {WorkSpec: 41e25bf5-490a-465c-bec0-83c8d1df316b}. Requires device idle.
07-13 20:34:00.183 25866 26095 D WM-GreedyScheduler: Ignoring {WorkSpec: c3dc92cd-e245-4584-9b3c-f9f112b7eb0c}. Requires ContentUri triggers.
07-13 20:34:00.186 25866 26081 D WM-Processor: tnz: processing WorkGenerationalId(workSpecId=fbadc816-2796-4602-ab7b-19855ba6a0b4, generation=0)
07-13 20:34:00.187 25866 26095 D WM-GreedyScheduler: Cancelling work ID 0c40cf06-ed51-4d1c-9ee0-fea43f7759b8
07-13 20:34:00.189 25866 26095 D WM-GreedyScheduler: Ignoring {WorkSpec: 9ad7dfff-0140-48fb-8bba-f06d60d995ed}. Requires ContentUri triggers.
07-13 20:34:00.189 25866 26095 D WM-GreedyScheduler: Ignoring {WorkSpec: 41e25bf5-490a-465c-bec0-83c8d1df316b}. Requires device idle.
07-13 20:34:00.189 25866 26095 D WM-GreedyScheduler: Ignoring {WorkSpec: c3dc92cd-e245-4584-9b3c-f9f112b7eb0c}. Requires ContentUri triggers.
07-13 20:34:00.191 25866 26081 D MddListenableWorkerFactory: createWorker for class: com.google.android.apps.messaging.shared.datamodel.workqueue.WorkQueueWorkerShim
07-13 20:34:00.192 25866 25866 D WM-WorkerWrapper: Starting work for com.google.android.apps.messaging.shared.datamodel.workqueue.WorkQueueWorkerShim
07-13 20:34:00.197 25866 26095 I WM-WorkerWrapper: Worker result SUCCESS for Work [ id=fbadc816-2796-4602-ab7b-19855ba6a0b4, class=com.google.android.apps.messaging.shared.datamodel.workqueue.WorkQueueWorkerShim, tags={ com.google.android.apps.messaging.shared.datamodel.workqueue.WorkQueueWorkerShim,data_upgrade- } ]
07-13 20:34:00.198 25866 25866 D WM-Processor: tnz fbadc816-2796-4602-ab7b-19855ba6a0b4 executed; reschedule = false
07-13 20:34:00.200 25866 26095 D WM-GreedyScheduler: Cancelling work ID fbadc816-2796-4602-ab7b-19855ba6a0b4
07-13 20:34:00.202 25866 26095 D WM-GreedyScheduler: Ignoring {WorkSpec: 9ad7dfff-0140-48fb-8bba-f06d60d995ed}. Requires ContentUri triggers.
07-13 20:34:00.202 25866 26095 D WM-GreedyScheduler: Ignoring {WorkSpec: 41e25bf5-490a-465c-bec0-83c8d1df316b}. Requires device idle.
07-13 20:34:00.202 25866 26095 D WM-GreedyScheduler: Ignoring {WorkSpec: c3dc92cd-e245-4584-9b3c-f9f112b7eb0c}. Requires ContentUri triggers.
07-13 20:34:00.238 25866 25905 I BugleE2eeEtouffee: EtouffeeStateMachine: Ensuring state machine consistency
07-13 20:34:00.239 25866 25905 I BugleE2eeEtouffee: EtouffeeStateMachine: Ensuring state machine consistency
07-13 20:34:00.242 25866 26088 I BugleE2eeEtouffee: EtouffeeStateMachine: onRegistrationUpdate from Tachyon, previousState: REGISTERED_WITH_PREKEYS, newState: REGISTERED_WITH_PREKEYS, reason: STARTUP_ENSURE_CONSISTENCY
07-13 20:34:00.243 25866 25934 I BugleE2eeEtouffee: EtouffeeStateMachine: onRegistrationUpdate from Tachyon, previousState: REGISTERED_WITH_PREKEYS, newState: REGISTERED_WITH_PREKEYS, reason: STARTUP_ENSURE_CONSISTENCY
07-13 20:34:00.249 25866 26095 I BugleE2eeEtouffee: EtouffeeStateMachine: E2EE provisioning state update, Previous Etouffee status: PROVISIONED, New Etouffee status: PROVISIONED
07-13 20:34:00.249 25866 25905 I BugleE2eeEtouffee: EtouffeeStateMachine: E2EE provisioning state update, Previous Etouffee status: PROVISIONED, New Etouffee status: PROVISIONED
07-13 20:34:00.263 25866 25905 I native  : I0000 00:00:1783938840.263212   25905 db_store.cc:105] Loading an existing database with version 16
07-13 20:34:00.263 25866 26095 I native  : I0000 00:00:1783938840.263320   26095 db_store.cc:105] Loading an existing database with version 16
07-13 20:34:00.263 25866 25905 I native  : I0000 00:00:1783938840.263380   25905 db_store.cc:517] Checking presence of tables, run_sqlite_master_schema_validation=true, run_per_table_schema_validation=true
07-13 20:34:00.263 25866 26095 I native  : I0000 00:00:1783938840.263489   26095 db_store.cc:517] Checking presence of tables, run_sqlite_master_schema_validation=true, run_per_table_schema_validation=true
07-13 20:34:00.263 31818 31818 D BoundBrokerSvc: onBind: Intent { act=com.google.android.mobstore.service.START pkg=com.google.android.gms }
07-13 20:34:00.263 31818 31818 D BoundBrokerSvc: Loading bound service for intent: Intent { act=com.google.android.mobstore.service.START pkg=com.google.android.gms }
07-13 20:34:00.282  3149  3406 D SemNscXgbMsL1: Probability - Cloud gaming: [0.03273631]
07-13 20:34:00.282  3149  3406 D SemNscXgbMsL1: Probability - Real time: [0.03407154]
07-13 20:34:00.282  3149  3406 D SemNscXgbMsL1: Probability - Non real time: [0.916986]
07-13 20:34:00.282  3149  3406 D SemNscXgbMsL1: 1 sample inference time: 0.648193 msecs
07-13 20:34:00.284  3149  3406 D SemNscXgbL2Rt: L2 RT 1 sample inference time: 1.196923 msecs
07-13 20:34:00.285  3149  3406 D SemNscXgbL2Nrt: L2 NRT 1 sample inference time: 0.996308 msecs
07-13 20:34:00.300 25866 26081 I BugleMDD: MddBackgroundStartupTask: Scheduled MDD periodic tasks.
07-13 20:34:00.308 25866 25894 D WM-GreedyScheduler: Ignoring {WorkSpec: 9ad7dfff-0140-48fb-8bba-f06d60d995ed}. Requires ContentUri triggers.
07-13 20:34:00.308 25866 25894 D WM-GreedyScheduler: Ignoring {WorkSpec: 41e25bf5-490a-465c-bec0-83c8d1df316b}. Requires device idle.
07-13 20:34:00.308 25866 25894 D WM-GreedyScheduler: Ignoring {WorkSpec: c3dc92cd-e245-4584-9b3c-f9f112b7eb0c}. Requires ContentUri triggers.
07-13 20:34:00.308 25866 25894 D WM-GreedyScheduler: Starting work for c237a4c0-c3b4-4890-8abd-32ada4b513c7
07-13 20:34:00.312 25866 26090 I BugleE2eeEtouffee: PendingFtdMessageProcessor: Removed old pending messages. count: 0
07-13 20:34:00.314 25866 25905 I native  : I0000 00:00:1783938840.314068   25905 db_store.cc:428] Database schema, prefix=scytale_05e1f23b63e036b3f309d724264f57c16739866478b449aa19058063ef3118fb7a_
07-13 20:34:00.315 25866 25905 I native  : I0000 00:00:1783938840.315130   25905 db_store.cc:449] Database schema=CREATE TABLE scytale_05e1f23b63e036b3f309d724264f57c16739866478b449aa19058063ef3118fb7a_db_configuration(single_row INTEGER NOT NULL DEFAULT 1,schema_version INTEGER NOT NULL,PRIMARY KEY(single_row) CHECK(single_row = 1))
07-13 20:34:00.315 25866 25905 I native  : I0000 00:00:1783938840.315267   25905 db_store.cc:449] Database schema=CREATE TABLE scytale_05e1f23b63e036b3f309d724264f57c16739866478b449aa19058063ef3118fb7a_identity_keys(device_id TEXT NOT NULL,identity_key BLOB NOT NULL,revision_timestamp_millis LONG NOT NULL DEFAULT(0),PRIMARY KEY(device_id) )
07-13 20:34:00.315 25866 25905 I native  : I0000 00:00:1783938840.315321   25905 db_store.cc:449] Database schema=CREATE TABLE scytale_05e1f23b63e036b3f309d724264f57c16739866478b449aa19058063ef3118fb7a_message_otks(message_id TEXT NOT NULL,device_id TEXT NOT NULL,otk BLOB NOT NULL,insert_timestamp_millis LONG NOT NULL DEFAULT(0),PRIMARY KEY(message_id, device_id) )
07-13 20:34:00.315 25866 25905 I native  : I0000 00:00:1783938840.315369   25905 db_store.cc:449] Database schema=CREATE TABLE scytale_05e1f23b63e036b3f309d724264f57c16739866478b449aa19058063ef3118fb7a_prekeys(key_id INTEGER NOT NULL,key_type INTEGER NOT NULL DEFAULT(0),prekey BLOB ,timestamp_millis LONG ,PRIMARY KEY(key_id) )
07-13 20:34:00.315 25866 25905 I native  : I0000 00:00:1783938840.315412   25905 db_store.cc:449] Database schema=CREATE TABLE scytale_05e1f23b63e036b3f309d724264f57c16739866478b449aa19058063ef3118fb7a_received_message_state(message_id TEXT NOT NULL,message_state INTEGER NOT NULL DEFAULT(0),insert_timestamp_millis LONG NOT NULL DEFAULT(0),PRIMARY KEY(message_id) )
07-13 20:34:00.315 25866 25905 I native  : I0000 00:00:1783938840.315450   25905 db_store.cc:449] Database schema=CREATE TABLE scytale_05e1f23b63e036b3f309d724264f57c16739866478b449aa19058063ef3118fb7a_sent_message_digests(message_id TEXT NOT NULL,device_id TEXT NOT NULL,message_digest BLOB NOT NULL,insert_timestamp_millis LONG NOT NULL DEFAULT(0),PRIMARY KEY(message_id, device_id) )
07-13 20:34:00.315 25866 25905 I native  : I0000 00:00:1783938840.315484   25905 db_store.cc:449] Database schema=CREATE TABLE scytale_05e1f23b63e036b3f309d724264f57c16739866478b449aa19058063ef3118fb7a_sessions(device_id TEXT NOT NULL DEFAULT(0),session BLOB ,PRIMARY KEY(device_id) )
07-13 20:34:00.315 25866 26088 I BugleE2eeEtouffee: EtouffeeStateMachine: Deleting old data if any.
07-13 20:34:00.315 25866 26095 I native  : I0000 00:00:1783938840.315811   26095 db_store.cc:428] Database schema, prefix=scytale_05e0638c76331dee19d625c803b9cabff860f3340a33c3cf44cd37c62b257f6851_
07-13 20:34:00.315 25866 25905 I BugleE2eeEtouffee: CryptoV2Provider: Base crypto created
07-13 20:34:00.317 25866 26095 I native  : I0000 00:00:1783938840.317193   26095 db_store.cc:449] Database schema=CREATE TABLE scytale_05e0638c76331dee19d625c803b9cabff860f3340a33c3cf44cd37c62b257f6851_db_configuration(single_row INTEGER NOT NULL DEFAULT 1,schema_version INTEGER NOT NULL,PRIMARY KEY(single_row) CHECK(single_row = 1))
07-13 20:34:00.317 25866 26095 I native  : I0000 00:00:1783938840.317328   26095 db_store.cc:449] Database schema=CREATE TABLE scytale_05e0638c76331dee19d625c803b9cabff860f3340a33c3cf44cd37c62b257f6851_identity_keys(device_id TEXT NOT NULL,identity_key BLOB NOT NULL,revision_timestamp_millis LONG NOT NULL DEFAULT(0),PRIMARY KEY(device_id) )
07-13 20:34:00.317 25866 26095 I native  : I0000 00:00:1783938840.317379   26095 db_store.cc:449] Database schema=CREATE TABLE scytale_05e0638c76331dee19d625c803b9cabff860f3340a33c3cf44cd37c62b257f6851_message_otks(message_id TEXT NOT NULL,device_id TEXT NOT NULL,otk BLOB NOT NULL,insert_timestamp_millis LONG NOT NULL DEFAULT(0),PRIMARY KEY(message_id, device_id) )
07-13 20:34:00.317 25866 26095 I native  : I0000 00:00:1783938840.317422   26095 db_store.cc:449] Database schema=CREATE TABLE scytale_05e0638c76331dee19d625c803b9cabff860f3340a33c3cf44cd37c62b257f6851_prekeys(key_id INTEGER NOT NULL,key_type INTEGER NOT NULL DEFAULT(0),prekey BLOB ,timestamp_millis LONG ,PRIMARY KEY(key_id) )
07-13 20:34:00.317 25866 26095 I native  : I0000 00:00:1783938840.317478   26095 db_store.cc:449] Database schema=CREATE TABLE scytale_05e0638c76331dee19d625c803b9cabff860f3340a33c3cf44cd37c62b257f6851_received_message_state(message_id TEXT NOT NULL,message_state INTEGER NOT NULL DEFAULT(0),insert_timestamp_millis LONG NOT NULL DEFAULT(0),PRIMARY KEY(message_id) )
07-13 20:34:00.317 25866 26095 I native  : I0000 00:00:1783938840.317525   26095 db_store.cc:449] Database schema=CREATE TABLE scytale_05e0638c76331dee19d625c803b9cabff860f3340a33c3cf44cd37c62b257f6851_sent_message_digests(message_id TEXT NOT NULL,device_id TEXT NOT NULL,message_digest BLOB NOT NULL,insert_timestamp_millis LONG NOT NULL DEFAULT(0),PRIMARY KEY(message_id, device_id) )
07-13 20:34:00.317 25866 26095 I native  : I0000 00:00:1783938840.317567   26095 db_store.cc:449] Database schema=CREATE TABLE scytale_05e0638c76331dee19d625c803b9cabff860f3340a33c3cf44cd37c62b257f6851_sessions(device_id TEXT NOT NULL DEFAULT(0),session BLOB ,PRIMARY KEY(device_id) )
07-13 20:34:00.318 25866 26095 I BugleE2eeEtouffee: CryptoV2Provider: Base crypto created
07-13 20:34:00.318 25866 26097 D WM-SystemJobScheduler: Cancelling work ID 41e25bf5-490a-465c-bec0-83c8d1df316b, Job ID 2095
07-13 20:34:00.321 25866 25904 D ProfileInstaller: Skipping profile installation for com.google.android.apps.messaging
07-13 20:34:00.323 25866 26097 D WM-GreedyScheduler: Cancelling work ID 41e25bf5-490a-465c-bec0-83c8d1df316b
07-13 20:34:00.325 25866 25904 I BugleRcsProvisioning: RcsProvisioningTrigger: Schedule provisioning on app startup
07-13 20:34:00.325 25866 26088 I BugleE2eeEtouffee: Removed OTK count: 0
07-13 20:34:00.327 25866 25904 I BugleRcsProvisioning: RcsProvisioningTrigger: updateAvailabilityForAllSimsAsync : hint = NO_HINT logTriggerEvent = false
07-13 20:34:00.328 25866 25904 I Bugle   : RcsAvailabilityUtilForProvisioningEngineV2: updateAvailabilityForAllSimsAsync, hint: NO_HINT
07-13 20:34:00.328 25866 25904 I BugleRcsProvisioning: updateAvailabilityForAllSimsAsync: hint: NO_HINT
07-13 20:34:00.329 25866 25905 I BugleRcsProvisioning: updateRcsAvailabilityForMultipleSims: hint: NO_HINT
07-13 20:34:00.329 25866 26094 I BugleNetwork: Startup: registering tachyon.
07-13 20:34:00.333 25866 26095 I BugleE2eeEtouffee: PendingFtdMessageProcessor: Removed old pending messages. count: 0
07-13 20:34:00.334 25866 26094 I BugleNetwork: Startup: registering tachyon for phone.
07-13 20:34:00.335 25866 25934 I BugleE2eeEtouffee: EtouffeeStateMachine: Deleting old data if any.
07-13 20:34:00.336  3149  5218 D SecContentProvider2: query(), uri = 18 selection = isRCSEnabled
07-13 20:34:00.336  3149  5218 I PhoneRestrictionPolicy: isRCSEnabledInternal(), showMsg: false, columnName: enableRCS
07-13 20:34:00.337  3149  5218 E PhoneRestrictionPolicy: getEmergencyCall >>false
07-13 20:34:00.337  3149  5218 I PhoneRestrictionPolicy: isRCSEnabledInternal(), showMsg: false, columnName: enableRCSForSimSlot1
07-13 20:34:00.338  3149  5218 E PhoneRestrictionPolicy: getEmergencyCall >>false
07-13 20:34:00.338 25866 26097 D WM-SystemJobScheduler: Scheduling work ID 41e25bf5-490a-465c-bec0-83c8d1df316b (com.google.android.libraries.mdi.download.workmanager.workers.PeriodicWorker), Job ID 2105
07-13 20:34:00.338 25866 26088 I BugleE2eeEtouffee: Removed OTK count: 0
07-13 20:34:00.338 25866 25895 I BugleNetwork: TachyonPhoneRegistration: Ensuring Tachyon phone registration
07-13 20:34:00.339 25866 25895 I BugleNetwork: TachyonPhoneRegistration: Ensuring Tachyon phone registration
07-13 20:34:00.341 25866 26097 D WM-GreedyScheduler: Ignoring {WorkSpec: 9ad7dfff-0140-48fb-8bba-f06d60d995ed}. Requires ContentUri triggers.
07-13 20:34:00.341 25866 26097 D WM-GreedyScheduler: Ignoring {WorkSpec: 41e25bf5-490a-465c-bec0-83c8d1df316b}. Requires device idle.
07-13 20:34:00.341 25866 26097 D WM-GreedyScheduler: Ignoring {WorkSpec: c3dc92cd-e245-4584-9b3c-f9f112b7eb0c}. Requires ContentUri triggers.
07-13 20:34:00.343 25866 25905 I Bugle   : isDefaultSmsApp: true [CONTEXT class_name="PhoneConfiguration" ]
07-13 20:34:00.349 25866 26094 D WM-SystemJobScheduler: Cancelling work ID 97faa3b2-7c7b-4562-9e11-d1d14cc9a994, Job ID 2096
07-13 20:34:00.351 25866 26094 D WM-GreedyScheduler: Cancelling work ID 97faa3b2-7c7b-4562-9e11-d1d14cc9a994
07-13 20:34:00.357 25866 25905 I BugleRcsEngine: [SR]: Single Registration is disabled. Skipping Single Registration capability check for subId: 4 [CONTEXT thread_id=31768 ]
07-13 20:34:00.359 25866 25905 I BugleRcsProvisioning: RcsAvailability configuration availability and enabled status: simId: redacted-pii:sim_id[chars:19,last3:498], SipConnectionType: DUAL_REG, isConfigurationAvailableAndEnabled: true
07-13 20:34:00.360 25866 25905 I BugleRcsProvisioning: Checking isConfigServerUrlAvailable with simId: redacted-pii:sim_id[chars:19,last3:498],
07-13 20:34:00.361 25866 25905 I BugleRcsEngine: getConfigServerUrl with simId: redacted-pii:sim_id[chars:19,last3:498] [CONTEXT log_prefix="ProvisioningServerUtil" thread_id=31768 ]
07-13 20:34:00.361 25866 25905 I BugleRcsEngine: Using MCC based URL [CONTEXT log_prefix="ProvisioningServerUtil" thread_id=31768 ]
07-13 20:34:00.362 25866 25905 I ProvisioningServerUtil: Getting mccmnc from SimSubscriptionInfo.
07-13 20:34:00.364 25866 26094 D WM-SystemJobScheduler: Scheduling work ID 97faa3b2-7c7b-4562-9e11-d1d14cc9a994 (com.google.android.libraries.mdi.download.workmanager.workers.PeriodicWorker), Job ID 2106
07-13 20:34:00.364 25866 25905 I BugleRcsProvisioning: RcsAvailability: Subscription Id: 4, simId: redacted-pii:sim_id[chars:19,last3:498], sipConnectionType: DUAL_REG, isRcsAvailable: true
07-13 20:34:00.365 25866 25905 I BugleRcsProvisioning: updateAvailabilityForRcsProvisioningId. SimId: redacted-pii:sim_id[chars:19,last3:498], currentAvailability: 7, newAvailability: 7, hint: NO_HINT
07-13 20:34:00.366 25866 26094 D WM-GreedyScheduler: Ignoring {WorkSpec: 9ad7dfff-0140-48fb-8bba-f06d60d995ed}. Requires ContentUri triggers.
07-13 20:34:00.366 25866 26094 D WM-GreedyScheduler: Ignoring {WorkSpec: 41e25bf5-490a-465c-bec0-83c8d1df316b}. Requires device idle.
07-13 20:34:00.367 25866 26094 D WM-GreedyScheduler: Ignoring {WorkSpec: c3dc92cd-e245-4584-9b3c-f9f112b7eb0c}. Requires ContentUri triggers.
07-13 20:34:00.367 25866 25904 I BugleRcsProvisioning: RcsProvisioningTrigger: onRcsAvailabilityUpdate : availability is updated to RCS is setup, lastAvailabilityLocal is RCS is setup, simId hash = 750099690521719472, simId = redacted-pii:sim_id[chars:19,last3:498], isPev3Enabled = true
07-13 20:34:00.367 25866 26090 I RcsClientLib: Service is deprecated skipping connection attempt: EventService
07-13 20:34:00.368 25866 26090 I RcsClientLib: Service is deprecated skipping connection attempt: ContactsService
07-13 20:34:00.369 25866 26090 I RcsClientLib: Service is deprecated skipping connection attempt: FileTransferService
07-13 20:34:00.369 25866 26090 I RcsClientLib: Service is deprecated skipping connection attempt: LocationSharingService
07-13 20:34:00.370 25866 26090 I RcsClientLib: Service is deprecated skipping connection attempt: ImsConnectionTrackerService
07-13 20:34:00.370  3149  3719 D SecContentProvider2: query(), uri = 18 selection = isRCSEnabled
07-13 20:34:00.370  3149  3719 I PhoneRestrictionPolicy: isRCSEnabledInternal(), showMsg: false, columnName: enableRCS
07-13 20:34:00.370 25866 26090 I RcsClientLib: Service is deprecated skipping connection attempt: RcsProfileService
07-13 20:34:00.370  3149  3719 E PhoneRestrictionPolicy: getEmergencyCall >>false
07-13 20:34:00.370  3149  3719 I PhoneRestrictionPolicy: isRCSEnabledInternal(), showMsg: false, columnName: enableRCSForSimSlot1
07-13 20:34:00.371  3149  3719 E PhoneRestrictionPolicy: getEmergencyCall >>false
07-13 20:34:00.371 25866 26090 I RcsClientLib: Service is deprecated skipping connection attempt: RcsMessagingService
07-13 20:34:00.371 25866 26095 D WM-SystemJobScheduler: Cancelling work ID 1e87132a-b570-4140-a544-18156a5f0747, Job ID 2097
07-13 20:34:00.372 25866 26090 I BugleRcs: connecting to 7 Rcs Services
07-13 20:34:00.373 25866 25905 I Bugle   : isDefaultSmsApp: true [CONTEXT class_name="PhoneConfiguration" ]
07-13 20:34:00.375 25866 26095 D WM-GreedyScheduler: Cancelling work ID 1e87132a-b570-4140-a544-18156a5f0747
07-13 20:34:00.376  3149  3185 W libprocessgroup: Failed to open /dev/blkio//cgroup.procs: No such file or directory
07-13 20:34:00.377  3149  3149 D CompatibilityChangeReporter: Compat change id reported: 168419799; UID 5004; state: DISABLED
07-13 20:34:00.386 25866 26095 D WM-SystemJobScheduler: Scheduling work ID 1e87132a-b570-4140-a544-18156a5f0747 (com.google.android.libraries.mdi.download.workmanager.workers.PeriodicWorker), Job ID 2107
07-13 20:34:00.389 25866 26095 D WM-GreedyScheduler: Ignoring {WorkSpec: 9ad7dfff-0140-48fb-8bba-f06d60d995ed}. Requires ContentUri triggers.
07-13 20:34:00.389 25866 26095 D WM-GreedyScheduler: Ignoring {WorkSpec: 41e25bf5-490a-465c-bec0-83c8d1df316b}. Requires device idle.
07-13 20:34:00.389 25866 26095 D WM-GreedyScheduler: Ignoring {WorkSpec: c3dc92cd-e245-4584-9b3c-f9f112b7eb0c}. Requires ContentUri triggers.
07-13 20:34:00.391 17410 17410 I CMHJobService: [#CMH#] onStartJob Called at Jul 13,2026 20:34:00
07-13 20:34:00.394 25866 26090 D WM-SystemJobScheduler: Cancelling work ID 7a113f74-583f-4254-9195-c0b93a634365, Job ID 2098
07-13 20:34:00.394 17410 17410 I CMHJobService: [#CMH#] Battery Percentage is:  1.0, High Temp: 32768
07-13 20:34:00.395 25866 25905 I BugleRcsEngine: [SR]: Single Registration is disabled. Skipping Single Registration capability check for subId: 1 [CONTEXT thread_id=31768 ]
07-13 20:34:00.397 25866 26090 D WM-GreedyScheduler: Cancelling work ID 7a113f74-583f-4254-9195-c0b93a634365
07-13 20:34:00.398 25866 25905 I BugleRcsProvisioning: RcsAvailability configuration availability and enabled status: simId: redacted-pii:sim_id[chars:20,last3:928], SipConnectionType: DUAL_REG, isConfigurationAvailableAndEnabled: true
07-13 20:34:00.398 25866 25905 I BugleRcsProvisioning: Checking isConfigServerUrlAvailable with simId: redacted-pii:sim_id[chars:20,last3:928],
07-13 20:34:00.398 25866 25905 I BugleRcsEngine: getConfigServerUrl with simId: redacted-pii:sim_id[chars:20,last3:928] [CONTEXT log_prefix="ProvisioningServerUtil" thread_id=31768 ]
07-13 20:34:00.399 25866 25905 I BugleRcsEngine: Using MCC based URL [CONTEXT log_prefix="ProvisioningServerUtil" thread_id=31768 ]
07-13 20:34:00.399 25866 25905 I ProvisioningServerUtil: Getting mccmnc from SimSubscriptionInfo.
07-13 20:34:00.402 25866 25905 I BugleRcsProvisioning: RcsAvailability: Subscription Id: 1, simId: redacted-pii:sim_id[chars:20,last3:928], sipConnectionType: DUAL_REG, isRcsAvailable: true
07-13 20:34:00.403 25866 25905 I BugleRcsProvisioning: updateAvailabilityForRcsProvisioningId. SimId: redacted-pii:sim_id[chars:20,last3:928], currentAvailability: 7, newAvailability: 7, hint: NO_HINT
07-13 20:34:00.404 25866 26097 I BugleRcsProvisioning: scheduleProvisioningForEligibleSims
07-13 20:34:00.404 25866 25905 I RcsClientLib: Service is deprecated skipping connection attempt: EventService
07-13 20:34:00.404 25866 25905 I RcsClientLib: Service is deprecated skipping connection attempt: ContactsService
07-13 20:34:00.404 25866 25905 I RcsClientLib: Service is deprecated skipping connection attempt: FileTransferService
07-13 20:34:00.404 25866 26094 I RcsProvisioning: Schedule provisioning for all eligible SIMs with trigger event: 4
07-13 20:34:00.405 25866 25905 I RcsClientLib: Service is deprecated skipping connection attempt: LocationSharingService
07-13 20:34:00.405 25866 25904 I BugleRcsProvisioning: RcsProvisioningTrigger: onRcsAvailabilityUpdate : availability is updated to RCS is setup, lastAvailabilityLocal is RCS is setup, simId hash = -8987083705635061611, simId = redacted-pii:sim_id[chars:20,last3:928], isPev3Enabled = true
07-13 20:34:00.405 25866 25905 I RcsClientLib: Service is deprecated skipping connection attempt: ImsConnectionTrackerService
07-13 20:34:00.406 25866 25905 I RcsClientLib: Service is deprecated skipping connection attempt: RcsProfileService
07-13 20:34:00.406 25866 25905 I RcsClientLib: Service is deprecated skipping connection attempt: RcsMessagingService
07-13 20:34:00.407 25866 25905 I BugleRcs: connecting to 7 Rcs Services
07-13 20:34:00.410 25866 26090 D WM-SystemJobScheduler: Scheduling work ID 7a113f74-583f-4254-9195-c0b93a634365 (com.google.android.libraries.mdi.download.workmanager.workers.PeriodicWorker), Job ID 2108
07-13 20:34:00.411 25866 25904 I RcsProvisioningWorkMana: Skipping full provisioning scheduling since we already have valid and updated RCS configuration
07-13 20:34:00.411 25866 25905 I RcsProvisioningWorkMana: Skipping full provisioning scheduling since we already have valid and updated RCS configuration
07-13 20:34:00.412 25866 25934 I RcsProvisioningFlow: Clearing provisioning flow state for redacted-pii:sim_id[chars:19,last3:498]
07-13 20:34:00.416 25866 25931 I RcsProvisioningFlow: Clearing provisioning flow state for redacted-pii:sim_id[chars:20,last3:928]
07-13 20:34:00.419 25866 26090 D WM-GreedyScheduler: Ignoring {WorkSpec: 9ad7dfff-0140-48fb-8bba-f06d60d995ed}. Requires ContentUri triggers.
07-13 20:34:00.420 25866 26090 D WM-GreedyScheduler: Ignoring {WorkSpec: 41e25bf5-490a-465c-bec0-83c8d1df316b}. Requires device idle.
07-13 20:34:00.421 25866 26090 D WM-GreedyScheduler: Ignoring {WorkSpec: c3dc92cd-e245-4584-9b3c-f9f112b7eb0c}. Requires ContentUri triggers.
07-13 20:34:00.424 25866 26090 D WM-Processor: tnz: processing WorkGenerationalId(workSpecId=c237a4c0-c3b4-4890-8abd-32ada4b513c7, generation=0)
07-13 20:34:00.428 25866 26094 D MddListenableWorkerFactory: createWorker for class: com.google.android.apps.messaging.shared.datamodel.workqueue.WorkQueueWorkerShim
07-13 20:34:00.431 25866 25866 D WM-WorkerWrapper: Starting work for com.google.android.apps.messaging.shared.datamodel.workqueue.WorkQueueWorkerShim
07-13 20:34:00.437 25866 26094 I WM-WorkerWrapper: Worker result SUCCESS for Work [ id=c237a4c0-c3b4-4890-8abd-32ada4b513c7, class=com.google.android.apps.messaging.shared.datamodel.workqueue.WorkQueueWorkerShim, tags={ com.google.android.apps.messaging.shared.datamodel.workqueue.WorkQueueWorkerShim,ftd_data_clean_up_work- } ]
07-13 20:34:00.439 25866 25866 D WM-Processor: tnz c237a4c0-c3b4-4890-8abd-32ada4b513c7 executed; reschedule = false
07-13 20:34:00.443 25866 26094 D WM-GreedyScheduler: Cancelling work ID c237a4c0-c3b4-4890-8abd-32ada4b513c7
07-13 20:34:00.451 25866 26094 D WM-GreedyScheduler: Ignoring {WorkSpec: 9ad7dfff-0140-48fb-8bba-f06d60d995ed}. Requires ContentUri triggers.
07-13 20:34:00.451 25866 26094 D WM-GreedyScheduler: Ignoring {WorkSpec: 41e25bf5-490a-465c-bec0-83c8d1df316b}. Requires device idle.
07-13 20:34:00.451 25866 26094 D WM-GreedyScheduler: Ignoring {WorkSpec: c3dc92cd-e245-4584-9b3c-f9f112b7eb0c}. Requires ContentUri triggers.
07-13 20:34:00.456 25866 25875 I .apps.messaging: Background concurrent copying GC freed 227290(8505KB) AllocSpace objects, 47(1956KB) LOS objects, 49% free, 8268KB/16MB, paused 736us,77us total 100.047ms
07-13 20:34:00.786  3149  3406 D SemNscXgbMsL1: Probability - Cloud gaming: [0.04415229]
07-13 20:34:00.786  3149  3406 D SemNscXgbMsL1: Probability - Real time: [0.10864212]
07-13 20:34:00.786  3149  3406 D SemNscXgbMsL1: Probability - Non real time: [0.915227]
07-13 20:34:00.786  3149  3406 D SemNscXgbMsL1: 1 sample inference time: 0.689154 msecs
07-13 20:34:00.788  3149  3406 D SemNscXgbL2Rt: L2 RT 1 sample inference time: 1.278385 msecs
07-13 20:34:00.789  3149  3406 D SemNscXgbL2Nrt: L2 NRT 1 sample inference time: 1.09023 msecs
07-13 20:34:01.237  3149  3406 I SemWifiServiceDetector: Traff. tracking stopped
07-13 20:34:01.650  3822  3953 D ScanFilter: manu data matches
07-13 20:34:01.651  3822  3953 D BtGatt.GattService: onScanResult to scannerId: 6- eventType=0x1b, addressType=0, address=28AF42_D, primaryPhy=1, secondaryPhy=0, advertisingSid=0xff, txPower=127, rssi=-72, periodicAdvInt=0x0
07-13 20:34:01.653  3822  3953 D ScanFilter: manu data matches
07-13 20:34:01.654  3822  3953 D BtGatt.GattService: onScanResult to scannerId: 6- eventType=0x1b, addressType=0, address=28AF42_D, primaryPhy=1, secondaryPhy=0, advertisingSid=0xff, txPower=127, rssi=-72, periodicAdvInt=0x0
07-13 20:34:01.872   472   472 D io_stats: !@   8,0 r 151888003 3747576728 w 28220094 508244964 d 0 0 f 0 0 iot 29449064 0 th 0 0 0 pt 0 inp 0 0 1038992.447
07-13 20:34:02.499  5236  5236 I SDHMS:LOAD: type: LoadsFreqs, value: 0:0:0:592800:2600000:520000:678919:2400000:507000:0:0:0
07-13 20:34:02.567  3149  5449 D SemWifiUsabilityStatsMonitor: onWifiUsabilityStats - seqNum 175466, isSameBssidAndFreq true
07-13 20:34:02.568  3149  3358 D ConnectivityService: notifyType CALLBACK_CAP_CHANGED for [107 WIFI]
07-13 20:34:02.569  3149  3408 I SemWifiLinkQualityMonitor: Link Qos Query: 0.739 ms / 10.829 Mbps (72 / 0.258 / 2.000)
07-13 20:34:02.572  3149  3384 D SemWifiSwitchForIndividualAppsService: stopTCPMonitoring : already stopped
07-13 20:34:02.580  3149  3384 I WifiConnectivityMonitor.NCC: sNetworkCallback(oCC) FULL : 107(true/false)[ Transports: WIFI Capabilities: NOT_METERED&INTERNET&NOT_RESTRICTED&TRUSTED&NOT_VPN&VALIDATED&NOT_ROAMING&FOREGROUND&NOT_CONGESTED&NOT_SUSPENDED&NOT_VCN_MANAGED LinkUpBandwidth>=8319Kbps LinkDnBandwidth>=28947Kbps TransportInfo: <SSID: <unknown ssid>, BSSID: 02:00:00:**:**:00, MAC: 02:00:00:**:**:00, IP: /192.168.0.164, Security type: 2, Supplicant state: COMPLETED, Wi-Fi standard: 4, RSSI: -74, Link speed: 72Mbps, Tx Link speed: 72Mbps, Max Supported Tx Link speed: 72Mbps, Rx Link speed: 72Mbps, Max Supported Rx Link speed: 72Mbps, Frequency: 2427MHz, Net ID: -1, Metered hint: false, score: 60, isUsable: true, CarrierMerged: false, SubscriptionId: -1, IsPrimary: 1, Trusted: true, Restricted: false, Ephemeral: false, OEM paid: false, OEM private: false, OSU AP: false, FQDN: <none>, Provider friendly name: <none>, Requesting package name: <none><none>MLO Information: , AP MLD Address: <none>, AP MLO Link Id: <none>, AP MLO Affiliated links: <none>> SignalStrength: -74 AdminUids: [1000] SSID: "hari's" UnderlyingNetworks: Null]
07-13 20:34:02.583  9058  9247 I HBD     : g onCapabilitiesChanged network : 107 current network state : wifi
07-13 20:34:02.604  3149  3425 I WifiConnectivityMonitor: current mode : 1
07-13 20:34:02.605  3149  3425 D OpenNetworkQos[4.00]: updateBssidNoInternet: mBssidNoInternet = false
07-13 20:34:02.605  3149  3425 D OpenNetworkQos[4.00]: getOpenNetworkQosNoInternetStatus: false
07-13 20:34:02.605  3149  3425 D OpenNetworkQos[4.00]: getOpenNetworkQosScores: 26 23 23
07-13 20:34:02.605  3149  3425 D SettingsProvider: isChangeAllowed() : name = wifi_wcm_qos_sharing_score_summary
07-13 20:34:02.605  3149  3425 I WifiProfileShare: network QoS data was changed (internet), updateQoSData networkType: true, qosData: false
07-13 20:34:02.606  3149  4570 V WifiProfileShare.Caster: update wips network, size: 0
07-13 20:34:02.606  3149  4570 D WifiProfileShare: nearby scanning settings run
07-13 20:34:02.606  3149  4570 D WifiProfileShare: network score provider settings enabled
07-13 20:34:02.606  3149  4570 D OpenNetworkQos[4.00]: getOpenNetworkQosScores: 26 23 23
07-13 20:34:02.606  3149  4570 D OpenNetworkQos[4.00]: getOpenNetworkQosNoInternetStatus: false
07-13 20:34:02.606  3149  4570 I WifiProfileShare.Caster: current network type: 0, score: [26, 23, 23]
07-13 20:34:02.606  3149  4570 V WifiProfileShare.Caster: captive portal configuration was set
07-13 20:34:02.606  3149  4570 V WifiProfileShare.Cache: update network score 7a:fe:ce:**:**:3c
07-13 20:34:02.606  3149  4570 D WifiProfileShare.ScanMatcher: getMcfDataList size:1
07-13 20:34:02.607  3149  4570 I WifiProfileShare.Caster: qos data was updated , before:type:QOS, pBssid:99:e9:46, qosData:f3 after:type:QOS, pBssid:99:e9:46, qosData:f3
07-13 20:34:02.610  3149  4570 I [MCFSDK_android_1.2.4010]_4_b: isNetworkEnabled - type : 1 ret : true
07-13 20:34:02.610  3149  4570 D WifiProfileShare.McfCast: -ME--- mIsNetworkEnabled :true
07-13 20:34:02.610  3149  4570 D WifiProfileShare.McfCast: updateQoSData ignored, same contents
07-13 20:34:02.610  3149  4570 D WifiProfileShare.MCF: success update QosData !
07-13 20:34:02.610  3511  3596 D NetworkController.WifiSignalController: notifyListener: visible=true, connected=true, inetCondition=1, isDefault=true, wifiTestReported=true, receivedInetCondition=-1, hideDuringMobileSwitching=false
