07-14 22:04:36.927 W/System.err(20589): 	at r5.d.a(r8-map-id-1e515cc322e4defc6774b629096796f361253a46bf8679bd52cb725142c39d5b:1)
07-14 22:04:36.927 W/System.err(20589): 	at r5.c.run(r8-map-id-1e515cc322e4defc6774b629096796f361253a46bf8679bd52cb725142c39d5b:18)
07-14 22:04:36.927 W/System.err(20589): 	at com.samsung.scsp.error.FaultBarrier.run(r8-map-id-1e515cc322e4defc6774b629096796f361253a46bf8679bd52cb725142c39d5b:2)
07-14 22:04:36.927 W/System.err(20589): 	at com.samsung.scsp.error.FaultBarrier.run(r8-map-id-1e515cc322e4defc6774b629096796f361253a46bf8679bd52cb725142c39d5b:1)
07-14 22:04:36.927 W/System.err(20589): 	at r5.d.load(r8-map-id-1e515cc322e4defc6774b629096796f361253a46bf8679bd52cb725142c39d5b:51)
07-14 22:04:36.927 W/System.err(20589): 	at N9.a.run(r8-map-id-1e515cc322e4defc6774b629096796f361253a46bf8679bd52cb725142c39d5b:93)
07-14 22:04:36.927 W/System.err(20589): 	at com.samsung.scsp.error.FaultBarrier.run(r8-map-id-1e515cc322e4defc6774b629096796f361253a46bf8679bd52cb725142c39d5b:2)
07-14 22:04:36.927 W/System.err(20589): 	at com.samsung.scsp.error.FaultBarrier.run(r8-map-id-1e515cc322e4defc6774b629096796f361253a46bf8679bd52cb725142c39d5b:1)
07-14 22:04:36.927 W/System.err(20589): 	at a5.c.run(r8-map-id-1e515cc322e4defc6774b629096796f361253a46bf8679bd52cb725142c39d5b:152)
07-14 22:04:36.927 W/System.err(20589): 	at java.lang.Thread.run(Thread.java:1012)
07-14 22:04:36.927 I/[SC][DeviceUtil](20589): One UI version : 5.1.0
07-14 22:04:36.928 I/jvm_android.cc(20600): [000:002][20600] (line 216): JVM::Initialize
07-14 22:04:36.928 I/jvm_android.cc(20600): [000:005][20600] (line 249): JVM::JVM
07-14 22:04:36.928 I/jvm_android.cc(20600): [000:005][20600] (line 39): LoadClasses:
07-14 22:04:36.928 I/deprecated_global_field_trials.cc(20600): [000:005][20600] (line 66): Setting field trial string:
07-14 22:04:36.928 I/[SC]SyncSettingManager(20589): getCategoryList
07-14 22:04:36.928 I/PeerConnectionFactory(20600): [000:005][20600] PeerConnectionFactory was initialized without an injected Loggable. Any existing Loggable will be deleted.
07-14 22:04:36.934 E/AppOps  ( 3149): Bad call made by uid 10237. Package "com.google.android.gms" does not belong to uid 10237.
07-14 22:04:36.938 I/[SC]BackupAppDataManager(20589): recoverSuspendedApps: []
07-14 22:04:36.938 I/TY_CallManagerModule(20600): [000:015][20600] Creating ThermalMonitor. overheat threshold: null
07-14 22:04:36.940 E/AppOps  ( 3149): Bad call made by uid 10237. Package "com.google.android.gms" does not belong to uid 10237.
07-14 22:04:36.941 W/TY_CallManagerModule(20600): [000:018][20600] installed monitors: temp(true)
07-14 22:04:36.942 I/TY_QThermal(20600): [000:019][20757] onThermalStatusChange: 0
07-14 22:04:36.944 I/CameraManagerGlobal(20589): registerSemCameraDeviceStateCallback
07-14 22:04:36.945 I/CameraManagerGlobal(20589): Connecting to camera service
07-14 22:04:36.950 I/TY_Firebase(20600): [000:027][20600] initializing firebase
07-14 22:04:36.951 I/[SC]NetworkSettingCollectorImpl(20589): registerCurrentSettingsProvider: feature=BACKUP
07-14 22:04:36.951 I/[SC]BackupNetworkSettingSnapshotRegistrar(20589): ensureRegistered: backup provider registered
07-14 22:04:36.951 I/[SC]NetworkSettingCollectorImpl(20589): registerCurrentSettingsProvider: feature=SYNC
07-14 22:04:36.951 I/[SC]SyncNetworkSettingSnapshotRegistrar(20589): ensureRegistered: sync provider registered
07-14 22:04:36.951 I/[SC]NetworkSettingCollectorImpl(20589): registerCurrentSettingsProvider: feature=GALLERY
07-14 22:04:36.951 I/[SC]GalleryNetworkSettingSnapshotRegistrar(20589): ensureRegistered: gallery provider registered
07-14 22:04:36.954 I/[SC]SyncAnalyticsStatusLogger(20589): updateValues: sync status set is skipped for - com.sec.android.app.shealth.cloudsync
07-14 22:04:36.958 W/DynamiteModule(20600): Local module descriptor class for com.google.android.gms.googlecertificates not found.
07-14 22:04:36.960 I/SmpLog  (20589): [SMP] init. D:false O:DEVICE_BASED S:true M:false P:SPP_ONLY_MODE A:a
07-14 22:04:36.962 I/[SC][DeviceUtil](20589): One UI version : 5.1.0
07-14 22:04:36.962 I/[SC][DeviceRegistration](20589): register
07-14 22:04:36.963 I/[SC][DeviceRegistration](20589): Already device registered.
07-14 22:04:36.963 I/[SC][DeviceToken](20589): Get token
07-14 22:04:36.969 I/[SC][DeviceToken](20589): DeviceToken is valid
07-14 22:04:36.969 I/[SC][DeviceUtil](20589): getSimMcc
07-14 22:04:36.973 W/libprocessgroup( 3149): Failed to open /dev/blkio//cgroup.procs: No such file or directory
07-14 22:04:36.979 W/DeviceManager_FLP( 4583): onTrimMemory : 15
07-14 22:04:36.981 I/GpsSessionManager_FLP( 4583): arrangeInvalidSessions
07-14 22:04:36.981 W/DMASA[U]( 5161): [AppLogData]onTrimMemory(15):1784030676980
07-14 22:04:36.989 I/MCFQS   (19434): (DeviceConnectionService) onTrimMemory()-[td:main] level: 15
07-14 22:04:36.995 D/BoundBrokerSvc(16284): onBind: Intent { act=com.google.android.gms.constellation.service.START pkg=com.google.android.gms }
07-14 22:04:36.995 D/BoundBrokerSvc(16284): Loading bound service for intent: Intent { act=com.google.android.gms.constellation.service.START pkg=com.google.android.gms }
07-14 22:04:36.996 I/Telecom:TelecomService( 3149): onTrimMemory - 15
07-14 22:04:36.998 I/CocktailBarUiController(23257): onTrimMemory is ignored
07-14 22:04:36.998 D/SemNscXgbMsL1( 3149): Probability - Cloud gaming: [0.022712428]
07-14 22:04:36.999 D/SemNscXgbMsL1( 3149): Probability - Real time: [0.5531618]
07-14 22:04:36.999 D/SemNscXgbMsL1( 3149): Probability - Non real time: [0.40567192]
07-14 22:04:36.999 D/SemNscXgbMsL1( 3149): 1 sample inference time: 1.049423 msecs
07-14 22:04:37.001 D/SemNscXgbL2Rt( 3149): L2 RT 1 sample inference time: 1.293885 msecs
07-14 22:04:37.003 D/SemNscXgbL2Nrt( 3149): L2 NRT 1 sample inference time: 1.895692 msecs
07-14 22:04:37.006 D/CompatibilityChangeReporter(20600): Compat change id reported: 183155436; UID 10233; state: ENABLED
07-14 22:04:37.008 W/ComponentDiscovery(20600): Class com.google.firebase.installations.FirebaseInstallationsKtxRegistrar is not an found.
07-14 22:04:37.009 D/CameraService( 2933): addListenerHelper: Add listener 0xb4000071b081ed30
07-14 22:04:37.011 I/AiAi    ( 4990): onTrimMemory() with level 15
07-14 22:04:37.011 I/AiAi    ( 7423): onTrimMemory() with level 15
07-14 22:04:37.012 D/CameraService( 2933): addListenerHelper: CameraDeviceState for CameraManager
07-14 22:04:37.014 D/SystemUIService( 3511): SYSUI_RAM_OPTIMIZATION onTrimMemory=15
07-14 22:04:37.015 D/SystemUIService( 3511): onTrimMemory : 15
07-14 22:04:37.015 D/MemoryMonitor( 3511): Last Info is 07-14 22:02:26.984. It still remains until reset time. So skip this.
07-14 22:04:37.037 I/[SC][DeviceUtil](20589): getSimMnc
07-14 22:04:37.037 I/CameraManagerGlobal(20589): Camera 0 facing CAMERA_FACING_BACK state now CAMERA_STATE_CLOSED for client com.collectiq.ai.local API Level 2User Id 0
07-14 22:04:37.037 I/CameraManagerGlobal(20589): Camera 1 facing CAMERA_FACING_FRONT state now CAMERA_STATE_CLOSED for client com.sec.android.app.camera API Level 2User Id 0
07-14 22:04:37.038 I/CameraManagerGlobal(20589): Camera 2 facing CAMERA_FACING_BACK state now CAMERA_STATE_CLOSED for client com.getholodex.app API Level 2User Id 0
07-14 22:04:37.038 I/CameraManagerGlobal(20589): Camera 20 facing CAMERA_FACING_BACK state now CAMERA_STATE_CLOSED for client com.sec.android.app.camera API Level 2User Id 0
07-14 22:04:37.038 I/CameraManagerGlobal(20589): Camera 23 facing CAMERA_FACING_BACK state now CAMERA_STATE_CLOSED for client android.system API Level 2User Id 0
07-14 22:04:37.039 I/CameraManagerGlobal(20589): Camera 3 facing CAMERA_FACING_FRONT state now CAMERA_STATE_CLOSED for client android.system API Level 2User Id 0
07-14 22:04:37.039 I/CameraManagerGlobal(20589): Camera 4 facing CAMERA_FACING_FRONT state now CAMERA_STATE_CLOSED for client client.pid<739> API Level 2User Id 0
07-14 22:04:37.041 I/CameraManagerGlobal(20589): Camera 50 facing CAMERA_FACING_BACK state now CAMERA_STATE_CLOSED for client android.system API Level 2User Id 0
07-14 22:04:37.041 I/CameraManagerGlobal(20589): Camera 52 facing CAMERA_FACING_BACK state now CAMERA_STATE_CLOSED for client android.system API Level 2User Id 0
07-14 22:04:37.041 W/System.err(20589): android.content.pm.PackageManager$NameNotFoundException: com.samsung.android.kmxservice
07-14 22:04:37.042 I/CameraManagerGlobal(20589): Camera 54 facing CAMERA_FACING_BACK state now CAMERA_STATE_CLOSED for client android.system API Level 2User Id 0
07-14 22:04:37.043 I/HBD     ( 9058): HoneyBoardService onTrimMemory 15
07-14 22:04:37.044 W/System.err(20589): 	at android.app.ApplicationPackageManager.getPackageInfoAsUser(ApplicationPackageManager.java:302)
07-14 22:04:37.045 W/System.err(20589): 	at android.app.ApplicationPackageManager.getPackageInfo(ApplicationPackageManager.java:262)
07-14 22:04:37.045 W/System.err(20589): 	at android.app.ApplicationPackageManager.getPackageInfo(ApplicationPackageManager.java:256)
07-14 22:04:37.046 I/HBD     ( 9058): HoneyBoardService honeyBoardComponentManager.onTrimMemory() 
07-14 22:04:37.046 W/System.err(20589): 	at com.samsung.scsp.framework.core.util.DeviceUtil.lambda$getKmxVersion$16(r8-map-id-1e515cc322e4defc6774b629096796f361253a46bf8679bd52cb725142c39d5b:12)
07-14 22:04:37.046 W/System.err(20589): 	at com.samsung.scsp.framework.core.util.DeviceUtil.a(r8-map-id-1e515cc322e4defc6774b629096796f361253a46bf8679bd52cb725142c39d5b:1)
07-14 22:04:37.046 W/System.err(20589): 	at Ca.f.get(r8-map-id-1e515cc322e4defc6774b629096796f361253a46bf8679bd52cb725142c39d5b:52)
07-14 22:04:37.047 W/System.err(20589): 	at com.samsung.scsp.error.FaultBarrier.get(r8-map-id-1e515cc322e4defc6774b629096796f361253a46bf8679bd52cb725142c39d5b:1)
07-14 22:04:37.047 W/System.err(20589): 	at com.samsung.scsp.error.FaultBarrier.get(r8-map-id-1e515cc322e4defc6774b629096796f361253a46bf8679bd52cb725142c39d5b:4)
07-14 22:04:37.047 I/HBD     ( 9058): e viewLayoutSizeUpdateManager trimMemory 
07-14 22:04:37.048 W/System.err(20589): 	at com.samsung.scsp.framework.core.util.DeviceUtil.getKmxVersion(r8-map-id-1e515cc322e4defc6774b629096796f361253a46bf8679bd52cb725142c39d5b:10)
07-14 22:04:37.048 W/System.err(20589): 	at com.samsung.scsp.framework.core.ScspUserAgentFactory.get(r8-map-id-1e515cc322e4defc6774b629096796f361253a46bf8679bd52cb725142c39d5b:14)
07-14 22:04:37.048 W/System.err(20589): 	at com.samsung.scsp.framework.core.SContextHolder.<init>(r8-map-id-1e515cc322e4defc6774b629096796f361253a46bf8679bd52cb725142c39d5b:15)
07-14 22:04:37.049 W/System.err(20589): 	at com.samsung.scsp.framework.core.decorator.AbstractDecorator.<init>(r8-map-id-1e515cc322e4defc6774b629096796f361253a46bf8679bd52cb725142c39d5b:131)
07-14 22:04:37.049 W/System.err(20589): 	at com.samsung.scsp.odm.dos.common.OdmDosDecorator.<init>(r8-map-id-1e515cc322e4defc6774b629096796f361253a46bf8679bd52cb725142c39d5b:1)
07-14 22:04:37.049 W/System.err(20589): 	at com.samsung.scsp.odm.dos.configuration.ScspConfiguration.<init>(r8-map-id-1e515cc322e4defc6774b629096796f361253a46bf8679bd52cb725142c39d5b:6)
07-14 22:04:37.049 W/System.err(20589): 	at r5.d.download$lambda$0(r8-map-id-1e515cc322e4defc6774b629096796f361253a46bf8679bd52cb725142c39d5b:24)
07-14 22:04:37.049 W/System.err(20589): 	at r5.d.b(r8-map-id-1e515cc322e4defc6774b629096796f361253a46bf8679bd52cb725142c39d5b:1)
07-14 22:04:37.049 W/System.err(20589): 	at r5.c.run(r8-map-id-1e515cc322e4defc6774b629096796f361253a46bf8679bd52cb725142c39d5b:10)
07-14 22:04:37.049 W/System.err(20589): 	at com.samsung.scsp.error.FaultBarrier.run(r8-map-id-1e515cc322e4defc6774b629096796f361253a46bf8679bd52cb725142c39d5b:2)
07-14 22:04:37.049 W/System.err(20589): 	at com.samsung.scsp.error.FaultBarrier.run(r8-map-id-1e515cc322e4defc6774b629096796f361253a46bf8679bd52cb725142c39d5b:1)
07-14 22:04:37.049 W/System.err(20589): 	at r5.d.download(r8-map-id-1e515cc322e4defc6774b629096796f361253a46bf8679bd52cb725142c39d5b:25)
07-14 22:04:37.049 W/System.err(20589): 	at r5.d.load$lambda$0(r8-map-id-1e515cc322e4defc6774b629096796f361253a46bf8679bd52cb725142c39d5b:26)
07-14 22:04:37.049 W/System.err(20589): 	at r5.d.a(r8-map-id-1e515cc322e4defc6774b629096796f361253a46bf8679bd52cb725142c39d5b:1)
07-14 22:04:37.049 W/System.err(20589): 	at r5.c.run(r8-map-id-1e515cc322e4defc6774b629096796f361253a46bf8679bd52cb725142c39d5b:18)
07-14 22:04:37.049 W/System.err(20589): 	at com.samsung.scsp.error.FaultBarrier.run(r8-map-id-1e515cc322e4defc6774b629096796f361253a46bf8679bd52cb725142c39d5b:2)
07-14 22:04:37.050 W/System.err(20589): 	at com.samsung.scsp.error.FaultBarrier.run(r8-map-id-1e515cc322e4defc6774b629096796f361253a46bf8679bd52cb725142c39d5b:1)
07-14 22:04:37.050 W/System.err(20589): 	at r5.d.load(r8-map-id-1e515cc322e4defc6774b629096796f361253a46bf8679bd52cb725142c39d5b:51)
07-14 22:04:37.050 W/System.err(20589): 	at N9.a.run(r8-map-id-1e515cc322e4defc6774b629096796f361253a46bf8679bd52cb725142c39d5b:93)
07-14 22:04:37.050 W/System.err(20589): 	at com.samsung.scsp.error.FaultBarrier.run(r8-map-id-1e515cc322e4defc6774b629096796f361253a46bf8679bd52cb725142c39d5b:2)
07-14 22:04:37.050 W/System.err(20589): 	at com.samsung.scsp.error.FaultBarrier.run(r8-map-id-1e515cc322e4defc6774b629096796f361253a46bf8679bd52cb725142c39d5b:1)
07-14 22:04:37.050 W/System.err(20589): 	at a5.c.run(r8-map-id-1e515cc322e4defc6774b629096796f361253a46bf8679bd52cb725142c39d5b:152)
07-14 22:04:37.050 W/System.err(20589): 	at java.lang.Thread.run(Thread.java:1012)
07-14 22:04:37.050 I/[SC][DeviceUtil](20589): One UI version : 5.1.0
07-14 22:04:37.050 I/SamsungAnalytics605068(20589): Initialize delete api call counting
07-14 22:04:37.050 W/.android.scloud(20589): Long monitor contention with owner scloud-update-policy (20744) at void com.samsung.scsp.framework.core.identity.AbstractScspIdentity.initialize()(r8-map-id-1e515cc322e4defc6774b629096796f361253a46bf8679bd52cb725142c39d5b:46) waiters=0 in void com.samsung.scsp.framework.core.identity.AbstractScspIdentity.initialize() for 112ms
07-14 22:04:37.059 I/[SC][DeviceUtil](20589): One UI version : 5.1.0
07-14 22:04:37.059 I/[SC][DeviceRegistration](20589): register
07-14 22:04:37.059 I/[SC][DeviceRegistration](20589): Already device registered.
07-14 22:04:37.059 I/[SC][DeviceToken](20589): Get token
07-14 22:04:37.059 I/[SC][DeviceToken](20589): DeviceToken is valid
07-14 22:04:37.059 I/[SC][DeviceUtil](20589): getSimMcc
07-14 22:04:37.059 I/[SC][DeviceUtil](20589): getSimMnc
07-14 22:04:37.063 I/id.diagmonagent( 5161): Explicit concurrent copying GC freed 8720(477KB) AllocSpace objects, 14(728KB) LOS objects, 69% free, 2709KB/8853KB, paused 148us,19us total 81.034ms
07-14 22:04:37.064 D/PackageManager( 3149): setEnabledSetting : userId = 0 packageName = com.google.android.apps.tachyon cmp = com.google.android.libraries.communications.conference.ui.intents.ChitChatGatewayActivity newState = 1 callingPackage = 10233/com.google.android.apps.tachyon
07-14 22:04:37.064 I/SmpLog  (20589): [SMP] get token : ...ZqrDl (163)
07-14 22:04:37.064 I/SmpLog  (20589): [SMP] get push type : fcm
07-14 22:04:37.064 W/DMASA[C]( 5161): [DiagMonAgentApplication]onTrimMemory (15)
07-14 22:04:37.065 D/ApplicationPolicy( 3149): getApplicationStateEnabled : pkg = com.google.android.apps.tachyon userId : 0
07-14 22:04:37.065 I/[SC][DeviceUtil](20589): One UI version : 5.1.0
07-14 22:04:37.066 D/ApplicationPolicy( 3149): getApplicationComponentState : pkg = com.google.android.apps.tachyon userId : 0
07-14 22:04:37.066 W/System.err(20589): android.content.pm.PackageManager$NameNotFoundException: com.samsung.android.kmxservice
07-14 22:04:37.067 D/PackageManager( 3149): setEnabledSetting : userId = 0 packageName = com.google.android.apps.tachyon cmp = com.google.android.libraries.communications.conference.ui.intents.TelecomCallBackGatewayActivity newState = 1 callingPackage = 10233/com.google.android.apps.tachyon
07-14 22:04:37.067 D/ApplicationPolicy( 3149): getApplicationStateEnabled : pkg = com.google.android.apps.tachyon userId : 0
07-14 22:04:37.068 D/ApplicationPolicy( 3149): getApplicationComponentState : pkg = com.google.android.apps.tachyon userId : 0
07-14 22:04:37.068 I/[SC][DeviceRegistration](20589): register
07-14 22:04:37.068 I/[SC][DeviceRegistration](20589): Already device registered.
07-14 22:04:37.068 I/[SC][DeviceToken](20589): Get token
07-14 22:04:37.069 W/System.err(20589): 	at android.app.ApplicationPackageManager.getPackageInfoAsUser(ApplicationPackageManager.java:302)
07-14 22:04:37.069 W/System.err(20589): 	at android.app.ApplicationPackageManager.getPackageInfo(ApplicationPackageManager.java:262)
07-14 22:04:37.069 I/[SC][DeviceToken](20589): DeviceToken is valid
07-14 22:04:37.069 I/[SC][DeviceUtil](20589): getSimMcc
07-14 22:04:37.069 I/[SC][DeviceUtil](20589): getSimMnc
07-14 22:04:37.070 D/PackageManager( 3149): setEnabledSetting : userId = 0 packageName = com.google.android.apps.tachyon cmp = com.google.android.libraries.communications.conference.ui.intents.ChitChatGatewayActivity newState = 1 callingPackage = 10233/com.google.android.apps.tachyon
07-14 22:04:37.070 W/id.apps.tachyon(20600): ClassLoaderContext classpath size mismatch. expected=17, found=0 (DLC[];PCL[base.apk*2490821195:base.apk!classes2.dex*76051533:base.apk!classes3.dex*2468614525:base.apk!classes4.dex*2465626795:base.apk!classes5.dex*3034926602:base.apk!classes6.dex*1472274905:base.apk!classes7.dex*3755681427:base.apk!classes8.dex*374746369:base.apk!classes9.dex*1305552845:base.apk!classes10.dex*535179980:base.apk!classes11.dex*3544955469:base.apk!classes12.dex*3251662969:base.apk!classes13.dex*1978043364:base.apk!classes14.dex*1413867446:base.apk!classes15.dex*3789282070:base.apk!classes16.dex*3201434168:base.apk!classes17.dex*279711073]{PCL[/system/framework/org.apache.http.legacy.jar*3951777098]#PCL[/system_ext/framework/org.carconnectivity.android.digitalkey.timesync.jar*1887653036]#PCL[/system/framework/com.android.location.provider.jar*3175360615]#PCL[/system/framework/com.android.media.remotedisplay.jar*3743104115]} | DLC[];PCL[])
07-14 22:04:37.070 D/ApplicationPolicy( 3149): getApplicationStateEnabled : pkg = com.google.android.apps.tachyon userId : 0
07-14 22:04:37.071 D/ApplicationPolicy( 3149): getApplicationComponentState : pkg = com.google.android.apps.tachyon userId : 0
07-14 22:04:37.072 I/[SC][ScspConfiguration](20589): private com.samsung.scsp.odm.dos.configuration.ScspConfiguration$ConfigurationApiControlImpl()
07-14 22:04:37.073 I/[SC][DeviceUtil](20589): One UI version : 5.1.0
07-14 22:04:37.073 D/PackageManager( 3149): setEnabledSetting : userId = 0 packageName = com.google.android.apps.tachyon cmp = com.google.android.libraries.communications.conference.ui.intents.TransferCallHandlerActivity newState = 1 callingPackage = 10233/com.google.android.apps.tachyon
07-14 22:04:37.073 W/System.err(20589): 	at android.app.ApplicationPackageManager.getPackageInfo(ApplicationPackageManager.java:256)
07-14 22:04:37.073 W/System.err(20589): 	at com.samsung.scsp.framework.core.util.DeviceUtil.lambda$getKmxVersion$16(r8-map-id-1e515cc322e4defc6774b629096796f361253a46bf8679bd52cb725142c39d5b:12)
07-14 22:04:37.073 I/SmpLog  (20589): [SMP] Test mode: false, v:3.3.11.2, com.samsung.android.scloud
07-14 22:04:37.073 D/ApplicationPolicy( 3149): getApplicationStateEnabled : pkg = com.google.android.apps.tachyon userId : 0
07-14 22:04:37.073 I/[SC][DeviceRegistration](20589): register
07-14 22:04:37.073 D/ApplicationPolicy( 3149): getApplicationComponentState : pkg = com.google.android.apps.tachyon userId : 0
07-14 22:04:37.073 I/[SC][DeviceRegistration](20589): Already device registered.
07-14 22:04:37.073 I/[SC][DeviceToken](20589): Get token
07-14 22:04:37.074 W/System.err(20589): 	at com.samsung.scsp.framework.core.util.DeviceUtil.a(r8-map-id-1e515cc322e4defc6774b629096796f361253a46bf8679bd52cb725142c39d5b:1)
07-14 22:04:37.074 W/System.err(20589): 	at Ca.f.get(r8-map-id-1e515cc322e4defc6774b629096796f361253a46bf8679bd52cb725142c39d5b:52)
07-14 22:04:37.074 W/System.err(20589): 	at com.samsung.scsp.error.FaultBarrier.get(r8-map-id-1e515cc322e4defc6774b629096796f361253a46bf8679bd52cb725142c39d5b:1)
07-14 22:04:37.074 W/System.err(20589): 	at com.samsung.scsp.error.FaultBarrier.get(r8-map-id-1e515cc322e4defc6774b629096796f361253a46bf8679bd52cb725142c39d5b:4)
07-14 22:04:37.074 I/[SC][DeviceToken](20589): DeviceToken is valid
07-14 22:04:37.074 D/PackageManager( 3149): setEnabledSetting : userId = 0 packageName = com.google.android.apps.tachyon cmp = com.google.android.libraries.communications.conference.ui.intents.ConferenceGatewayActivity newState = 1 callingPackage = 10233/com.google.android.apps.tachyon
07-14 22:04:37.074 I/[SC][DeviceUtil](20589): getSimMcc
07-14 22:04:37.074 I/[SC][DeviceUtil](20589): getSimMnc
07-14 22:04:37.075 D/ApplicationPolicy( 3149): getApplicationStateEnabled : pkg = com.google.android.apps.tachyon userId : 0
07-14 22:04:37.075 D/ApplicationPolicy( 3149): getApplicationComponentState : pkg = com.google.android.apps.tachyon userId : 0
07-14 22:04:37.076 W/System.err(20589): 	at com.samsung.scsp.framework.core.util.DeviceUtil.getKmxVersion(r8-map-id-1e515cc322e4defc6774b629096796f361253a46bf8679bd52cb725142c39d5b:10)
07-14 22:04:37.076 W/System.err(20589): 	at com.samsung.scsp.framework.core.ScspUserAgentFactory.get(r8-map-id-1e515cc322e4defc6774b629096796f361253a46bf8679bd52cb725142c39d5b:14)
07-14 22:04:37.076 W/System.err(20589): 	at com.samsung.scsp.framework.core.SContextHolder.<init>(r8-map-id-1e515cc322e4defc6774b629096796f361253a46bf8679bd52cb725142c39d5b:15)
07-14 22:04:37.076 W/System.err(20589): 	at com.samsung.scsp.framework.core.decorator.AbstractDecorator.<init>(r8-map-id-1e515cc322e4defc6774b629096796f361253a46bf8679bd52cb725142c39d5b:131)
07-14 22:04:37.077 D/PackageManager( 3149): setEnabledSetting : userId = 0 packageName = com.google.android.apps.tachyon cmp = com.google.android.libraries.communications.conference.ui.intents.LivestreamHandlerActivity newState = 1 callingPackage = 10233/com.google.android.apps.tachyon
07-14 22:04:37.077 I/SmpLog  (20589): [SMP] ptype:fcm, token:...ZqrDl (163), D:false, O:DEVICE_BASED, S:false, M:false, P:SPP_ONLY_MODE
07-14 22:04:37.077 W/System.err(20589): 	at com.samsung.scsp.odm.dos.common.OdmDosDecorator.<init>(r8-map-id-1e515cc322e4defc6774b629096796f361253a46bf8679bd52cb725142c39d5b:1)
07-14 22:04:37.078 W/System.err(20589): 	at com.samsung.scsp.odm.dos.configuration.ScspConfiguration.<init>(r8-map-id-1e515cc322e4defc6774b629096796f361253a46bf8679bd52cb725142c39d5b:6)
07-14 22:04:37.078 W/System.err(20589): 	at r5.d.download$lambda$0(r8-map-id-1e515cc322e4defc6774b629096796f361253a46bf8679bd52cb725142c39d5b:24)
07-14 22:04:37.078 W/System.err(20589): 	at r5.d.b(r8-map-id-1e515cc322e4defc6774b629096796f361253a46bf8679bd52cb725142c39d5b:1)
07-14 22:04:37.078 W/System.err(20589): 	at r5.c.run(r8-map-id-1e515cc322e4defc6774b629096796f361253a46bf8679bd52cb725142c39d5b:10)
07-14 22:04:37.078 W/System.err(20589): 	at com.samsung.scsp.error.FaultBarrier.run(r8-map-id-1e515cc322e4defc6774b629096796f361253a46bf8679bd52cb725142c39d5b:2)
07-14 22:04:37.078 W/System.err(20589): 	at com.samsung.scsp.error.FaultBarrier.run(r8-map-id-1e515cc322e4defc6774b629096796f361253a46bf8679bd52cb725142c39d5b:1)
07-14 22:04:37.078 W/System.err(20589): 	at r5.d.download(r8-map-id-1e515cc322e4defc6774b629096796f361253a46bf8679bd52cb725142c39d5b:25)
07-14 22:04:37.078 W/System.err(20589): 	at r5.d.load$lambda$0(r8-map-id-1e515cc322e4defc6774b629096796f361253a46bf8679bd52cb725142c39d5b:26)
07-14 22:04:37.078 W/System.err(20589): 	at r5.d.a(r8-map-id-1e515cc322e4defc6774b629096796f361253a46bf8679bd52cb725142c39d5b:1)
07-14 22:04:37.078 W/System.err(20589): 	at r5.c.run(r8-map-id-1e515cc322e4defc6774b629096796f361253a46bf8679bd52cb725142c39d5b:18)
07-14 22:04:37.078 W/System.err(20589): 	at com.samsung.scsp.error.FaultBarrier.run(r8-map-id-1e515cc322e4defc6774b629096796f361253a46bf8679bd52cb725142c39d5b:2)
07-14 22:04:37.078 W/System.err(20589): 	at com.samsung.scsp.error.FaultBarrier.run(r8-map-id-1e515cc322e4defc6774b629096796f361253a46bf8679bd52cb725142c39d5b:1)
07-14 22:04:37.078 W/System.err(20589): 	at r5.d.load(r8-map-id-1e515cc322e4defc6774b629096796f361253a46bf8679bd52cb725142c39d5b:51)
07-14 22:04:37.078 W/System.err(20589): 	at N9.a.run(r8-map-id-1e515cc322e4defc6774b629096796f361253a46bf8679bd52cb725142c39d5b:93)
07-14 22:04:37.078 W/System.err(20589): 	at com.samsung.scsp.error.FaultBarrier.run(r8-map-id-1e515cc322e4defc6774b629096796f361253a46bf8679bd52cb725142c39d5b:2)
07-14 22:04:37.078 W/System.err(20589): 	at com.samsung.scsp.error.FaultBarrier.run(r8-map-id-1e515cc322e4defc6774b629096796f361253a46bf8679bd52cb725142c39d5b:1)
07-14 22:04:37.078 W/System.err(20589): 	at a5.c.run(r8-map-id-1e515cc322e4defc6774b629096796f361253a46bf8679bd52cb725142c39d5b:152)
07-14 22:04:37.078 W/System.err(20589): 	at java.lang.Thread.run(Thread.java:1012)
07-14 22:04:37.078 I/[SC][DeviceUtil](20589): One UI version : 5.1.0
07-14 22:04:37.078 W/System.err(20589): android.content.pm.PackageManager$NameNotFoundException: com.samsung.android.kmxservice
07-14 22:04:37.078 I/[SC][SmpInitializer](20589): initialize
07-14 22:04:37.078 I/[SC][ScspConfiguration](20589): private com.samsung.scsp.odm.dos.configuration.ScspConfiguration$ConfigurationApiControlImpl()
07-14 22:04:37.079 D/ApplicationPolicy( 3149): getApplicationStateEnabled : pkg = com.google.android.apps.tachyon userId : 0
07-14 22:04:37.079 W/System.err(20589): 	at android.app.ApplicationPackageManager.getPackageInfoAsUser(ApplicationPackageManager.java:302)
07-14 22:04:37.079 D/ApplicationPolicy( 3149): getApplicationComponentState : pkg = com.google.android.apps.tachyon userId : 0
07-14 22:04:37.080 W/System.err(20589): 	at android.app.ApplicationPackageManager.getPackageInfo(ApplicationPackageManager.java:262)
07-14 22:04:37.080 W/System.err(20589): 	at android.app.ApplicationPackageManager.getPackageInfo(ApplicationPackageManager.java:256)
07-14 22:04:37.080 D/PackageManager( 3149): setEnabledSetting : userId = 0 packageName = com.google.android.apps.tachyon cmp = com.google.android.libraries.communications.conference.ui.intents.ConferenceUrlHandlerActivity newState = 1 callingPackage = 10233/com.google.android.apps.tachyon
07-14 22:04:37.080 W/System.err(20589): 	at com.samsung.scsp.framework.core.util.DeviceUtil.lambda$getKmxVersion$16(r8-map-id-1e515cc322e4defc6774b629096796f361253a46bf8679bd52cb725142c39d5b:12)
07-14 22:04:37.080 W/System.err(20589): 	at com.samsung.scsp.framework.core.util.DeviceUtil.a(r8-map-id-1e515cc322e4defc6774b629096796f361253a46bf8679bd52cb725142c39d5b:1)
07-14 22:04:37.080 W/System.err(20589): 	at Ca.f.get(r8-map-id-1e515cc322e4defc6774b629096796f361253a46bf8679bd52cb725142c39d5b:52)
07-14 22:04:37.080 D/ApplicationPolicy( 3149): getApplicationStateEnabled : pkg = com.google.android.apps.tachyon userId : 0
07-14 22:04:37.081 W/System.err(20589): 	at com.samsung.scsp.error.FaultBarrier.get(r8-map-id-1e515cc322e4defc6774b629096796f361253a46bf8679bd52cb725142c39d5b:1)
07-14 22:04:37.081 D/ApplicationPolicy( 3149): getApplicationComponentState : pkg = com.google.android.apps.tachyon userId : 0
07-14 22:04:37.081 W/System.err(20589): 	at com.samsung.scsp.error.FaultBarrier.get(r8-map-id-1e515cc322e4defc6774b629096796f361253a46bf8679bd52cb725142c39d5b:4)
07-14 22:04:37.081 W/System.err(20589): 	at com.samsung.scsp.framework.core.util.DeviceUtil.getKmxVersion(r8-map-id-1e515cc322e4defc6774b629096796f361253a46bf8679bd52cb725142c39d5b:10)
07-14 22:04:37.081 I/GenerationRegistry( 3149): mBackingStore.isClosed() : false
07-14 22:04:37.082 D/PackageManager( 3149): setEnabledSetting : userId = 0 packageName = com.google.android.apps.tachyon cmp = com.google.android.libraries.communications.conference.ui.intents.AssistantNewUrlHandlerActivity newState = 1 callingPackage = 10233/com.google.android.apps.tachyon
07-14 22:04:37.082 D/ApplicationPolicy( 3149): getApplicationStateEnabled : pkg = com.google.android.apps.tachyon userId : 0
07-14 22:04:37.082 I/HBD     ( 9058): b ignore trim memory, cause by, cached size is 2 (min: 2) 
07-14 22:04:37.083 D/ApplicationPolicy( 3149): getApplicationComponentState : pkg = com.google.android.apps.tachyon userId : 0
07-14 22:04:37.083 I/cr_SUCFiltersObserver(20588): setting=browser_content_filters_enabled updating with false
07-14 22:04:37.084 I/TY_SwitchboardListener(20600): [000:161][20600] doSync
07-14 22:04:37.085 I/cr_SUCFiltersObserver(20588): setting=search_content_filters_enabled updating with false
07-14 22:04:37.089 W/System.err(20589): 	at com.samsung.scsp.framework.core.ScspUserAgentFactory.get(r8-map-id-1e515cc322e4defc6774b629096796f361253a46bf8679bd52cb725142c39d5b:14)
07-14 22:04:37.089 W/System.err(20589): 	at com.samsung.scsp.framework.core.SContextHolder.<init>(r8-map-id-1e515cc322e4defc6774b629096796f361253a46bf8679bd52cb725142c39d5b:15)
07-14 22:04:37.090 I/TY_com.google.android.apps.tachyon.androidauto.MeetCarAppStartupListener(20600): [000:166][20683] Car service is currently enabled.
07-14 22:04:37.092 I/TY_com.google.android.libraries.gms.compliancehelper.impl.GmsComplianceHelperImplKt(20600): [000:169][20600] Initializing GMS Compliance Client Library...
07-14 22:04:37.092 I/TY_com.google.android.libraries.gms.compliancehelper.impl.GmsComplianceHelperImplKt(20600): [000:169][20600] Checking for device compliance...
07-14 22:04:37.092 I/TY_com.google.android.libraries.gms.compliancehelper.impl.GmsComplianceHelperImplKt(20600): [000:169][20600] Feature is disabled!
07-14 22:04:37.093 W/System.err(20589): 	at com.samsung.scsp.framework.core.decorator.AbstractDecorator.<init>(r8-map-id-1e515cc322e4defc6774b629096796f361253a46bf8679bd52cb725142c39d5b:131)
07-14 22:04:37.093 W/System.err(20589): 	at com.samsung.scsp.odm.dos.common.OdmDosDecorator.<init>(r8-map-id-1e515cc322e4defc6774b629096796f361253a46bf8679bd52cb725142c39d5b:1)
07-14 22:04:37.093 W/System.err(20589): 	at com.samsung.scsp.odm.dos.configuration.ScspConfiguration.<init>(r8-map-id-1e515cc322e4defc6774b629096796f361253a46bf8679bd52cb725142c39d5b:6)
07-14 22:04:37.093 W/System.err(20589): 	at r5.d.download$lambda$0(r8-map-id-1e515cc322e4defc6774b629096796f361253a46bf8679bd52cb725142c39d5b:24)
07-14 22:04:37.093 W/System.err(20589): 	at r5.d.b(r8-map-id-1e515cc322e4defc6774b629096796f361253a46bf8679bd52cb725142c39d5b:1)
07-14 22:04:37.093 W/System.err(20589): 	at r5.c.run(r8-map-id-1e515cc322e4defc6774b629096796f361253a46bf8679bd52cb725142c39d5b:10)
07-14 22:04:37.093 W/System.err(20589): 	at com.samsung.scsp.error.FaultBarrier.run(r8-map-id-1e515cc322e4defc6774b629096796f361253a46bf8679bd52cb725142c39d5b:2)
07-14 22:04:37.093 W/System.err(20589): 	at com.samsung.scsp.error.FaultBarrier.run(r8-map-id-1e515cc322e4defc6774b629096796f361253a46bf8679bd52cb725142c39d5b:1)
07-14 22:04:37.094 W/System.err(20589): 	at r5.d.download(r8-map-id-1e515cc322e4defc6774b629096796f361253a46bf8679bd52cb725142c39d5b:25)
07-14 22:04:37.094 W/System.err(20589): 	at r5.d.load$lambda$0(r8-map-id-1e515cc322e4defc6774b629096796f361253a46bf8679bd52cb725142c39d5b:26)
07-14 22:04:37.094 W/System.err(20589): 	at r5.d.a(r8-map-id-1e515cc322e4defc6774b629096796f361253a46bf8679bd52cb725142c39d5b:1)
07-14 22:04:37.094 W/System.err(20589): 	at r5.c.run(r8-map-id-1e515cc322e4defc6774b629096796f361253a46bf8679bd52cb725142c39d5b:18)
07-14 22:04:37.094 I/SmpLog  (20589): [SMP] SEND BR : smp init success
07-14 22:04:37.095 W/System.err(20589): 	at com.samsung.scsp.error.FaultBarrier.run(r8-map-id-1e515cc322e4defc6774b629096796f361253a46bf8679bd52cb725142c39d5b:2)
07-14 22:04:37.095 W/System.err(20589): 	at com.samsung.scsp.error.FaultBarrier.run(r8-map-id-1e515cc322e4defc6774b629096796f361253a46bf8679bd52cb725142c39d5b:1)
07-14 22:04:37.095 W/System.err(20589): 	at r5.d.load(r8-map-id-1e515cc322e4defc6774b629096796f361253a46bf8679bd52cb725142c39d5b:51)
07-14 22:04:37.095 W/System.err(20589): 	at N9.a.run(r8-map-id-1e515cc322e4defc6774b629096796f361253a46bf8679bd52cb725142c39d5b:93)
07-14 22:04:37.095 W/System.err(20589): 	at com.samsung.scsp.error.FaultBarrier.run(r8-map-id-1e515cc322e4defc6774b629096796f361253a46bf8679bd52cb725142c39d5b:2)
07-14 22:04:37.095 W/System.err(20589): 	at com.samsung.scsp.error.FaultBarrier.run(r8-map-id-1e515cc322e4defc6774b629096796f361253a46bf8679bd52cb725142c39d5b:1)
07-14 22:04:37.095 W/System.err(20589): 	at a5.c.run(r8-map-id-1e515cc322e4defc6774b629096796f361253a46bf8679bd52cb725142c39d5b:152)
07-14 22:04:37.095 W/System.err(20589): 	at java.lang.Thread.run(Thread.java:1012)
07-14 22:04:37.095 W/System.err(20589): android.content.pm.PackageManager$NameNotFoundException: com.samsung.android.kmxservice
07-14 22:04:37.095 I/[SC][DeviceUtil](20589): One UI version : 5.1.0
07-14 22:04:37.095 W/System.err(20589): 	at android.app.ApplicationPackageManager.getPackageInfoAsUser(ApplicationPackageManager.java:302)
07-14 22:04:37.095 W/System.err(20589): 	at android.app.ApplicationPackageManager.getPackageInfo(ApplicationPackageManager.java:262)
07-14 22:04:37.095 W/System.err(20589): 	at android.app.ApplicationPackageManager.getPackageInfo(ApplicationPackageManager.java:256)
07-14 22:04:37.095 W/System.err(20589): 	at com.samsung.scsp.framework.core.util.DeviceUtil.lambda$getKmxVersion$16(r8-map-id-1e515cc322e4defc6774b629096796f361253a46bf8679bd52cb725142c39d5b:12)
07-14 22:04:37.095 W/System.err(20589): 	at com.samsung.scsp.framework.core.util.DeviceUtil.a(r8-map-id-1e515cc322e4defc6774b629096796f361253a46bf8679bd52cb725142c39d5b:1)
07-14 22:04:37.095 W/System.err(20589): 	at Ca.f.get(r8-map-id-1e515cc322e4defc6774b629096796f361253a46bf8679bd52cb725142c39d5b:52)
07-14 22:04:37.095 W/System.err(20589): 	at com.samsung.scsp.error.FaultBarrier.get(r8-map-id-1e515cc322e4defc6774b629096796f361253a46bf8679bd52cb725142c39d5b:1)
07-14 22:04:37.095 W/System.err(20589): 	at com.samsung.scsp.error.FaultBarrier.get(r8-map-id-1e515cc322e4defc6774b629096796f361253a46bf8679bd52cb725142c39d5b:4)
07-14 22:04:37.095 W/System.err(20589): 	at com.samsung.scsp.framework.core.util.DeviceUtil.getKmxVersion(r8-map-id-1e515cc322e4defc6774b629096796f361253a46bf8679bd52cb725142c39d5b:10)
07-14 22:04:37.095 W/System.err(20589): 	at com.samsung.scsp.framework.core.ScspUserAgentFactory.get(r8-map-id-1e515cc322e4defc6774b629096796f361253a46bf8679bd52cb725142c39d5b:14)
07-14 22:04:37.095 I/[SC][ScspConfiguration](20589): private com.samsung.scsp.odm.dos.configuration.ScspConfiguration$ConfigurationApiControlImpl()
07-14 22:04:37.095 W/System.err(20589): 	at com.samsung.scsp.framework.core.SContextHolder.<init>(r8-map-id-1e515cc322e4defc6774b629096796f361253a46bf8679bd52cb725142c39d5b:15)
07-14 22:04:37.095 W/System.err(20589): 	at com.samsung.scsp.framework.core.decorator.AbstractDecorator.<init>(r8-map-id-1e515cc322e4defc6774b629096796f361253a46bf8679bd52cb725142c39d5b:131)
07-14 22:04:37.095 W/System.err(20589): 	at com.samsung.scsp.odm.dos.common.OdmDosDecorator.<init>(r8-map-id-1e515cc322e4defc6774b629096796f361253a46bf8679bd52cb725142c39d5b:1)
07-14 22:04:37.095 W/System.err(20589): 	at com.samsung.scsp.odm.dos.configuration.ScspConfiguration.<init>(r8-map-id-1e515cc322e4defc6774b629096796f361253a46bf8679bd52cb725142c39d5b:6)
07-14 22:04:37.095 W/System.err(20589): 	at r5.d.download$lambda$0(r8-map-id-1e515cc322e4defc6774b629096796f361253a46bf8679bd52cb725142c39d5b:24)
07-14 22:04:37.096 W/System.err(20589): 	at r5.d.b(r8-map-id-1e515cc322e4defc6774b629096796f361253a46bf8679bd52cb725142c39d5b:1)
07-14 22:04:37.096 W/System.err(20589): 	at r5.c.run(r8-map-id-1e515cc322e4defc6774b629096796f361253a46bf8679bd52cb725142c39d5b:10)
07-14 22:04:37.096 W/System.err(20589): 	at com.samsung.scsp.error.FaultBarrier.run(r8-map-id-1e515cc322e4defc6774b629096796f361253a46bf8679bd52cb725142c39d5b:2)
07-14 22:04:37.096 W/System.err(20589): 	at com.samsung.scsp.error.FaultBarrier.run(r8-map-id-1e515cc322e4defc6774b629096796f361253a46bf8679bd52cb725142c39d5b:1)
07-14 22:04:37.096 W/System.err(20589): 	at r5.d.download(r8-map-id-1e515cc322e4defc6774b629096796f361253a46bf8679bd52cb725142c39d5b:25)
07-14 22:04:37.096 W/System.err(20589): 	at r5.d.load$lambda$0(r8-map-id-1e515cc322e4defc6774b629096796f361253a46bf8679bd52cb725142c39d5b:26)
07-14 22:04:37.096 W/System.err(20589): 	at r5.d.a(r8-map-id-1e515cc322e4defc6774b629096796f361253a46bf8679bd52cb725142c39d5b:1)
07-14 22:04:37.096 W/System.err(20589): 	at r5.c.run(r8-map-id-1e515cc322e4defc6774b629096796f361253a46bf8679bd52cb725142c39d5b:18)
07-14 22:04:37.096 W/System.err(20589): 	at com.samsung.scsp.error.FaultBarrier.run(r8-map-id-1e515cc322e4defc6774b629096796f361253a46bf8679bd52cb725142c39d5b:2)
07-14 22:04:37.096 W/System.err(20589): 	at com.samsung.scsp.error.FaultBarrier.run(r8-map-id-1e515cc322e4defc6774b629096796f361253a46bf8679bd52cb725142c39d5b:1)
07-14 22:04:37.096 W/System.err(20589): 	at r5.d.load(r8-map-id-1e515cc322e4defc6774b629096796f361253a46bf8679bd52cb725142c39d5b:51)
07-14 22:04:37.096 W/System.err(20589): 	at N9.a.run(r8-map-id-1e515cc322e4defc6774b629096796f361253a46bf8679bd52cb725142c39d5b:93)
07-14 22:04:37.096 W/System.err(20589): 	at com.samsung.scsp.error.FaultBarrier.run(r8-map-id-1e515cc322e4defc6774b629096796f361253a46bf8679bd52cb725142c39d5b:2)
07-14 22:04:37.096 W/System.err(20589): 	at com.samsung.scsp.error.FaultBarrier.run(r8-map-id-1e515cc322e4defc6774b629096796f361253a46bf8679bd52cb725142c39d5b:1)
07-14 22:04:37.096 W/System.err(20589): 	at a5.c.run(r8-map-id-1e515cc322e4defc6774b629096796f361253a46bf8679bd52cb725142c39d5b:152)
07-14 22:04:37.096 W/System.err(20589): 	at java.lang.Thread.run(Thread.java:1012)
07-14 22:04:37.096 I/[SC][DeviceUtil](20589): One UI version : 5.1.0
07-14 22:04:37.096 I/[SC][ScspConfiguration](20589): private com.samsung.scsp.odm.dos.configuration.ScspConfiguration$ConfigurationApiControlImpl()
07-14 22:04:37.099 I/[SC]NetworkUsageWorkerRegister(20589): periodic work already exists. keep periodic only
07-14 22:04:37.103 I/[SC][DeviceUtil](20589):  : getNetworkMnc()
07-14 22:04:37.105 I/[SC][DeviceUtil](20589): getNetworkMcc
07-14 22:04:37.107 I/[SC][OkHttpNetworkImpl](20589): [ScspErs][221573090][https://ers.samsungcloud.com/ers/v1/endpoints][78dcad72-b1c3-11ec-b9dc-657d4b1ed1b8]
07-14 22:04:37.113 I/TY_com.google.android.libraries.gms.compliancehelper.impl.GmsComplianceHelperImplKt(20600): [000:189][20600] Completed library init.
07-14 22:04:37.114 I/[SC][OkHttpNetworkImpl](20589): call is added.
07-14 22:04:37.115 I/[SC][DEPENDENCY][LIB][Internet][RPC](20589): contentUri: content://com.sec.android.app.sbrowser.sync.setting.provider
07-14 22:04:37.118 I/[SC][DEPENDENCY][LIB][Internet](20589): is created
07-14 22:04:37.118 E/[SC]SyncDependencyFactory(20589): [E] dependency meta data not found: com.sec.android.app.sbrowser.beta 
07-14 22:04:37.119 E/[SC]InternetFunction(20589): [E] updateContentIdList: com.sec.android.app.sbrowser.beta 
07-14 22:04:37.120 I/[SC][DEPENDENCY][InternetBeta](20589): is created
07-14 22:04:37.121 I/[SC][DEPENDENCY][LIB][Contact][RPC](20589): contentUri: content://com.samsung.contacts.samsungcloudprovider
07-14 22:04:37.123 I/[SC][DEPENDENCY][LIB][Contact](20589): is created
07-14 22:04:37.125 I/[SC][DEPENDENCY][Calendar](20589): is created
07-14 22:04:37.125 I/[SC][DEPENDENCY][Bluetooth](20589): is created
07-14 22:04:37.126 I/[SC][DEPENDENCY][Wi-Fi](20589): is created
07-14 22:04:37.127 I/[SC][DEPENDENCY][LIB][ArEmoji][RPC](20589): contentUri: content://com.samsung.android.aremoji.home.sync
07-14 22:04:37.128 W/System  (20600): ClassLoader referenced unknown path: 
07-14 22:04:37.130 D/ConnectivityService( 3149): requestNetwork for uid/pid:5009/20589 activeRequest: null callbackRequest: 78028 [NetworkRequest [ REQUEST id=78029, [ Capabilities: INTERNET&NOT_RESTRICTED&TRUSTED&NOT_VCN_MANAGED Uid: 5009 RequestorUid: 5009 RequestorPkg: com.samsung.android.scloud UnderlyingNetworks: Null] ]] callback flags: 0 order: 2147483647
07-14 22:04:37.130 I/[SC][DEPENDENCY][LIB][ArEmoji](20589): is created
07-14 22:04:37.131 D/nativeloader(20600): Configuring classloader-namespace for other apk . target_sdk_version=37, uses_libraries=, library_path=/data/app/~~wA5c4C0UY4D3eUvF4JhJSg==/com.google.android.gms-pzAJpcY_MiRxOTzd7Ifxzg==/lib/arm64:/data/app/~~wA5c4C0UY4D3eUvF4JhJSg==/com.google.android.gms-pzAJpcY_MiRxOTzd7Ifxzg==/base.apk!/lib/arm64-v8a, permitted_path=/data:/mnt/expand:/data/user/0/com.google.android.gms
07-14 22:04:37.132 D/ConnectivityService( 3149):    accepting network in place of null
07-14 22:04:37.136 I/[SC][DEPENDENCY][STD][Reminder](20589): is created
07-14 22:04:37.136 D/WifiNetworkFactory( 3149): got request NetworkRequest [ REQUEST id=78029, [ Capabilities: INTERNET&NOT_RESTRICTED&TRUSTED&NOT_VCN_MANAGED Uid: 5009 RequestorUid: 5009 RequestorPkg: com.samsung.android.scloud UnderlyingNetworks: Null] ]
07-14 22:04:37.138 I/[SC][DEPENDENCY][LIB][SamsungPass][RPC](20589): contentUri: content://com.samsung.android.spass.sync.setting.library
07-14 22:04:37.139 I/[SC][DEPENDENCY][LIB][SamsungPass](20589): is created
07-14 22:04:37.140 D/NetdEventListenerService( 3149): DNS Requested by : 107, 5009
07-14 22:04:37.140 I/[SC][DEPENDENCY][Gallery](20589): is created
07-14 22:04:37.142 I/[SC][CloudServiceTypeLocalDataSourceImpl](20589): getCloudServiceTypeInfo: CloudServiceTypeInfo(serviceType=Unknown, sequenceNumber=-1)
07-14 22:04:37.142 I/[SC][CloudServiceTypeRepositoryImpl](20589): getCloudServiceTypeInfo. result=CloudServiceTypeInfo(serviceType=Unknown, sequenceNumber=-1)
07-14 22:04:37.143 D/UntrustedWifiNetworkFactory( 3149): got request NetworkRequest [ REQUEST id=78029, [ Capabilities: INTERNET&NOT_RESTRICTED&TRUSTED&NOT_VCN_MANAGED Uid: 5009 RequestorUid: 5009 RequestorPkg: com.samsung.android.scloud UnderlyingNetworks: Null] ]
07-14 22:04:37.144 D/OemPaidWifiNetworkFactory( 3149): got request NetworkRequest [ REQUEST id=78029, [ Capabilities: INTERNET&NOT_RESTRICTED&TRUSTED&NOT_VCN_MANAGED Uid: 5009 RequestorUid: 5009 RequestorPkg: com.samsung.android.scloud UnderlyingNetworks: Null] ]
07-14 22:04:37.144 D/MultiInternetWifiNetworkFactory( 3149): got request NetworkRequest [ REQUEST id=78029, [ Capabilities: INTERNET&NOT_RESTRICTED&TRUSTED&NOT_VCN_MANAGED Uid: 5009 RequestorUid: 5009 RequestorPkg: com.samsung.android.scloud UnderlyingNetworks: Null] ]
07-14 22:04:37.144 D/ConnectivityService( 3149): Rematched networks [computed 1ms] [applied 2ms] [issued 10]
07-14 22:04:37.144 D/ConnectivityService( 3149): NetworkReassignment :
07-14 22:04:37.144 D/ConnectivityService( 3149):   78029 : null → 107
07-14 22:04:37.155 I/SEMS:AgentLog_13.8.52(19683): [][main][MobileServiceApplication] onTrimMemory:80
07-14 22:04:37.158 I/SEMS:AgentLog_13.8.52(19888): [][main][MobileServiceApplication] onTrimMemory:80
07-14 22:04:37.161 I/QuickShare(19866): [Common][main] [QuickShareApplication] onTrimMemory level=80
07-14 22:04:37.162 I/QuickShare(19856): [Common][main] [QuickShareApplication] onTrimMemory level=80
07-14 22:04:37.163 I/Finsky  (16467): [2] Memory trim requested to level 80
07-14 22:04:37.163 I/Finsky  (16467): [2] Flushing in-memory image cache
07-14 22:04:37.164 I/CMHApplication(17410): [#CMH#] Block to verify, Change Trim Memory Level: 80 
07-14 22:04:37.164 I/SCS@AiSearch user 0(19416): (SearchProvider) onTrimMemory(): 80
07-14 22:04:37.166 I/lmkd    ( 2977): cached 1, sandbox(not0) 0
07-14 22:04:37.168 I/lmkd    ( 2977): Reclaim 'com.sec.android.provider.badge' (19176), uid 15010068, oom_score_adj 999, state 19 to free 72908kB rss, 34036kB swap; reason: min2x watermark is breached and swap is low (2050468kB < 419428kB)
07-14 22:04:37.186 I/ActivityManager( 3149): Process com.sec.android.provider.badge (pid 19176) has died: cch+99 CEM (19,1897)
07-14 22:04:37.186 I/Zygote  ( 2929): Process 19176 exited due to signal 9 (Killed)
07-14 22:04:37.187 I/libprocessgroup( 3149): Successfully killed process cgroup uid 15010068 pid 19176 in 0ms
07-14 22:04:37.203 I/TY_com.google.android.gms.auth.aang.migration.MigrationUtils(20600): [000:277][20784] Using GoogleAuthUtil for getToken for 1p app: com.google.android.apps.tachyon [CONTEXT service_id=343 ]
07-14 22:04:37.217 D/CompatibilityChangeReporter(20588): Compat change id reported: 183155436; UID 10237; state: ENABLED
07-14 22:04:37.220 I/[SC][OkHttpNetworkImpl](20589): call is removed.
07-14 22:04:37.220 I/[SC][DeviceToken](20589): Get token
07-14 22:04:37.220 I/[SC][DeviceToken](20589): DeviceToken is valid
07-14 22:04:37.221 I/[SC][DeviceToken](20589): Get token
07-14 22:04:37.221 I/[SC][DeviceToken](20589): DeviceToken is valid
07-14 22:04:37.221 I/[SC][DeviceToken](20589): Get token
07-14 22:04:37.221 I/[SC][DeviceToken](20589): DeviceToken is valid
07-14 22:04:37.221 I/[SC][DeviceToken](20589): Get token
07-14 22:04:37.221 I/[SC][DeviceToken](20589): DeviceToken is valid
07-14 22:04:37.224 I/[SC][Device](20589): IssueTracker is not installed. : android.content.pm.PackageManager$NameNotFoundException: com.salab.issuetracker
07-14 22:04:37.224 I/[SC][OkHttpNetworkImpl](20589): [GET_CONFIGURATION][217306902][https://play.samsungcloud.com/configuration/v2/configurations/scloud-update-policy][78dcad72-b1c3-11ec-b9dc-657d4b1ed1b8]
07-14 22:04:37.224 I/[SC][OkHttpNetworkImpl](20589): call is added.
07-14 22:04:37.225 I/[SC][Device](20589): IssueTracker is not installed. : android.content.pm.PackageManager$NameNotFoundException: com.salab.issuetracker
07-14 22:04:37.225 I/[SC][OkHttpNetworkImpl](20589): [GET_CONFIGURATION][6256791][https://play.samsungcloud.com/configuration/v2/configurations/scloud-sync-config][78dcad72-b1c3-11ec-b9dc-657d4b1ed1b8]
07-14 22:04:37.225 I/[SC][OkHttpNetworkImpl](20589): call is added.
07-14 22:04:37.226 I/chromium(20588): [INFO:components/enterprise/browser/controller/chrome_browser_cloud_management_controller.cc:324] Deferring CBCM Controller Initialization until it is unblocked.
07-14 22:04:37.226 I/[SC][Device](20589): IssueTracker is not installed. : android.content.pm.PackageManager$NameNotFoundException: com.salab.issuetracker
07-14 22:04:37.226 I/[SC][OkHttpNetworkImpl](20589): [GET_CONFIGURATION][187599492][https://play.samsungcloud.com/configuration/v2/configurations/scloud-backup-common][78dcad72-b1c3-11ec-b9dc-657d4b1ed1b8]
07-14 22:04:37.226 I/[SC][OkHttpNetworkImpl](20589): call is added.
07-14 22:04:37.227 I/[SC][Device](20589): IssueTracker is not installed. : android.content.pm.PackageManager$NameNotFoundException: com.salab.issuetracker
07-14 22:04:37.227 I/[SC][OkHttpNetworkImpl](20589): [GET_CONFIGURATION][119366253][https://play.samsungcloud.com/configuration/v2/configurations/scloud-onedrive-eof-eda6][78dcad72-b1c3-11ec-b9dc-657d4b1ed1b8]
07-14 22:04:37.227 I/[SC][OkHttpNetworkImpl](20589): call is added.
07-14 22:04:37.235 D/ConnectivityService( 3149): notifyType CALLBACK_CAP_CHANGED for [107 WIFI]
07-14 22:04:37.236 D/SemWifiSwitchForIndividualAppsService( 3149): stopTCPMonitoring : already stopped
07-14 22:04:37.237 I/WifiConnectivityMonitor.NCC( 3149): sNetworkCallback(oCC) FULL : 107(true/false)[ Transports: WIFI Capabilities: NOT_METERED&INTERNET&NOT_RESTRICTED&TRUSTED&NOT_VPN&VALIDATED&NOT_ROAMING&FOREGROUND&NOT_CONGESTED&NOT_SUSPENDED&NOT_VCN_MANAGED LinkUpBandwidth>=21582Kbps LinkDnBandwidth>=29921Kbps TransportInfo: <SSID: <unknown ssid>, BSSID: 02:00:00:**:**:00, MAC: 02:00:00:**:**:00, IP: /192.168.0.164, Security type: 2, Supplicant state: COMPLETED, Wi-Fi standard: 4, RSSI: -61, Link speed: 72Mbps, Tx Link speed: 72Mbps, Max Supported Tx Link speed: 72Mbps, Rx Link speed: 72Mbps, Max Supported Rx Link speed: 72Mbps, Frequency: 2427MHz, Net ID: -1, Metered hint: false, score: 60, isUsable: true, CarrierMerged: false, SubscriptionId: -1, IsPrimary: 1, Trusted: true, Restricted: false, Ephemeral: false, OEM paid: false, OEM private: false, OSU AP: false, FQDN: <none>, Provider friendly name: <none>, Requesting package name: <none><none>MLO Information: , AP MLD Address: <none>, AP MLO Link Id: <none>, AP MLO Affiliated links: <none>> SignalStrength: -61 AdminUids: [1000] SSID: "hari's" UnderlyingNetworks: Null]
07-14 22:04:37.237 I/GenerationRegistry( 3149): mBackingStore.isClosed() : false
07-14 22:04:37.238 I/WifiConnectivityMonitor( 3149): current mode : 1
07-14 22:04:37.238 D/OpenNetworkQos[4.00]( 3149): updateBssidNoInternet: mBssidNoInternet = false
07-14 22:04:37.238 D/OpenNetworkQos[4.00]( 3149): getOpenNetworkQosNoInternetStatus: false
07-14 22:04:37.238 D/OpenNetworkQos[4.00]( 3149): getOpenNetworkQosScores: 26 23 23 
07-14 22:04:37.238 D/SettingsProvider( 3149): isChangeAllowed() : name = wifi_wcm_qos_sharing_score_summary
07-14 22:04:37.238 I/WifiProfileShare( 3149): network QoS data was changed (internet), updateQoSData networkType: true, qosData: false
07-14 22:04:37.239 V/WifiProfileShare.Caster( 3149): update wips network, size: 0
07-14 22:04:37.239 D/WifiProfileShare( 3149): nearby scanning settings run
07-14 22:04:37.239 D/WifiProfileShare( 3149): network score provider settings enabled
07-14 22:04:37.239 D/OpenNetworkQos[4.00]( 3149): getOpenNetworkQosScores: 26 23 23 
07-14 22:04:37.239 D/OpenNetworkQos[4.00]( 3149): getOpenNetworkQosNoInternetStatus: false
07-14 22:04:37.239 I/WifiProfileShare.Caster( 3149): current network type: 0, score: [26, 23, 23]
07-14 22:04:37.239 V/WifiProfileShare.Caster( 3149): captive portal configuration was set
07-14 22:04:37.239 D/NetdEventListenerService( 3149): DNS Requested by : 107, 5009
07-14 22:04:37.239 V/WifiProfileShare.Cache( 3149): update network score 7a:fe:ce:**:**:3c
07-14 22:04:37.239 D/WifiProfileShare.ScanMatcher( 3149): getMcfDataList size:1
07-14 22:04:37.239 I/WifiProfileShare.Caster( 3149): qos data was updated , before:type:QOS, pBssid:99:e9:46, qosData:f3 after:type:QOS, pBssid:99:e9:46, qosData:f3
07-14 22:04:37.241 D/NetdEventListenerService( 3149): DNS Requested by : 107, 5009
