07-14 22:04:36.557 I/[SC][ScspAccountUtil](20589): get
07-14 22:04:36.557 D/ConnectivityService( 3149):  Removing from current network [107 WIFI], leaving 199 requests.
07-14 22:04:36.563 I/[SC]DlFeature(20589): isDlMode. false
07-14 22:04:36.564 I/[SC]ConfigurationLoader(20589): load: scloud_simplePolicy
07-14 22:04:36.565 I/[SC]SamsungCloudApp(20589): time elapsed to initialize SamsungAccountEventHandlerInitializer: 11
07-14 22:04:36.565 I/[SC]SamsungCloudApp(20589): time elapsed to initialize RxJavaInitializer: 0
07-14 22:04:36.569 W/Bundle  (20589): Key com.samsung.android.scloud.BackupServiceVersion expected String but value was a java.lang.Float.  The default value <null> was returned.
07-14 22:04:36.571 W/Bundle  (20589): Attempt to cast generated internal exception:
07-14 22:04:36.571 W/Bundle  (20589): java.lang.ClassCastException: java.lang.Float cannot be cast to java.lang.String
07-14 22:04:36.571 W/Bundle  (20589): 	at android.os.BaseBundle.getString(BaseBundle.java:1377)
07-14 22:04:36.571 W/Bundle  (20589): 	at com.samsung.android.scloud.common.ui.core.operators.notification.NotificationOperator.onStarted(r8-map-id-1e515cc322e4defc6774b629096796f361253a46bf8679bd52cb725142c39d5b:48)
07-14 22:04:36.571 W/Bundle  (20589): 	at B6.b.run(r8-map-id-1e515cc322e4defc6774b629096796f361253a46bf8679bd52cb725142c39d5b:1000)
07-14 22:04:36.571 W/Bundle  (20589): 	at java.lang.Thread.run(Thread.java:1012)
07-14 22:04:36.572 I/[SC][AccountDataManager](20589): exp : Wed Jul 15 00:15:55 GMT+10:00 2026
07-14 22:04:36.573 I/[SC]CommonNotiUtil(20589): hideProgress: GALLERY_EXT_UPLOAD_PROGRESSING
07-14 22:04:36.577 I/[SC]SamsungCloudApp(20589): time elapsed to initialize DependencyInjectionInitializer: 12
07-14 22:04:36.582 I/[SC]SamsungCloudApp(20589): time elapsed to initialize AppIconInitializer: 5
07-14 22:04:36.585 I/lmkd    ( 2977): cached 1, sandbox(not0) 0
07-14 22:04:36.587 I/ChimeraAggressivePolicyHandler( 3149): executePolicy() - triggerSource: TRIGGER_SOURCE_LMKD
07-14 22:04:36.588 I/lmkd    ( 2977): Reclaim 'com.samsung.android.rubin.app' (1031), uid 5010, oom_score_adj 999, state 10 to free 79732kB rss, 56024kB swap; reason: min2x watermark is breached and swap is low (2042656kB < 419428kB)
07-14 22:04:36.598 I/ChimeraAggressivePolicyHandler( 3149): available memory: 1935968, free memory target: 1126400, quit chimera
07-14 22:04:36.604 I/[SC]UpdatePolicyInitializer(20589): initialize:
07-14 22:04:36.605 I/[SC]ComponentSwitch(20589): execute: 
07-14 22:04:36.606 I/[SC]SamsungCloudApp(20589): time elapsed to initialize CtbInitializer: 1
07-14 22:04:36.607 I/[SC]UpdatePolicyConfigManager(20589): get update policy config
07-14 22:04:36.608 I/[SC]SamsungCloudApp(20589): time elapsed to initialize DesignCodeConsumerInitializer: 1
07-14 22:04:36.608 I/[SC]CtbConfigurationInjector(20589): ctb policy : convert default configuration
07-14 22:04:36.616 W/keymaster_tee(  490): [WRN]begin req PARAMS: A32 B32 P1 
07-14 22:04:36.616 I/[SC]TrayAppIconManager(20589): updateState - hide : true
07-14 22:04:36.618 I/keystore2(  489): keystore2::security_level: In create_operation. Success to create IKeystoreOperation. 5009, None
07-14 22:04:36.619 D/LocationManagerService( 3149): passive provider registration 5010/com.samsung.android.rubin.app/1832064E died
07-14 22:04:36.619 D/SemContextService( 3149): lock : binderDied
07-14 22:04:36.620 I/Zygote  ( 2929): Process 1031 exited due to signal 9 (Killed)
07-14 22:04:36.621 I/[SC]BaseSyncUtil(20589): com.android.bluetooth isSupported: true, isEnabled: true
07-14 22:04:36.621 D/SemContextService( 3149): Service.removeListenerLocked() : listener = com.samsung.android.hardware.context.SemContextService$Listener@c04408, service = Activity Batch, used = 1
07-14 22:04:36.621 I/ActivityManager( 3149): Process com.samsung.android.rubin.app (pid 1031) has died: cch+99 SVC (17,1903)
07-14 22:04:36.621 D/SemContextService( 3149): Listener.binderDied() : listener = com.samsung.android.hardware.context.SemContextService$Listener@c04408, service = Activity Batch, used = 1
07-14 22:04:36.621 D/SemContextService( 3149): ===== SemContext Service List =====
07-14 22:04:36.622 D/SemContextService( 3149): Listener : com.samsung.android.hardware.context.SemContextService$Listener@51b8da6, Service : Pedometer
07-14 22:04:36.622 D/SemContextService( 3149): Listener : com.samsung.android.hardware.context.SemContextService$Listener@64813e7, Service : Sensor Status Check
07-14 22:04:36.622 D/SemContextService( 3149): Listener : com.samsung.android.hardware.context.SemContextService$Listener@e6b0b94, Service : SLocation Core
07-14 22:04:36.622 D/SemContextService( 3149): Listener : com.samsung.android.hardware.context.SemContextService$Listener@993363d, Service : Free Fall Detection
07-14 22:04:36.622 D/SemContextService( 3149): Listener : com.samsung.android.hardware.context.SemContextService$Listener@e62de32, Service : Activity Batch
07-14 22:04:36.622 D/SemContextService( 3149): unlock : binderDied
07-14 22:04:36.624 I/libprocessgroup( 3149): Successfully killed process cgroup uid 5010 pid 1031 in 0ms
07-14 22:04:36.624 D/CompatibilityChangeReporter( 3149): Compat change id reported: 201794303; UID 5009; state: ENABLED
07-14 22:04:36.625 I/[SC]BtComponentSwitch(20589): switchBtComponent: com.samsung.bt.btservice.btsettingsprovider
07-14 22:04:36.625 W/ActivityManager( 3149): Scheduling restart of crashed service com.samsung.android.rubin.app/com.samsung.android.rubin.controller.KeepAliveService in 1000ms for start-requested
07-14 22:04:36.627 I/[SC]SyncUtil(20589): invisibleSync: com.samsung.android.scloud.deviceproperty
07-14 22:04:36.634 I/QuickShare(19856): [Common][main] [QuickShareApplication] onTrimMemory level=80
07-14 22:04:36.636 I/CMHApplication(17410): [#CMH#] Block to verify, Change Trim Memory Level: 80 
07-14 22:04:36.637 W/ActivityManager( 3149): Rescheduling restart of crashed service com.samsung.android.rubin.app/com.samsung.android.rubin.controller.KeepAliveService in 29987ms for mem-pressure-event
07-14 22:04:36.638 I/SCS@AiSearch user 0(19416): (SearchProvider) onTrimMemory(): 80
07-14 22:04:36.639 I/cr_SplitCompatClassLoader(20588): Splits: null
07-14 22:04:36.641 D/LocationManagerService( 3149): passive provider removed registration from 5010/com.samsung.android.rubin.app/1832064E
07-14 22:04:36.646 I/Bugle   (19480): isDefaultSmsApp: true [CONTEXT class_name="PhoneConfiguration" ]
07-14 22:04:36.647 I/[SC]SyncInitializer(20589): initialize
07-14 22:04:36.647 I/ContactsProvider(16381): onTrimMemory-success
07-14 22:04:36.647 I/QuickShare(19866): [Common][main] [QuickShareApplication] onTrimMemory level=80
07-14 22:04:36.648 I/ForwardSyncCache(19480): reclaimMemory: Clearing caches
07-14 22:04:36.650 I/[SC]SamsungCloudApp(20589): time elapsed to initialize OdmInitializer: 45
07-14 22:04:36.650 I/[SC]SamsungCloudApp(20589): time elapsed to initialize PeriodicWorkInitializer: 38
07-14 22:04:36.650 I/[SC]BackupInitializer(20589): backup features initialized.
07-14 22:04:36.650 I/[SC]SamsungCloudApp(20589): time elapsed to initialize BackupInitializer: 44
07-14 22:04:36.650 I/[SC]PeriodicWorkInitializer(20589): initialize.
07-14 22:04:36.654 E/RequestManager_FLP( 4583): [LocationManager] Location remove 1832064E from com.samsung.android.rubin.app
07-14 22:04:36.651 I/[SC]DlFeature(20589): isDlMode. false
07-14 22:04:36.655 W/LocationRequestData_FLP( 4583): Not registered using location provider, 1832064E
07-14 22:04:36.660 I/[SC]SamsungCloudApp(20589): time elapsed to initialize AccountDependentInitializer: 29
07-14 22:04:36.661 I/[SC]SamsungCloudApp(20589): time elapsed to initialize PushInitializer: 34
07-14 22:04:36.662 I/Finsky  (16467): [2] Memory trim requested to level 80
07-14 22:04:36.662 W/id.apps.tachyon(20600): Method void aibq.c(android.app.Activity) failed lock verification and will run slower.
07-14 22:04:36.662 W/id.apps.tachyon(20600): Common causes for lock verification issues are non-optimized dex code
07-14 22:04:36.662 W/id.apps.tachyon(20600): and incorrect proguard optimizations.
07-14 22:04:36.662 I/Finsky  (16467): [2] Flushing in-memory image cache
07-14 22:04:36.667 I/SEMS:AgentLog_13.8.52(19683): [][main][MobileServiceApplication] onTrimMemory:80
07-14 22:04:36.668 I/[SC]MediaRecoveryServiceManager(20589): initialize
07-14 22:04:36.669 I/FontLog (23462): (REDACTED) Received query %s, URI %s
07-14 22:04:36.670 I/FontLog (23462): (REDACTED) Query [%s] resolved to %s
07-14 22:04:36.671 I/org.webrtc.Logging(20600): vclib: NativeLibraryLoader: loading jingle_peerconnection_so from mkg
07-14 22:04:36.671 I/org.webrtc.Logging(20600): vclib: Beginning load of jingle_peerconnection_so...
07-14 22:04:36.671 I/FontLog (23462): (REDACTED) Fetch %s end status %s
07-14 22:04:36.673 D/CompatibilityChangeReporter( 3149): Compat change id reported: 161145287; UID 10237; state: DISABLED
07-14 22:04:36.675 I/[SC]SyncInitializer(20589): initializePrivate
07-14 22:04:36.678 I/[SC]SamsungCloudApp(20589): getWorkManagerConfiguration
07-14 22:04:36.689 I/[SC][CancelSyncUseCase](20589): invoke uniqueName: GALLERY_SYNC, cancelReason: GalleryInitializer
07-14 22:04:36.690 W/cr_BkgrdTaskJS(20588): Starting background task (jobId=112)
07-14 22:04:36.691 I/[SC]ConfigurationManager(20589): fromJson sync: scloud-media-recovery, mode = DEFAULT, caller = com.samsung.android.scloud.galleryproxy.mediarecovery.MediaRecoveryPolicy.lambda$load$0(r8-map-id-1e515cc322e4defc6774b629096796f361253a46bf8679bd52cb725142c39d5b:10)
07-14 22:04:36.695 I/[SC][CancelSyncWorkChainImpl](20589): Cancelling sync work chain: GALLERY_SYNC
07-14 22:04:36.696 I/[SC]ConfigurationManager(20589): fromString sync: scloud-media-recovery, mode = DEFAULT, caller = r5.f.a(r8-map-id-1e515cc322e4defc6774b629096796f361253a46bf8679bd52cb725142c39d5b:48)
07-14 22:04:36.703 I/FontLog (23462): (REDACTED) Pulling font file for id = %d, cache size = %d
07-14 22:04:36.703 I/[+1000]oneconnect[1.8.47.24_01][BEACON_MANAGER_CONTROL_SERVICE]( 5676): QcApplication.onTrimMemory - ************** lvl=80 elapsed=27ms
07-14 22:04:36.706 I/[SC]PremiumInitializer(20589): initialize
07-14 22:04:36.706 I/[SC]SamsungCloudApp(20589): time elapsed to initialize PremiumInitializer: 3
07-14 22:04:36.707 I/[SC]SamsungCloudApp(20589): time elapsed to initialize NetworkUsageTelemetryInitializer: 0
07-14 22:04:36.708 I/[SC]ConfigurationManager(20589): fromString async: scloud-media-recovery, mode = DEFAULT, caller = r5.f.c(r8-map-id-1e515cc322e4defc6774b629096796f361253a46bf8679bd52cb725142c39d5b:65)
07-14 22:04:36.708 I/[SC]ConfigurationManager(20589): fromJson async: scloud-update-policy, mode = DEFAULT, caller = T6.a.getConfiguration(r8-map-id-1e515cc322e4defc6774b629096796f361253a46bf8679bd52cb725142c39d5b:56)
07-14 22:04:36.708 I/SEMS:AgentLog_13.8.52(19888): [][main][MobileServiceApplication] onTrimMemory:80
07-14 22:04:36.712 I/FontLog (23462): (REDACTED) Pulling font file for id = %d, cache size = %d
07-14 22:04:36.713 I/[SC]ConfigurationManager(20589): fromString async: scloud-update-policy, mode = DEFAULT, caller = r5.f.b(r8-map-id-1e515cc322e4defc6774b629096796f361253a46bf8679bd52cb725142c39d5b:54)
07-14 22:04:36.713 I/[SC]SyncSettingManager(20589): switchOnOff: com.samsung.android.scloud.deviceproperty, 0
07-14 22:04:36.721 I/[SC]SamsungCloudApp(20589): time elapsed to initialize worker.UpdatePolicyInitializer: 117
07-14 22:04:36.721 I/[SC]DeviceObservers(20589): start
07-14 22:04:36.724 I/cr_DisplayManager(20588): Is Display Topology available: false
07-14 22:04:36.725 I/[SC][AccountDataManager](20589): Succeed to decrypt and verify samsung account data.
07-14 22:04:36.725 I/[SC]SyncSettingManager(20589): setIsSyncable: com.samsung.android.scloud.deviceproperty, 0
07-14 22:04:36.727 I/[SC]BaseSyncUtil(20589): visibleSync: com.samsung.bt.btservice.btsettingsprovider
07-14 22:04:36.729 I/[SC]DevicePropertyManager(20589): addPropertyChangeListener: NetworkConnectionAllowedObservable
07-14 22:04:36.729 I/[SC]SubscriptionRepositoryImpl(20589): getSubscriptionInfo: useDiskCache=true
07-14 22:04:36.729 I/[SC]DeviceUtil(20589): hasSepLiteSpec: false
07-14 22:04:36.730 I/[SC]DeviceUtil(20589): hasSepLiteSpec: false
07-14 22:04:36.730 I/[SC]SyncSettingManager(20589): setIsSyncable: com.samsung.bt.btservice.btsettingsprovider, 1
07-14 22:04:36.730 I/[SC]SamsungCloudApp(20589): time elapsed to initialize DeviceDependentInitializer: 116
07-14 22:04:36.731 I/[SC]ConfigurationLoader(20589): load: scloud-media-recovery
07-14 22:04:36.732 I/[SC]ConfigurationLoader(20589): load: scloud-update-policy
07-14 22:04:36.738 I/[SC][CancelSyncWorkChainImpl](20589): Successfully cancelled sync work chain: GALLERY_SYNC
07-14 22:04:36.740 I/org.webrtc.Logging(20600): CrashStartupListener: Checking conference crashes for 4 account(s).
07-14 22:04:36.742 I/[SC]ShortcutMenuManager(20589): setShortCut()
07-14 22:04:36.742 W/DynamiteModule(20588): Local module descriptor class for com.google.android.gms.googlecertificates not found.
07-14 22:04:36.746 I/[SC]ShortcutMenuManager(20589): apply. retVar: false
07-14 22:04:36.747 I/[SC][ScspAccountUtil](20589): get
07-14 22:04:36.747 I/[SC]AutoBackup(20589): default off: false, support disable menu : false
07-14 22:04:36.748 I/[SC]ShortcutMenuManager(20589): setShortCut():shortcut state is false.
07-14 22:04:36.749 I/[SC]SamsungCloudApp(20589): time elapsed to initialize ComponentInitializer: 145
07-14 22:04:36.749 I/[SC]CancelDownloadOriginalUseCase(20589): invoke. uniqueName: DOWNLOAD_ALBUM, workRequestId: null
07-14 22:04:36.752 I/[SC]CancelWorkChainImpl(20589): cancelUniqueWork. DOWNLOAD_ALBUM
07-14 22:04:36.756 I/[SC]SyncConfigDataManager(20589): Loading sync config from preference cache
07-14 22:04:36.763 W/.android.chrome(20588): ClassLoaderContext classpath size mismatch. expected=17, found=0 (DLC[];PCL[base.apk*2490821195:base.apk!classes2.dex*76051533:base.apk!classes3.dex*2468614525:base.apk!classes4.dex*2465626795:base.apk!classes5.dex*3034926602:base.apk!classes6.dex*1472274905:base.apk!classes7.dex*3755681427:base.apk!classes8.dex*374746369:base.apk!classes9.dex*1305552845:base.apk!classes10.dex*535179980:base.apk!classes11.dex*3544955469:base.apk!classes12.dex*3251662969:base.apk!classes13.dex*1978043364:base.apk!classes14.dex*1413867446:base.apk!classes15.dex*3789282070:base.apk!classes16.dex*3201434168:base.apk!classes17.dex*279711073]{PCL[/system/framework/org.apache.http.legacy.jar*3951777098]#PCL[/system_ext/framework/org.carconnectivity.android.digitalkey.timesync.jar*1887653036]#PCL[/system/framework/com.android.location.provider.jar*3175360615]#PCL[/system/framework/com.android.media.remotedisplay.jar*3743104115]} | DLC[];PCL[])
07-14 22:04:36.768 I/[SC]ConfigurationLoader(20589): checkIfRequiredDownload: true, scloud-update-policy
07-14 22:04:36.770 I/[SC]SyncConfigDataManager(20589): Successfully loaded sync config from preference cache
07-14 22:04:36.770 I/DynamiteModule(20588): Considering local module com.google.android.gms.googlecertificates:0 and remote module com.google.android.gms.googlecertificates:7
07-14 22:04:36.770 I/DynamiteModule(20588): Selected remote version of com.google.android.gms.googlecertificates, version >= 7
07-14 22:04:36.770 I/[SC]ConfigurationLoader(20589): download: scloud-update-policy
07-14 22:04:36.771 I/[SC]DlFeature(20589): isDlMode. false
07-14 22:04:36.774 I/[SC][ServicePolicyRepositoryImpl](20589): isNewGallerySupportedAgent: this version now supports new gallery and eof flow officially
07-14 22:04:36.784 I/[SC]PushInitializer(20589): Waiting for SyncConfigDataManager initialization...
07-14 22:04:36.784 I/[SC]SubscriptionRepositoryImpl(20589): getSubscriptionInfo: useDiskCache=true
07-14 22:04:36.787 I/GenerationRegistry( 3149): mBackingStore.isClosed() : false
07-14 22:04:36.787 I/[SC]NewGalleryInitializer(20589): monitorCloudServiceType. started
07-14 22:04:36.789 I/[SC][ForcedPurgeMediaRepositoryImpl](20589): eventFlow. initialized
07-14 22:04:36.791 I/[SC]SyncConfigDataManager(20589): containerData = [ContainerDataVo(id=wYJPhxEsaA, name=WIFI, tableName=com.samsung.wifi.profile_sync, type=RECORD, policy=Policy(partialUpdate=false, updateFailIgnore=false, pagingCount=0, localPagingCount=0, defaultSyncTierLevel=T1, serverTableVersion=0, containerSyncMode=-1)), ContainerDataVo(id=BhjdLP0vkK, name=BLUETOOTH, tableName=com.samsung.bluetooth.device_sync, type=RECORD, policy=Policy(partialUpdate=false, updateFailIgnore=false, pagingCount=0, localPagingCount=0, defaultSyncTierLevel=T1, serverTableVersion=2, containerSyncMode=-1)), ContainerDataVo(id=k6M02It8oQ, name=AR_EMOJI_AVATAR, tableName=com.samsung.ar_emoji.avatar, type=FILE, policy=Policy(partialUpdate=false, updateFailIgnore=false, pagingCount=0, localPagingCount=0, defaultSyncTierLevel=T3, serverTableVersion=0, containerSyncMode=-1)), ContainerDataVo(id=vIrDKrcNqn, name=AR_EMOJI_CLOTHES, tableName=com.samsung.ar_emoji.clothes, type=FILE, policy=Policy(partialUpdate=false, updateFailIgnore=false, pagingCount=0, localPagingCount=0, defaultSyncTierLevel=T3, serverTableVersion=0, containerSyncMode=-1)), ContainerDataVo(id=P56GWW8N4r, name=OPENTAB, tableName=kvs.sbrowsertabs, type=RECORD, policy=Policy(partialUpdate=true, updateFailIgnore=true, pagingCount=0, localPagingCount=0, defaultSyncTierLevel=T3, serverTableVersion=0, containerSyncMode=1)), ContainerDataVo(id=4OuNBe4y9z, name=BOOKMARK, tableName=kvs.bookmark, type=RECORD, policy=Policy(partialUpdate=true, updateFailIgnore=true, pagingCount=0, localPagingCount=0, defaultSyncTierLevel=T3, serverTableVersion=0, containerSyncMode=1)), ContainerDataVo(id=d8gjv0w9qx, name=HISTORY, tableName=com.samsung.sbrowser.history, type=RECORD, policy=Policy(partialUpdate=false, updateFailIgnore=false, pagingCount=0, localPagingCount=10000, defaultSyncTierLevel=T3, serverTableVersion=0, containerSyncMode=1)), ContainerDataVo(id=kmjqYba23r, name=QUICKACCESS, tableName=com.samsung.sbrowser.quickaccess, type=RECORD, policy=Policy(partialUpdate=false, updateFailIgnore=false, pagingCount=0, localPagingCount=0, defaultSyncTierLevel=T3, serverTableVersion=0, containerSyncMode=1)), ContainerDataVo(id=qzac7cSzXP, name=QUICKACCESS2, tableName=com.samsung.sbrowser.quickaccess2, type=RECORD, policy=Policy(partialUpdate=false, updateFailIgnore=false, pagingCount=0, localPagingCount=0, defaultSyncTierLevel=T3, serverTableVersion=0, containerSyncMode=1)), ContainerDataVo(id=Iba9EFx3Qc, name=SAVEDPAGE, tableName=com.samsung.sbrowser.saved_page, type=FILE, policy=Policy(partialUpdate=false, updateFailIgnore=false, pagingCount=100, localPagingCount=0, defaultSyncTierLevel=T3, serverTableVersion=0, containerSyncMode=1)), ContainerDataVo(id=d4FjaEWIDx, name=SAMSUNG_PASS, tableName=com.samsung.spass.sbrowser2, type=RECORD, policy=Policy(partialUpdate=false, updateFailIgnore=false, pagingCount=100, localPagingCount=0, defaultSyncTierLevel=T3, serverTableVersion=0, containerSyncMode=-1)), ContainerDataVo(id=ZZFAtz6HCf, name=SAMSUNG_PASS_KEY_DATA, tableName=com.samsung.spass.passkey, type=RECORD, policy=Policy(partialUpdate=false, updateFailIgnore=false, pagingCount=100, localPagingCount=0, defaultSyncTierLevel=T3, serverTableVersion=0, containerSyncMode=-1)), ContainerDataVo(id=JVr2j6jQIE, name=SAMSUNG_PASS_ADDRESS, tableName=com.samsung.spass.address, type=RECORD, policy=Policy(partialUpdate=false, updateFailIgnore=false, pagingCount=100, localPagingCount=0, defaultSyncTierLevel=T3, serverTableVersion=0, containerSyncMode=-1)), ContainerDataVo(id=oeJGRC1UJf, name=SAMSUNG_PASS_NOTE, tableName=com.samsung.spass.note, type=RECORD, policy=Policy(partialUpdate=false, updateFailIgnore=false, pagingCount=100, localPagingCount=0, defaultSyncTierLevel=T3, serverTableVersion=0, containerSyncMode=-1)), ContainerDataVo(id=LR2JaboLK0, name=SAMSUNG_PASS_CHINA_DOCUMENT, tableName=com.samsung.spass.document, type=RECORD, policy=Policy(partialUpdate=false, updateFailIgnore=false, pagingCount=0, localPagingCount=0, defaultSyncTierLevel=T3, serverTableVersion=0, containerSyncMode=-1)), ContainerDataVo(
07-14 22:04:36.791 I/[SC]NewGalleryInitializer(20589): monitorServiceAvailability. changed-dropped: availabilityInfo=ServiceAvailabilityInfo(serviceAvailability=ServiceNotAvailable, isShowGalleryTips=false, isGracePeriod=false, newGalleryLaunchDate=0, oneDriveEndDate=0, isUserVerified=false, extraInfo=[], revision=-3)
07-14 22:04:36.791 I/[SC]OneDrivePolicyManager(20589): country entry size: 142
07-14 22:04:36.793 I/[SC]NewGalleryInitializer(20589): monitorCloudServiceType. changed-dropped: cloudServiceTypeInfo=CloudServiceTypeInfo(serviceType=Unknown, sequenceNumber=-2)
07-14 22:04:36.793 I/[SC]OneDrivePolicyManager(20589): model entry size: 135
07-14 22:04:36.798 I/[SC]SyncConfigDataManager(20589): Attempting to fetch sync config from server in background
07-14 22:04:36.798 I/[SC]OneDrivePolicyManager(20589): isMigrationSupported: IND,INS,true
07-14 22:04:36.800 E/keystore2(  489): keystore2::error: Rc(ResponseCode(7)), "In get_key_entry, while trying to load key info. 5009, Some(\"com.samsung.android.scloud_SERVER_CERT\")"
07-14 22:04:36.801 I/[SC]DeviceUtil(20589): hasSepLiteSignature: false
07-14 22:04:36.803 I/[SC]MediaRecoveryPolicy(20589): hasCodecUpdate = 2024-11-01
07-14 22:04:36.803 I/[SC]MediaRecoveryServiceManager(20589): onAppCreated
07-14 22:04:36.803 E/keystore2(  489): keystore2::error: Rc(ResponseCode(7)), "In get_key_entry, while trying to load key info. 5009, Some(\"com.samsung.android.scloud_SERVER_CERT\")"
07-14 22:04:36.804 I/[SC]AbstractPatchDevice(20589): Account or cert isn't exist
07-14 22:04:36.805 I/[SC]AbstractPatchDevice(20589): Account or cert isn't exist
07-14 22:04:36.806 W/System  (20588): ClassLoader referenced unknown path: 
07-14 22:04:36.807 I/[SC]CtbConfigurationManager(20589): ctb policy initialized, support - ctb : true, ccb : true
07-14 22:04:36.809 I/[SC]ConfigurationManager(20589): fromString sync: scloud-sync-config, mode = DEFAULT, caller = com.samsung.android.scloud.sync.data.container.SyncConfigDataManager.readSyncConfigDataFromServer$lambda$0(r8-map-id-1e515cc322e4defc6774b629096796f361253a46bf8679bd52cb725142c39d5b:17)
07-14 22:04:36.809 D/nativeloader(20588): Configuring classloader-namespace for other apk . target_sdk_version=37, uses_libraries=, library_path=/data/app/~~wA5c4C0UY4D3eUvF4JhJSg==/com.google.android.gms-pzAJpcY_MiRxOTzd7Ifxzg==/lib/arm64:/data/app/~~wA5c4C0UY4D3eUvF4JhJSg==/com.google.android.gms-pzAJpcY_MiRxOTzd7Ifxzg==/base.apk!/lib/arm64-v8a, permitted_path=/data:/mnt/expand:/data/user/0/com.google.android.gms
07-14 22:04:36.809 I/[SC]MediaRecoveryPolicy(20589): hasCodecUpdate = 2024-11-01
07-14 22:04:36.811 I/[SC]CtbConfigurationManager(20589): ctb policy use default configuration, request waiting...
07-14 22:04:36.811 I/keystore2(  489): keystore2::legacy_blob: In list_keystore_entries_for_uid: 0
07-14 22:04:36.811 I/[SC]MediaRecoveryServiceManager(20589): schedule: feature was disabled. just return
07-14 22:04:36.812 I/[SC]ConfigurationManager(20589): fromString async: scloud-sync-config, mode = DEFAULT, caller = r5.f.c(r8-map-id-1e515cc322e4defc6774b629096796f361253a46bf8679bd52cb725142c39d5b:65)
07-14 22:04:36.813 D/BoundBrokerSvc(16284): onBind: Intent { act=com.google.android.gms.safebrowsing.SafeBrowsingService.START dat=chimera-action:/... cmp=com.google.android.gms/.chimera.GmsBoundBrokerService }
07-14 22:04:36.813 I/GenerationRegistry( 3149): mBackingStore.isClosed() : false
07-14 22:04:36.813 D/BoundBrokerSvc(16284): Loading bound service for intent: Intent { act=com.google.android.gms.safebrowsing.SafeBrowsingService.START dat=chimera-action:/... cmp=com.google.android.gms/.chimera.GmsBoundBrokerService }
07-14 22:04:36.814 I/KMX|DeviceInfoManagementImpl(20589): [getE2EEDeviceType] OneUI version is lower than 5.1.1
07-14 22:04:36.814 I/[SC]ConfigurationManager(20589): fromString sync: scloud-backup-common, mode = DEFAULT, caller = com.samsung.android.scloud.temp.control.CtbConfigurationManager.dispatchConfiguration(r8-map-id-1e515cc322e4defc6774b629096796f361253a46bf8679bd52cb725142c39d5b:147)
07-14 22:04:36.814 I/KMX|l   (20589): [isPossibleUseFloatingFeature] can not load FloatingFeature, com.samsung.android.feature.FloatingFeature
07-14 22:04:36.815 I/KMX|DeviceInfoManagementImpl(20589): [E2EE] SDK LEVEL:33
07-14 22:04:36.815 I/KMX|DeviceInfoManagementImpl(20589): [DeviceInfoManagementImpl] : 2
07-14 22:04:36.815 I/KMX|DeviceInfoManagementImpl(20589): KmxSdk v2.0.16-release
07-14 22:04:36.815 I/KMX|DeviceInfoManagementImpl(20589): [getE2EEDeviceType] : 2
07-14 22:04:36.815 I/KMX|DeviceInfoManagementImpl(20589): KmxSdk v2.0.16-release
07-14 22:04:36.815 I/KMX|DeviceInfoManagementImpl(20589): [getE2EEDeviceType] : 2
07-14 22:04:36.815 I/KMX|DeviceInfoManagementImpl(20589): KmxSdk v2.0.16-release
07-14 22:04:36.815 I/KMX|DeviceInfoManagementImpl(20589): [getE2EEDeviceType] : 2
07-14 22:04:36.815 I/[SC]a   (20589): this device edp support : true
07-14 22:04:36.815 I/[SC]SyncConfigDataManager(20589): categoryData = SyncCategoryListVo(categoryList=[SyncCategoryVo(name=Internet, type=Library, authority=com.sec.android.app.sbrowser, packageName=com.sec.android.app.sbrowser, quotaKey=Internet, syncable=1, autoSync=false, networkOption=0, edpState=0, isPermissionGranted=1, isEdpSupported=1, visible=1, supportContainerLevelSync=true, contentList=[SyncContentVo(authority=, name=SAVEDPAGE_OLD, contentId=QUVql3tKM8, autoSync=-1, lastSyncTime=0, edpPolicy=0, serverCount=0, serverSize=0, localVisibleCount=0, localDirtyCount=0, localDeletedCount=0, localTrashedCount=0), SyncContentVo(authority=, name=SAVEDPAGE, contentId=Iba9EFx3Qc, autoSync=1, lastSyncTime=0, edpPolicy=0, serverCount=0, serverSize=0, localVisibleCount=0, localDirtyCount=0, localDeletedCount=0, localTrashedCount=0), SyncContentVo(authority=, name=BOOKMARK, contentId=4OuNBe4y9z, autoSync=1, lastSyncTime=0, edpPolicy=0, serverCount=0, serverSize=0, localVisibleCount=0, localDirtyCount=0, localDeletedCount=0, localTrashedCount=0), SyncContentVo(authority=, name=OPENTAB, contentId=P56GWW8N4r, autoSync=1, lastSyncTime=0, edpPolicy=0, serverCount=0, serverSize=0, localVisibleCount=0, localDirtyCount=0, localDeletedCount=0, localTrashedCount=0), SyncContentVo(authority=, name=QUICKACCESS, contentId=kmjqYba23r, autoSync=1, lastSyncTime=0, edpPolicy=0, serverCount=0, serverSize=0, localVisibleCount=0, localDirtyCount=0, localDeletedCount=0, localTrashedCount=0), SyncContentVo(authority=, name=QUICKACCESS2, contentId=qzac7cSzXP, autoSync=1, lastSyncTime=0, edpPolicy=0, serverCount=0, serverSize=0, localVisibleCount=0, localDirtyCount=0, localDeletedCount=0, localTrashedCount=0), SyncContentVo(authority=, name=HISTORY, contentId=d8gjv0w9qx, autoSync=1, lastSyncTime=0, edpPolicy=0, serverCount=0, serverSize=0, localVisibleCount=0, localDirtyCount=0, localDeletedCount=0, localTrashedCount=0)]), SyncCategoryVo(name=InternetBeta, type=Library, authority=com.sec.android.app.sbrowser.beta.scloudsync, packageName=com.sec.android.app.sbrowser.beta, quotaKey=InternetBeta, syncable=1, autoSync=false, networkOption=0, edpState=0, isPermissionGranted=1, isEdpSupported=1, visible=0, supportContainerLevelSync=true, contentList=[SyncContentVo(authority=, name=SAVEDPAGE, contentId=Iba9EFx3Qc, autoSync=1, lastSyncTime=0, edpPolicy=0, serverCount=0, serverSize=0, localVisibleCount=0, localDirtyCount=0, localDeletedCount=0, localTrashedCount=0), SyncContentVo(authority=, name=BOOKMARK, contentId=4OuNBe4y9z, autoSync=1, lastSyncTime=0, edpPolicy=0, serverCount=0, serverSize=0, localVisibleCount=0, localDirtyCount=0, localDeletedCount=0, localTrashedCount=0), SyncContentVo(authority=, name=OPENTAB, contentId=P56GWW8N4r, autoSync=1, lastSyncTime=0, edpPolicy=0, serverCount=0, serverSize=0, localVisibleCount=0, localDirtyCount=0, localDeletedCount=0, localTrashedCount=0), SyncContentVo(authority=, name=QUICKACCESS, contentId=kmjqYba23r, autoSync=1, lastSyncTime=0, edpPolicy=0, serverCount=0, serverSize=0, localVisibleCount=0, localDirtyCount=0, localDeletedCount=0, localTrashedCount=0), SyncContentVo(authority=, name=QUICKACCESS2, contentId=qzac7cSzXP, autoSync=1, lastSyncTime=0, edpPolicy=0, serverCount=0, serverSize=0, localVisibleCount=0, localDirtyCount=0, localDeletedCount=0, localTrashedCount=0), SyncContentVo(authority=, name=HISTORY, contentId=d8gjv0w9qx, autoSync=1, lastSyncTime=0, edpPolicy=0, serverCount=0, serverSize=0, localVisibleCount=0, localDirtyCount=0, localDeletedCount=0, localTrashedCount=0)]), SyncCategoryVo(name=Contact, type=Library, authority=com.android.contacts, packageName=com.android.contacts, quotaKey=Contact, syncable=1, autoSync=false, networkOption=0, edpState=0, isPermissionGranted=1, isEdpSupported=1, visible=1, supportContainerLevelSync=false, contentList=[SyncContentVo(authority=, name=CONTACT, contentId=KEqLhXhtEP, autoSync=-1, lastSyncTime=0, edpPolicy=0, serverCount=0, serverSize=0, localVisibleCount=0, localDirtyCount=0, localDeletedCount=0, localTrashedCount=0)]), SyncCategoryVo(name=Calendar, type=
07-14 22:04:36.815 I/[SC]SyncConfigDataManager(20589): SyncConfigDataManager initialization completed
07-14 22:04:36.816 I/[SC]ConfigurationManager(20589): fromString async: scloud-backup-common, mode = DEFAULT, caller = r5.f.c(r8-map-id-1e515cc322e4defc6774b629096796f361253a46bf8679bd52cb725142c39d5b:65)
07-14 22:04:36.816 I/[SC]PushInitializer(20589): SyncConfigDataManager initialization completed, proceeding with push setup
07-14 22:04:36.816 I/[SC]SubscriptionRepositoryImpl(20589): getSubscriptionInfo. Returning cached subscription info
07-14 22:04:36.816 I/[SC][ScspConfiguration](20589): name: com.samsung.scsp.odm.dos, version : 1.2.0001, isAccountRequiredFeature = false, isDrsSupported = true, platformConfigurationRequire = false
07-14 22:04:36.816 I/[SC]IsSubscriptionAvailableUseCase(20589): isSubscriptionAvailable: false
07-14 22:04:36.816 I/[SC]PremiumInitializer(20589): Skip premium resource sync. subscriptionAvailable=false
07-14 22:04:36.816 I/[SC]SubscriptionRepositoryImpl(20589): getSubscriptionInfo. Returning cached subscription info
07-14 22:04:36.817 I/[SC]MediaRecoverySchedulerServiceManager(20589): isAlreadyScheduled: false
07-14 22:04:36.818 I/[SC]NewGalleryInitializer(20589): monitorE2eeStateInfo. changed: e2eeStateInfo=E2eeStateInfo(e2eeState=OFF, revision=0)
07-14 22:04:36.818 I/lmkd    ( 2977): cached 1, sandbox(not0) 0
07-14 22:04:36.819 D/CompatibilityChangeReporter( 3149): Compat change id reported: 161145287; UID 5009; state: DISABLED
07-14 22:04:36.820 I/lmkd    ( 2977): Reclaim 'com.sec.android.provider.badge' (19094), uid 10068, oom_score_adj 999, state 19 to free 72396kB rss, 34080kB swap; reason: min2x watermark is breached and swap is low (2057100kB < 419428kB)
07-14 22:04:36.821 I/[SC]NewGalleryInitializer(20589): monitorE2eeStateInfo. changed: e2eeStateInfo=E2eeStateInfo(e2eeState=OFF, revision=0)
07-14 22:04:36.821 I/keystore2(  489): keystore2::legacy_blob: In list_knox_entries_for_uid: 0
07-14 22:04:36.827 I/keystore2(  489): keystore2::utils: In list_key_entries: Domain(0), 5009, 21
07-14 22:04:36.827 I/keystore2(  489): keystore2::utils: In list_key_entries: 21, 1217
07-14 22:04:36.830 I/[SC]MediaRecoveryPolicy(20589): hasCodecUpdate = 2024-11-01
07-14 22:04:36.830 I/[SC][CloudServiceTypeLocalDataSourceImpl](20589): getCloudServiceTypeInfo: CloudServiceTypeInfo(serviceType=Unknown, sequenceNumber=-1)
07-14 22:04:36.830 I/[SC][CloudServiceTypeRepositoryImpl](20589): getCloudServiceTypeInfo. result=CloudServiceTypeInfo(serviceType=Unknown, sequenceNumber=-1)
07-14 22:04:36.830 I/[SC][SmpInitializer](20589): Firebase init
07-14 22:04:36.830 I/[SC]SamsungCloudApp(20589): time elapsed to initialize MediaRecoverInitializer: 164
07-14 22:04:36.834 I/[SC]ConfigurationManager(20589): fromString sync: scloud-onedrive-eof-eda6, mode = DEFAULT, caller = com.samsung.android.scloud.newgallery.data.datasource.remote.c.getOneDriveEofPolicy(r8-map-id-1e515cc322e4defc6774b629096796f361253a46bf8679bd52cb725142c39d5b:20)
07-14 22:04:36.838 I/[SC]ConfigurationLoader(20589): load: scloud-sync-config
07-14 22:04:36.838 I/[SC]ConfigurationManager(20589): fromString async: scloud-onedrive-eof-eda6, mode = DEFAULT, caller = r5.f.c(r8-map-id-1e515cc322e4defc6774b629096796f361253a46bf8679bd52cb725142c39d5b:65)
07-14 22:04:36.839 I/[SC]ConfigurationLoader(20589): load: scloud-backup-common
07-14 22:04:36.840 W/System.err(20589): android.content.pm.PackageManager$NameNotFoundException: com.samsung.android.kmxservice
07-14 22:04:36.842 D/SyncManager( 3149): userId - 0 auto - true
07-14 22:04:36.843 I/[SC]SyncInitialization(20589): initialize instances, elapsed time: 0
07-14 22:04:36.846 I/[SC]EdpContentsNotificationManager(20589): onInitialized
07-14 22:04:36.846 W/System.err(20589): 	at android.app.ApplicationPackageManager.getPackageInfoAsUser(ApplicationPackageManager.java:302)
07-14 22:04:36.846 W/System.err(20589): 	at android.app.ApplicationPackageManager.getPackageInfo(ApplicationPackageManager.java:262)
07-14 22:04:36.846 W/System.err(20589): 	at android.app.ApplicationPackageManager.getPackageInfo(ApplicationPackageManager.java:256)
07-14 22:04:36.846 W/System.err(20589): 	at com.samsung.scsp.framework.core.util.DeviceUtil.lambda$getKmxVersion$16(r8-map-id-1e515cc322e4defc6774b629096796f361253a46bf8679bd52cb725142c39d5b:12)
07-14 22:04:36.846 W/System.err(20589): 	at com.samsung.scsp.framework.core.util.DeviceUtil.a(r8-map-id-1e515cc322e4defc6774b629096796f361253a46bf8679bd52cb725142c39d5b:1)
07-14 22:04:36.846 W/System.err(20589): 	at Ca.f.get(r8-map-id-1e515cc322e4defc6774b629096796f361253a46bf8679bd52cb725142c39d5b:52)
07-14 22:04:36.846 W/System.err(20589): 	at com.samsung.scsp.error.FaultBarrier.get(r8-map-id-1e515cc322e4defc6774b629096796f361253a46bf8679bd52cb725142c39d5b:1)
07-14 22:04:36.846 W/System.err(20589): 	at com.samsung.scsp.error.FaultBarrier.get(r8-map-id-1e515cc322e4defc6774b629096796f361253a46bf8679bd52cb725142c39d5b:4)
07-14 22:04:36.846 W/System.err(20589): 	at com.samsung.scsp.framework.core.util.DeviceUtil.getKmxVersion(r8-map-id-1e515cc322e4defc6774b629096796f361253a46bf8679bd52cb725142c39d5b:10)
07-14 22:04:36.846 W/System.err(20589): 	at com.samsung.scsp.framework.core.ScspUserAgentFactory.get(r8-map-id-1e515cc322e4defc6774b629096796f361253a46bf8679bd52cb725142c39d5b:14)
07-14 22:04:36.846 W/System.err(20589): 	at com.samsung.scsp.framework.core.SContextHolder.<init>(r8-map-id-1e515cc322e4defc6774b629096796f361253a46bf8679bd52cb725142c39d5b:15)
07-14 22:04:36.846 W/System.err(20589): 	at com.samsung.scsp.framework.core.identity.AbstractIdentityImpl.<init>(r8-map-id-1e515cc322e4defc6774b629096796f361253a46bf8679bd52cb725142c39d5b:28)
07-14 22:04:36.846 W/System.err(20589): 	at com.samsung.scsp.framework.core.identity.UserIdentityImpl.<init>(r8-map-id-1e515cc322e4defc6774b629096796f361253a46bf8679bd52cb725142c39d5b:2)
07-14 22:04:36.846 W/System.err(20589): 	at com.samsung.scsp.framework.core.identity.ScspUserIdentity$LazyHolder.<clinit>(r8-map-id-1e515cc322e4defc6774b629096796f361253a46bf8679bd52cb725142c39d5b:3)
07-14 22:04:36.846 W/System.err(20589): 	at com.samsung.scsp.framework.core.identity.ScspUserIdentity.<init>(r8-map-id-1e515cc322e4defc6774b629096796f361253a46bf8679bd52cb725142c39d5b:1)
07-14 22:04:36.846 W/System.err(20589): 	at com.samsung.scsp.framework.core.identity.ScspIdentityFactory$LazyHolder.<clinit>(r8-map-id-1e515cc322e4defc6774b629096796f361253a46bf8679bd52cb725142c39d5b:3)
07-14 22:04:36.846 W/System.err(20589): 	at com.samsung.scsp.framework.core.identity.ScspIdentityFactory.getInstance(r8-map-id-1e515cc322e4defc6774b629096796f361253a46bf8679bd52cb725142c39d5b:11)
07-14 22:04:36.846 W/System.err(20589): 	at com.samsung.scsp.framework.core.decorator.AbstractDecorator.<init>(r8-map-id-1e515cc322e4defc6774b629096796f361253a46bf8679bd52cb725142c39d5b:122)
07-14 22:04:36.846 W/System.err(20589): 	at com.samsung.scsp.odm.dos.common.OdmDosDecorator.<init>(r8-map-id-1e515cc322e4defc6774b629096796f361253a46bf8679bd52cb725142c39d5b:1)
07-14 22:04:36.846 W/System.err(20589): 	at com.samsung.scsp.odm.dos.configuration.ScspConfiguration.<init>(r8-map-id-1e515cc322e4defc6774b629096796f361253a46bf8679bd52cb725142c39d5b:6)
07-14 22:04:36.846 W/System.err(20589): 	at r5.d.download$lambda$0(r8-map-id-1e515cc322e4defc6774b629096796f361253a46bf8679bd52cb725142c39d5b:24)
07-14 22:04:36.846 W/System.err(20589): 	at r5.d.b(r8-map-id-1e515cc322e4defc6774b629096796f361253a46bf8679bd52cb725142c39d5b:1)
07-14 22:04:36.846 W/System.err(20589): 	at r5.c.run(r8-map-id-1e515cc322e4defc6774b629096796f361253a46bf8679bd52cb725142c39d5b:10)
07-14 22:04:36.846 W/System.err(20589): 	at com.samsung.scsp.error.FaultBarrier.run(r8-map-id-1e515cc322e4defc6774b629096796f361253a46bf8679bd52cb725142c39d5b:2)
07-14 22:04:36.846 W/System.err(20589): 	at com.samsung.scsp.error.FaultBarrier.run(r8-map-id-1e515cc322e4defc6774b629096796f361253a46bf8679bd52cb725142c39d5b:1)
07-14 22:04:36.846 W/System.err(20589): 	at r5.d.download(r8-map-id-1e515cc322e4defc6774b629096796f361253a46bf8679bd52cb725142c39d5b:25)
07-14 22:04:36.846 W/System.err(20589): 	at r5.d.load$lambda$0(r8-map-id-1e515cc322e4defc6774b629096796f361253a46bf8679bd52cb725142c39d5b:26)
07-14 22:04:36.846 W/System.err(20589): 	at r5.d.a(r8-map-id-1e515cc322e4defc6774b629096796f361253a46bf8679bd52cb725142c39d5b:1)
07-14 22:04:36.846 W/System.err(20589): 	at r5.c.run(r8-map-id-1e515cc322e4defc6774b629096796f361253a46bf8679bd52cb725142c39d5b:18)
07-14 22:04:36.848 W/System.err(20589): 	at com.samsung.scsp.error.FaultBarrier.run(r8-map-id-1e515cc322e4defc6774b629096796f361253a46bf8679bd52cb725142c39d5b:2)
07-14 22:04:36.848 W/System.err(20589): 	at com.samsung.scsp.error.FaultBarrier.run(r8-map-id-1e515cc322e4defc6774b629096796f361253a46bf8679bd52cb725142c39d5b:1)
07-14 22:04:36.848 W/System.err(20589): 	at r5.d.load(r8-map-id-1e515cc322e4defc6774b629096796f361253a46bf8679bd52cb725142c39d5b:51)
07-14 22:04:36.848 I/[SC]DlFeature(20589): isDlMode. false
07-14 22:04:36.849 W/System.err(20589): 	at N9.a.run(r8-map-id-1e515cc322e4defc6774b629096796f361253a46bf8679bd52cb725142c39d5b:93)
07-14 22:04:36.849 W/System.err(20589): 	at com.samsung.scsp.error.FaultBarrier.run(r8-map-id-1e515cc322e4defc6774b629096796f361253a46bf8679bd52cb725142c39d5b:2)
07-14 22:04:36.849 W/System.err(20589): 	at com.samsung.scsp.error.FaultBarrier.run(r8-map-id-1e515cc322e4defc6774b629096796f361253a46bf8679bd52cb725142c39d5b:1)
07-14 22:04:36.850 I/[SC]SyncInitialization(20589): initialize categoryInfoList, elapsed time: 0
07-14 22:04:36.851 W/System.err(20589): 	at a5.c.run(r8-map-id-1e515cc322e4defc6774b629096796f361253a46bf8679bd52cb725142c39d5b:152)
07-14 22:04:36.851 W/System.err(20589): 	at java.lang.Thread.run(Thread.java:1012)
07-14 22:04:36.854 I/[SC]ConfigurationLoader(20589): checkIfRequiredDownload: true, scloud-sync-config
07-14 22:04:36.854 I/[SC]ConfigurationLoader(20589): checkIfRequiredDownload: true, scloud-backup-common
07-14 22:04:36.858 I/[SC]ConfigurationLoader(20589): load: scloud-onedrive-eof-eda6
07-14 22:04:36.859 I/[SC]ConfigurationLoader(20589): download: scloud-sync-config
07-14 22:04:36.859 I/[SC]ConfigurationLoader(20589): download: scloud-backup-common
07-14 22:04:36.859 I/[SC][ScspConfiguration](20589): name: com.samsung.scsp.odm.dos, version : 1.2.0001, isAccountRequiredFeature = false, isDrsSupported = true, platformConfigurationRequire = false
07-14 22:04:36.860 I/[SC][ScspConfiguration](20589): name: com.samsung.scsp.odm.dos, version : 1.2.0001, isAccountRequiredFeature = false, isDrsSupported = true, platformConfigurationRequire = false
07-14 22:04:36.861 I/[SC]ConfigurationLoader(20589): checkIfRequiredDownload: true, scloud-onedrive-eof-eda6
07-14 22:04:36.861 I/[SC]ConfigurationLoader(20589): download: scloud-onedrive-eof-eda6
07-14 22:04:36.863 I/[SC][ScspConfiguration](20589): name: com.samsung.scsp.odm.dos, version : 1.2.0001, isAccountRequiredFeature = false, isDrsSupported = true, platformConfigurationRequire = false
07-14 22:04:36.865 I/[SC]DlFeature(20589): isDlMode. false
07-14 22:04:36.865 I/[SC][DeviceUtil](20589): One UI version : 5.1.0
07-14 22:04:36.867 I/ActivityManager( 3149): Process com.sec.android.provider.badge (pid 19094) has died: cch+99 CEM (28,1897)
07-14 22:04:36.867 I/libprocessgroup( 3149): Successfully killed process cgroup uid 10068 pid 19094 in 0ms
07-14 22:04:36.868 I/Zygote  ( 2929): Process 19094 exited due to signal 9 (Killed)
07-14 22:04:36.869 I/[SC]SecMediaChangeMonitor(20589): onStartMonitoring
07-14 22:04:36.872 W/.android.chrome(20588): ClassLoaderContext classpath size mismatch. expected=17, found=1 (DLC[];PCL[base.apk*2490821195:base.apk!classes2.dex*76051533:base.apk!classes3.dex*2468614525:base.apk!classes4.dex*2465626795:base.apk!classes5.dex*3034926602:base.apk!classes6.dex*1472274905:base.apk!classes7.dex*3755681427:base.apk!classes8.dex*374746369:base.apk!classes9.dex*1305552845:base.apk!classes10.dex*535179980:base.apk!classes11.dex*3544955469:base.apk!classes12.dex*3251662969:base.apk!classes13.dex*1978043364:base.apk!classes14.dex*1413867446:base.apk!classes15.dex*3789282070:base.apk!classes16.dex*3201434168:base.apk!classes17.dex*279711073]{PCL[/system/framework/org.apache.http.legacy.jar*3951777098]#PCL[/system_ext/framework/org.carconnectivity.android.digitalkey.timesync.jar*1887653036]#PCL[/system/framework/com.android.location.provider.jar*3175360615]#PCL[/system/framework/com.android.media.remotedisplay.jar*3743104115]} | DLC[];PCL[/data/app/~~iigc1flhm93t5FJysXDOtg==/com.android.chrome-tlQWwLe7ATg0B-ZVDtxKlw==/split_chrome.apk*1453232723];PCL[/data/app/~~iigc1flhm93t5FJysXDOtg==/com.android.chrome-tlQWwLe7ATg0B-ZVDtxKlw==/base.apk*399931827]{PCL[]})
07-14 22:04:36.873 I/[SC]CameraDeviceStateChangeObserverImpl(20589): register
07-14 22:04:36.883 I/[SC]SamsungCloudApp(20589): time elapsed to initialize SyncInitializer: 236
07-14 22:04:36.888 I/FirebaseApp(20589): Device unlocked: initializing all Firebase APIs for app [DEFAULT]
07-14 22:04:36.893 I/[SC]SyncAnalyticsStatusLogger(20589): onAppCreated
07-14 22:04:36.895 I/[SC]AutoBackupController(20589): automatic backup generated.
07-14 22:04:36.896 I/[SC]KeyStoreDisabler(20589): Disable Keystore
07-14 22:04:36.898 I/[SC]SyncAnalyticsStatusLogger(20589): initialize: false
07-14 22:04:36.898 W/BroadcastQueue( 3149): Permission Denial: receiving Intent { act=android.intent.action.SERVICE_STATE flg=0x1000010 (has extras) } to com.google.android.cellbroadcastreceiver/com.android.cellbroadcastreceiver.CellBroadcastReceiver requires android.permission.READ_PHONE_STATE due to sender android (uid 1001)
07-14 22:04:36.900 W/BroadcastQueue( 3149): Permission Denial: receiving Intent { act=android.intent.action.SERVICE_STATE flg=0x1000010 (has extras) } to com.google.android.cellbroadcastreceiver/com.android.cellbroadcastreceiver.CellBroadcastReceiver requires android.permission.ACCESS_FINE_LOCATION due to sender android (uid 1001)
07-14 22:04:36.900 W/BroadcastQueue( 3149): Permission Denial: receiving Intent { act=android.intent.action.SERVICE_STATE flg=0x1000010 (has extras) } to com.google.android.cellbroadcastreceiver/com.android.cellbroadcastreceiver.CellBroadcastReceiver requires android.permission.READ_PHONE_STATE due to sender android (uid 1001)
07-14 22:04:36.905 D/CellBroadcastReceiver(19370): onReceive Intent { act=android.intent.action.SERVICE_STATE flg=0x1000010 cmp=com.google.android.cellbroadcastreceiver/com.android.cellbroadcastreceiver.CellBroadcastReceiver (has extras) }
07-14 22:04:36.906 D/CellBroadcastReceiver(19370): onServiceStateChanged, ss: 1
07-14 22:04:36.908 I/[SC]SyncAnalyticsStatusLogger(20589): startMonitor
07-14 22:04:36.909 I/[SC]AutoBackupController(20589): start automatic backup, nextTimeInterval: 3600000
07-14 22:04:36.918 I/org.webrtc.Logging(20600): vclib: jingle_peerconnection_so (null) was loaded normally!
07-14 22:04:36.918 W/id.apps.tachyon(20600): Long monitor contention with owner main (20600) at void java.lang.Runtime.loadLibrary0(java.lang.ClassLoader, java.lang.Class, java.lang.String)(Runtime.java:1079) waiters=0 in void java.lang.Runtime.loadLibrary0(java.lang.ClassLoader, java.lang.Class, java.lang.String) for 237ms
07-14 22:04:36.920 I/org.webrtc.Logging(20600): vclib: NativeLibraryLoader: loading jingle_peerconnection_so complete.
07-14 22:04:36.921 W/System.err(20589): android.content.pm.PackageManager$NameNotFoundException: com.samsung.android.kmxservice
07-14 22:04:36.924 E/AppOps  ( 3149): Bad call made by uid 10237. Package "com.google.android.gms" does not belong to uid 10237.
07-14 22:04:36.924 D/CompatibilityChangeReporter( 3149): Compat change id reported: 161145287; UID 10233; state: DISABLED
07-14 22:04:36.925 I/NativeLibrary(20600): [000:000][20600] Loading native library: jingle_peerconnection_so
07-14 22:04:36.925 I/vclib   (20600): [000:002][20600] NativeLibraryLoader: jingle_peerconnection_so is already loaded (request from npx)
07-14 22:04:36.926 I/[SC]AutoBackupController(20589): skipped automatic backup scheduled by pending job : (job:50001/com.samsung.android.scloud/.bnr.ui.service.AutoBackupTriggerJobService)
07-14 22:04:36.926 I/[SC]AutoBackupController(20589): current automatic backup triggerTime : Tue Jul 14 22:45:55 GMT+10:00 2026
07-14 22:04:36.926 I/[SC]SyncAnalyticsStatusLogger(20589): refreshStatus: 0
07-14 22:04:36.926 W/System.err(20589): 	at android.app.ApplicationPackageManager.getPackageInfoAsUser(ApplicationPackageManager.java:302)
07-14 22:04:36.926 W/System.err(20589): 	at android.app.ApplicationPackageManager.getPackageInfo(ApplicationPackageManager.java:262)
07-14 22:04:36.926 W/System.err(20589): 	at android.app.ApplicationPackageManager.getPackageInfo(ApplicationPackageManager.java:256)
07-14 22:04:36.926 W/System.err(20589): 	at com.samsung.scsp.framework.core.util.DeviceUtil.lambda$getKmxVersion$16(r8-map-id-1e515cc322e4defc6774b629096796f361253a46bf8679bd52cb725142c39d5b:12)
07-14 22:04:36.926 W/System.err(20589): 	at com.samsung.scsp.framework.core.util.DeviceUtil.a(r8-map-id-1e515cc322e4defc6774b629096796f361253a46bf8679bd52cb725142c39d5b:1)
07-14 22:04:36.926 W/System.err(20589): 	at Ca.f.get(r8-map-id-1e515cc322e4defc6774b629096796f361253a46bf8679bd52cb725142c39d5b:52)
07-14 22:04:36.926 W/System.err(20589): 	at com.samsung.scsp.error.FaultBarrier.get(r8-map-id-1e515cc322e4defc6774b629096796f361253a46bf8679bd52cb725142c39d5b:1)
07-14 22:04:36.926 W/System.err(20589): 	at com.samsung.scsp.error.FaultBarrier.get(r8-map-id-1e515cc322e4defc6774b629096796f361253a46bf8679bd52cb725142c39d5b:4)
07-14 22:04:36.926 W/System.err(20589): 	at com.samsung.scsp.framework.core.util.DeviceUtil.getKmxVersion(r8-map-id-1e515cc322e4defc6774b629096796f361253a46bf8679bd52cb725142c39d5b:10)
07-14 22:04:36.926 W/System.err(20589): 	at com.samsung.scsp.framework.core.ScspUserAgentFactory.get(r8-map-id-1e515cc322e4defc6774b629096796f361253a46bf8679bd52cb725142c39d5b:14)
07-14 22:04:36.926 W/System.err(20589): 	at com.samsung.scsp.framework.core.SContextHolder.<init>(r8-map-id-1e515cc322e4defc6774b629096796f361253a46bf8679bd52cb725142c39d5b:15)
07-14 22:04:36.926 W/System.err(20589): 	at com.samsung.scsp.framework.core.identity.AbstractIdentityImpl.<init>(r8-map-id-1e515cc322e4defc6774b629096796f361253a46bf8679bd52cb725142c39d5b:28)
07-14 22:04:36.926 W/System.err(20589): 	at com.samsung.scsp.framework.core.identity.DeviceIdentityImpl.<init>(r8-map-id-1e515cc322e4defc6774b629096796f361253a46bf8679bd52cb725142c39d5b:2)
07-14 22:04:36.927 W/System.err(20589): 	at com.samsung.scsp.framework.core.identity.ScspDeviceIdentity$LazyHolder.<clinit>(r8-map-id-1e515cc322e4defc6774b629096796f361253a46bf8679bd52cb725142c39d5b:3)
07-14 22:04:36.927 W/System.err(20589): 	at com.samsung.scsp.framework.core.identity.ScspDeviceIdentity.<init>(r8-map-id-1e515cc322e4defc6774b629096796f361253a46bf8679bd52cb725142c39d5b:1)
07-14 22:04:36.927 W/System.err(20589): 	at com.samsung.scsp.framework.core.identity.ScspIdentityFactory$LazyHolder.<clinit>(r8-map-id-1e515cc322e4defc6774b629096796f361253a46bf8679bd52cb725142c39d5b:10)
07-14 22:04:36.927 W/System.err(20589): 	at com.samsung.scsp.framework.core.identity.ScspIdentityFactory.getInstance(r8-map-id-1e515cc322e4defc6774b629096796f361253a46bf8679bd52cb725142c39d5b:11)
07-14 22:04:36.927 W/System.err(20589): 	at com.samsung.scsp.framework.core.decorator.AbstractDecorator.<init>(r8-map-id-1e515cc322e4defc6774b629096796f361253a46bf8679bd52cb725142c39d5b:122)
07-14 22:04:36.927 W/System.err(20589): 	at com.samsung.scsp.odm.dos.common.OdmDosDecorator.<init>(r8-map-id-1e515cc322e4defc6774b629096796f361253a46bf8679bd52cb725142c39d5b:1)
07-14 22:04:36.927 W/System.err(20589): 	at com.samsung.scsp.odm.dos.configuration.ScspConfiguration.<init>(r8-map-id-1e515cc322e4defc6774b629096796f361253a46bf8679bd52cb725142c39d5b:6)
07-14 22:04:36.927 W/System.err(20589): 	at r5.d.download$lambda$0(r8-map-id-1e515cc322e4defc6774b629096796f361253a46bf8679bd52cb725142c39d5b:24)
07-14 22:04:36.927 W/System.err(20589): 	at r5.d.b(r8-map-id-1e515cc322e4defc6774b629096796f361253a46bf8679bd52cb725142c39d5b:1)
07-14 22:04:36.927 W/System.err(20589): 	at r5.c.run(r8-map-id-1e515cc322e4defc6774b629096796f361253a46bf8679bd52cb725142c39d5b:10)
07-14 22:04:36.927 W/System.err(20589): 	at com.samsung.scsp.error.FaultBarrier.run(r8-map-id-1e515cc322e4defc6774b629096796f361253a46bf8679bd52cb725142c39d5b:2)
07-14 22:04:36.927 W/System.err(20589): 	at com.samsung.scsp.error.FaultBarrier.run(r8-map-id-1e515cc322e4defc6774b629096796f361253a46bf8679bd52cb725142c39d5b:1)
07-14 22:04:36.927 W/System.err(20589): 	at r5.d.download(r8-map-id-1e515cc322e4defc6774b629096796f361253a46bf8679bd52cb725142c39d5b:25)
07-14 22:04:36.927 W/System.err(20589): 	at r5.d.load$lambda$0(r8-map-id-1e515cc322e4defc6774b629096796f361253a46bf8679bd52cb725142c39d5b:26)
