07-14 22:04:18.586 D/InputDispatcher( 3149): Inject motion (20517/2000): action=0x1, time=1130764735000000, f=0x0, d=0 dsdx=1.000000 dtdx=0.000000
07-14 22:04:18.587 I/InputDispatcher( 3149): Delivering touch to (18374): action: 0x1, f=0x0, d=0, '753ac68', t=1 
07-14 22:04:18.587 I/HYPER-HAL( 3020): [RequestManager.cpp]acquire(): Acquired ID : 13831193  [5236 / 23]    HINT :      list : [TABoost / 5] 
07-14 22:04:18.587 I/HYPER-HAL( 3020): [RequestManager.cpp]acquire(): Acquired ID : 13841716  [5236 / 25]    HINT :      list : [TABoost / 20] [TIMEOUT / 1500] 
07-14 22:04:18.587 I/ViewRootImpl@c154afc[MainActivity](18374): ViewPostIme pointer 1
07-14 22:04:18.588 I/GestureDetector( 3149): obtain mCurrentMotionEventRaw. action: 1 id: -674399050
07-14 22:04:18.588 I/GestureDetector( 3149): obtain mCurrentMotionEventRaw. action: 1 id: -674399050
07-14 22:04:18.714 D/SemWifiUsabilityStatsMonitor( 3149): onWifiUsabilityStats - seqNum 205116, isSameBssidAndFreq true
07-14 22:04:18.715 I/SemWifiLinkQualityMonitor( 3149): Link Qos Query: 0.202 ms / 39.578 Mbps (72 / 0.091 / 1.000)
07-14 22:04:18.882 I/GestureDetector( 3149): handleMessage TAP
07-14 22:04:18.883 I/GestureDetector( 3149): handleMessage TAP
07-14 22:04:19.451 D/io_stats(  472): !@   8,0 r 159960048 3940283940 w 29838427 537730224 d 0 0 f 0 0 iot 31041764 0 th 0 0 0 pt 0 inp 0 0 1130765.606
07-14 22:04:19.481 W/DeviceStorageMonitorService( 3149): updateBroadcasts(/data) oldLevel:0, newLevel:0, seq:1
07-14 22:04:19.485 D/DeviceStorageMonitorService( 3149): Available File Node Number is [13065929]
07-14 22:04:19.486 W/DeviceStorageMonitorService( 3149): updateBroadcasts_filenode(/data) fn_oldLevel:0, fn_newLevel:0, seq:1
07-14 22:04:19.792 I/ChimeraAggressivePolicyHandler( 3149): executePolicy() - triggerSource: TRIGGER_SOURCE_LMKD
07-14 22:04:19.794 I/ChimeraAggressivePolicyHandler( 3149): available memory: 1916800, free memory target: 1126400, quit chimera
07-14 22:04:19.812 I/EDMNativeHelperService( 3149): isScreenCaptureEnabled
07-14 22:04:19.813 D/RestrictionPolicy( 3149): isScreenCaptureEnabled : ret=true userId=0
07-14 22:04:19.838 W/MediaProvider( 4985): isAppCloneUserPair for user 0: false
07-14 22:04:19.852 W/ProcessState(20521): Extra binder thread started, but 0 threads requested. Do not use *startThreadPool when zero threads are requested.
07-14 22:04:19.854 D/SyncManager( 3149): userId - 0 auto - true
07-14 22:04:19.886 D/NetdEventListenerService( 3149): DNS Requested by : 107, 10286
07-14 22:04:19.891 E/_qlseek ( 7060): errno : 22
07-14 22:04:19.891 E/Qdio::ParseQdio( 7060): File Search Error
07-14 22:04:19.894 E/audit   (  685): type=1400 audit(1784030659.892:761720): avc:  denied  { write } for  pid=10937 comm="ThreadPoolForeg" name="traced_producer" dev="tmpfs" ino=7808 scontext=u:r:gmscore_app:s0:c662,c768 tcontext=u:object_r:traced_producer_socket:s0 tclass=sock_file permissive=0 SEPF_SM-E625F_13_0001 audit_filtered
07-14 22:04:19.894 E/audit   (  685): type=1300 audit(1784030659.892:761720): arch=c00000b7 syscall=203 success=no exit=-13 a0=3f a1=b400007417f79ef0 a2=1e a3=ffffffff95bb1b4a items=1 ppid=2929 pid=10937 auid=4294967295 uid=15010228 gid=15010228 euid=15010228 suid=15010228 fsuid=15010228 egid=15010228 sgid=15010228 fsgid=15010228 tty=(none) ses=4294967295 comm="ThreadPoolForeg" exe="/system/bin/app_process64" subj=u:r:gmscore_app:s0:c662,c768 key=(null)
07-14 22:04:19.894 E/audit   (  685): type=1306 audit(1784030659.892:761720): saddr=01002F6465762F736F636B65742F7472616365645F70726F647563657200
07-14 22:04:19.894 E/audit   (  685): type=1302 audit(1784030659.892:761720): item=0 name="/dev/socket/traced_producer" inode=7808 dev=00:11 mode=0140666 ouid=0 ogid=0 rdev=00:00 obj=u:object_r:traced_producer_socket:s0 nametype=NORMAL cap_fp=0000000000000000 cap_fi=0000000000000000 cap_fe=0 cap_fver=0
07-14 22:04:19.894 E/audit   (  685): type=1327 audit(1784030659.892:761720): proctitle="com.google.android.gms.persistent"
07-14 22:04:19.895 W/ExifInterface( 7060): Invalid image: ExifInterface got an unsupported image format file(ExifInterface supports JPEG and some RAW image formats only) or a corrupted JPEG file to ExifInterface.
07-14 22:04:19.895 W/ExifInterface( 7060): java.io.EOFException
07-14 22:04:19.895 W/ExifInterface( 7060): 	at android.media.ExifInterface$ByteOrderedDataInputStream.readShort(ExifInterface.java:5063)
07-14 22:04:19.895 W/ExifInterface( 7060): 	at android.media.ExifInterface.readByteOrder(ExifInterface.java:4006)
07-14 22:04:19.895 W/ExifInterface( 7060): 	at android.media.ExifInterface.parseTiffHeaders(ExifInterface.java:4026)
07-14 22:04:19.895 W/ExifInterface( 7060): 	at android.media.ExifInterface.getRawAttributes(ExifInterface.java:2992)
07-14 22:04:19.895 W/ExifInterface( 7060): 	at android.media.ExifInterface.loadAttributes(ExifInterface.java:2041)
07-14 22:04:19.895 W/ExifInterface( 7060): 	at android.media.ExifInterface.<init>(ExifInterface.java:1641)
07-14 22:04:19.895 W/ExifInterface( 7060): 	at android.media.ExifInterface.<init>(ExifInterface.java:1592)
07-14 22:04:19.895 W/ExifInterface( 7060): 	at com.samsung.android.providers.media.scan.MediaParser.getDateTimeOriginal(MediaParser.java:390)
07-14 22:04:19.895 W/ExifInterface( 7060): 	at com.samsung.android.providers.media.scan.MediaParser.computeDateMetadata(MediaParser.java:367)
07-14 22:04:19.895 W/ExifInterface( 7060): 	at com.samsung.android.providers.media.sync.MediaSync.createOperation(MediaSync.java:429)
07-14 22:04:19.895 W/ExifInterface( 7060): 	at com.samsung.android.providers.media.sync.MediaSync.loadInternal(MediaSync.java:389)
07-14 22:04:19.895 W/ExifInterface( 7060): 	at com.samsung.android.providers.media.sync.MediaSync.load(MediaSync.java:325)
07-14 22:04:19.895 W/ExifInterface( 7060): 	at com.samsung.android.providers.media.sync.MediaSync.-$$Nest$mload(Unknown Source:0)
07-14 22:04:19.895 W/ExifInterface( 7060): 	at com.samsung.android.providers.media.sync.MediaSync$SyncTask.run(MediaSync.java:475)
07-14 22:04:19.895 W/ExifInterface( 7060): 	at android.os.Handler.handleCallback(Handler.java:942)
07-14 22:04:19.895 W/ExifInterface( 7060): 	at android.os.Handler.dispatchMessage(Handler.java:99)
07-14 22:04:19.895 W/ExifInterface( 7060): 	at android.os.Looper.loopOnce(Looper.java:226)
07-14 22:04:19.895 W/ExifInterface( 7060): 	at android.os.Looper.loop(Looper.java:313)
07-14 22:04:19.895 W/ExifInterface( 7060): 	at android.os.HandlerThread.run(HandlerThread.java:67)
07-14 22:04:19.896 I/servicemanager(  434): Could not find android.hardware.graphics.allocator.IAllocator/default in the VINTF manifest.
07-14 22:04:19.934 D/MediaSync( 7060): loaded: 77ms, 1
07-14 22:04:19.939 I/SemWifiServiceDetector( 3149): Traff. tracking started
07-14 22:04:20.087 I/HYPER-HAL( 3020): [RequestManager.cpp]releaseLocked(): Released ID : 13841716
07-14 22:04:20.367 W/libprocessgroup( 3149): Failed to open /dev/blkio//cgroup.procs: No such file or directory
07-14 22:04:20.371 W/libprocessgroup( 3149): Failed to open /dev/blkio//cgroup.procs: No such file or directory
07-14 22:04:20.373 W/libprocessgroup( 3149): Failed to open /dev/blkio//cgroup.procs: No such file or directory
07-14 22:04:20.402 D/statsd  (  709): StateTracker did not find state value for query key (27)0x10000->10261[I] 
07-14 22:04:20.402 W/statsd  (  709): StateTracker not found for state atom 27
07-14 22:04:20.404 D/statsd  (  709): StateTracker did not find state value for query key (27)0x10000->10261[I] 
07-14 22:04:20.404 W/statsd  (  709): StateTracker not found for state atom 27
07-14 22:04:20.410 I/SCS@AiSearch user 0(19416): (ObserverWorker::AOSP_MP) [main] entering in startWork triggered by [content://media/external/file/1000055598]():  
07-14 22:04:20.410 I/SCS@AiSearch user 0(19416): (BaseCollector::AOSP_MP) [main] entering in onChange():  
07-14 22:04:20.410 I/SCS@AiSearch user 0(19416): (BaseCollector::AOSP_MP) [AOSP_MP-0] entering in collectChanges():  
07-14 22:04:20.414 D/statsd  (  709): StateTracker did not find state value for query key (27)0x10000->10261[I] 
07-14 22:04:20.414 W/statsd  (  709): StateTracker not found for state atom 27
07-14 22:04:20.432 I/MediaProvider( 4985): Begin Intent { act=android.intent.action.MEDIA_SCANNER_SCAN_FILE dat=file:///... flg=0x1400010 cmp=com.google.android.providers.media.module/com.android.providers.media.MediaService }
07-14 22:04:20.434 D/PackageManager( 3149): setEnabledSetting : userId = 0 packageName = com.samsung.android.scs cmp = androidx.work.impl.background.systemalarm.RescheduleReceiver newState = 1 callingPackage = 10111/com.samsung.android.scs
07-14 22:04:20.436 D/ApplicationPolicy( 3149): getApplicationStateEnabled : pkg = com.samsung.android.scs userId : 0
07-14 22:04:20.439 D/ApplicationPolicy( 3149): getApplicationComponentState : pkg = com.samsung.android.scs userId : 0
07-14 22:04:20.442 D/SemNscXgbMsL1( 3149): Probability - Cloud gaming: [0.024000144]
07-14 22:04:20.442 D/SemNscXgbMsL1( 3149): Probability - Real time: [0.10266974]
07-14 22:04:20.442 D/SemNscXgbMsL1( 3149): Probability - Non real time: [0.8339834]
07-14 22:04:20.442 D/SemNscXgbMsL1( 3149): 1 sample inference time: 0.978385 msecs
07-14 22:04:20.446 D/SemNscXgbL2Rt( 3149): L2 RT 1 sample inference time: 3.186153 msecs
07-14 22:04:20.447 W/soft_error.cpp(18567): [pando::graphql::PandoGraphQLRequestHybrid::assertValid] : Using a PandoGraphQLRequest after it has been consumed. Query name is IGSharedAccountsQuery
07-14 22:04:20.447 D/SemNscXgbL2Nrt( 3149): L2 NRT 1 sample inference time: 1.132654 msecs
07-14 22:04:20.464 I/MediaProvider( 4985): End Intent { act=android.intent.action.MEDIA_SCANNER_SCAN_FILE dat=file:///... flg=0x1400010 cmp=com.google.android.providers.media.module/com.android.providers.media.MediaService }
07-14 22:04:20.464 D/SyncManager( 3149): userId - 0 auto - true
07-14 22:04:20.470 D/statsd  (  709): StateTracker did not find state value for query key (27)0x10000->10261[I] 
07-14 22:04:20.470 W/statsd  (  709): StateTracker not found for state atom 27
07-14 22:04:20.473 I/SCS@AiSearch user 0(19416): (BaseCollector::AOSP_MP) fetchInternal values : maxSyncId: 1000055464 indexCount: 1824 sourceCount: 1824
07-14 22:04:20.514 I/SCS@AiSearch user 0(19416): (IndexManager) [AOSP_MP-0] entering in addIndex():  
07-14 22:04:20.518 I/SCS@AiSearch user 0(19416): (BaseCollector::AOSP_MP) fetch: fetching took  64 ms
07-14 22:04:20.519 I/SCS@AiSearch user 0(19416): (BaseCollector::AOSP_MP) fetchChanges: applied 0 items
07-14 22:04:20.519 I/SCS@AiSearch user 0(19416): (BaseCollector::AOSP_MP) Collect finished. Result: true
07-14 22:04:20.520 I/SCS@AiSearch user 0(19416): (BaseCollector::AOSP_MP) enqueue ObserverWorker name: com.sec.android.app.myfiles, policy: APPEND_OR_REPLACE
07-14 22:04:20.520 I/WM-WorkerWrapper(19416): Worker result SUCCESS for Work [ id=48c19fc1-c916-463d-87b0-9766ec7c6710, tags={ com.sec.android.app.myfiles, com.samsung.android.scs.ai.search.data.collector.ObserverWorker } ]
07-14 22:04:20.550 D/PackageManager( 3149): setEnabledSetting : userId = 0 packageName = com.samsung.android.scs cmp = androidx.work.impl.background.systemalarm.RescheduleReceiver newState = 1 callingPackage = 10111/com.samsung.android.scs
07-14 22:04:20.554 D/ApplicationPolicy( 3149): getApplicationStateEnabled : pkg = com.samsung.android.scs userId : 0
07-14 22:04:20.555 D/SyncManager( 3149): userId - 0 auto - true
07-14 22:04:20.556 I/BaseThreadPoolExecutor(17410): [#CMH#] Task o.e@a61a339 is submitted
07-14 22:04:20.556 D/ApplicationPolicy( 3149): getApplicationComponentState : pkg = com.samsung.android.scs userId : 0
07-14 22:04:20.572 D/MediaSync( 7060): loaded: 107ms, 1
07-14 22:04:20.574 D/MediaParser( 7060): scanItem: 1
07-14 22:04:20.582 W/libprocessgroup( 3149): Failed to open /dev/blkio//cgroup.procs: No such file or directory
07-14 22:04:20.587 D/SyncManager( 3149): userId - 0 auto - true
07-14 22:04:20.593 D/LocationService( 7060): Begin: com.samsung.intent.action.UPDATE_LOCATION
07-14 22:04:20.597 D/LocationManager( 7060): delete null addr: 0
07-14 22:04:20.599 I/MediaContentSyncTask(17410): [#CMH#] No of Row (SEC MP :  468, Max Id : 2147516386) (CMH : 467, Max Id : 2147516385) - Time :5
07-14 22:04:20.609 W/GeoCoder( 7060): list size is zero
07-14 22:04:20.609 E/LocationManager( 7060): Can't get address
07-14 22:04:20.610 D/ModernSamsungCoreService( 7060): applyPending()
07-14 22:04:20.610 D/LocationManager( 7060): LocationTask: 16ms
07-14 22:04:20.610 D/LocationService( 7060): End: com.samsung.intent.action.UPDATE_LOCATION
07-14 22:04:20.613 D/SyncManager( 3149): userId - 0 auto - true
07-14 22:04:20.639 W/samsung.cmh:CMH(17410): Reducing the number of considered missed Gc histogram windows from 236 to 100
07-14 22:04:20.640 I/MediaContentSyncTask(17410): [#CMH#] Rebuilding contents count 1
07-14 22:04:20.640 I/ImageFeatures(17410): [#CMH#] Not support file type 
07-14 22:04:20.654 I/MediaContentSyncTask(17410): [#CMH#] Insert ITEM :  1
07-14 22:04:20.669 I/MediaContentSyncLocation(17410): [#CMH#] Location Count MP :  29, CMH : 29
07-14 22:04:20.669 I/BaseThreadPoolExecutor(17410): [#CMH#] afterExecute FutureTask
07-14 22:04:20.669 I/ControllerEventHandler(17410): [#CMH#] New Task for wait content sync job 
07-14 22:04:20.670 I/BaseThreadPoolExecutor(17410): [#CMH#] Task o.e@a61a339 is submitted
07-14 22:04:20.686 I/MediaContentSyncTask(17410): [#CMH#] No of Row (SEC MP :  468, Max Id : 2147516386) (CMH : 468, Max Id : 2147516386) - Time :4
07-14 22:04:20.704 E/sehhealth-service(  761): Could not open /sys/class/power_supply/battery/lrp
07-14 22:04:20.708 I/MediaContentSyncTask(17410): [#CMH#] MP time stamp :  1784030660551, CMH time stamp : 1784030653375
07-14 22:04:20.716 I/MediaContentSyncTask(17410): [#CMH#] Update ITEM  :  1
07-14 22:04:20.726 I/MediaContentSyncTask(17410): [#CMH#] Update Cursor Count (1=>1), Time: 10 
07-14 22:04:20.729 I/MediaContentSyncTask(17410): [#CMH#] Update ITEM :  1
07-14 22:04:20.740 D/AndroidRuntime(20535): >>>>>> START com.android.internal.os.RuntimeInit uid 2000 <<<<<<
07-14 22:04:20.744 I/MediaContentSyncLocation(17410): [#CMH#] Location Count MP :  29, CMH : 29
07-14 22:04:20.745 I/BaseThreadPoolExecutor(17410): [#CMH#] afterExecute FutureTask
07-14 22:04:20.745 I/ControllerEventHandler(17410): [#CMH#] Alive Privacy Ignored Policy Called:  false
07-14 22:04:20.745 I/ControllerEventHandler(17410): [#CMH#] POI Feature is False 
07-14 22:04:20.746 I/AndroidRuntime(20535): Using default boot image
07-14 22:04:20.746 I/AndroidRuntime(20535): Leaving lock profiling enabled
07-14 22:04:20.746 D/SecNativeFeatureCppIf(20535): encoded
07-14 22:04:20.746 D/SecNativeFeatureCppIf(20535): decoding and unzip finish
07-14 22:04:20.746 D/SecNativeFeatureCppIf(20535): use unCompDataBuff. encoded
07-14 22:04:20.746 D/SecNativeFeatureCppIf(20535): Free unCompDataBuff
07-14 22:04:20.746 D/AndroidRuntime(20535): addProductProperty: pBrand1 is not null
07-14 22:04:20.746 D/AndroidRuntime(20535): addProductProperty: not brand or 7
07-14 22:04:20.750 I/app_process(20535): Using CollectorTypeCC GC.
07-14 22:04:20.871 D/app_process(20535): Time zone APEX ICU file found: /apex/com.android.tzdata/etc/icu/icu_tzdata.dat
07-14 22:04:20.871 D/app_process(20535): I18n APEX ICU file found: /apex/com.android.i18n/etc/icu/icudt70l.dat
07-14 22:04:20.885 W/app_process(20535): ClassLoaderContext classpath size mismatch. expected=0, found=1 (PCL[] | PCL[/system/framework/android.test.runner.jar*2256426886])
07-14 22:04:20.907 E/SemDvfsManager_JNI(20535): SemDvfsManager: registerfunction enter
07-14 22:04:20.907 E/SemAffinityControl(20535): SemAffinityControl: registerfunction enter
07-14 22:04:20.915 D/AndroidRuntime(20535): Calling main entry com.android.commands.uiautomator.Launcher
07-14 22:04:20.925 I/SurfaceFlinger(  812): id=51534 createSurf flag=80004, WindowToken{bb6b7e3 type=2032 android.os.Binder@3669412}#51534
07-14 22:04:20.929 D/SettingsProvider( 3149): isChangeAllowed() : name = accessibility_enabled
07-14 22:04:20.930 I/GenerationRegistry( 3149): mBackingStore.isClosed() : false
07-14 22:04:20.930 I/GenerationRegistry( 3149): mBackingStore.isClosed() : false
07-14 22:04:20.930 D/WindowMagnificationMgr( 3149): requestConnection :false mConnectionState : 3
07-14 22:04:20.930 W/WindowMagnificationMgr( 3149): requestConnection duplicated request: connect=false, mConnectionState=DISCONNECTED
07-14 22:04:20.937 D/BatterySaverPolicy( 3149): accessibility changed to true, updating policy.
07-14 22:04:20.940 I/SAMSUNGWALLET[IN](28681): [WalletStartup] Screen reader is enabled
07-14 22:04:20.948 D/SemNscXgbMsL1( 3149): Probability - Cloud gaming: [0.052721426]
07-14 22:04:20.948 D/SemNscXgbMsL1( 3149): Probability - Real time: [0.1385457]
07-14 22:04:20.948 D/SemNscXgbMsL1( 3149): Probability - Non real time: [0.8406936]
07-14 22:04:20.950 D/SemNscXgbMsL1( 3149): 1 sample inference time: 1.801346 msecs
07-14 22:04:20.950 D/SettingsProvider( 3149): isChangeAllowed() : name = accessibility_enabled
07-14 22:04:20.950 I/GenerationRegistry( 3149): mBackingStore.isClosed() : false
07-14 22:04:20.950 D/SemNscXgbL2Rt( 3149): L2 RT 1 sample inference time: 0.6825 msecs
07-14 22:04:20.950 I/GenerationRegistry( 3149): mBackingStore.isClosed() : false
07-14 22:04:20.951 D/WindowMagnificationMgr( 3149): requestConnection :false mConnectionState : 3
07-14 22:04:20.951 W/WindowMagnificationMgr( 3149): requestConnection duplicated request: connect=false, mConnectionState=DISCONNECTED
07-14 22:04:20.951 D/SemNscXgbL2Nrt( 3149): L2 NRT 1 sample inference time: 0.562462 msecs
07-14 22:04:20.957 W/WindowManager( 3149): Cannot find window which accessibility connection is added to
07-14 22:04:20.958 I/AccessibilityManagerService( 3149): semIsAccessibilityServiceEnabled()
07-14 22:04:20.958 I/AccessibilityManagerService( 3149): accesibilityService is null
07-14 22:04:20.958 I/AccessibilityManagerService( 3149): semIsAccessibilityServiceEnabled()
07-14 22:04:20.958 I/AccessibilityManagerService( 3149): accesibilityService is null
07-14 22:04:20.958 D/AS.AudioService( 3149): Accessibility volume enabled = false
07-14 22:04:20.960 V/SafetyCenterAccessibilityListener(15585): accessibility event occurred, safety center feature not enabled.
07-14 22:04:20.970 I/TouchInteractionService(13347): onActiveNavBarRegionChanges, region : SkRegion((0,2265,388,2400)(389,2265,690,2400)(691,2265,961,2400))
07-14 22:04:20.970 V/Navbar.Store( 3511): ----handleEvent(0) OnUpdateRemoteViewContainer(leftContainer=android.widget.LinearLayout{c0c0ac4 I.E...... ......I. 0,0-118,135 #7f0b04f6 app:id/left_remoteview}, rightContainer=android.widget.LinearLayout{4007dad I.E...... ......I. 962,0-1080,135 #7f0b07aa app:id/right_remoteview}, contextualButtonVisible=false, darkIntensity=0.0) [Module] SamsungNavigationBarView
07-14 22:04:20.970 V/Navbar.Store( 3511): ------[Band]REMOTE_VIEW_PACK_SET_REMOTEVIEW_CONTAINER
07-14 22:04:20.970 V/Navbar.Store( 3511): --------apply(0) UpdateRemoteViewContainer
07-14 22:04:20.971 V/Navbar.Store( 3511): --------apply(0) UpdateRemoteViewDarkIntensity
07-14 22:04:20.971 V/Navbar.Store( 3511): handleEvent(0) OnNavBarUpdateA11YService(clickable=false, longClickable=false) [Module] NavigationBar
07-14 22:04:20.971 V/Navbar.Store( 3511): --[Band]SETUPWIZARD_PACK_UPDATE_A11Y_SERVICE
07-14 22:04:20.989 I/TouchInteractionService(13347): onActiveNavBarRegionChanges, region : SkRegion((0,2265,388,2400)(389,2265,690,2400)(691,2265,961,2400))
07-14 22:04:21.126 W/libprocessgroup( 3149): Failed to open /dev/blkio//cgroup.procs: No such file or directory
07-14 22:04:21.129 W/libprocessgroup( 3149): Failed to open /dev/blkio//cgroup.procs: No such file or directory
07-14 22:04:21.131 W/libprocessgroup( 3149): Failed to open /dev/blkio//cgroup.procs: No such file or directory
07-14 22:04:21.151 I/SCS@AiSearch user 0(19416): (ObserverWorker::GALLERY) [main] entering in startWork triggered by [content://secmedia/cmh/location, content://secmedia/video/media, content://secmedia/images/media]():  
07-14 22:04:21.151 I/SCS@AiSearch user 0(19416): (BaseCollector::GALLERY) [main] entering in onChange():  
07-14 22:04:21.152 I/SCS@AiSearch user 0(19416): (BaseCollector::GALLERY) [GALLERY-0] entering in collectChanges():  
07-14 22:04:21.160 D/PackageManager( 3149): setEnabledSetting : userId = 0 packageName = com.samsung.android.scs cmp = androidx.work.impl.background.systemalarm.RescheduleReceiver newState = 1 callingPackage = 10111/com.samsung.android.scs
07-14 22:04:21.161 D/ApplicationPolicy( 3149): getApplicationStateEnabled : pkg = com.samsung.android.scs userId : 0
07-14 22:04:21.162 D/ApplicationPolicy( 3149): getApplicationComponentState : pkg = com.samsung.android.scs userId : 0
07-14 22:04:21.179 V/MdnieScenarioControlService( 3149): burn_in_prevention_mode(), enabled : true, mBurnInDisableAppEnabled : false , mAutoBrightnessMode : false, mHighBrightnessModeEnabled : false , mBurnInPreventionACL : false , platform_brightness_value : 104 , BURN_IN_PREVENTION_SUPPORT_VALUE : 143 , mBurnInPreventionEnabled : false , mGameAppLauncher : false
07-14 22:04:21.179 V/MdnieScenarioControlService( 3149): Disabled Burn-In Prevention Mode
07-14 22:04:21.180 D/SemDisplaySolutionManagerService( 3149): uid : 1000 , pid : 3149 , name : burnin_prevention_off
07-14 22:04:21.184 D/SemDisplaySolutionManagerService( 3149): where : application what : DEFAULT setScreenBrightnessScaleFactor(1.0) , mBrightnessCompensation : 1.0 , PMS value : 1.0
07-14 22:04:21.184 D/PowerManagerService( 3149): [api] setScreenBrightnessScaleFactor: scaleFactor: 1.0 (uid: 1000 pid: 3149)
07-14 22:04:21.185 D/SemDisplaySolutionManagerService( 3149): Normal Mode setMultipleScreenBrightness , application, DEFAULT, 1.0
07-14 22:04:21.194 I/SCS@AiSearch user 0(19416): (BaseCollector::GALLERY) fetchInternal values : maxSyncId: 2147516385 indexCount: 467 sourceCount: 467
07-14 22:04:21.244 I/SCS@AiSearch user 0(19416): (IndexManager) [GALLERY-0] entering in addIndex():  
07-14 22:04:21.244 I/SCS@AiSearch user 0(19416): (IndexManager) [INSERT] index=[com.google.android.providers.media], size=1
07-14 22:04:21.245 I/SCS@AiSearch user 0(19416): (IndexManager) getIndexWriter(): indexName com.google.android.providers.media
07-14 22:04:21.254 I/SCS@AiSearch user 0(19416): (IndexManager) [INSERT] Done
07-14 22:04:21.254 I/SCS@AiSearch user 0(19416): (IndexSearcherManager) [GALLERY-0] entering in refreshSearcherManager():  refreshSearcherManager for com.google.android.providers.media
07-14 22:04:21.303 I/SCS@AiSearch user 0(19416): (IndexSearcherManager) [GALLERY-0] leaving from refreshSearcherManager():  
07-14 22:04:21.303 I/SCS@AiSearch user 0(19416): (IndexManager) [GALLERY-0] entering in waitUntilCommitTaskFinished (idx=com.google.android.providers.media)():  
07-14 22:04:21.303 I/SCS@AiSearch user 0(19416): (IndexManager) [pool-14-thread-1] entering in commitIndexWriter():  
07-14 22:04:21.306 W/libprocessgroup( 3149): Failed to open /dev/blkio//cgroup.procs: No such file or directory
07-14 22:04:21.330 I/SCS@AiSearch user 0(19416): (IndexManager) [pool-14-thread-1] leaving from commitIndexWriter():  
07-14 22:04:21.331 I/SCS@AiSearch user 0(19416): (IndexManager) [GALLERY-0] leaving from waitUntilCommitTaskFinished (idx=com.google.android.providers.media)():  
07-14 22:04:21.331 I/SCS@AiSearch user 0(19416): (IndexManager) addIndex(): done
07-14 22:04:21.335 I/SCS@AiSearch user 0(19416): (BaseCollector::GALLERY) fetch: fetching took  157 ms
07-14 22:04:21.335 I/SCS@AiSearch user 0(19416): (BaseCollector::GALLERY) fetchChanges: applied 1 items
07-14 22:04:21.452 D/io_stats(  472): !@   8,0 r 159960408 3940288004 w 29838698 537732784 d 0 0 f 0 0 iot 31041948 0 th 0 0 0 pt 0 inp 0 0 1130767.607
07-14 22:04:21.457 D/SemNscXgbMsL1( 3149): Probability - Cloud gaming: [0.019276302]
07-14 22:04:21.458 D/SemNscXgbMsL1( 3149): Probability - Real time: [0.09896933]
07-14 22:04:21.458 D/SemNscXgbMsL1( 3149): Probability - Non real time: [0.7724965]
07-14 22:04:21.458 D/SemNscXgbMsL1( 3149): 1 sample inference time: 1.198808 msecs
07-14 22:04:21.460 D/SemNscXgbL2Rt( 3149): L2 RT 1 sample inference time: 2.183269 msecs
07-14 22:04:21.463 D/SemNscXgbL2Nrt( 3149): L2 NRT 1 sample inference time: 1.766731 msecs
07-14 22:04:21.584 D/PowerManagerService( 3149): UserActivityStateListenerState: 0
07-14 22:04:21.775 D/NetdEventListenerService( 3149): DNS Requested by : 107, 10339
07-14 22:04:21.781 E/msys    (18567): E[N mns:TigonMNS]_OnResolverSuccess(359)=>Cache refresh succeeded with system DNS resolver. IP count: 1
07-14 22:04:21.793 D/SemWifiUsabilityStatsMonitor( 3149): onWifiUsabilityStats - seqNum 205117, isSameBssidAndFreq true
07-14 22:04:21.794 I/SemWifiLinkQualityMonitor( 3149): Link Qos Query: 0.121 ms / 66.097 Mbps (72 / 0.010 / 1.000)
07-14 22:04:21.964 D/SemNscXgbMsL1( 3149): Probability - Cloud gaming: [0.06623305]
07-14 22:04:21.964 D/SemNscXgbMsL1( 3149): Probability - Real time: [0.23965162]
07-14 22:04:21.965 D/SemNscXgbMsL1( 3149): Probability - Non real time: [0.776714]
07-14 22:04:21.965 D/SemNscXgbMsL1( 3149): 1 sample inference time: 1.37873 msecs
07-14 22:04:21.967 D/SemNscXgbL2Rt( 3149): L2 RT 1 sample inference time: 2.549654 msecs
07-14 22:04:21.970 D/SemNscXgbL2Nrt( 3149): L2 NRT 1 sample inference time: 2.094461 msecs
07-14 22:04:22.023 D/SemCscFeature(20535): Encoded
07-14 22:04:22.063 W/MediaProvider( 4985): isAppCloneUserPair for user 0: false
07-14 22:04:22.082 D/SyncManager( 3149): userId - 0 auto - true
07-14 22:04:22.099 W/AccessibilityNodeInfoDumper(20535): Fetch time: 61ms
07-14 22:04:22.104 D/SettingsProvider( 3149): isChangeAllowed() : name = accessibility_enabled
07-14 22:04:22.104 I/GenerationRegistry( 3149): mBackingStore.isClosed() : false
07-14 22:04:22.107 I/GenerationRegistry( 3149): mBackingStore.isClosed() : false
07-14 22:04:22.108 D/WindowMagnificationMgr( 3149): requestConnection :false mConnectionState : 3
07-14 22:04:22.108 W/WindowMagnificationMgr( 3149): requestConnection duplicated request: connect=false, mConnectionState=DISCONNECTED
07-14 22:04:22.110 D/SettingsProvider( 3149): isChangeAllowed() : name = accelerometer_rotation
07-14 22:04:22.110 D/SettingsProvider( 3149): isChangeAllowed() : name = user_rotation
07-14 22:04:22.111 V/WindowManager( 3149): rotationForOrientation(orient=SCREEN_ORIENTATION_UNSPECIFIED (-1), last=ROTATION_0 (0)); user=ROTATION_0 (0) 
07-14 22:04:22.111 D/WindowManager( 3149): rotationForOrientation, orientationSource=ActivityRecord{3ea0f6f u0 com.collectiq.ai.local/com.collectiq.ai.MainActivity} t1261}
07-14 22:04:22.111 V/WindowManager( 3149): Computed rotation=ROTATION_0 (0) for display id=0 based on lastOrientation=SCREEN_ORIENTATION_UNSPECIFIED (-1) and oldRotation=ROTATION_0 (0), caller=com.android.server.wm.DisplayContent.updateRotationUnchecked:2410 com.android.server.wm.WindowManagerService.updateRotationUnchecked:4778 com.android.server.wm.WindowManagerService.thawDisplayRotation:4719 com.android.server.wm.WindowManagerService.thawRotation:4683 android.view.IWindowManager$Stub.onTransact:2536 com.android.server.wm.WindowManagerService.onTransact:1608 
07-14 22:04:22.119 I/SAMSUNGWALLET[IN](28681): [WalletStartup] Screen reader is disabled
07-14 22:04:22.121 I/Layer   (  812): id=51534 removeFromCurrentState WindowToken{bb6b7e3 type=2032 android.os.Binder@3669412}#51534 (125)
07-14 22:04:22.121 I/SurfaceFlinger(  812): id=51534 Removed WindowToken{bb6b7e3 type=2032 android.os.Binder@3669412}#51534 (125)
07-14 22:04:22.121 I/Layer   (  812): id=51534 Destroyed WindowToken{bb6b7e3 type=2032 android.os.Binder@3669412}#51534
07-14 22:04:22.132 D/BatterySaverPolicy( 3149): accessibility changed to false, updating policy.
07-14 22:04:22.145 W/WindowManager( 3149): Cannot find window which accessibility connection is added to
07-14 22:04:22.158 D/AndroidRuntime(20535): Shutting down VM
07-14 22:04:22.297 W/libprocessgroup( 3149): Failed to open /dev/blkio//cgroup.procs: No such file or directory
07-14 22:04:22.315 I/NetworkScheduler.Stats(23462): (REDACTED) Task %s/%s started execution. cause:%s exec_start_elapsed_seconds: %s
07-14 22:04:22.328 D/BoundBrokerSvc(23462): onBind: Intent { act=com.google.android.gms.gmscompliance.sync.BackgroundSyncGmsTaskService.ACTION_TASK_READY dat=chimera-action:/... cmp=com.google.android.gms/.chimera.PersistentInternalBoundBrokerService }
07-14 22:04:22.328 D/BoundBrokerSvc(23462): Loading bound service for intent: Intent { act=com.google.android.gms.gmscompliance.sync.BackgroundSyncGmsTaskService.ACTION_TASK_READY dat=chimera-action:/... cmp=com.google.android.gms/.chimera.PersistentInternalBoundBrokerService }
07-14 22:04:22.351 I/SDHMS:LOAD( 5236): type: LoadsFreqs, value: 0:35:10:1161999:2730000:520000:1132880:2400000:507000:50:200:0
07-14 22:04:22.352 I/NetworkScheduler.Stats(23462): (REDACTED) Task %s/%s finished executing. cause:%s result: %s elapsed_millis: %s uptime_millis: %s exec_start_elapsed_seconds: %s
07-14 22:04:22.364 W/libprocessgroup( 3149): Failed to open /dev/blkio//cgroup.procs: No such file or directory
07-14 22:04:22.375 D/BoundBrokerSvc(10937): onBind: Intent { act=com.google.android.gms.gmscompliance.sync.BackgroundSyncGmsTaskService.ACTION_TASK_READY dat=chimera-action:/... cmp=com.google.android.gms/.chimera.PersistentInternalBoundBrokerService }
07-14 22:04:22.375 D/BoundBrokerSvc(10937): Loading bound service for intent: Intent { act=com.google.android.gms.gmscompliance.sync.BackgroundSyncGmsTaskService.ACTION_TASK_READY dat=chimera-action:/... cmp=com.google.android.gms/.chimera.PersistentInternalBoundBrokerService }
07-14 22:04:22.377 I/NetworkScheduler.Stats(23462): (REDACTED) Task %s/%s started execution. cause:%s exec_start_elapsed_seconds: %s
07-14 22:04:22.393 D/BoundBrokerSvc(23462): onRebind: Intent { act=com.google.android.gms.libs.gmscorelogger.service.START dat=chimera-action:/... cmp=com.google.android.gms/.chimera.PersistentDirectBootAwareApiService }
07-14 22:04:22.410 I/NetworkScheduler.Stats(23462): (REDACTED) Task %s/%s started execution. cause:%s exec_start_elapsed_seconds: %s
07-14 22:04:22.425 I/NetworkScheduler.Stats(23462): (REDACTED) Task %s/%s finished executing. cause:%s result: %s elapsed_millis: %s uptime_millis: %s exec_start_elapsed_seconds: %s
07-14 22:04:22.429 D/BoundBrokerSvc(23462): onUnbind: Intent { act=com.google.android.gms.gmscompliance.sync.BackgroundSyncGmsTaskService.ACTION_TASK_READY dat=chimera-action:/... cmp=com.google.android.gms/.chimera.PersistentInternalBoundBrokerService }
07-14 22:04:22.453 D/BoundBrokerSvc(10937): onUnbind: Intent { act=com.google.android.gms.gmscompliance.sync.BackgroundSyncGmsTaskService.ACTION_TASK_READY dat=chimera-action:/... cmp=com.google.android.gms/.chimera.PersistentInternalBoundBrokerService }
07-14 22:04:22.454 I/NetworkScheduler.Stats(23462): (REDACTED) Task %s/%s finished executing. cause:%s result: %s elapsed_millis: %s uptime_millis: %s exec_start_elapsed_seconds: %s
07-14 22:04:22.471 D/SemNscXgbMsL1( 3149): Probability - Cloud gaming: [0.038473148]
07-14 22:04:22.471 D/SemNscXgbMsL1( 3149): Probability - Real time: [0.08931325]
07-14 22:04:22.471 D/SemNscXgbMsL1( 3149): Probability - Non real time: [0.4236592]
07-14 22:04:22.471 D/SemNscXgbMsL1( 3149): 1 sample inference time: 0.669154 msecs
07-14 22:04:22.473 D/SemNscXgbL2Rt( 3149): L2 RT 1 sample inference time: 1.399385 msecs
07-14 22:04:22.474 D/SemNscXgbL2Nrt( 3149): L2 NRT 1 sample inference time: 1.071692 msecs
07-14 22:04:22.606 I/SCS@AiSearch user 0(19416): (ObserverWorker::AOSP_MP) [main] entering in startWork triggered by [content://media/external/file/1000055599]():  
07-14 22:04:22.606 I/SCS@AiSearch user 0(19416): (BaseCollector::AOSP_MP) [main] entering in onChange():  
07-14 22:04:22.607 I/SCS@AiSearch user 0(19416): (BaseCollector::AOSP_MP) [AOSP_MP-0] entering in collectChanges():  
07-14 22:04:22.636 D/PackageManager( 3149): setEnabledSetting : userId = 0 packageName = com.samsung.android.scs cmp = androidx.work.impl.background.systemalarm.RescheduleReceiver newState = 1 callingPackage = 10111/com.samsung.android.scs
07-14 22:04:22.637 D/ApplicationPolicy( 3149): getApplicationStateEnabled : pkg = com.samsung.android.scs userId : 0
07-14 22:04:22.639 D/ApplicationPolicy( 3149): getApplicationComponentState : pkg = com.samsung.android.scs userId : 0
07-14 22:04:22.680 I/SCS@AiSearch user 0(19416): (BaseCollector::AOSP_MP) fetchInternal values : maxSyncId: 1000055464 indexCount: 1824 sourceCount: 1824
07-14 22:04:22.732 I/SCS@AiSearch user 0(19416): (IndexManager) [AOSP_MP-0] entering in addIndex():  
07-14 22:04:22.735 I/SCS@AiSearch user 0(19416): (BaseCollector::AOSP_MP) fetch: fetching took  84 ms
07-14 22:04:22.735 I/SCS@AiSearch user 0(19416): (BaseCollector::AOSP_MP) fetchChanges: applied 0 items
07-14 22:04:22.735 I/SCS@AiSearch user 0(19416): (BaseCollector::AOSP_MP) Collect finished. Result: true
07-14 22:04:22.738 I/SCS@AiSearch user 0(19416): (BaseCollector::AOSP_MP) enqueue ObserverWorker name: com.sec.android.app.myfiles, policy: APPEND_OR_REPLACE
07-14 22:04:22.738 I/WM-WorkerWrapper(19416): Worker result SUCCESS for Work [ id=da489b84-6b61-45b4-b52f-f107f00e21c6, tags={ com.sec.android.app.myfiles, com.samsung.android.scs.ai.search.data.collector.ObserverWorker } ]
07-14 22:04:22.778 D/PackageManager( 3149): setEnabledSetting : userId = 0 packageName = com.samsung.android.scs cmp = androidx.work.impl.background.systemalarm.RescheduleReceiver newState = 1 callingPackage = 10111/com.samsung.android.scs
07-14 22:04:22.779 D/ApplicationPolicy( 3149): getApplicationStateEnabled : pkg = com.samsung.android.scs userId : 0
07-14 22:04:22.780 D/ApplicationPolicy( 3149): getApplicationComponentState : pkg = com.samsung.android.scs userId : 0
07-14 22:04:23.366 I/SCS@AiSearch user 0(19416): (BaseCollector::GALLERY) doesDataKeepChanging: postpone count: 0 - source count: very first = 468, previous = 468, current = 468
07-14 22:04:23.366 I/SCS@AiSearch user 0(19416): (BaseCollector::GALLERY) [GALLERY-0] entering in collectChanges():  
07-14 22:04:23.402 I/SCS@AiSearch user 0(19416): (BaseCollector::GALLERY) fetchInternal values : maxSyncId: 2147516386 indexCount: 468 sourceCount: 468
07-14 22:04:23.435 D/SemNscXgbMsL1( 3149): Probability - Cloud gaming: [0.01437897]
07-14 22:04:23.436 D/SemNscXgbMsL1( 3149): Probability - Real time: [0.15242556]
07-14 22:04:23.436 D/SemNscXgbMsL1( 3149): Probability - Non real time: [0.6827289]
07-14 22:04:23.436 D/SemNscXgbMsL1( 3149): 1 sample inference time: 1.117808 msecs
07-14 22:04:23.438 D/SemNscXgbL2Rt( 3149): L2 RT 1 sample inference time: 2.101424 msecs
07-14 22:04:23.440 D/SemNscXgbL2Nrt( 3149): L2 NRT 1 sample inference time: 1.663307 msecs
07-14 22:04:23.452 D/io_stats(  472): !@   8,0 r 159960532 3940290048 w 29838815 537734360 d 0 0 f 0 0 iot 31042032 0 th 0 0 0 pt 0 inp 0 0 1130769.607
07-14 22:04:23.460 I/SCS@AiSearch user 0(19416): (IndexManager) [GALLERY-0] entering in addIndex():  
07-14 22:04:23.465 I/SCS@AiSearch user 0(19416): (BaseCollector::GALLERY) fetch: fetching took  81 ms
07-14 22:04:23.465 I/SCS@AiSearch user 0(19416): (BaseCollector::GALLERY) fetchChanges: applied 0 items
07-14 22:04:23.465 I/SCS@AiSearch user 0(19416): (BaseCollector::GALLERY) Collect finished. Result: true
07-14 22:04:23.467 I/SCS@AiSearch user 0(19416): (BaseCollector::GALLERY) enqueue ObserverWorker name: com.google.android.providers.media, policy: APPEND_OR_REPLACE
07-14 22:04:23.467 I/WM-WorkerWrapper(19416): Worker result SUCCESS for Work [ id=9e2de73b-ae33-47aa-80ed-62a0b92364d1, tags={ com.google.android.providers.media, com.samsung.android.scs.ai.search.data.collector.ObserverWorker } ]
07-14 22:04:23.510 D/PackageManager( 3149): setEnabledSetting : userId = 0 packageName = com.samsung.android.scs cmp = androidx.work.impl.background.systemalarm.RescheduleReceiver newState = 1 callingPackage = 10111/com.samsung.android.scs
07-14 22:04:23.511 D/ApplicationPolicy( 3149): getApplicationStateEnabled : pkg = com.samsung.android.scs userId : 0
07-14 22:04:23.513 D/ApplicationPolicy( 3149): getApplicationComponentState : pkg = com.samsung.android.scs userId : 0
07-14 22:04:23.748 D/SGM:GameManager( 3149): identifyForegroundApp. com.collectiq.ai.local, mCurrentUserId: 0, callerUserId: 0
07-14 22:04:23.748 D/SGM:PkgDataHelper( 3149): getGamePkgData(). com.collectiq.ai.local
07-14 22:04:23.749 I/PolicyManager(17410): [#CMH#] Is foreground game app: false
07-14 22:04:23.941 D/SemNscXgbMsL1( 3149): Probability - Cloud gaming: [0.049499173]
07-14 22:04:23.942 D/SemNscXgbMsL1( 3149): Probability - Real time: [0.23636438]
07-14 22:04:23.942 D/SemNscXgbMsL1( 3149): Probability - Non real time: [0.86489004]
07-14 22:04:23.942 D/SemNscXgbMsL1( 3149): 1 sample inference time: 1.309231 msecs
07-14 22:04:23.945 D/SemNscXgbL2Rt( 3149): L2 RT 1 sample inference time: 2.692885 msecs
07-14 22:04:23.948 D/SemNscXgbL2Nrt( 3149): L2 NRT 1 sample inference time: 2.626423 msecs
07-14 22:04:24.450 D/SemNscXgbMsL1( 3149): Probability - Cloud gaming: [0.025724191]
07-14 22:04:24.450 D/SemNscXgbMsL1( 3149): Probability - Real time: [0.11795166]
07-14 22:04:24.451 D/SemNscXgbMsL1( 3149): Probability - Non real time: [0.6938406]
07-14 22:04:24.451 D/SemNscXgbMsL1( 3149): 1 sample inference time: 1.401653 msecs
07-14 22:04:24.454 D/SemNscXgbL2Rt( 3149): L2 RT 1 sample inference time: 2.606 msecs
07-14 22:04:24.456 D/SemNscXgbL2Nrt( 3149): L2 NRT 1 sample inference time: 2.152692 msecs
07-14 22:04:24.674 E/audit   (  685): type=1400 audit(1784030664.672:761721): avc:  denied  { write } for  pid=23462 comm="ThreadPoolForeg" name="traced_producer" dev="tmpfs" ino=7808 scontext=u:r:gmscore_app:s0:c512,c768 tcontext=u:object_r:traced_producer_socket:s0 tclass=sock_file permissive=0 SEPF_SM-E625F_13_0001 audit_filtered
07-14 22:04:24.674 E/audit   (  685): type=1300 audit(1784030664.672:761721): arch=c00000b7 syscall=203 success=no exit=-13 a0=bc a1=b400007418004070 a2=1e a3=ffffffff95bb1b4a items=1 ppid=2929 pid=23462 auid=4294967295 uid=10228 gid=10228 euid=10228 suid=10228 fsuid=10228 egid=10228 sgid=10228 fsgid=10228 tty=(none) ses=4294967295 comm="ThreadPoolForeg" exe="/system/bin/app_process64" subj=u:r:gmscore_app:s0:c512,c768 key=(null)
07-14 22:04:24.674 E/audit   (  685): type=1306 audit(1784030664.672:761721): saddr=01002F6465762F736F636B65742F7472616365645F70726F647563657200
07-14 22:04:24.674 E/audit   (  685): type=1302 audit(1784030664.672:761721): item=0 name="/dev/socket/traced_producer" inode=7808 dev=00:11 mode=0140666 ouid=0 ogid=0 rdev=00:00 obj=u:object_r:traced_producer_socket:s0 nametype=NORMAL cap_fp=0000000000000000 cap_fi=0000000000000000 cap_fe=0 cap_fver=0
07-14 22:04:24.674 E/audit   (  685): type=1327 audit(1784030664.672:761721): proctitle="com.google.android.gms.persistent"
07-14 22:04:24.884 D/SemWifiUsabilityStatsMonitor( 3149): onWifiUsabilityStats - seqNum 205118, isSameBssidAndFreq true
07-14 22:04:24.890 I/SemWifiLinkQualityMonitor( 3149): Link Qos Query: 0.127 ms / 63.140 Mbps (72 / 0.016 / 1.000)
07-14 22:04:24.958 D/SemNscXgbMsL1( 3149): Probability - Cloud gaming: [0.041000284]
07-14 22:04:24.959 D/SemNscXgbMsL1( 3149): Probability - Real time: [0.07786157]
07-14 22:04:24.959 D/SemNscXgbMsL1( 3149): Probability - Non real time: [0.81829774]
07-14 22:04:24.959 D/SemNscXgbMsL1( 3149): 1 sample inference time: 1.723616 msecs
07-14 22:04:24.963 D/SemNscXgbL2Rt( 3149): L2 RT 1 sample inference time: 3.004 msecs
07-14 22:04:24.965 D/SemNscXgbL2Nrt( 3149): L2 NRT 1 sample inference time: 2.390192 msecs
07-14 22:04:25.457 D/io_stats(  472): !@   8,0 r 159960548 3940290784 w 29838817 537734372 d 0 0 f 0 0 iot 31042044 0 th 0 0 0 pt 0 inp 0 0 1130771.612
07-14 22:04:25.466 D/SemNscXgbMsL1( 3149): Probability - Cloud gaming: [0.025300449]
07-14 22:04:25.467 D/SemNscXgbMsL1( 3149): Probability - Real time: [0.37965283]
07-14 22:04:25.467 D/SemNscXgbMsL1( 3149): Probability - Non real time: [0.818891]
07-14 22:04:25.468 D/SemNscXgbMsL1( 3149): 1 sample inference time: 2.320423 msecs
07-14 22:04:25.471 D/SemNscXgbL2Rt( 3149): L2 RT 1 sample inference time: 3.414154 msecs
07-14 22:04:25.474 D/SemNscXgbL2Nrt( 3149): L2 NRT 1 sample inference time: 2.686462 msecs
07-14 22:04:25.481 D/PickerSyncController( 4985): syncAllMedia
07-14 22:04:25.481 D/PickerSyncController( 4985): syncAllMediaFromProvider() LOCAL, auth=com.android.providers.media.photopicker, retry=true
07-14 22:04:25.482 D/PickerSyncController( 4985): getSyncRequestParams() LOCAL, auth=com.android.providers.media.photopicker
07-14 22:04:25.514 D/PickerSyncController( 4985):    Latest ID/Gen=1405:78e3ff48-9de1-4021-ab05-debe3e857331:external_primary/570453
07-14 22:04:25.514 D/PickerSyncController( 4985):    Cached ID/Gen=1405:78e3ff48-9de1-4021-ab05-debe3e857331:external_primary/570445
07-14 22:04:25.514 D/PickerSyncController( 4985):    RESULT=SyncRequestParams{type=MEDIA_INCREMENTAL, gen=570445, latest=Bundle[{last_media_sync_generation=570453, media_collection_id=1405:78e3ff48-9de1-4021-ab05-debe3e857331:external_primary}]}
07-14 22:04:25.514 I/PickerSyncController( 4985): Executing SyncAdd. isLocal: true. authority: com.android.providers.media.photopicker
07-14 22:04:25.525 I/PickerSyncController( 4985): Paged sync successful. QueryArgs: Bundle[{android.provider.extra.SYNC_GENERATION=570445}]. Result count: 1. Cursor count: 1
07-14 22:04:25.530 I/PickerSyncController( 4985): Executing SyncRemove. isLocal: true. authority: com.android.providers.media.photopicker
07-14 22:04:25.540 I/PickerSyncController( 4985): Paged sync successful. QueryArgs: Bundle[{android.provider.extra.SYNC_GENERATION=570445}]. Result count: 0. Cursor count: 0
07-14 22:04:25.541 D/PickerSyncController( 4985): syncAllMediaFromProvider() CLOUD, auth=null, retry=true
07-14 22:04:25.541 D/PickerSyncController( 4985): getSyncRequestParams() CLOUD, auth=null
07-14 22:04:25.541 D/PickerSyncController( 4985):    RESULT=SyncRequestParams{type=MEDIA_RESET, gen=0, latest=null}
07-14 22:04:25.541 I/PickerSyncController( 4985): Executing SyncReset. isLocal: false. authority: null
07-14 22:04:25.542 I/PickerSyncController( 4985): SyncReset. isLocal:false. authority: null. result count: 0
07-14 22:04:25.542 D/PickerSyncController( 4985): Ignoring cache media info for null authority with bundle: null
07-14 22:04:25.542 I/PickerSyncController( 4985): Executing SyncAlbumReset. isLocal: true. authority: com.android.providers.media.photopicker. albumId: null
07-14 22:04:25.542 I/PickerSyncController( 4985): Successfully executed SyncResetAlbum. authority: com.android.providers.media.photopicker. albumId: null. Result count: 0
07-14 22:04:25.542 I/PickerSyncController( 4985): Executing SyncAlbumReset. isLocal: false. authority: null. albumId: null
07-14 22:04:25.542 I/PickerSyncController( 4985): Successfully executed SyncResetAlbum. authority: null. albumId: null. Result count: 0
07-14 22:04:25.597 D/DelayedNotifier( 7060): notify for scanItem.
07-14 22:04:25.599 I/BaseThreadPoolExecutor(17410): [#CMH#] Task o.e@a61a339 is submitted
07-14 22:04:25.599 D/SyncManager( 3149): userId - 0 auto - true
07-14 22:04:25.623 I/MediaContentSyncTask(17410): [#CMH#] No of Row (SEC MP :  468, Max Id : 2147516386) (CMH : 468, Max Id : 2147516386) - Time :6
07-14 22:04:25.649 I/MediaContentSyncTask(17410): [#CMH#] MP time stamp :  1784030660551, CMH time stamp : 1784030660551
07-14 22:04:25.649 I/MediaContentSyncTask(17410): [#CMH#] Update ITEM :  0
07-14 22:04:25.655 I/BaseThreadPoolExecutor(17410): [#CMH#] afterExecute FutureTask
07-14 22:04:25.656 I/ControllerEventHandler(17410): [#CMH#] Alive Privacy Ignored Policy Called:  false
07-14 22:04:25.656 I/ControllerEventHandler(17410): [#CMH#] POI Feature is False 
07-14 22:04:25.940 I/SemWifiServiceDetector( 3149): Traff. tracking stopped
07-14 22:04:26.767 D/MobileStatusTracker(0/4)( 3511): onSignalStrengthsChanged level=3, vendorLevel=3
07-14 22:04:26.777 D/MobileSignalController(0/4)( 3511): notifyListener: enabled=true, connected=true, dataConnected=false, networkType=LTE (4G), emergencyOnly=true, roaming=false, isDefault=false, dataActivity=, level=3, ca=false, mmWave=false, disabledDataIcon=false, simCard=ETC
07-14 22:04:26.778 D/NetworkController( 3511): SignalStrength from intent slotId=0
07-14 22:04:27.314 I/NearbyMediums(23462): No BLE Fast/GATT advertisements found in the latest cycle.
07-14 22:04:27.315 I/NearbyMediums(23462): Current Tracked Scanning Clients are : {NearbyConnections.EnvironmentMonitor, NearbySharing, NearbyConnections.TxAdvertisement}
07-14 22:04:27.316 I/NearbyMediums(10937): No BLE Fast/GATT advertisements found in the latest cycle.
07-14 22:04:27.320 I/NearbyMediums(10937): Current Tracked Scanning Clients are : {NearbyConnections.EnvironmentMonitor, NearbySharing}
07-14 22:04:27.458 D/io_stats(  472): !@   8,0 r 159960581 3940291712 w 29838834 537734512 d 0 0 f 0 0 iot 31042072 0 th 0 0 0 pt 0 inp 0 0 1130773.613
07-14 22:04:27.923 I/wpa_supplicant(23780): Heartbeat 102639
07-14 22:04:28.024 D/SemWifiUsabilityStatsMonitor( 3149): onWifiUsabilityStats - seqNum 205119, isSameBssidAndFreq true
07-14 22:04:28.028 I/SemWifiLinkQualityMonitor( 3149): Link Qos Query: 0.161 ms / 49.844 Mbps (72 / 0.017 / 1.250)
07-14 22:04:29.459 D/io_stats(  472): !@   8,0 r 159960581 3940291712 w 29838849 537734948 d 0 0 f 0 0 iot 31042076 0 th 0 0 0 pt 0 inp 0 0 1130775.614
07-14 22:04:30.430 D/SGM:GameManager( 3149): identifyForegroundApp. com.collectiq.ai.local, mCurrentUserId: 0, callerUserId: 0
07-14 22:04:30.430 D/SGM:PkgDataHelper( 3149): getGamePkgData(). com.collectiq.ai.local
07-14 22:04:30.431 I/PolicyManager(17410): [#CMH#] Is foreground game app: false
07-14 22:04:30.901 E/sehhealth-service(  761): Could not open /sys/class/power_supply/battery/lrp
07-14 22:04:31.129 D/SemWifiUsabilityStatsMonitor( 3149): onWifiUsabilityStats - seqNum 205120, isSameBssidAndFreq true
07-14 22:04:31.136 D/NetworkController.WifiSignalController( 3511): notifyListener: visible=true, connected=true, inetCondition=1, isDefault=true, wifiTestReported=true, receivedInetCondition=-1, hideDuringMobileSwitching=false
07-14 22:04:31.140 D/Tile.WifiTile( 3511): handleUpdateState isTransient=false transientEnabling =false cb.isTransient=false state.state = 2 mStateBeforeClick.value =false enabled =true
07-14 22:04:31.140 I/SemWifiLinkQualityMonitor( 3149): Link Qos Query: 0.370 ms / 21.650 Mbps (72 / 0.185 / 1.250)
07-14 22:04:32.494 I/SDHMS:LOAD( 5236): type: LoadsFreqs, value: 0:0:7:520000:520000:520000:536900:2002000:507000:0:0:0
07-14 22:04:33.461 D/io_stats(  472): !@   8,0 r 159960586 3940291768 w 29838850 537734952 d 0 0 f 0 0 iot 31042080 0 th 0 0 0 pt 0 inp 0 0 1130779.616
07-14 22:04:33.842 D/ConnectivityManager(19606): StackLog: [android.net.ConnectivityManager.sendRequestForNetwork(ConnectivityManager.java:4300)] [android.net.ConnectivityManager.registerDefaultNetworkCallbackForUid(ConnectivityManager.java:4864)] [android.net.ConnectivityManager.registerDefaultNetworkCallback(ConnectivityManager.java:4831)] [android.net.ConnectivityManager.registerDefaultNetworkCallback(ConnectivityManager.java:4805)] [a$$ExternalSyntheticApiModelOutline0.m(D8$$SyntheticClass:72)] [cpn.b(PG:730)] [cpn.a(PG:120)] [cmew.g(PG:3)] [cmeu.b(PG:57)] [hgw.b(PG:39)] [clst.w(PG:11)] [cmba.run(PG:112)] [kjn.run(PG:67)] [anux.run(PG:7)] [camv.run(PG:44)] [kjd.run(PG:488)] [java.lang.Thread.run(Thread.java:1012)] [anvo.run(PG:61)]
07-14 22:04:33.851 D/ConnectivityService( 3149): requestNetwork for uid/pid:10243/19606 activeRequest: null callbackRequest: 78024 [NetworkRequest [ REQUEST id=78025, [ Capabilities: INTERNET&NOT_RESTRICTED&TRUSTED&NOT_VCN_MANAGED Uid: 10243 RequestorUid: 10243 RequestorPkg: com.google.android.gm UnderlyingNetworks: Null] ]] callback flags: 0 order: 2147483647
07-14 22:04:33.853 D/ConnectivityService( 3149):    accepting network in place of null
07-14 22:04:33.857 D/WifiNetworkFactory( 3149): got request NetworkRequest [ REQUEST id=78025, [ Capabilities: INTERNET&NOT_RESTRICTED&TRUSTED&NOT_VCN_MANAGED Uid: 10243 RequestorUid: 10243 RequestorPkg: com.google.android.gm UnderlyingNetworks: Null] ]
07-14 22:04:33.859 D/UntrustedWifiNetworkFactory( 3149): got request NetworkRequest [ REQUEST id=78025, [ Capabilities: INTERNET&NOT_RESTRICTED&TRUSTED&NOT_VCN_MANAGED Uid: 10243 RequestorUid: 10243 RequestorPkg: com.google.android.gm UnderlyingNetworks: Null] ]
07-14 22:04:33.859 D/OemPaidWifiNetworkFactory( 3149): got request NetworkRequest [ REQUEST id=78025, [ Capabilities: INTERNET&NOT_RESTRICTED&TRUSTED&NOT_VCN_MANAGED Uid: 10243 RequestorUid: 10243 RequestorPkg: com.google.android.gm UnderlyingNetworks: Null] ]
07-14 22:04:33.859 D/MultiInternetWifiNetworkFactory( 3149): got request NetworkRequest [ REQUEST id=78025, [ Capabilities: INTERNET&NOT_RESTRICTED&TRUSTED&NOT_VCN_MANAGED Uid: 10243 RequestorUid: 10243 RequestorPkg: com.google.android.gm UnderlyingNetworks: Null] ]
07-14 22:04:33.860 D/ConnectivityService( 3149): Rematched networks [computed 1ms] [applied 2ms] [issued 5]
07-14 22:04:33.860 D/ConnectivityService( 3149): NetworkReassignment :
07-14 22:04:33.860 D/ConnectivityService( 3149):   78025 : null → 107
07-14 22:04:33.874 W/aqqf    (19606): No input data for worker key null for task with tags: [com.google.android.libraries.notifications.platform.entrypoints.job.GnpWorker, GNP_SDK_JOB]
07-14 22:04:34.135 D/TrafficStats(23462): tagSocket(188) with statsTag=0x4000401, statsUid=10243
07-14 22:04:34.182 W/keymaster_tee(  490): [WRN]begin req PARAMS: A3 D4 
07-14 22:04:34.188 I/keystore2(  489): keystore2::security_level: In create_operation. Success to create IKeystoreOperation. 10228, None
07-14 22:04:34.196 D/ConnectivityService( 3149): notifyType CALLBACK_CAP_CHANGED for [107 WIFI]
07-14 22:04:34.197 D/SemWifiUsabilityStatsMonitor( 3149): onWifiUsabilityStats - seqNum 205121, isSameBssidAndFreq true
