--------- beginning of main
07-14 22:04:01.902 I/SemWifiServiceDetector( 3149): Traff. tracking stopped
--------- beginning of system
07-14 22:04:02.126 I/SDHMS:LOAD( 5236): type: LoadsFreqs, value: 0:0:0:520000:520000:520000:703980:2400000:507000:0:0:0
07-14 22:04:02.132 I/EDMNativeHelperService( 3149): isScreenCaptureEnabled
07-14 22:04:02.137 D/RestrictionPolicy( 3149): isScreenCaptureEnabled : ret=true userId=0
07-14 22:04:02.166 W/MediaProvider( 4985): isAppCloneUserPair for user 0: false
07-14 22:04:02.187 W/ProcessState(20345): Extra binder thread started, but 0 threads requested. Do not use *startThreadPool when zero threads are requested.
07-14 22:04:02.210 D/SyncManager( 3149): userId - 0 auto - true
07-14 22:04:02.259 E/_qlseek ( 7060): errno : 22
07-14 22:04:02.260 E/Qdio::ParseQdio( 7060): File Search Error
07-14 22:04:02.277 W/ExifInterface( 7060): Invalid image: ExifInterface got an unsupported image format file(ExifInterface supports JPEG and some RAW image formats only) or a corrupted JPEG file to ExifInterface.
07-14 22:04:02.277 W/ExifInterface( 7060): java.io.EOFException
07-14 22:04:02.277 W/ExifInterface( 7060): 	at android.media.ExifInterface$ByteOrderedDataInputStream.readShort(ExifInterface.java:5063)
07-14 22:04:02.277 W/ExifInterface( 7060): 	at android.media.ExifInterface.readByteOrder(ExifInterface.java:4006)
07-14 22:04:02.277 W/ExifInterface( 7060): 	at android.media.ExifInterface.parseTiffHeaders(ExifInterface.java:4026)
07-14 22:04:02.277 W/ExifInterface( 7060): 	at android.media.ExifInterface.getRawAttributes(ExifInterface.java:2992)
07-14 22:04:02.277 W/ExifInterface( 7060): 	at android.media.ExifInterface.loadAttributes(ExifInterface.java:2041)
07-14 22:04:02.277 W/ExifInterface( 7060): 	at android.media.ExifInterface.<init>(ExifInterface.java:1641)
07-14 22:04:02.277 W/ExifInterface( 7060): 	at android.media.ExifInterface.<init>(ExifInterface.java:1592)
07-14 22:04:02.277 W/ExifInterface( 7060): 	at com.samsung.android.providers.media.scan.MediaParser.getDateTimeOriginal(MediaParser.java:390)
07-14 22:04:02.277 W/ExifInterface( 7060): 	at com.samsung.android.providers.media.scan.MediaParser.computeDateMetadata(MediaParser.java:367)
07-14 22:04:02.277 W/ExifInterface( 7060): 	at com.samsung.android.providers.media.sync.MediaSync.createOperation(MediaSync.java:429)
07-14 22:04:02.277 W/ExifInterface( 7060): 	at com.samsung.android.providers.media.sync.MediaSync.loadInternal(MediaSync.java:389)
07-14 22:04:02.277 W/ExifInterface( 7060): 	at com.samsung.android.providers.media.sync.MediaSync.load(MediaSync.java:325)
07-14 22:04:02.277 W/ExifInterface( 7060): 	at com.samsung.android.providers.media.sync.MediaSync.-$$Nest$mload(Unknown Source:0)
07-14 22:04:02.277 W/ExifInterface( 7060): 	at com.samsung.android.providers.media.sync.MediaSync$SyncTask.run(MediaSync.java:475)
07-14 22:04:02.277 W/ExifInterface( 7060): 	at android.os.Handler.handleCallback(Handler.java:942)
07-14 22:04:02.277 W/ExifInterface( 7060): 	at android.os.Handler.dispatchMessage(Handler.java:99)
07-14 22:04:02.277 W/ExifInterface( 7060): 	at android.os.Looper.loopOnce(Looper.java:226)
07-14 22:04:02.277 W/ExifInterface( 7060): 	at android.os.Looper.loop(Looper.java:313)
07-14 22:04:02.277 W/ExifInterface( 7060): 	at android.os.HandlerThread.run(HandlerThread.java:67)
07-14 22:04:02.281 W/libprocessgroup( 3149): Failed to open /dev/blkio//cgroup.procs: No such file or directory
07-14 22:04:02.282 I/servicemanager(  434): Could not find android.hardware.graphics.allocator.IAllocator/default in the VINTF manifest.
07-14 22:04:02.311 I/NetworkScheduler.Stats(23462): (REDACTED) Task %s/%s started execution. cause:%s exec_start_elapsed_seconds: %s
07-14 22:04:02.324 I/NetworkScheduler.Stats(23462): (REDACTED) Task %s/%s finished executing. cause:%s result: %s elapsed_millis: %s uptime_millis: %s exec_start_elapsed_seconds: %s
07-14 22:04:02.402 D/MediaSync( 7060): loaded: 203ms, 1
07-14 22:04:02.441 I/keystore2(  489): keystore2::watchdog: Watchdog thread idle -> terminating. Have a great day.
07-14 22:04:02.702 W/libprocessgroup( 3149): Failed to open /dev/blkio//cgroup.procs: No such file or directory
07-14 22:04:02.707 D/CompatibilityChangeReporter( 3149): Compat change id reported: 168419799; UID 10111; state: DISABLED
07-14 22:04:02.736 I/SCS@AiSearch user 0(19416): (ObserverWorker::AOSP_MP) [main] entering in startWork triggered by [content://media/external/file/1000055592]():  
07-14 22:04:02.736 I/SCS@AiSearch user 0(19416): (BaseCollector::AOSP_MP) [main] entering in onChange():  
07-14 22:04:02.737 I/SCS@AiSearch user 0(19416): (BaseCollector::AOSP_MP) [AOSP_MP-0] entering in collectChanges():  
07-14 22:04:02.748 D/PackageManager( 3149): setEnabledSetting : userId = 0 packageName = com.samsung.android.scs cmp = androidx.work.impl.background.systemalarm.RescheduleReceiver newState = 1 callingPackage = 10111/com.samsung.android.scs
07-14 22:04:02.748 D/ApplicationPolicy( 3149): getApplicationStateEnabled : pkg = com.samsung.android.scs userId : 0
07-14 22:04:02.751 D/ApplicationPolicy( 3149): getApplicationComponentState : pkg = com.samsung.android.scs userId : 0
07-14 22:04:02.809 I/SCS@AiSearch user 0(19416): (BaseCollector::AOSP_MP) fetchInternal values : maxSyncId: 1000055464 indexCount: 1824 sourceCount: 1824
07-14 22:04:02.858 I/SCS@AiSearch user 0(19416): (IndexManager) [AOSP_MP-0] entering in addIndex():  
07-14 22:04:02.861 I/SCS@AiSearch user 0(19416): (BaseCollector::AOSP_MP) fetch: fetching took  82 ms
07-14 22:04:02.861 I/SCS@AiSearch user 0(19416): (BaseCollector::AOSP_MP) fetchChanges: applied 0 items
07-14 22:04:02.861 I/SCS@AiSearch user 0(19416): (BaseCollector::AOSP_MP) Collect finished. Result: true
07-14 22:04:02.863 I/WM-WorkerWrapper(19416): Worker result SUCCESS for Work [ id=79055e0b-896b-4c22-9bca-727c523335c9, tags={ com.sec.android.app.myfiles, com.samsung.android.scs.ai.search.data.collector.ObserverWorker } ]
07-14 22:04:02.866 I/SCS@AiSearch user 0(19416): (BaseCollector::AOSP_MP) enqueue ObserverWorker name: com.sec.android.app.myfiles, policy: APPEND_OR_REPLACE
07-14 22:04:02.902 D/PackageManager( 3149): setEnabledSetting : userId = 0 packageName = com.samsung.android.scs cmp = androidx.work.impl.background.systemalarm.RescheduleReceiver newState = 1 callingPackage = 10111/com.samsung.android.scs
07-14 22:04:02.903 D/ApplicationPolicy( 3149): getApplicationStateEnabled : pkg = com.samsung.android.scs userId : 0
07-14 22:04:02.904 D/ApplicationPolicy( 3149): getApplicationComponentState : pkg = com.samsung.android.scs userId : 0
07-14 22:04:02.930 W/libprocessgroup( 3149): Failed to open /dev/blkio//cgroup.procs: No such file or directory
07-14 22:04:02.940 W/libprocessgroup( 3149): Failed to open /dev/blkio//cgroup.procs: No such file or directory
07-14 22:04:02.955 I/Finsky  (16467): [2] SCH: job service start with id 9096.
07-14 22:04:02.964 I/CMHJobService(17410): [#CMH#] onStartJob Called at Jul 14,2026 22:04:02 
07-14 22:04:02.968 I/Finsky  (16467): [34502] SCH: Satisfied jobs for 9096 are: 12-1
07-14 22:04:02.969 I/CMHJobService(17410): [#CMH#] Battery Percentage is:  1.0, High Temp: 32768
07-14 22:04:02.973 I/Finsky  (16467): [34504] SCH: Job 12-1 starting
07-14 22:04:02.973 I/Finsky  (16467): [2] WM::SCH: Logging work start for 12-1
07-14 22:04:02.974 I/Finsky  (16467): [2] [ContentSync] job started
07-14 22:04:03.006 D/statsd  (  709): StateTracker did not find state value for query key (27)0x10000->10261[I] 
07-14 22:04:03.006 W/statsd  (  709): StateTracker not found for state atom 27
07-14 22:04:03.008 D/statsd  (  709): StateTracker did not find state value for query key (27)0x10000->10261[I] 
07-14 22:04:03.008 W/statsd  (  709): StateTracker not found for state atom 27
07-14 22:04:03.018 D/statsd  (  709): StateTracker did not find state value for query key (27)0x10000->10261[I] 
07-14 22:04:03.018 W/statsd  (  709): StateTracker not found for state atom 27
07-14 22:04:03.027 I/MediaProvider( 4985): Begin Intent { act=android.intent.action.MEDIA_SCANNER_SCAN_FILE dat=file:///... flg=0x1400010 cmp=com.google.android.providers.media.module/com.android.providers.media.MediaService }
07-14 22:04:03.087 W/SQLiteLog( 4985): (28) walCheckpoint: eMode(0), mxFrame(1292), /data/user/0/com.google.android.providers.media.module/databases/external.db-wal
07-14 22:04:03.091 I/MediaProvider( 4985): End Intent { act=android.intent.action.MEDIA_SCANNER_SCAN_FILE dat=file:///... flg=0x1400010 cmp=com.google.android.providers.media.module/com.android.providers.media.MediaService }
07-14 22:04:03.092 D/SyncManager( 3149): userId - 0 auto - true
07-14 22:04:03.099 D/statsd  (  709): StateTracker did not find state value for query key (27)0x10000->10261[I] 
07-14 22:04:03.099 W/statsd  (  709): StateTracker not found for state atom 27
07-14 22:04:03.169 I/system_server( 3149): Background young concurrent copying GC freed 495573(18MB) AllocSpace objects, 60(1700KB) LOS objects, 11% free, 151MB/171MB, paused 779us,228us total 125.471ms
07-14 22:04:03.176 D/SyncManager( 3149): userId - 0 auto - true
07-14 22:04:03.185 I/BaseThreadPoolExecutor(17410): [#CMH#] Task o.e@a61a339 is submitted
07-14 22:04:03.193 D/MediaSync( 7060): loaded: 99ms, 1
07-14 22:04:03.210 D/MediaParser( 7060): scanItem: 1
07-14 22:04:03.221 D/SyncManager( 3149): userId - 0 auto - true
07-14 22:04:03.227 W/libprocessgroup( 3149): Failed to open /dev/blkio//cgroup.procs: No such file or directory
07-14 22:04:03.246 D/LocationService( 7060): Begin: com.samsung.intent.action.UPDATE_LOCATION
07-14 22:04:03.271 D/LocationManager( 7060): delete null addr: 0
07-14 22:04:03.284 W/d.process.media( 7060): Reducing the number of considered missed Gc histogram windows from 235 to 100
07-14 22:04:03.305 I/MediaContentSyncTask(17410): [#CMH#] No of Row (SEC MP :  465, Max Id : 2147516383) (CMH : 464, Max Id : 2147516382) - Time :17
07-14 22:04:03.306 D/SemWifiUsabilityStatsMonitor( 3149): onWifiUsabilityStats - seqNum 205111, isSameBssidAndFreq true
07-14 22:04:03.308 D/NetworkController.WifiSignalController( 3511): notifyListener: visible=true, connected=true, inetCondition=1, isDefault=true, wifiTestReported=true, receivedInetCondition=-1, hideDuringMobileSwitching=false
07-14 22:04:03.309 D/Tile.WifiTile( 3511): handleUpdateState isTransient=false transientEnabling =false cb.isTransient=false state.state = 2 mStateBeforeClick.value =false enabled =true
07-14 22:04:03.310 I/SemWifiLinkQualityMonitor( 3149): Link Qos Query: 0.468 ms / 17.080 Mbps (72 / 0.182 / 1.600)
07-14 22:04:03.316 W/GeoCoder( 7060): list size is zero
07-14 22:04:03.316 E/LocationManager( 7060): Can't get address
07-14 22:04:03.319 D/ModernSamsungCoreService( 7060): applyPending()
07-14 22:04:03.319 D/LocationManager( 7060): LocationTask: 72ms
07-14 22:04:03.319 D/LocationService( 7060): End: com.samsung.intent.action.UPDATE_LOCATION
07-14 22:04:03.332 D/SyncManager( 3149): userId - 0 auto - true
07-14 22:04:03.351 I/MediaContentSyncTask(17410): [#CMH#] Rebuilding contents count 1
07-14 22:04:03.356 I/ImageFeatures(17410): [#CMH#] Not support file type 
07-14 22:04:03.368 I/MediaContentSyncTask(17410): [#CMH#] Insert ITEM :  1
07-14 22:04:03.381 I/MediaContentSyncLocation(17410): [#CMH#] Location Count MP :  29, CMH : 29
07-14 22:04:03.381 I/BaseThreadPoolExecutor(17410): [#CMH#] afterExecute FutureTask
07-14 22:04:03.382 I/ControllerEventHandler(17410): [#CMH#] New Task for wait content sync job 
07-14 22:04:03.382 I/BaseThreadPoolExecutor(17410): [#CMH#] Task o.e@a61a339 is submitted
07-14 22:04:03.418 D/AndroidRuntime(20361): >>>>>> START com.android.internal.os.RuntimeInit uid 2000 <<<<<<
07-14 22:04:03.432 I/MediaContentSyncTask(17410): [#CMH#] No of Row (SEC MP :  465, Max Id : 2147516383) (CMH : 465, Max Id : 2147516383) - Time :39
07-14 22:04:03.441 I/AndroidRuntime(20361): Using default boot image
07-14 22:04:03.441 I/AndroidRuntime(20361): Leaving lock profiling enabled
07-14 22:04:03.441 D/SecNativeFeatureCppIf(20361): encoded
07-14 22:04:03.442 D/SecNativeFeatureCppIf(20361): decoding and unzip finish
07-14 22:04:03.442 D/SecNativeFeatureCppIf(20361): use unCompDataBuff. encoded
07-14 22:04:03.442 D/SecNativeFeatureCppIf(20361): Free unCompDataBuff
07-14 22:04:03.442 D/AndroidRuntime(20361): addProductProperty: pBrand1 is not null
07-14 22:04:03.442 D/AndroidRuntime(20361): addProductProperty: not brand or 7
07-14 22:04:03.444 D/io_stats(  472): !@   8,0 r 159958183 3940250772 w 29837098 537715276 d 0 0 f 0 0 iot 31041016 0 th 0 0 0 pt 0 inp 0 0 1130749.599
07-14 22:04:03.448 I/app_process(20361): Using CollectorTypeCC GC.
07-14 22:04:03.453 I/MediaContentSyncTask(17410): [#CMH#] MP time stamp :  1784030643183, CMH time stamp : 1784028291536
07-14 22:04:03.462 I/MediaContentSyncTask(17410): [#CMH#] Update ITEM  :  1
07-14 22:04:03.480 I/MediaContentSyncTask(17410): [#CMH#] Update Cursor Count (1=>1), Time: 18 
07-14 22:04:03.483 I/MediaContentSyncTask(17410): [#CMH#] Update ITEM :  1
07-14 22:04:03.501 I/MediaContentSyncLocation(17410): [#CMH#] Location Count MP :  29, CMH : 29
07-14 22:04:03.501 I/BaseThreadPoolExecutor(17410): [#CMH#] afterExecute FutureTask
07-14 22:04:03.501 I/ControllerEventHandler(17410): [#CMH#] Alive Privacy Ignored Policy Called:  false
07-14 22:04:03.502 I/ControllerEventHandler(17410): [#CMH#] POI Feature is False 
07-14 22:04:03.586 D/app_process(20361): Time zone APEX ICU file found: /apex/com.android.tzdata/etc/icu/icu_tzdata.dat
07-14 22:04:03.586 D/app_process(20361): I18n APEX ICU file found: /apex/com.android.i18n/etc/icu/icudt70l.dat
07-14 22:04:03.587 I/Finsky  (16467): [34505] App states replicator found 60 unowned apps
07-14 22:04:03.599 W/libprocessgroup( 3149): Failed to open /dev/blkio//cgroup.procs: No such file or directory
07-14 22:04:03.604 W/android.vending(16467): Suspending all threads took: 8.087ms
07-14 22:04:03.612 I/SCS@AiSearch user 0(19416): (ObserverWorker::AOSP_MP) [main] entering in startWork triggered by [content://media/external/file/1000055592]():  
07-14 22:04:03.612 I/SCS@AiSearch user 0(19416): (BaseCollector::AOSP_MP) [main] entering in onChange():  
07-14 22:04:03.612 I/SCS@AiSearch user 0(19416): (BaseCollector::AOSP_MP) [AOSP_MP-0] entering in collectChanges():  
07-14 22:04:03.618 D/PackageManager( 3149): setEnabledSetting : userId = 0 packageName = com.samsung.android.scs cmp = androidx.work.impl.background.systemalarm.RescheduleReceiver newState = 1 callingPackage = 10111/com.samsung.android.scs
07-14 22:04:03.621 D/ApplicationPolicy( 3149): getApplicationStateEnabled : pkg = com.samsung.android.scs userId : 0
07-14 22:04:03.621 D/ApplicationPolicy( 3149): getApplicationComponentState : pkg = com.samsung.android.scs userId : 0
07-14 22:04:03.624 W/app_process(20361): ClassLoaderContext classpath size mismatch. expected=0, found=1 (PCL[] | PCL[/system/framework/android.test.runner.jar*2256426886])
07-14 22:04:03.646 I/SCS@AiSearch user 0(19416): (BaseCollector::AOSP_MP) fetchInternal values : maxSyncId: 1000055464 indexCount: 1824 sourceCount: 1824
07-14 22:04:03.651 E/SemDvfsManager_JNI(20361): SemDvfsManager: registerfunction enter
07-14 22:04:03.651 E/SemAffinityControl(20361): SemAffinityControl: registerfunction enter
07-14 22:04:03.662 D/AndroidRuntime(20361): Calling main entry com.android.commands.uiautomator.Launcher
07-14 22:04:03.672 I/SCS@AiSearch user 0(19416): (IndexManager) [AOSP_MP-0] entering in addIndex():  
07-14 22:04:03.674 E/AuthPII (23462): [RequestTokenManager] getToken() -> BAD_AUTHENTICATION. App: com.android.vending, Service: oauth2:https://www.googleapis.com/auth/googleplay
07-14 22:04:03.674 E/AuthPII (23462): bjfw: Long live credential not available.
07-14 22:04:03.674 E/AuthPII (23462): 	at ahkl.a(:com.google.android.gms@262532029@26.25.32 (190400-944114241):1347)
07-14 22:04:03.674 E/AuthPII (23462): 	at ahks.b(:com.google.android.gms@262532029@26.25.32 (190400-944114241):26)
07-14 22:04:03.674 E/AuthPII (23462): 	at ahkq.a(:com.google.android.gms@262532029@26.25.32 (190400-944114241):661)
07-14 22:04:03.674 E/AuthPII (23462): 	at ahkp.b(:com.google.android.gms@262532029@26.25.32 (190400-944114241):151)
07-14 22:04:03.674 E/AuthPII (23462): 	at aaww.d(:com.google.android.gms@262532029@26.25.32 (190400-944114241):829)
07-14 22:04:03.674 E/AuthPII (23462): 	at ahec.getAuthToken(:com.google.android.gms@262532029@26.25.32 (190400-944114241):408)
07-14 22:04:03.674 E/AuthPII (23462): 	at android.accounts.AbstractAccountAuthenticator$Transport.getAuthToken(AbstractAccountAuthenticator.java:246)
07-14 22:04:03.674 E/AuthPII (23462): 	at android.accounts.IAccountAuthenticator$Stub.onTransact(IAccountAuthenticator.java:242)
07-14 22:04:03.674 E/AuthPII (23462): 	at android.os.Binder.transact(Binder.java:1200)
07-14 22:04:03.674 E/AuthPII (23462): 	at cqcm.onTransact(:com.google.android.gms@262532029@26.25.32 (190400-944114241):12)
07-14 22:04:03.674 E/AuthPII (23462): 	at android.os.Binder.transact(Binder.java:1200)
07-14 22:04:03.674 E/AuthPII (23462): 	at cdhn.onTransact(:com.google.android.gms@262532029@26.25.32 (190400-944114241):169)
07-14 22:04:03.674 E/AuthPII (23462): 	at android.os.Binder.execTransactInternal(Binder.java:1321)
07-14 22:04:03.674 E/AuthPII (23462): 	at android.os.Binder.execTransact(Binder.java:1280)
07-14 22:04:03.674 E/AuthPII (23462): Message is Long live credential not available.
07-14 22:04:03.674 E/AuthPII (23462): bjfw: Long live credential not available.
07-14 22:04:03.674 E/AuthPII (23462): 	at ahkl.a(:com.google.android.gms@262532029@26.25.32 (190400-944114241):1347)
07-14 22:04:03.674 E/AuthPII (23462): 	at ahks.b(:com.google.android.gms@262532029@26.25.32 (190400-944114241):26)
07-14 22:04:03.674 E/AuthPII (23462): 	at ahkq.a(:com.google.android.gms@262532029@26.25.32 (190400-944114241):661)
07-14 22:04:03.674 E/AuthPII (23462): 	at ahkp.b(:com.google.android.gms@262532029@26.25.32 (190400-944114241):151)
07-14 22:04:03.674 E/AuthPII (23462): 	at aaww.d(:com.google.android.gms@262532029@26.25.32 (190400-944114241):829)
07-14 22:04:03.674 E/AuthPII (23462): 	at ahec.getAuthToken(:com.google.android.gms@262532029@26.25.32 (190400-944114241):408)
07-14 22:04:03.674 E/AuthPII (23462): 	at android.accounts.AbstractAccountAuthenticator$Transport.getAuthToken(AbstractAccountAuthenticator.java:246)
07-14 22:04:03.674 E/AuthPII (23462): 	at android.accounts.IAccountAuthenticator$Stub.onTransact(IAccountAuthenticator.java:242)
07-14 22:04:03.674 E/AuthPII (23462): 	at android.os.Binder.transact(Binder.java:1200)
07-14 22:04:03.674 E/AuthPII (23462): 	at cqcm.onTransact(:com.google.android.gms@262532029@26.25.32 (190400-944114241):12)
07-14 22:04:03.674 E/AuthPII (23462): 	at android.os.Binder.transact(Binder.java:1200)
07-14 22:04:03.674 E/AuthPII (23462): 	at cdhn.onTransact(:com.google.android.gms@262532029@26.25.32 (190400-944114241):169)
07-14 22:04:03.674 E/AuthPII (23462): 	at android.os.Binder.execTransactInternal(Binder.java:1321)
07-14 22:04:03.674 E/AuthPII (23462): 	at android.os.Binder.execTransact(Binder.java:1280)
07-14 22:04:03.678 I/SCS@AiSearch user 0(19416): (BaseCollector::AOSP_MP) fetch: fetching took  42 ms
07-14 22:04:03.678 I/SCS@AiSearch user 0(19416): (BaseCollector::AOSP_MP) fetchChanges: applied 0 items
07-14 22:04:03.678 I/SCS@AiSearch user 0(19416): (BaseCollector::AOSP_MP) Collect finished. Result: true
07-14 22:04:03.684 I/SCS@AiSearch user 0(19416): (BaseCollector::AOSP_MP) enqueue ObserverWorker name: com.sec.android.app.myfiles, policy: APPEND_OR_REPLACE
07-14 22:04:03.685 I/WM-WorkerWrapper(19416): Worker result SUCCESS for Work [ id=10a6f14d-0482-4332-9640-a56585aa91cb, tags={ com.sec.android.app.myfiles, com.samsung.android.scs.ai.search.data.collector.ObserverWorker } ]
07-14 22:04:03.690 I/SurfaceFlinger(  812): id=51531 createSurf flag=80004, WindowToken{425c6fc type=2032 android.os.Binder@1247bef}#51531
07-14 22:04:03.693 D/SettingsProvider( 3149): isChangeAllowed() : name = accessibility_enabled
07-14 22:04:03.693 I/GenerationRegistry( 3149): mBackingStore.isClosed() : false
07-14 22:04:03.693 I/GenerationRegistry( 3149): mBackingStore.isClosed() : false
07-14 22:04:03.694 D/WindowMagnificationMgr( 3149): requestConnection :false mConnectionState : 3
07-14 22:04:03.694 W/WindowMagnificationMgr( 3149): requestConnection duplicated request: connect=false, mConnectionState=DISCONNECTED
07-14 22:04:03.698 I/Auth    (23462): (REDACTED) [GetToken] GetToken failed for app=%s with userRecoverable status: %s 
07-14 22:04:03.699 W/Auth    (23462): [ChimeraGetToken] exception while trying to fetch auth tokens for app=com.google.android.gms, scope=oauth2:https://www.googleapis.com/auth/googleplay [CONTEXT service_id=153 ]
07-14 22:04:03.699 W/Auth    (23462): ahkk: GetToken failed with status code and recovery intent: BadAuthentication
07-14 22:04:03.699 W/Auth    (23462): 	at ahkp.b(:com.google.android.gms@262532029@26.25.32 (190400-944114241):352)
07-14 22:04:03.699 W/Auth    (23462): 	at aaww.d(:com.google.android.gms@262532029@26.25.32 (190400-944114241):829)
07-14 22:04:03.699 W/Auth    (23462): 	at ahec.getAuthToken(:com.google.android.gms@262532029@26.25.32 (190400-944114241):408)
07-14 22:04:03.699 W/Auth    (23462): 	at android.accounts.AbstractAccountAuthenticator$Transport.getAuthToken(AbstractAccountAuthenticator.java:246)
07-14 22:04:03.699 W/Auth    (23462): 	at android.accounts.IAccountAuthenticator$Stub.onTransact(IAccountAuthenticator.java:242)
07-14 22:04:03.699 W/Auth    (23462): 	at android.os.Binder.transact(Binder.java:1200)
07-14 22:04:03.699 W/Auth    (23462): 	at cqcm.onTransact(:com.google.android.gms@262532029@26.25.32 (190400-944114241):12)
07-14 22:04:03.699 W/Auth    (23462): 	at android.os.Binder.transact(Binder.java:1200)
07-14 22:04:03.699 W/Auth    (23462): 	at cdhn.onTransact(:com.google.android.gms@262532029@26.25.32 (190400-944114241):169)
07-14 22:04:03.699 W/Auth    (23462): 	at android.os.Binder.execTransactInternal(Binder.java:1321)
07-14 22:04:03.699 W/Auth    (23462): 	at android.os.Binder.execTransact(Binder.java:1280)
07-14 22:04:03.699 W/GLSActivity(23462): [GmsAccountAuthenticatorImpl] error status while fetching token:BadAuthentication
07-14 22:04:03.704 D/SettingsProvider( 3149): isChangeAllowed() : name = accessibility_enabled
07-14 22:04:03.704 I/GenerationRegistry( 3149): mBackingStore.isClosed() : false
07-14 22:04:03.704 I/GenerationRegistry( 3149): mBackingStore.isClosed() : false
07-14 22:04:03.704 D/WindowMagnificationMgr( 3149): requestConnection :false mConnectionState : 3
07-14 22:04:03.704 W/WindowMagnificationMgr( 3149): requestConnection duplicated request: connect=false, mConnectionState=DISCONNECTED
07-14 22:04:03.706 I/SAMSUNGWALLET[IN](28681): [WalletStartup] Screen reader is enabled
07-14 22:04:03.717 I/Finsky  (16467): [34505] Completed 1 account content syncs with 0 successful.
07-14 22:04:03.721 I/AccessibilityManagerService( 3149): semIsAccessibilityServiceEnabled()
07-14 22:04:03.721 I/AccessibilityManagerService( 3149): accesibilityService is null
07-14 22:04:03.721 I/AccessibilityManagerService( 3149): semIsAccessibilityServiceEnabled()
07-14 22:04:03.722 I/AccessibilityManagerService( 3149): accesibilityService is null
07-14 22:04:03.722 D/AS.AudioService( 3149): Accessibility volume enabled = false
07-14 22:04:03.722 D/BatterySaverPolicy( 3149): accessibility changed to true, updating policy.
07-14 22:04:03.722 V/SafetyCenterAccessibilityListener(15585): accessibility event occurred, safety center feature not enabled.
07-14 22:04:03.729 I/Finsky  (16467): [2] [ContentSync] Installation state replication failed, parameters=Id: 12-1, CT: 1784030621451, Constraints: [{ L: 20000, D: 86400000, C: CHARGING_NONE, I: IDLE_NONE, N: NET_ANY, B: BATTERY_ANY }].
07-14 22:04:03.729 I/Finsky  (16467): [2] [ContentSync] Scheduling replication attempt 1.
07-14 22:04:03.730 I/Finsky  (16467): [2] SCH: jobFinished: 12-1. TimeElapsed: 757ms.
07-14 22:04:03.730 I/Finsky  (16467): [2] WM::SCH: Logging work end for 12-1
07-14 22:04:03.734 W/WindowManager( 3149): Cannot find window which accessibility connection is added to
07-14 22:04:03.742 D/PackageManager( 3149): setEnabledSetting : userId = 0 packageName = com.samsung.android.scs cmp = androidx.work.impl.background.systemalarm.RescheduleReceiver newState = 1 callingPackage = 10111/com.samsung.android.scs
07-14 22:04:03.743 D/ApplicationPolicy( 3149): getApplicationStateEnabled : pkg = com.samsung.android.scs userId : 0
07-14 22:04:03.744 D/ApplicationPolicy( 3149): getApplicationComponentState : pkg = com.samsung.android.scs userId : 0
07-14 22:04:03.746 I/Finsky  (16467): [34502] SCH: Attempting to reschedule job: Id: 12-1, Constraints: [{ L: 40000, D: 86400000, C: CHARGING_NONE, I: IDLE_NONE, N: NET_ANY, B: BATTERY_ANY }]
07-14 22:04:03.756 I/Finsky  (16467): [34437] SCH: Scheduling phonesky job Id: 1-1337, CT: 1783991997954, Constraints: [{ L: 43196311, D: 86396311, C: CHARGING_NONE, I: IDLE_NONE, N: NET_ANY, B: BATTERY_ANY }]
07-14 22:04:03.756 I/Finsky  (16467): [34437] SCH: Scheduling phonesky job Id: 34-9914, CT: 1783948859882, Constraints: [{ L: 604800000, D: 2591998638, C: CHARGING_NONE, I: IDLE_NONE, N: NET_ANY, B: BATTERY_ANY }]
07-14 22:04:03.766 I/Finsky  (16467): [34434] SCH: Scheduling 1 system job(s)
07-14 22:04:03.766 I/Finsky  (16467): [34434] SCH: Scheduling system job Id: 9099, L: 4550499, D: 47750499, C: false, I: false, N: 1
07-14 22:04:03.769 I/TouchInteractionService(13347): onActiveNavBarRegionChanges, region : SkRegion((0,2265,388,2400)(389,2265,690,2400)(691,2265,961,2400))
07-14 22:04:03.769 V/Navbar.Store( 3511): ----handleEvent(0) OnUpdateRemoteViewContainer(leftContainer=android.widget.LinearLayout{c0c0ac4 I.E...... ......I. 0,0-118,135 #7f0b04f6 app:id/left_remoteview}, rightContainer=android.widget.LinearLayout{4007dad I.E...... ......I. 962,0-1080,135 #7f0b07aa app:id/right_remoteview}, contextualButtonVisible=false, darkIntensity=0.0) [Module] SamsungNavigationBarView
07-14 22:04:03.769 V/Navbar.Store( 3511): ------[Band]REMOTE_VIEW_PACK_SET_REMOTEVIEW_CONTAINER
07-14 22:04:03.769 V/Navbar.Store( 3511): --------apply(0) UpdateRemoteViewContainer
07-14 22:04:03.770 V/Navbar.Store( 3511): --------apply(0) UpdateRemoteViewDarkIntensity
07-14 22:04:03.770 V/Navbar.Store( 3511): handleEvent(0) OnNavBarUpdateA11YService(clickable=false, longClickable=false) [Module] NavigationBar
07-14 22:04:03.770 V/Navbar.Store( 3511): --[Band]SETUPWIZARD_PACK_UPDATE_A11Y_SERVICE
07-14 22:04:03.773 I/Finsky  (16467): [34504] SCH: job service finished with id 9096.
07-14 22:04:03.778 I/TouchInteractionService(13347): onActiveNavBarRegionChanges, region : SkRegion((0,2265,388,2400)(389,2265,690,2400)(691,2265,961,2400))
07-14 22:04:03.833 W/libprocessgroup( 3149): Failed to open /dev/blkio//cgroup.procs: No such file or directory
07-14 22:04:03.846 W/CrashLoopRemedyLog(18567): unable to delete remedy log, instaCrash: true
07-14 22:04:03.847 I/SCS@AiSearch user 0(19416): (ObserverWorker::GALLERY) [main] entering in startWork triggered by [content://secmedia/cmh/location, content://secmedia/video/media, content://secmedia/images/media]():  
07-14 22:04:03.847 I/SCS@AiSearch user 0(19416): (BaseCollector::GALLERY) [main] entering in onChange():  
07-14 22:04:03.848 I/SCS@AiSearch user 0(19416): (BaseCollector::GALLERY) [GALLERY-0] entering in collectChanges():  
07-14 22:04:03.856 D/PackageManager( 3149): setEnabledSetting : userId = 0 packageName = com.samsung.android.scs cmp = androidx.work.impl.background.systemalarm.RescheduleReceiver newState = 1 callingPackage = 10111/com.samsung.android.scs
07-14 22:04:03.857 D/ApplicationPolicy( 3149): getApplicationStateEnabled : pkg = com.samsung.android.scs userId : 0
07-14 22:04:03.858 D/ApplicationPolicy( 3149): getApplicationComponentState : pkg = com.samsung.android.scs userId : 0
07-14 22:04:03.884 I/SCS@AiSearch user 0(19416): (BaseCollector::GALLERY) fetchInternal values : maxSyncId: 2147516382 indexCount: 464 sourceCount: 464
07-14 22:04:03.923 I/Finsky  (16467): [34498] WM::SCH: Logging work initialize for 12-1
07-14 22:04:03.930 I/Finsky  (16467): [34433] SCH: Scheduling phonesky job Id: 12-1, CT: 1784030643747, Constraints: [{ L: 40000, D: 86400000, C: CHARGING_NONE, I: IDLE_NONE, N: NET_ANY, B: BATTERY_ANY }]
07-14 22:04:03.935 I/Finsky  (16467): [34434] SCH: Scheduling 1 system job(s)
07-14 22:04:03.935 I/Finsky  (16467): [34434] SCH: Scheduling system job Id: 9099, L: 39812, D: 47750330, C: false, I: false, N: 1
07-14 22:04:03.988 I/SCS@AiSearch user 0(19416): (IndexManager) [GALLERY-0] entering in addIndex():  
07-14 22:04:03.991 I/SCS@AiSearch user 0(19416): (IndexManager) [INSERT] index=[com.google.android.providers.media], size=1
07-14 22:04:03.992 I/SCS@AiSearch user 0(19416): (IndexManager) getIndexWriter(): indexName com.google.android.providers.media
07-14 22:04:04.031 I/SCS@AiSearch user 0(19416): (NeuralPhoneticsPredictor) isNeuralPhonetics :false inputLanguage: english
07-14 22:04:04.477 I/SCS@AiSearch user 0(19416): (IndexManager) [INSERT] Done
07-14 22:04:04.477 I/SCS@AiSearch user 0(19416): (IndexSearcherManager) [GALLERY-0] entering in refreshSearcherManager():  refreshSearcherManager for com.google.android.providers.media
07-14 22:04:04.477 I/SCS@AiSearch user 0(19416): (IndexSearcherManager) remove: indexName: com.google.android.providers.media
07-14 22:04:04.484 I/SCS@AiSearch user 0(19416): (IndexManager) getIndexWriter(): indexName com.google.android.providers.media
07-14 22:04:04.563 I/SCS@AiSearch user 0(19416): (IndexSearcherManager) Searcher created successfully for com.google.android.providers.media
07-14 22:04:04.563 I/SCS@AiSearch user 0(19416): (IndexSearcherManager) [GALLERY-0] leaving from refreshSearcherManager():  
07-14 22:04:04.563 I/SCS@AiSearch user 0(19416): (IndexManager) [GALLERY-0] entering in waitUntilCommitTaskFinished (idx=com.google.android.providers.media)():  
07-14 22:04:04.567 I/SCS@AiSearch user 0(19416): (IndexManager) [pool-14-thread-1] entering in commitIndexWriter():  
07-14 22:04:04.574 W/libprocessgroup( 3149): Failed to open /dev/blkio//cgroup.procs: No such file or directory
07-14 22:04:04.600 I/SCS@AiSearch user 0(19416): (IndexManager) [pool-14-thread-1] leaving from commitIndexWriter():  
07-14 22:04:04.600 I/SCS@AiSearch user 0(19416): (IndexManager) [GALLERY-0] leaving from waitUntilCommitTaskFinished (idx=com.google.android.providers.media)():  
07-14 22:04:04.600 I/SCS@AiSearch user 0(19416): (IndexManager) addIndex(): done
07-14 22:04:04.604 I/SCS@AiSearch user 0(19416): (BaseCollector::GALLERY) fetch: fetching took  729 ms
07-14 22:04:04.604 I/SCS@AiSearch user 0(19416): (BaseCollector::GALLERY) fetchChanges: applied 1 items
07-14 22:04:04.832 D/SemCscFeature(20361): Encoded
07-14 22:04:04.860 E/Watchdog( 3149): !@Sync: 29774 heap: 155 / 171 FD: 1225 [2026-07-14 22:04:04.859] softdog disabled
07-14 22:04:04.879 W/MediaProvider( 4985): isAppCloneUserPair for user 0: false
07-14 22:04:04.894 D/SyncManager( 3149): userId - 0 auto - true
07-14 22:04:04.904 W/AccessibilityNodeInfoDumper(20361): Fetch time: 52ms
07-14 22:04:04.907 D/SettingsProvider( 3149): isChangeAllowed() : name = accessibility_enabled
07-14 22:04:04.908 I/GenerationRegistry( 3149): mBackingStore.isClosed() : false
07-14 22:04:04.908 I/GenerationRegistry( 3149): mBackingStore.isClosed() : false
07-14 22:04:04.908 D/WindowMagnificationMgr( 3149): requestConnection :false mConnectionState : 3
07-14 22:04:04.908 W/WindowMagnificationMgr( 3149): requestConnection duplicated request: connect=false, mConnectionState=DISCONNECTED
07-14 22:04:04.914 D/BatterySaverPolicy( 3149): accessibility changed to false, updating policy.
07-14 22:04:04.918 I/SAMSUNGWALLET[IN](28681): [WalletStartup] Screen reader is disabled
07-14 22:04:04.923 D/SettingsProvider( 3149): isChangeAllowed() : name = accelerometer_rotation
07-14 22:04:04.923 D/SettingsProvider( 3149): isChangeAllowed() : name = user_rotation
07-14 22:04:04.924 V/WindowManager( 3149): rotationForOrientation(orient=SCREEN_ORIENTATION_UNSPECIFIED (-1), last=ROTATION_0 (0)); user=ROTATION_0 (0) 
07-14 22:04:04.924 D/WindowManager( 3149): rotationForOrientation, orientationSource=ActivityRecord{3ea0f6f u0 com.collectiq.ai.local/com.collectiq.ai.MainActivity} t1261}
07-14 22:04:04.924 V/WindowManager( 3149): Computed rotation=ROTATION_0 (0) for display id=0 based on lastOrientation=SCREEN_ORIENTATION_UNSPECIFIED (-1) and oldRotation=ROTATION_0 (0), caller=com.android.server.wm.DisplayContent.updateRotationUnchecked:2410 com.android.server.wm.WindowManagerService.updateRotationUnchecked:4778 com.android.server.wm.WindowManagerService.thawDisplayRotation:4719 com.android.server.wm.WindowManagerService.thawRotation:4683 android.view.IWindowManager$Stub.onTransact:2536 com.android.server.wm.WindowManagerService.onTransact:1608 
07-14 22:04:04.926 I/Layer   (  812): id=51531 removeFromCurrentState WindowToken{425c6fc type=2032 android.os.Binder@1247bef}#51531 (125)
07-14 22:04:04.927 I/SurfaceFlinger(  812): id=51531 Removed WindowToken{425c6fc type=2032 android.os.Binder@1247bef}#51531 (125)
07-14 22:04:04.927 I/Layer   (  812): id=51531 Destroyed WindowToken{425c6fc type=2032 android.os.Binder@1247bef}#51531
07-14 22:04:04.950 W/WindowManager( 3149): Cannot find window which accessibility connection is added to
07-14 22:04:04.970 D/AndroidRuntime(20361): Shutting down VM
07-14 22:04:04.973 D/BoundBrokerSvc(23462): onUnbind: Intent { act=com.google.android.gms.libs.gmscorelogger.service.START dat=chimera-action:/... cmp=com.google.android.gms/.chimera.PersistentDirectBootAwareApiService }
07-14 22:04:05.433 I/SCS@AiSearch user 0(19416): (ObserverWorker::AOSP_MP) [main] entering in startWork triggered by [content://media/external/file/1000055593]():  
07-14 22:04:05.433 I/SCS@AiSearch user 0(19416): (BaseCollector::AOSP_MP) [main] entering in onChange():  
07-14 22:04:05.434 I/SCS@AiSearch user 0(19416): (BaseCollector::AOSP_MP) [AOSP_MP-0] entering in collectChanges():  
07-14 22:04:05.445 D/io_stats(  472): !@   8,0 r 159958395 3940254784 w 29837416 537717396 d 0 0 f 0 0 iot 31041140 0 th 0 0 0 pt 0 inp 0 0 1130751.599
07-14 22:04:05.460 D/PackageManager( 3149): setEnabledSetting : userId = 0 packageName = com.samsung.android.scs cmp = androidx.work.impl.background.systemalarm.RescheduleReceiver newState = 1 callingPackage = 10111/com.samsung.android.scs
07-14 22:04:05.461 D/ApplicationPolicy( 3149): getApplicationStateEnabled : pkg = com.samsung.android.scs userId : 0
07-14 22:04:05.463 D/ApplicationPolicy( 3149): getApplicationComponentState : pkg = com.samsung.android.scs userId : 0
07-14 22:04:05.500 I/SCS@AiSearch user 0(19416): (BaseCollector::AOSP_MP) fetchInternal values : maxSyncId: 1000055464 indexCount: 1824 sourceCount: 1824
07-14 22:04:05.542 I/SCS@AiSearch user 0(19416): (IndexManager) [AOSP_MP-0] entering in addIndex():  
07-14 22:04:05.545 I/SCS@AiSearch user 0(19416): (BaseCollector::AOSP_MP) fetch: fetching took  69 ms
07-14 22:04:05.545 I/SCS@AiSearch user 0(19416): (BaseCollector::AOSP_MP) fetchChanges: applied 0 items
07-14 22:04:05.545 I/SCS@AiSearch user 0(19416): (BaseCollector::AOSP_MP) Collect finished. Result: true
07-14 22:04:05.548 I/SCS@AiSearch user 0(19416): (BaseCollector::AOSP_MP) enqueue ObserverWorker name: com.sec.android.app.myfiles, policy: APPEND_OR_REPLACE
07-14 22:04:05.548 I/WM-WorkerWrapper(19416): Worker result SUCCESS for Work [ id=15b1392b-51f5-49ec-8d8b-cafa560ea8c9, tags={ com.sec.android.app.myfiles, com.samsung.android.scs.ai.search.data.collector.ObserverWorker } ]
07-14 22:04:05.593 D/BoundBrokerSvc(20217): onUnbind: Intent { act=com.google.android.gms.measurement.START pkg=com.google.android.gms }
07-14 22:04:05.607 D/PackageManager( 3149): setEnabledSetting : userId = 0 packageName = com.samsung.android.scs cmp = androidx.work.impl.background.systemalarm.RescheduleReceiver newState = 1 callingPackage = 10111/com.samsung.android.scs
07-14 22:04:05.608 D/ApplicationPolicy( 3149): getApplicationStateEnabled : pkg = com.samsung.android.scs userId : 0
07-14 22:04:05.609 D/ApplicationPolicy( 3149): getApplicationComponentState : pkg = com.samsung.android.scs userId : 0
07-14 22:04:06.094 D/InputDispatcher( 3149): Inject motion (20399/2000): action=0x0, time=1130752247000000, f=0x0, d=0 dsdx=1.000000 dtdx=0.000000
07-14 22:04:06.100 I/InputDispatcher( 3149): Delivering touch to (3511): action: 0x4, f=0x0, d=0, 'a793e53', t=1 
07-14 22:04:06.100 I/InputDispatcher( 3149): Delivering touch to (18374): action: 0x0, f=0x0, d=0, '753ac68', t=1 
07-14 22:04:06.103 I/ViewRootImpl@c154afc[MainActivity](18374): ViewPostIme pointer 0
07-14 22:04:06.111 D/PowerManagerService( 3149): [api] userActivityFromNative :  (event: 2 flags: 0 displayId: 0) eventTime = 1130752247
07-14 22:04:06.115 D/PowerManagerService( 3149): UserActivityStateListenerState: 1
07-14 22:04:06.120 I/SemDvfsHyPerManager( 5236): acquire hyper - BaseTABoost/5236@23, type = 1090523139
07-14 22:04:06.121 I/SemDvfsHyPerManager( 5236): acquire hyper - BaseTAToouchBoost/5236@25, type = 1090523139
07-14 22:04:06.122 I/HYPER-HAL( 3020): [RequestManager.cpp]acquire(): Acquired ID : 13831193  [5236 / 23]    HINT :      list : [TABoost / 5] 
07-14 22:04:06.122 I/HYPER-HAL( 3020): [RequestManager.cpp]acquire(): Acquired ID : 13841716  [5236 / 25]    HINT :      list : [TABoost / 20] [TIMEOUT / 1500] 
07-14 22:04:06.124 I/GestureDetector( 3149): obtain mCurrentDownEvent. id: -1028987825 caller: com.android.server.wm.SystemGesturesPointerEventListener.onPointerEvent:203 com.android.server.wm.PointerEventDispatcher.onInputEvent:53 android.view.InputEventReceiver.dispatchInputEvent:285 
07-14 22:04:06.127 I/GestureDetector( 3149): obtain mCurrentDownEvent. id: -1028987825 caller: com.android.server.wm.SystemPerformancePointerEventListener.onPointerEvent:89 com.android.server.wm.PointerEventDispatcher.onInputEvent:53 android.view.InputEventReceiver.dispatchInputEvent:285 
07-14 22:04:06.129 I/GestureDetector( 3149): obtain mCurrentMotionEventRaw. action: 2 id: -588281613
07-14 22:04:06.130 I/GestureDetector( 3149): obtain mCurrentMotionEventRaw. action: 2 id: -588281613
07-14 22:04:06.236 I/SemDvfsHyPerManager( 5236): acquire hyper - BaseTABoost/5236@23, type = 1090523139
07-14 22:04:06.236 I/SemDvfsHyPerManager( 5236): acquire hyper - BaseTAToouchBoost/5236@25, type = 1090523139
07-14 22:04:06.237 I/HYPER-HAL( 3020): [RequestManager.cpp]acquire(): Acquired ID : 13831193  [5236 / 23]    HINT :      list : [TABoost / 5] 
07-14 22:04:06.237 I/HYPER-HAL( 3020): [RequestManager.cpp]acquire(): Acquired ID : 13841716  [5236 / 25]    HINT :      list : [TABoost / 20] [TIMEOUT / 1500] 
07-14 22:04:06.349 I/SemDvfsHyPerManager( 5236): acquire hyper - BaseTABoost/5236@23, type = 1090523139
07-14 22:04:06.349 I/SemDvfsHyPerManager( 5236): acquire hyper - BaseTAToouchBoost/5236@25, type = 1090523139
07-14 22:04:06.349 I/HYPER-HAL( 3020): [RequestManager.cpp]acquire(): Acquired ID : 13831193  [5236 / 23]    HINT :      list : [TABoost / 5] 
07-14 22:04:06.349 I/HYPER-HAL( 3020): [RequestManager.cpp]acquire(): Acquired ID : 13841716  [5236 / 25]    HINT :      list : [TABoost / 20] [TIMEOUT / 1500] 
07-14 22:04:06.387 D/SemWifiUsabilityStatsMonitor( 3149): onWifiUsabilityStats - seqNum 205112, isSameBssidAndFreq true
07-14 22:04:06.388 I/SemWifiLinkQualityMonitor( 3149): Link Qos Query: 0.142 ms / 56.282 Mbps (72 / 0.031 / 1.000)
07-14 22:04:06.389 D/NetworkController.WifiSignalController( 3511): notifyListener: visible=true, connected=true, inetCondition=1, isDefault=true, wifiTestReported=true, receivedInetCondition=-1, hideDuringMobileSwitching=false
07-14 22:04:06.391 D/Tile.WifiTile( 3511): handleUpdateState isTransient=false transientEnabling =false cb.isTransient=false state.state = 2 mStateBeforeClick.value =false enabled =true
07-14 22:04:06.451 I/SemDvfsHyPerManager( 5236): acquire hyper - BaseTABoost/5236@23, type = 1090523139
07-14 22:04:06.452 I/SemDvfsHyPerManager( 5236): acquire hyper - BaseTAToouchBoost/5236@25, type = 1090523139
07-14 22:04:06.452 I/HYPER-HAL( 3020): [RequestManager.cpp]acquire(): Acquired ID : 13831193  [5236 / 23]    HINT :      list : [TABoost / 5] 
07-14 22:04:06.452 I/HYPER-HAL( 3020): [RequestManager.cpp]acquire(): Acquired ID : 13841716  [5236 / 25]    HINT :      list : [TABoost / 20] [TIMEOUT / 1500] 
07-14 22:04:06.504 D/SGM:GameManager( 3149): identifyForegroundApp. com.collectiq.ai.local, mCurrentUserId: 0, callerUserId: 0
07-14 22:04:06.504 D/SGM:PkgDataHelper( 3149): getGamePkgData(). com.collectiq.ai.local
07-14 22:04:06.504 I/PolicyManager(17410): [#CMH#] Is foreground game app: false
07-14 22:04:06.542 D/InputDispatcher( 3149): Inject motion (20399/2000): action=0x1, time=1130752697000000, f=0x0, d=0 dsdx=1.000000 dtdx=0.000000
07-14 22:04:06.542 I/InputDispatcher( 3149): Delivering touch to (18374): action: 0x1, f=0x0, d=0, '753ac68', t=1 
07-14 22:04:06.548 D/SGM:GameManager( 3149): identifyGamePackage. com.collectiq.ai.local, mCurrentUserId: 0, callerUserId: 0, callingMethodInfo: com.android.server.ssrm.fgapps.GameAppUtils.isGame(GameAppUtils.java:84)
07-14 22:04:06.548 D/SGM:PkgDataHelper( 3149): getGamePkgData(). com.collectiq.ai.local
07-14 22:04:06.548 I/SemDvfsHyPerManager( 3149): acquire hyper - GESTURE_DETECTED/3149@27, type = -999
07-14 22:04:06.548 I/ViewRootImpl@c154afc[MainActivity](18374): ViewPostIme pointer 1
07-14 22:04:06.549 I/HYPER-HAL( 3020): [RequestManager.cpp]acquire(): Acquired ID : 5045103  [3149 / 27]    HINT : GESTURE_DETECTED    list : [TIMEOUT / 622] 
07-14 22:04:06.549 D/SGM:GameManager( 3149): identifyGamePackage. com.collectiq.ai.local, mCurrentUserId: 0, callerUserId: 0, callingMethodInfo: com.android.server.ssrm.fgapps.GameAppUtils.isGame(GameAppUtils.java:84)
07-14 22:04:06.549 D/SGM:PkgDataHelper( 3149): getGamePkgData(). com.collectiq.ai.local
07-14 22:04:06.550 I/SemDvfsHyPerManager( 3149): acquire hyper - GESTURE_DETECTED/3149@27, type = -999
07-14 22:04:06.556 I/HYPER-HAL( 3020): [RequestManager.cpp]acquire(): Acquired ID : 5045103  [3149 / 27]    HINT : GESTURE_DETECTED    list : [TIMEOUT / 622] 
07-14 22:04:06.621 I/SCS@AiSearch user 0(19416): (BaseCollector::GALLERY) doesDataKeepChanging: postpone count: 0 - source count: very first = 465, previous = 465, current = 465
07-14 22:04:06.621 I/SCS@AiSearch user 0(19416): (BaseCollector::GALLERY) [GALLERY-0] entering in collectChanges():  
07-14 22:04:06.643 I/SCS@AiSearch user 0(19416): (BaseCollector::GALLERY) fetchInternal values : maxSyncId: 2147516383 indexCount: 465 sourceCount: 465
07-14 22:04:06.673 I/SCS@AiSearch user 0(19416): (IndexManager) [GALLERY-0] entering in addIndex():  
07-14 22:04:06.675 I/SCS@AiSearch user 0(19416): (BaseCollector::GALLERY) fetch: fetching took  45 ms
07-14 22:04:06.675 I/SCS@AiSearch user 0(19416): (BaseCollector::GALLERY) fetchChanges: applied 0 items
07-14 22:04:06.675 I/SCS@AiSearch user 0(19416): (BaseCollector::GALLERY) Collect finished. Result: true
07-14 22:04:06.676 I/SCS@AiSearch user 0(19416): (BaseCollector::GALLERY) enqueue ObserverWorker name: com.google.android.providers.media, policy: APPEND_OR_REPLACE
07-14 22:04:06.676 I/WM-WorkerWrapper(19416): Worker result SUCCESS for Work [ id=92fdef3c-9233-4b22-8a1c-f4b686ccd8a5, tags={ com.google.android.providers.media, com.samsung.android.scs.ai.search.data.collector.ObserverWorker } ]
07-14 22:04:06.704 D/PackageManager( 3149): setEnabledSetting : userId = 0 packageName = com.samsung.android.scs cmp = androidx.work.impl.background.systemalarm.RescheduleReceiver newState = 1 callingPackage = 10111/com.samsung.android.scs
07-14 22:04:06.704 D/ApplicationPolicy( 3149): getApplicationStateEnabled : pkg = com.samsung.android.scs userId : 0
07-14 22:04:06.705 D/ApplicationPolicy( 3149): getApplicationComponentState : pkg = com.samsung.android.scs userId : 0
07-14 22:04:07.179 I/HYPER-HAL( 3020): [RequestManager.cpp]releaseLocked(): Released ID : 5045103
07-14 22:04:07.309 I/NearbyMediums(23462): No BLE Fast/GATT advertisements found in the latest cycle.
07-14 22:04:07.309 I/NearbyMediums(23462): Current Tracked Scanning Clients are : {NearbyConnections.EnvironmentMonitor, NearbySharing, NearbyConnections.TxAdvertisement}
07-14 22:04:07.310 I/NearbyMediums(10937): No BLE Fast/GATT advertisements found in the latest cycle.
07-14 22:04:07.311 I/NearbyMediums(10937): Current Tracked Scanning Clients are : {NearbyConnections.EnvironmentMonitor, NearbySharing}
07-14 22:04:07.410 I/EDMNativeHelperService( 3149): isScreenCaptureEnabled
07-14 22:04:07.411 D/RestrictionPolicy( 3149): isScreenCaptureEnabled : ret=true userId=0
07-14 22:04:07.439 W/MediaProvider( 4985): isAppCloneUserPair for user 0: false
07-14 22:04:07.445 D/io_stats(  472): !@   8,0 r 159958742 3940261452 w 29837423 537717436 d 0 0 f 0 0 iot 31041236 0 th 0 0 0 pt 0 inp 0 1 1130753.600
07-14 22:04:07.454 D/SyncManager( 3149): userId - 0 auto - true
07-14 22:04:07.456 W/ProcessState(20409): Extra binder thread started, but 0 threads requested. Do not use *startThreadPool when zero threads are requested.
07-14 22:04:07.488 E/_qlseek ( 7060): errno : 22
07-14 22:04:07.488 E/Qdio::ParseQdio( 7060): File Search Error
07-14 22:04:07.491 W/ExifInterface( 7060): Invalid image: ExifInterface got an unsupported image format file(ExifInterface supports JPEG and some RAW image formats only) or a corrupted JPEG file to ExifInterface.
07-14 22:04:07.491 W/ExifInterface( 7060): java.io.EOFException
07-14 22:04:07.491 W/ExifInterface( 7060): 	at android.media.ExifInterface$ByteOrderedDataInputStream.readShort(ExifInterface.java:5063)
07-14 22:04:07.491 W/ExifInterface( 7060): 	at android.media.ExifInterface.readByteOrder(ExifInterface.java:4006)
07-14 22:04:07.491 W/ExifInterface( 7060): 	at android.media.ExifInterface.parseTiffHeaders(ExifInterface.java:4026)
07-14 22:04:07.491 W/ExifInterface( 7060): 	at android.media.ExifInterface.getRawAttributes(ExifInterface.java:2992)
07-14 22:04:07.491 W/ExifInterface( 7060): 	at android.media.ExifInterface.loadAttributes(ExifInterface.java:2041)
07-14 22:04:07.491 W/ExifInterface( 7060): 	at android.media.ExifInterface.<init>(ExifInterface.java:1641)
07-14 22:04:07.491 W/ExifInterface( 7060): 	at android.media.ExifInterface.<init>(ExifInterface.java:1592)
07-14 22:04:07.491 W/ExifInterface( 7060): 	at com.samsung.android.providers.media.scan.MediaParser.getDateTimeOriginal(MediaParser.java:390)
07-14 22:04:07.491 W/ExifInterface( 7060): 	at com.samsung.android.providers.media.scan.MediaParser.computeDateMetadata(MediaParser.java:367)
07-14 22:04:07.491 W/ExifInterface( 7060): 	at com.samsung.android.providers.media.sync.MediaSync.createOperation(MediaSync.java:429)
07-14 22:04:07.491 W/ExifInterface( 7060): 	at com.samsung.android.providers.media.sync.MediaSync.loadInternal(MediaSync.java:389)
07-14 22:04:07.491 W/ExifInterface( 7060): 	at com.samsung.android.providers.media.sync.MediaSync.load(MediaSync.java:325)
07-14 22:04:07.491 W/ExifInterface( 7060): 	at com.samsung.android.providers.media.sync.MediaSync.-$$Nest$mload(Unknown Source:0)
07-14 22:04:07.491 W/ExifInterface( 7060): 	at com.samsung.android.providers.media.sync.MediaSync$SyncTask.run(MediaSync.java:475)
07-14 22:04:07.491 W/ExifInterface( 7060): 	at android.os.Handler.handleCallback(Handler.java:942)
07-14 22:04:07.491 W/ExifInterface( 7060): 	at android.os.Handler.dispatchMessage(Handler.java:99)
07-14 22:04:07.491 W/ExifInterface( 7060): 	at android.os.Looper.loopOnce(Looper.java:226)
07-14 22:04:07.491 W/ExifInterface( 7060): 	at android.os.Looper.loop(Looper.java:313)
07-14 22:04:07.491 W/ExifInterface( 7060): 	at android.os.HandlerThread.run(HandlerThread.java:67)
07-14 22:04:07.502 I/servicemanager(  434): Could not find android.hardware.graphics.allocator.IAllocator/default in the VINTF manifest.
07-14 22:04:07.523 D/MediaSync( 7060): loaded: 67ms, 1
07-14 22:04:07.558 I/GmscoreIpa(16284): Starting mediastore instant index [CONTEXT service_id=255 ]
07-14 22:04:07.572 D/CompatibilityChangeReporter( 3149): Compat change id reported: 182734110; UID 10228; state: ENABLED
07-14 22:04:07.921 I/wpa_supplicant(23780): Heartbeat 102637
07-14 22:04:07.953 I/HYPER-HAL( 3020): [RequestManager.cpp]releaseLocked(): Released ID : 13841716
07-14 22:04:07.963 W/libprocessgroup( 3149): Failed to open /dev/blkio//cgroup.procs: No such file or directory
07-14 22:04:07.968 W/libprocessgroup( 3149): Failed to open /dev/blkio//cgroup.procs: No such file or directory
07-14 22:04:07.970 W/libprocessgroup( 3149): Failed to open /dev/blkio//cgroup.procs: No such file or directory
07-14 22:04:07.990 I/SCS@AiSearch user 0(19416): (ObserverWorker::AOSP_MP) [main] entering in startWork triggered by [content://media/external/file/1000055594]():  
07-14 22:04:07.990 I/SCS@AiSearch user 0(19416): (BaseCollector::AOSP_MP) [main] entering in onChange():  
07-14 22:04:07.991 I/SCS@AiSearch user 0(19416): (BaseCollector::AOSP_MP) [AOSP_MP-0] entering in collectChanges():  
07-14 22:04:08.014 D/PackageManager( 3149): setEnabledSetting : userId = 0 packageName = com.samsung.android.scs cmp = androidx.work.impl.background.systemalarm.RescheduleReceiver newState = 1 callingPackage = 10111/com.samsung.android.scs
07-14 22:04:08.015 D/ApplicationPolicy( 3149): getApplicationStateEnabled : pkg = com.samsung.android.scs userId : 0
07-14 22:04:08.017 D/ApplicationPolicy( 3149): getApplicationComponentState : pkg = com.samsung.android.scs userId : 0
07-14 22:04:08.043 I/SCS@AiSearch user 0(19416): (BaseCollector::AOSP_MP) fetchInternal values : maxSyncId: 1000055464 indexCount: 1824 sourceCount: 1824
07-14 22:04:08.089 I/SCS@AiSearch user 0(19416): (IndexManager) [AOSP_MP-0] entering in addIndex():  
07-14 22:04:08.096 I/SCS@AiSearch user 0(19416): (BaseCollector::AOSP_MP) fetch: fetching took  72 ms
