07-14 19:36:07.078 D/BtGatt.GattService( 3822): onScanResult to scannerId: 7- eventType=0x1b, addressType=0, address=28AF42_D, primaryPhy=1, secondaryPhy=0, advertisingSid=0xff, txPower=127, rssi=-75, periodicAdvInt=0x0
07-14 19:36:09.498 D/BtGatt.GattService( 3822): onScanResult to scannerId: 7- eventType=0x1b, addressType=0, address=3868A4_3, primaryPhy=1, secondaryPhy=0, advertisingSid=0xff, txPower=127, rssi=-91, periodicAdvInt=0x0
07-14 19:36:09.695 D/AndroidRuntime(16464): >>>>>> START com.android.internal.os.RuntimeInit uid 2000 <<<<<<
07-14 19:36:09.704 I/AndroidRuntime(16464): Using default boot image
07-14 19:36:09.705 I/AndroidRuntime(16464): Leaving lock profiling enabled
07-14 19:36:09.705 D/AndroidRuntime(16464): addProductProperty: pBrand1 is not null
07-14 19:36:09.705 D/AndroidRuntime(16464): addProductProperty: not brand or 7
07-14 19:36:09.895 D/AndroidRuntime(16464): Calling main entry com.android.commands.uiautomator.Launcher
07-14 19:36:11.106 D/WindowManager( 3149): rotationForOrientation, orientationSource=ActivityRecord{70ac579 u0 com.collectiq.ai.local/com.collectiq.ai.MainActivity} t1252}
07-14 19:36:11.114 D/BtGatt.GattService( 3822): onScanResult to scannerId: 7- eventType=0x1b, addressType=0, address=28AF42_D, primaryPhy=1, secondaryPhy=0, advertisingSid=0xff, txPower=127, rssi=-62, periodicAdvInt=0x0
07-14 19:36:11.128 D/BtGatt.GattService( 3822): onScanResult to scannerId: 7- eventType=0x1b, addressType=0, address=28AF42_D, primaryPhy=1, secondaryPhy=0, advertisingSid=0xff, txPower=127, rssi=-62, periodicAdvInt=0x0
07-14 19:36:11.149 D/AndroidRuntime(16464): Shutting down VM
07-14 19:36:15.159 D/BtGatt.GattService( 3822): onScanResult to scannerId: 7- eventType=0x1b, addressType=0, address=28AF42_D, primaryPhy=1, secondaryPhy=0, advertisingSid=0xff, txPower=127, rssi=-68, periodicAdvInt=0x0
07-14 19:36:15.169 D/BtGatt.GattService( 3822): onScanResult to scannerId: 7- eventType=0x1b, addressType=0, address=28AF42_D, primaryPhy=1, secondaryPhy=0, advertisingSid=0xff, txPower=127, rssi=-67, periodicAdvInt=0x0
07-14 19:36:15.942 I/flutter (13913): [Supabase] enabled: false
07-14 19:36:15.942 I/flutter (13913): [Supabase] URL configured: false
07-14 19:36:15.942 I/flutter (13913): [Supabase] anon key configured: false
07-14 19:36:15.942 I/flutter (13913): [Supabase] anon key length: 0
07-14 19:36:15.944 I/flutter (13913): [Supabase] initialization skipped: disabled
07-14 19:36:16.270 I/flutter (13913): [Auth] Supabase not configured; current user is guest
07-14 19:36:16.289 D/BubblesManager( 3511): onNotificationChannelModified : pkg=com.collectiq.ai.local ,modificationType:1
07-14 19:36:19.195 D/BtGatt.GattService( 3822): onScanResult to scannerId: 7- eventType=0x1b, addressType=0, address=28AF42_D, primaryPhy=1, secondaryPhy=0, advertisingSid=0xff, txPower=127, rssi=-76, periodicAdvInt=0x0
07-14 19:36:20.010 D/BtGatt.GattService( 3822): onScanResult to scannerId: 7- eventType=0x1b, addressType=0, address=3868A4_3, primaryPhy=1, secondaryPhy=0, advertisingSid=0xff, txPower=127, rssi=-88, periodicAdvInt=0x0
07-14 19:36:20.699 D/BtGatt.GattService( 3822): onScanResult to scannerId: 7- eventType=0x1b, addressType=0, address=28AF42_D, primaryPhy=1, secondaryPhy=0, advertisingSid=0xff, txPower=127, rssi=-64, periodicAdvInt=0x0
07-14 19:36:20.704 D/BtGatt.GattService( 3822): onScanResult to scannerId: 7- eventType=0x1b, addressType=0, address=28AF42_D, primaryPhy=1, secondaryPhy=0, advertisingSid=0xff, txPower=127, rssi=-64, periodicAdvInt=0x0
07-14 19:36:24.737 D/BtGatt.GattService( 3822): onScanResult to scannerId: 7- eventType=0x1b, addressType=0, address=28AF42_D, primaryPhy=1, secondaryPhy=0, advertisingSid=0xff, txPower=127, rssi=-63, periodicAdvInt=0x0
07-14 19:36:24.773 D/BtGatt.GattService( 3822): onScanResult to scannerId: 7- eventType=0x1b, addressType=0, address=3868A4_3, primaryPhy=1, secondaryPhy=0, advertisingSid=0xff, txPower=127, rssi=-90, periodicAdvInt=0x0
07-14 19:36:26.266 D/BtGatt.GattService( 3822): onScanResult to scannerId: 7- eventType=0x1b, addressType=0, address=28AF42_D, primaryPhy=1, secondaryPhy=0, advertisingSid=0xff, txPower=127, rssi=-71, periodicAdvInt=0x0
07-14 19:36:28.760 D/BtGatt.GattService( 3822): onScanResult to scannerId: 7- eventType=0x1b, addressType=0, address=28AF42_D, primaryPhy=1, secondaryPhy=0, advertisingSid=0xff, txPower=127, rssi=-73, periodicAdvInt=0x0
07-14 19:36:29.523 D/BtGatt.GattService( 3822): onScanResult to scannerId: 7- eventType=0x1b, addressType=0, address=3868A4_3, primaryPhy=1, secondaryPhy=0, advertisingSid=0xff, txPower=127, rssi=-88, periodicAdvInt=0x0
07-14 19:36:30.284 D/BtGatt.GattService( 3822): onScanResult to scannerId: 7- eventType=0x1b, addressType=0, address=28AF42_D, primaryPhy=1, secondaryPhy=0, advertisingSid=0xff, txPower=127, rssi=-63, periodicAdvInt=0x0
07-14 19:36:30.287 D/BtGatt.GattService( 3822): onScanResult to scannerId: 7- eventType=0x1b, addressType=0, address=28AF42_D, primaryPhy=1, secondaryPhy=0, advertisingSid=0xff, txPower=127, rssi=-63, periodicAdvInt=0x0
07-14 19:36:32.801 D/BtGatt.GattService( 3822): onScanResult to scannerId: 7- eventType=0x1b, addressType=0, address=28AF42_D, primaryPhy=1, secondaryPhy=0, advertisingSid=0xff, txPower=127, rssi=-61, periodicAdvInt=0x0
07-14 19:36:34.295 D/BtGatt.GattService( 3822): onScanResult to scannerId: 7- eventType=0x1b, addressType=0, address=3868A4_3, primaryPhy=1, secondaryPhy=0, advertisingSid=0xff, txPower=127, rssi=-88, periodicAdvInt=0x0
07-14 19:36:38.335 D/BtGatt.GattService( 3822): onScanResult to scannerId: 7- eventType=0x1b, addressType=0, address=28AF42_D, primaryPhy=1, secondaryPhy=0, advertisingSid=0xff, txPower=127, rssi=-77, periodicAdvInt=0x0
07-14 19:36:38.340 D/BtGatt.GattService( 3822): onScanResult to scannerId: 7- eventType=0x1b, addressType=0, address=28AF42_D, primaryPhy=1, secondaryPhy=0, advertisingSid=0xff, txPower=127, rssi=-77, periodicAdvInt=0x0
07-14 19:36:39.845 D/BtGatt.GattService( 3822): onScanResult to scannerId: 7- eventType=0x1b, addressType=0, address=28AF42_D, primaryPhy=1, secondaryPhy=0, advertisingSid=0xff, txPower=127, rssi=-62, periodicAdvInt=0x0
07-14 19:36:39.863 D/BtGatt.GattService( 3822): onScanResult to scannerId: 7- eventType=0x1b, addressType=0, address=28AF42_D, primaryPhy=1, secondaryPhy=0, advertisingSid=0xff, txPower=127, rssi=-64, periodicAdvInt=0x0
07-14 19:36:40.474 D/AndroidRuntime(16569): >>>>>> START com.android.internal.os.RuntimeInit uid 2000 <<<<<<
07-14 19:36:40.482 I/AndroidRuntime(16569): Using default boot image
07-14 19:36:40.482 I/AndroidRuntime(16569): Leaving lock profiling enabled
07-14 19:36:40.483 D/AndroidRuntime(16569): addProductProperty: pBrand1 is not null
07-14 19:36:40.483 D/AndroidRuntime(16569): addProductProperty: not brand or 7
07-14 19:36:40.626 D/BtGatt.GattService( 3822): onScanResult to scannerId: 7- eventType=0x1b, addressType=0, address=3868A4_3, primaryPhy=1, secondaryPhy=0, advertisingSid=0xff, txPower=127, rssi=-94, periodicAdvInt=0x0
07-14 19:36:40.659 D/AndroidRuntime(16569): Calling main entry com.android.commands.uiautomator.Launcher
07-14 19:36:41.589 D/BtGatt.GattService( 3822): onScanResult to scannerId: 7- eventType=0x1b, addressType=0, address=3868A4_3, primaryPhy=1, secondaryPhy=0, advertisingSid=0xff, txPower=127, rssi=-88, periodicAdvInt=0x0
07-14 19:36:41.845 D/WindowManager( 3149): rotationForOrientation, orientationSource=ActivityRecord{70ac579 u0 com.collectiq.ai.local/com.collectiq.ai.MainActivity} t1252}
07-14 19:36:41.885 D/AndroidRuntime(16569): Shutting down VM
07-14 19:36:42.376 D/BtGatt.GattService( 3822): onScanResult to scannerId: 7- eventType=0x1b, addressType=0, address=28AF42_D, primaryPhy=1, secondaryPhy=0, advertisingSid=0xff, txPower=127, rssi=-61, periodicAdvInt=0x0
07-14 19:36:42.380 D/BtGatt.GattService( 3822): onScanResult to scannerId: 7- eventType=0x1b, addressType=0, address=28AF42_D, primaryPhy=1, secondaryPhy=0, advertisingSid=0xff, txPower=127, rssi=-62, periodicAdvInt=0x0
07-14 19:36:47.936 D/BtGatt.GattService( 3822): onScanResult to scannerId: 7- eventType=0x1b, addressType=0, address=28AF42_D, primaryPhy=1, secondaryPhy=0, advertisingSid=0xff, txPower=127, rssi=-74, periodicAdvInt=0x0
07-14 19:36:47.944 D/BtGatt.GattService( 3822): onScanResult to scannerId: 7- eventType=0x1b, addressType=0, address=28AF42_D, primaryPhy=1, secondaryPhy=0, advertisingSid=0xff, txPower=127, rssi=-74, periodicAdvInt=0x0
07-14 19:36:49.443 D/BtGatt.GattService( 3822): onScanResult to scannerId: 7- eventType=0x1b, addressType=0, address=28AF42_D, primaryPhy=1, secondaryPhy=0, advertisingSid=0xff, txPower=127, rssi=-62, periodicAdvInt=0x0
07-14 19:36:49.472 D/BtGatt.GattService( 3822): onScanResult to scannerId: 7- eventType=0x1b, addressType=0, address=28AF42_D, primaryPhy=1, secondaryPhy=0, advertisingSid=0xff, txPower=127, rssi=-64, periodicAdvInt=0x0
07-14 19:36:51.101 D/BtGatt.GattService( 3822): onScanResult to scannerId: 7- eventType=0x1b, addressType=0, address=3868A4_3, primaryPhy=1, secondaryPhy=0, advertisingSid=0xff, txPower=127, rssi=-87, periodicAdvInt=0x0
07-14 19:36:51.966 D/BtGatt.GattService( 3822): onScanResult to scannerId: 7- eventType=0x1b, addressType=0, address=28AF42_D, primaryPhy=1, secondaryPhy=0, advertisingSid=0xff, txPower=127, rssi=-62, periodicAdvInt=0x0
07-14 19:36:53.466 D/BtGatt.GattService( 3822): onScanResult to scannerId: 7- eventType=0x1b, addressType=0, address=28AF42_D, primaryPhy=1, secondaryPhy=0, advertisingSid=0xff, txPower=127, rssi=-69, periodicAdvInt=0x0
07-14 19:36:53.474 D/BtGatt.GattService( 3822): onScanResult to scannerId: 7- eventType=0x1b, addressType=0, address=28AF42_D, primaryPhy=1, secondaryPhy=0, advertisingSid=0xff, txPower=127, rssi=-68, periodicAdvInt=0x0
07-14 19:36:57.470 D/BtGatt.GattService( 3822): onScanResult to scannerId: 7- eventType=0x1b, addressType=0, address=28AF42_D, primaryPhy=1, secondaryPhy=0, advertisingSid=0xff, txPower=127, rssi=-71, periodicAdvInt=0x0
07-14 19:37:01.487 D/BtGatt.GattService( 3822): onScanResult to scannerId: 7- eventType=0x1b, addressType=0, address=28AF42_D, primaryPhy=1, secondaryPhy=0, advertisingSid=0xff, txPower=127, rssi=-63, periodicAdvInt=0x0
07-14 19:37:02.478 D/CoreBackPreview( 3149): Window{c1de52 u0 com.collectiq.ai.local/com.collectiq.ai.MainActivity}: Setting back callback OnBackInvokedCallbackInfo{mCallback=android.window.IOnBackInvokedCallback$Stub$Proxy@3ccb0ca, mPriority=0}
07-14 19:37:03.008 D/BtGatt.GattService( 3822): onScanResult to scannerId: 7- eventType=0x1b, addressType=0, address=28AF42_D, primaryPhy=1, secondaryPhy=0, advertisingSid=0xff, txPower=127, rssi=-69, periodicAdvInt=0x0
07-14 19:37:05.520 D/BtGatt.GattService( 3822): onScanResult to scannerId: 7- eventType=0x1b, addressType=0, address=28AF42_D, primaryPhy=1, secondaryPhy=0, advertisingSid=0xff, txPower=127, rssi=-67, periodicAdvInt=0x0
07-14 19:37:05.533 D/BtGatt.GattService( 3822): onScanResult to scannerId: 7- eventType=0x1b, addressType=0, address=28AF42_D, primaryPhy=1, secondaryPhy=0, advertisingSid=0xff, txPower=127, rssi=-67, periodicAdvInt=0x0
07-14 19:37:07.029 D/BtGatt.GattService( 3822): onScanResult to scannerId: 7- eventType=0x1b, addressType=0, address=28AF42_D, primaryPhy=1, secondaryPhy=0, advertisingSid=0xff, txPower=127, rssi=-70, periodicAdvInt=0x0
07-14 19:37:09.541 D/BtGatt.GattService( 3822): onScanResult to scannerId: 7- eventType=0x1b, addressType=0, address=28AF42_D, primaryPhy=1, secondaryPhy=0, advertisingSid=0xff, txPower=127, rssi=-73, periodicAdvInt=0x0
07-14 19:37:09.555 D/BtGatt.GattService( 3822): onScanResult to scannerId: 7- eventType=0x1b, addressType=0, address=28AF42_D, primaryPhy=1, secondaryPhy=0, advertisingSid=0xff, txPower=127, rssi=-73, periodicAdvInt=0x0
07-14 19:37:11.055 D/BtGatt.GattService( 3822): onScanResult to scannerId: 7- eventType=0x1b, addressType=0, address=28AF42_D, primaryPhy=1, secondaryPhy=0, advertisingSid=0xff, txPower=127, rssi=-61, periodicAdvInt=0x0
07-14 19:37:11.064 D/BtGatt.GattService( 3822): onScanResult to scannerId: 7- eventType=0x1b, addressType=0, address=28AF42_D, primaryPhy=1, secondaryPhy=0, advertisingSid=0xff, txPower=127, rssi=-61, periodicAdvInt=0x0
07-14 19:37:13.587 D/BtGatt.GattService( 3822): onScanResult to scannerId: 7- eventType=0x1b, addressType=0, address=28AF42_D, primaryPhy=1, secondaryPhy=0, advertisingSid=0xff, txPower=127, rssi=-61, periodicAdvInt=0x0
07-14 19:37:15.097 D/BtGatt.GattService( 3822): onScanResult to scannerId: 7- eventType=0x1b, addressType=0, address=28AF42_D, primaryPhy=1, secondaryPhy=0, advertisingSid=0xff, txPower=127, rssi=-67, periodicAdvInt=0x0
07-14 19:37:15.106 D/BtGatt.GattService( 3822): onScanResult to scannerId: 7- eventType=0x1b, addressType=0, address=28AF42_D, primaryPhy=1, secondaryPhy=0, advertisingSid=0xff, txPower=127, rssi=-67, periodicAdvInt=0x0
07-14 19:37:16.613 D/BtGatt.GattService( 3822): onScanResult to scannerId: 7- eventType=0x1b, addressType=0, address=28AF42_D, primaryPhy=1, secondaryPhy=0, advertisingSid=0xff, txPower=127, rssi=-79, periodicAdvInt=0x0
07-14 19:37:16.627 D/BtGatt.GattService( 3822): onScanResult to scannerId: 7- eventType=0x1b, addressType=0, address=28AF42_D, primaryPhy=1, secondaryPhy=0, advertisingSid=0xff, txPower=127, rssi=-83, periodicAdvInt=0x0
07-14 19:37:19.156 D/BtGatt.GattService( 3822): onScanResult to scannerId: 7- eventType=0x1b, addressType=0, address=28AF42_D, primaryPhy=1, secondaryPhy=0, advertisingSid=0xff, txPower=127, rssi=-77, periodicAdvInt=0x0
07-14 19:37:20.672 D/BtGatt.GattService( 3822): onScanResult to scannerId: 7- eventType=0x1b, addressType=0, address=28AF42_D, primaryPhy=1, secondaryPhy=0, advertisingSid=0xff, txPower=127, rssi=-62, periodicAdvInt=0x0
07-14 19:37:20.677 D/BtGatt.GattService( 3822): onScanResult to scannerId: 7- eventType=0x1b, addressType=0, address=28AF42_D, primaryPhy=1, secondaryPhy=0, advertisingSid=0xff, txPower=127, rssi=-62, periodicAdvInt=0x0
07-14 19:37:24.699 D/BtGatt.GattService( 3822): onScanResult to scannerId: 7- eventType=0x1b, addressType=0, address=28AF42_D, primaryPhy=1, secondaryPhy=0, advertisingSid=0xff, txPower=127, rssi=-67, periodicAdvInt=0x0
07-14 19:37:24.710 D/BtGatt.GattService( 3822): onScanResult to scannerId: 7- eventType=0x1b, addressType=0, address=28AF42_D, primaryPhy=1, secondaryPhy=0, advertisingSid=0xff, txPower=127, rssi=-68, periodicAdvInt=0x0
07-14 19:37:25.295 D/AndroidRuntime(17023): >>>>>> START com.android.internal.os.RuntimeInit uid 2000 <<<<<<
07-14 19:37:25.302 I/AndroidRuntime(17023): Using default boot image
07-14 19:37:25.302 I/AndroidRuntime(17023): Leaving lock profiling enabled
07-14 19:37:25.303 D/AndroidRuntime(17023): addProductProperty: pBrand1 is not null
07-14 19:37:25.303 D/AndroidRuntime(17023): addProductProperty: not brand or 7
07-14 19:37:25.465 D/AndroidRuntime(17023): Calling main entry com.android.commands.uiautomator.Launcher
07-14 19:37:26.204 D/BtGatt.GattService( 3822): onScanResult to scannerId: 7- eventType=0x1b, addressType=0, address=28AF42_D, primaryPhy=1, secondaryPhy=0, advertisingSid=0xff, txPower=127, rssi=-74, periodicAdvInt=0x0
07-14 19:37:26.213 D/BtGatt.GattService( 3822): onScanResult to scannerId: 7- eventType=0x1b, addressType=0, address=28AF42_D, primaryPhy=1, secondaryPhy=0, advertisingSid=0xff, txPower=127, rssi=-74, periodicAdvInt=0x0
07-14 19:37:26.666 D/WindowManager( 3149): rotationForOrientation, orientationSource=ActivityRecord{70ac579 u0 com.collectiq.ai.local/com.collectiq.ai.MainActivity} t1252}
07-14 19:37:26.713 D/AndroidRuntime(17023): Shutting down VM
07-14 19:37:28.736 D/BtGatt.GattService( 3822): onScanResult to scannerId: 7- eventType=0x1b, addressType=0, address=28AF42_D, primaryPhy=1, secondaryPhy=0, advertisingSid=0xff, txPower=127, rssi=-69, periodicAdvInt=0x0
07-14 19:37:28.746 D/BtGatt.GattService( 3822): onScanResult to scannerId: 7- eventType=0x1b, addressType=0, address=28AF42_D, primaryPhy=1, secondaryPhy=0, advertisingSid=0xff, txPower=127, rssi=-69, periodicAdvInt=0x0
07-14 19:37:30.258 D/BtGatt.GattService( 3822): onScanResult to scannerId: 7- eventType=0x1b, addressType=0, address=28AF42_D, primaryPhy=1, secondaryPhy=0, advertisingSid=0xff, txPower=127, rssi=-62, periodicAdvInt=0x0
07-14 19:37:30.269 D/BtGatt.GattService( 3822): onScanResult to scannerId: 7- eventType=0x1b, addressType=0, address=28AF42_D, primaryPhy=1, secondaryPhy=0, advertisingSid=0xff, txPower=127, rssi=-62, periodicAdvInt=0x0
07-14 19:37:31.782 D/BtGatt.GattService( 3822): onScanResult to scannerId: 7- eventType=0x1b, addressType=0, address=28AF42_D, primaryPhy=1, secondaryPhy=0, advertisingSid=0xff, txPower=127, rssi=-67, periodicAdvInt=0x0
07-14 19:37:34.311 D/BtGatt.GattService( 3822): onScanResult to scannerId: 7- eventType=0x1b, addressType=0, address=28AF42_D, primaryPhy=1, secondaryPhy=0, advertisingSid=0xff, txPower=127, rssi=-67, periodicAdvInt=0x0
07-14 19:37:34.338 D/BtGatt.GattService( 3822): onScanResult to scannerId: 7- eventType=0x1b, addressType=0, address=28AF42_D, primaryPhy=1, secondaryPhy=0, advertisingSid=0xff, txPower=127, rssi=-67, periodicAdvInt=0x0
07-14 19:37:35.825 D/BtGatt.GattService( 3822): onScanResult to scannerId: 7- eventType=0x1b, addressType=0, address=28AF42_D, primaryPhy=1, secondaryPhy=0, advertisingSid=0xff, txPower=127, rssi=-80, periodicAdvInt=0x0
07-14 19:37:35.831 D/BtGatt.GattService( 3822): onScanResult to scannerId: 7- eventType=0x1b, addressType=0, address=28AF42_D, primaryPhy=1, secondaryPhy=0, advertisingSid=0xff, txPower=127, rssi=-80, periodicAdvInt=0x0
07-14 19:37:38.340 D/BtGatt.GattService( 3822): onScanResult to scannerId: 7- eventType=0x1b, addressType=0, address=28AF42_D, primaryPhy=1, secondaryPhy=0, advertisingSid=0xff, txPower=127, rssi=-75, periodicAdvInt=0x0
07-14 19:37:38.348 D/BtGatt.GattService( 3822): onScanResult to scannerId: 7- eventType=0x1b, addressType=0, address=28AF42_D, primaryPhy=1, secondaryPhy=0, advertisingSid=0xff, txPower=127, rssi=-75, periodicAdvInt=0x0
07-14 19:37:39.848 D/BtGatt.GattService( 3822): onScanResult to scannerId: 7- eventType=0x1b, addressType=0, address=28AF42_D, primaryPhy=1, secondaryPhy=0, advertisingSid=0xff, txPower=127, rssi=-62, periodicAdvInt=0x0
07-14 19:37:39.852 D/BtGatt.GattService( 3822): onScanResult to scannerId: 7- eventType=0x1b, addressType=0, address=28AF42_D, primaryPhy=1, secondaryPhy=0, advertisingSid=0xff, txPower=127, rssi=-62, periodicAdvInt=0x0
07-14 19:37:43.867 D/BtGatt.GattService( 3822): onScanResult to scannerId: 7- eventType=0x1b, addressType=0, address=28AF42_D, primaryPhy=1, secondaryPhy=0, advertisingSid=0xff, txPower=127, rssi=-68, periodicAdvInt=0x0
07-14 19:37:45.376 D/BtGatt.GattService( 3822): onScanResult to scannerId: 7- eventType=0x1b, addressType=0, address=28AF42_D, primaryPhy=1, secondaryPhy=0, advertisingSid=0xff, txPower=127, rssi=-71, periodicAdvInt=0x0
07-14 19:37:45.380 D/BtGatt.GattService( 3822): onScanResult to scannerId: 7- eventType=0x1b, addressType=0, address=28AF42_D, primaryPhy=1, secondaryPhy=0, advertisingSid=0xff, txPower=127, rssi=-71, periodicAdvInt=0x0
07-14 19:37:47.890 D/BtGatt.GattService( 3822): onScanResult to scannerId: 7- eventType=0x1b, addressType=0, address=28AF42_D, primaryPhy=1, secondaryPhy=0, advertisingSid=0xff, txPower=127, rssi=-70, periodicAdvInt=0x0
07-14 19:37:47.901 D/BtGatt.GattService( 3822): onScanResult to scannerId: 7- eventType=0x1b, addressType=0, address=28AF42_D, primaryPhy=1, secondaryPhy=0, advertisingSid=0xff, txPower=127, rssi=-71, periodicAdvInt=0x0
07-14 19:37:48.574 D/BtGatt.GattService( 3822): onScanResult to scannerId: 7- eventType=0x1b, addressType=0, address=3868A4_3, primaryPhy=1, secondaryPhy=0, advertisingSid=0xff, txPower=127, rssi=-87, periodicAdvInt=0x0
07-14 19:37:49.398 D/BtGatt.GattService( 3822): onScanResult to scannerId: 7- eventType=0x1b, addressType=0, address=28AF42_D, primaryPhy=1, secondaryPhy=0, advertisingSid=0xff, txPower=127, rssi=-64, periodicAdvInt=0x0
07-14 19:37:49.410 D/BtGatt.GattService( 3822): onScanResult to scannerId: 7- eventType=0x1b, addressType=0, address=28AF42_D, primaryPhy=1, secondaryPhy=0, advertisingSid=0xff, txPower=127, rssi=-62, periodicAdvInt=0x0
07-14 19:37:51.932 D/BtGatt.GattService( 3822): onScanResult to scannerId: 7- eventType=0x1b, addressType=0, address=28AF42_D, primaryPhy=1, secondaryPhy=0, advertisingSid=0xff, txPower=127, rssi=-64, periodicAdvInt=0x0
07-14 19:37:51.943 D/BtGatt.GattService( 3822): onScanResult to scannerId: 7- eventType=0x1b, addressType=0, address=28AF42_D, primaryPhy=1, secondaryPhy=0, advertisingSid=0xff, txPower=127, rssi=-64, periodicAdvInt=0x0
07-14 19:37:53.446 D/BtGatt.GattService( 3822): onScanResult to scannerId: 7- eventType=0x1b, addressType=0, address=28AF42_D, primaryPhy=1, secondaryPhy=0, advertisingSid=0xff, txPower=127, rssi=-66, periodicAdvInt=0x0
07-14 19:37:54.966 D/BtGatt.GattService( 3822): onScanResult to scannerId: 7- eventType=0x1b, addressType=0, address=28AF42_D, primaryPhy=1, secondaryPhy=0, advertisingSid=0xff, txPower=127, rssi=-71, periodicAdvInt=0x0
07-14 19:37:54.972 D/BtGatt.GattService( 3822): onScanResult to scannerId: 7- eventType=0x1b, addressType=0, address=28AF42_D, primaryPhy=1, secondaryPhy=0, advertisingSid=0xff, txPower=127, rssi=-72, periodicAdvInt=0x0
07-14 19:37:57.488 D/BtGatt.GattService( 3822): onScanResult to scannerId: 7- eventType=0x1b, addressType=0, address=28AF42_D, primaryPhy=1, secondaryPhy=0, advertisingSid=0xff, txPower=127, rssi=-72, periodicAdvInt=0x0
07-14 19:37:57.490 D/BtGatt.GattService( 3822): onScanResult to scannerId: 7- eventType=0x1b, addressType=0, address=28AF42_D, primaryPhy=1, secondaryPhy=0, advertisingSid=0xff, txPower=127, rssi=-72, periodicAdvInt=0x0
07-14 19:37:59.008 D/BtGatt.GattService( 3822): onScanResult to scannerId: 7- eventType=0x1b, addressType=0, address=28AF42_D, primaryPhy=1, secondaryPhy=0, advertisingSid=0xff, txPower=127, rssi=-62, periodicAdvInt=0x0
07-14 19:38:01.530 D/BtGatt.GattService( 3822): onScanResult to scannerId: 7- eventType=0x1b, addressType=0, address=28AF42_D, primaryPhy=1, secondaryPhy=0, advertisingSid=0xff, txPower=127, rssi=-62, periodicAdvInt=0x0
07-14 19:38:03.035 D/BtGatt.GattService( 3822): onScanResult to scannerId: 7- eventType=0x1b, addressType=0, address=28AF42_D, primaryPhy=1, secondaryPhy=0, advertisingSid=0xff, txPower=127, rssi=-65, periodicAdvInt=0x0
07-14 19:38:03.044 D/BtGatt.GattService( 3822): onScanResult to scannerId: 7- eventType=0x1b, addressType=0, address=28AF42_D, primaryPhy=1, secondaryPhy=0, advertisingSid=0xff, txPower=127, rssi=-65, periodicAdvInt=0x0
07-14 19:38:06.979 D/BtGatt.GattService( 3822): onScanResult to scannerId: 7- eventType=0x1b, addressType=0, address=3868A4_3, primaryPhy=1, secondaryPhy=0, advertisingSid=0xff, txPower=127, rssi=-92, periodicAdvInt=0x0
07-14 19:38:07.050 D/BtGatt.GattService( 3822): onScanResult to scannerId: 7- eventType=0x1b, addressType=0, address=28AF42_D, primaryPhy=1, secondaryPhy=0, advertisingSid=0xff, txPower=127, rssi=-69, periodicAdvInt=0x0
07-14 19:38:07.067 D/BtGatt.GattService( 3822): onScanResult to scannerId: 7- eventType=0x1b, addressType=0, address=28AF42_D, primaryPhy=1, secondaryPhy=0, advertisingSid=0xff, txPower=127, rssi=-69, periodicAdvInt=0x0
07-14 19:38:08.564 D/BtGatt.GattService( 3822): onScanResult to scannerId: 7- eventType=0x1b, addressType=0, address=28AF42_D, primaryPhy=1, secondaryPhy=0, advertisingSid=0xff, txPower=127, rssi=-62, periodicAdvInt=0x0
07-14 19:38:08.571 D/BtGatt.GattService( 3822): onScanResult to scannerId: 7- eventType=0x1b, addressType=0, address=28AF42_D, primaryPhy=1, secondaryPhy=0, advertisingSid=0xff, txPower=127, rssi=-62, periodicAdvInt=0x0
07-14 19:38:11.079 D/BtGatt.GattService( 3822): onScanResult to scannerId: 7- eventType=0x1b, addressType=0, address=28AF42_D, primaryPhy=1, secondaryPhy=0, advertisingSid=0xff, txPower=127, rssi=-61, periodicAdvInt=0x0
07-14 19:38:11.654 D/AndroidRuntime(17273): >>>>>> START com.android.internal.os.RuntimeInit uid 2000 <<<<<<
07-14 19:38:11.660 I/AndroidRuntime(17273): Using default boot image
07-14 19:38:11.660 I/AndroidRuntime(17273): Leaving lock profiling enabled
07-14 19:38:11.661 D/AndroidRuntime(17273): addProductProperty: pBrand1 is not null
07-14 19:38:11.661 D/AndroidRuntime(17273): addProductProperty: not brand or 7
07-14 19:38:11.850 D/AndroidRuntime(17273): Calling main entry com.android.commands.uiautomator.Launcher
07-14 19:38:12.600 D/BtGatt.GattService( 3822): onScanResult to scannerId: 7- eventType=0x1b, addressType=0, address=28AF42_D, primaryPhy=1, secondaryPhy=0, advertisingSid=0xff, txPower=127, rssi=-68, periodicAdvInt=0x0
07-14 19:38:13.054 D/WindowManager( 3149): rotationForOrientation, orientationSource=ActivityRecord{70ac579 u0 com.collectiq.ai.local/com.collectiq.ai.MainActivity} t1252}
07-14 19:38:13.093 D/AndroidRuntime(17273): Shutting down VM
07-14 19:38:15.098 D/BtGatt.GattService( 3822): onScanResult to scannerId: 7- eventType=0x1b, addressType=0, address=28AF42_D, primaryPhy=1, secondaryPhy=0, advertisingSid=0xff, txPower=127, rssi=-68, periodicAdvInt=0x0
07-14 19:38:15.127 D/BtGatt.GattService( 3822): onScanResult to scannerId: 7- eventType=0x1b, addressType=0, address=28AF42_D, primaryPhy=1, secondaryPhy=0, advertisingSid=0xff, txPower=127, rssi=-68, periodicAdvInt=0x0
07-14 19:38:16.605 D/BtGatt.GattService( 3822): onScanResult to scannerId: 7- eventType=0x1b, addressType=0, address=28AF42_D, primaryPhy=1, secondaryPhy=0, advertisingSid=0xff, txPower=127, rssi=-73, periodicAdvInt=0x0
07-14 19:38:20.642 D/BtGatt.GattService( 3822): onScanResult to scannerId: 7- eventType=0x1b, addressType=0, address=28AF42_D, primaryPhy=1, secondaryPhy=0, advertisingSid=0xff, txPower=127, rssi=-62, periodicAdvInt=0x0
07-14 19:38:20.652 D/BtGatt.GattService( 3822): onScanResult to scannerId: 7- eventType=0x1b, addressType=0, address=28AF42_D, primaryPhy=1, secondaryPhy=0, advertisingSid=0xff, txPower=127, rssi=-62, periodicAdvInt=0x0
07-14 19:38:22.156 D/BtGatt.GattService( 3822): onScanResult to scannerId: 7- eventType=0x1b, addressType=0, address=28AF42_D, primaryPhy=1, secondaryPhy=0, advertisingSid=0xff, txPower=127, rssi=-66, periodicAdvInt=0x0
07-14 19:38:22.226 D/BtGatt.GattService( 3822): onScanResult to scannerId: 7- eventType=0x1b, addressType=0, address=3868A4_3, primaryPhy=1, secondaryPhy=0, advertisingSid=0xff, txPower=127, rssi=-87, periodicAdvInt=0x0
07-14 19:38:24.682 D/BtGatt.GattService( 3822): onScanResult to scannerId: 7- eventType=0x1b, addressType=0, address=28AF42_D, primaryPhy=1, secondaryPhy=0, advertisingSid=0xff, txPower=127, rssi=-67, periodicAdvInt=0x0
07-14 19:38:24.689 D/BtGatt.GattService( 3822): onScanResult to scannerId: 7- eventType=0x1b, addressType=0, address=28AF42_D, primaryPhy=1, secondaryPhy=0, advertisingSid=0xff, txPower=127, rssi=-67, periodicAdvInt=0x0
07-14 19:38:26.195 D/BtGatt.GattService( 3822): onScanResult to scannerId: 7- eventType=0x1b, addressType=0, address=28AF42_D, primaryPhy=1, secondaryPhy=0, advertisingSid=0xff, txPower=127, rssi=-73, periodicAdvInt=0x0
07-14 19:38:26.201 D/BtGatt.GattService( 3822): onScanResult to scannerId: 7- eventType=0x1b, addressType=0, address=28AF42_D, primaryPhy=1, secondaryPhy=0, advertisingSid=0xff, txPower=127, rssi=-74, periodicAdvInt=0x0
07-14 19:38:27.016 D/BtGatt.GattService( 3822): onScanResult to scannerId: 7- eventType=0x1b, addressType=0, address=3868A4_3, primaryPhy=1, secondaryPhy=0, advertisingSid=0xff, txPower=127, rssi=-87, periodicAdvInt=0x0
07-14 19:38:30.233 D/BtGatt.GattService( 3822): onScanResult to scannerId: 7- eventType=0x1b, addressType=0, address=28AF42_D, primaryPhy=1, secondaryPhy=0, advertisingSid=0xff, txPower=127, rssi=-62, periodicAdvInt=0x0
07-14 19:38:30.246 D/BtGatt.GattService( 3822): onScanResult to scannerId: 7- eventType=0x1b, addressType=0, address=28AF42_D, primaryPhy=1, secondaryPhy=0, advertisingSid=0xff, txPower=127, rssi=-62, periodicAdvInt=0x0
07-14 19:38:31.752 D/BtGatt.GattService( 3822): onScanResult to scannerId: 7- eventType=0x1b, addressType=0, address=28AF42_D, primaryPhy=1, secondaryPhy=0, advertisingSid=0xff, txPower=127, rssi=-67, periodicAdvInt=0x0
07-14 19:38:31.780 D/BtGatt.GattService( 3822): onScanResult to scannerId: 7- eventType=0x1b, addressType=0, address=28AF42_D, primaryPhy=1, secondaryPhy=0, advertisingSid=0xff, txPower=127, rssi=-67, periodicAdvInt=0x0
07-14 19:38:31.782 D/BtGatt.GattService( 3822): onScanResult to scannerId: 7- eventType=0x1b, addressType=0, address=3868A4_3, primaryPhy=1, secondaryPhy=0, advertisingSid=0xff, txPower=127, rssi=-87, periodicAdvInt=0x0
07-14 19:38:34.264 D/BtGatt.GattService( 3822): onScanResult to scannerId: 7- eventType=0x1b, addressType=0, address=28AF42_D, primaryPhy=1, secondaryPhy=0, advertisingSid=0xff, txPower=127, rssi=-68, periodicAdvInt=0x0
07-14 19:38:35.782 D/BtGatt.GattService( 3822): onScanResult to scannerId: 7- eventType=0x1b, addressType=0, address=28AF42_D, primaryPhy=1, secondaryPhy=0, advertisingSid=0xff, txPower=127, rssi=-72, periodicAdvInt=0x0
07-14 19:38:38.264 D/BtGatt.GattService( 3822): onScanResult to scannerId: 7- eventType=0x1b, addressType=0, address=28AF42_D, primaryPhy=1, secondaryPhy=0, advertisingSid=0xff, txPower=127, rssi=-74, periodicAdvInt=0x0
07-14 19:38:38.294 D/BtGatt.GattService( 3822): onScanResult to scannerId: 7- eventType=0x1b, addressType=0, address=28AF42_D, primaryPhy=1, secondaryPhy=0, advertisingSid=0xff, txPower=127, rssi=-74, periodicAdvInt=0x0
07-14 19:38:39.779 D/BtGatt.GattService( 3822): onScanResult to scannerId: 7- eventType=0x1b, addressType=0, address=28AF42_D, primaryPhy=1, secondaryPhy=0, advertisingSid=0xff, txPower=127, rssi=-62, periodicAdvInt=0x0
07-14 19:38:39.790 D/BtGatt.GattService( 3822): onScanResult to scannerId: 7- eventType=0x1b, addressType=0, address=28AF42_D, primaryPhy=1, secondaryPhy=0, advertisingSid=0xff, txPower=127, rssi=-62, periodicAdvInt=0x0
07-14 19:38:40.687 D/BtGatt.GattService( 3822): onScanResult to scannerId: 7- eventType=0x1b, addressType=0, address=3868A4_3, primaryPhy=1, secondaryPhy=0, advertisingSid=0xff, txPower=127, rssi=-91, periodicAdvInt=0x0
07-14 19:38:42.292 D/BtGatt.GattService( 3822): onScanResult to scannerId: 7- eventType=0x1b, addressType=0, address=28AF42_D, primaryPhy=1, secondaryPhy=0, advertisingSid=0xff, txPower=127, rssi=-61, periodicAdvInt=0x0
07-14 19:38:43.813 D/BtGatt.GattService( 3822): onScanResult to scannerId: 7- eventType=0x1b, addressType=0, address=28AF42_D, primaryPhy=1, secondaryPhy=0, advertisingSid=0xff, txPower=127, rssi=-67, periodicAdvInt=0x0
07-14 19:38:43.827 D/BtGatt.GattService( 3822): onScanResult to scannerId: 7- eventType=0x1b, addressType=0, address=28AF42_D, primaryPhy=1, secondaryPhy=0, advertisingSid=0xff, txPower=127, rssi=-67, periodicAdvInt=0x0
07-14 19:38:43.873 D/BtGatt.GattService( 3822): onScanResult to scannerId: 7- eventType=0x1b, addressType=0, address=3868A4_3, primaryPhy=1, secondaryPhy=0, advertisingSid=0xff, txPower=127, rssi=-87, periodicAdvInt=0x0
07-14 19:38:45.330 D/BtGatt.GattService( 3822): onScanResult to scannerId: 7- eventType=0x1b, addressType=0, address=28AF42_D, primaryPhy=1, secondaryPhy=0, advertisingSid=0xff, txPower=127, rssi=-77, periodicAdvInt=0x0
07-14 19:38:47.834 D/BtGatt.GattService( 3822): onScanResult to scannerId: 7- eventType=0x1b, addressType=0, address=28AF42_D, primaryPhy=1, secondaryPhy=0, advertisingSid=0xff, txPower=127, rssi=-70, periodicAdvInt=0x0
07-14 19:38:47.839 D/BtGatt.GattService( 3822): onScanResult to scannerId: 7- eventType=0x1b, addressType=0, address=28AF42_D, primaryPhy=1, secondaryPhy=0, advertisingSid=0xff, txPower=127, rssi=-70, periodicAdvInt=0x0
07-14 19:38:49.351 D/BtGatt.GattService( 3822): onScanResult to scannerId: 7- eventType=0x1b, addressType=0, address=28AF42_D, primaryPhy=1, secondaryPhy=0, advertisingSid=0xff, txPower=127, rssi=-62, periodicAdvInt=0x0
07-14 19:38:53.389 D/BtGatt.GattService( 3822): onScanResult to scannerId: 7- eventType=0x1b, addressType=0, address=28AF42_D, primaryPhy=1, secondaryPhy=0, advertisingSid=0xff, txPower=127, rssi=-66, periodicAdvInt=0x0
07-14 19:38:53.395 D/BtGatt.GattService( 3822): onScanResult to scannerId: 7- eventType=0x1b, addressType=0, address=28AF42_D, primaryPhy=1, secondaryPhy=0, advertisingSid=0xff, txPower=127, rssi=-67, periodicAdvInt=0x0
07-14 19:38:54.900 D/BtGatt.GattService( 3822): onScanResult to scannerId: 7- eventType=0x1b, addressType=0, address=28AF42_D, primaryPhy=1, secondaryPhy=0, advertisingSid=0xff, txPower=127, rssi=-72, periodicAdvInt=0x0
07-14 19:38:54.928 D/BtGatt.GattService( 3822): onScanResult to scannerId: 7- eventType=0x1b, addressType=0, address=28AF42_D, primaryPhy=1, secondaryPhy=0, advertisingSid=0xff, txPower=127, rssi=-72, periodicAdvInt=0x0
07-14 19:38:55.905 D/BtGatt.GattService( 3822): onScanResult to scannerId: 7- eventType=0x1b, addressType=0, address=28AF42_D, primaryPhy=1, secondaryPhy=0, advertisingSid=0xff, txPower=127, rssi=-66, periodicAdvInt=0x0
07-14 19:38:58.927 D/BtGatt.GattService( 3822): onScanResult to scannerId: 7- eventType=0x1b, addressType=0, address=28AF42_D, primaryPhy=1, secondaryPhy=0, advertisingSid=0xff, txPower=127, rssi=-62, periodicAdvInt=0x0
07-14 19:38:58.932 D/BtGatt.GattService( 3822): onScanResult to scannerId: 7- eventType=0x1b, addressType=0, address=28AF42_D, primaryPhy=1, secondaryPhy=0, advertisingSid=0xff, txPower=127, rssi=-62, periodicAdvInt=0x0
07-14 19:39:01.451 D/BtGatt.GattService( 3822): onScanResult to scannerId: 7- eventType=0x1b, addressType=0, address=28AF42_D, primaryPhy=1, secondaryPhy=0, advertisingSid=0xff, txPower=127, rssi=-62, periodicAdvInt=0x0
07-14 19:39:01.461 D/BtGatt.GattService( 3822): onScanResult to scannerId: 7- eventType=0x1b, addressType=0, address=28AF42_D, primaryPhy=1, secondaryPhy=0, advertisingSid=0xff, txPower=127, rssi=-62, periodicAdvInt=0x0
07-14 19:39:06.359 D/AndroidRuntime(17506): >>>>>> START com.android.internal.os.RuntimeInit uid 2000 <<<<<<
07-14 19:39:06.366 I/AndroidRuntime(17506): Using default boot image
07-14 19:39:06.366 I/AndroidRuntime(17506): Leaving lock profiling enabled
07-14 19:39:06.367 D/AndroidRuntime(17506): addProductProperty: pBrand1 is not null
07-14 19:39:06.367 D/AndroidRuntime(17506): addProductProperty: not brand or 7
07-14 19:39:06.542 D/AndroidRuntime(17506): Calling main entry com.android.commands.uiautomator.Launcher
07-14 19:39:07.019 D/BtGatt.GattService( 3822): onScanResult to scannerId: 7- eventType=0x1b, addressType=0, address=28AF42_D, primaryPhy=1, secondaryPhy=0, advertisingSid=0xff, txPower=127, rssi=-77, periodicAdvInt=0x0
07-14 19:39:07.026 D/BtGatt.GattService( 3822): onScanResult to scannerId: 7- eventType=0x1b, addressType=0, address=28AF42_D, primaryPhy=1, secondaryPhy=0, advertisingSid=0xff, txPower=127, rssi=-77, periodicAdvInt=0x0
07-14 19:39:07.691 D/BtGatt.GattService( 3822): onScanResult to scannerId: 7- eventType=0x1b, addressType=0, address=3868A4_3, primaryPhy=1, secondaryPhy=0, advertisingSid=0xff, txPower=127, rssi=-88, periodicAdvInt=0x0
07-14 19:39:07.726 D/WindowManager( 3149): rotationForOrientation, orientationSource=ActivityRecord{70ac579 u0 com.collectiq.ai.local/com.collectiq.ai.MainActivity} t1252}
07-14 19:39:07.768 D/AndroidRuntime(17506): Shutting down VM
07-14 19:39:08.537 D/BtGatt.GattService( 3822): onScanResult to scannerId: 7- eventType=0x1b, addressType=0, address=28AF42_D, primaryPhy=1, secondaryPhy=0, advertisingSid=0xff, txPower=127, rssi=-62, periodicAdvInt=0x0
07-14 19:39:08.542 D/BtGatt.GattService( 3822): onScanResult to scannerId: 7- eventType=0x1b, addressType=0, address=28AF42_D, primaryPhy=1, secondaryPhy=0, advertisingSid=0xff, txPower=127, rssi=-62, periodicAdvInt=0x0
07-14 19:39:11.058 D/BtGatt.GattService( 3822): onScanResult to scannerId: 7- eventType=0x1b, addressType=0, address=28AF42_D, primaryPhy=1, secondaryPhy=0, advertisingSid=0xff, txPower=127, rssi=-62, periodicAdvInt=0x0
07-14 19:39:11.064 D/BtGatt.GattService( 3822): onScanResult to scannerId: 7- eventType=0x1b, addressType=0, address=28AF42_D, primaryPhy=1, secondaryPhy=0, advertisingSid=0xff, txPower=127, rssi=-62, periodicAdvInt=0x0
07-14 19:39:12.563 D/BtGatt.GattService( 3822): onScanResult to scannerId: 7- eventType=0x1b, addressType=0, address=28AF42_D, primaryPhy=1, secondaryPhy=0, advertisingSid=0xff, txPower=127, rssi=-67, periodicAdvInt=0x0
07-14 19:39:16.598 D/BtGatt.GattService( 3822): onScanResult to scannerId: 7- eventType=0x1b, addressType=0, address=28AF42_D, primaryPhy=1, secondaryPhy=0, advertisingSid=0xff, txPower=127, rssi=-76, periodicAdvInt=0x0
07-14 19:39:18.121 D/BtGatt.GattService( 3822): onScanResult to scannerId: 7- eventType=0x1b, addressType=0, address=28AF42_D, primaryPhy=1, secondaryPhy=0, advertisingSid=0xff, txPower=127, rssi=-62, periodicAdvInt=0x0
07-14 19:39:18.150 D/BtGatt.GattService( 3822): onScanResult to scannerId: 7- eventType=0x1b, addressType=0, address=28AF42_D, primaryPhy=1, secondaryPhy=0, advertisingSid=0xff, txPower=127, rssi=-62, periodicAdvInt=0x0
07-14 19:39:19.754 D/BtGatt.GattService( 3822): onScanResult to scannerId: 7- eventType=0x1b, addressType=0, address=3868A4_3, primaryPhy=1, secondaryPhy=0, advertisingSid=0xff, txPower=127, rssi=-87, periodicAdvInt=0x0
07-14 19:39:22.199 D/BtGatt.GattService( 3822): onScanResult to scannerId: 7- eventType=0x1b, addressType=0, address=28AF42_D, primaryPhy=1, secondaryPhy=0, advertisingSid=0xff, txPower=127, rssi=-67, periodicAdvInt=0x0
07-14 19:39:23.703 D/BtGatt.GattService( 3822): onScanResult to scannerId: 7- eventType=0x1b, addressType=0, address=28AF42_D, primaryPhy=1, secondaryPhy=0, advertisingSid=0xff, txPower=127, rssi=-73, periodicAdvInt=0x0
07-14 19:39:23.712 D/BtGatt.GattService( 3822): onScanResult to scannerId: 7- eventType=0x1b, addressType=0, address=28AF42_D, primaryPhy=1, secondaryPhy=0, advertisingSid=0xff, txPower=127, rssi=-73, periodicAdvInt=0x0
07-14 19:39:26.215 D/BtGatt.GattService( 3822): onScanResult to scannerId: 7- eventType=0x1b, addressType=0, address=28AF42_D, primaryPhy=1, secondaryPhy=0, advertisingSid=0xff, txPower=127, rssi=-71, periodicAdvInt=0x0
07-14 19:39:27.735 D/BtGatt.GattService( 3822): onScanResult to scannerId: 7- eventType=0x1b, addressType=0, address=28AF42_D, primaryPhy=1, secondaryPhy=0, advertisingSid=0xff, txPower=127, rssi=-62, periodicAdvInt=0x0
07-14 19:39:27.741 D/BtGatt.GattService( 3822): onScanResult to scannerId: 7- eventType=0x1b, addressType=0, address=28AF42_D, primaryPhy=1, secondaryPhy=0, advertisingSid=0xff, txPower=127, rssi=-62, periodicAdvInt=0x0
07-14 19:39:29.257 D/BtGatt.GattService( 3822): onScanResult to scannerId: 7- eventType=0x1b, addressType=0, address=28AF42_D, primaryPhy=1, secondaryPhy=0, advertisingSid=0xff, txPower=127, rssi=-66, periodicAdvInt=0x0
