07-14 19:34:17.659 V/WindowManager( 3149): Relayout Window{a5c9317 u0 Splash Screen com.collectiq.ai.local}: viewVisibility=8 req=1080x2400 d0
07-14 19:34:17.664 I/Layer   (  812): Layer [Splash Screen com.collectiq.ai.local$_3511#51051] hidden!! flag(1)
07-14 19:34:17.667 D/InsetsController( 3511): onStateChanged: InsetsState: {mDisplayFrame=Rect(0, 0 - 1080, 2400), mDisplayCutout=DisplayCutout{insets=Rect(0, 92 - 0, 0) waterfall=Insets{left=0, top=0, right=0, bottom=0} boundingRect={Bounds=[Rect(0, 0 - 0, 0), Rect(478, 0 - 602, 92), Rect(0, 0 - 0, 0), Rect(0, 0 - 0, 0)]} cutoutPathParserInfo={CutoutPathParserInfo{displayWidth=1080 displayHeight=2400 physicalDisplayWidth=1080 physicalDisplayHeight=2400 density={2.8125} cutoutSpec={M 0,0 H -22.0444444444444 V 32.71111111111111 H 22.0444444444444 V 0 H 0 Z @dp} rotation={0} scale={1.0} physicalPixelDisplaySizeRatio={1.0}}}}, mRoundedCorners=RoundedCorners{[RoundedCorner{position=TopLeft, radius=90, center=Point(90, 90)}, RoundedCorner{position=TopRight, radius=90, center=Point(990, 90)}, RoundedCorner{position=BottomRight, radius=90, center=Point(990, 2310)}, RoundedCorner{position=BottomLeft, radius=90, center=Point(90, 2310)}]}  mRoundedCornerFrame=Rect(0, 0 - 1080, 2400), mPrivacyIndicatorBounds=PrivacyIndicatorBounds {static bounds=Rect(956, 0 - 1080, 92) rotation=0}, mSources= { InsetsSource: {mType=ITYPE_STATUS_BAR, mFrame=[0,0][1080,92], mVisible=true, mInsetsRoundedCornerFrame=false}, InsetsSource: {mType=ITYPE_NAVIGATION_BAR, mFrame=[0,2265][1080,2400], mVisible=true, mInsetsRoundedCornerFrame=false}, InsetsSource: {mType=ITYPE_LEFT_GESTURES, mFrame=[0,0][0,2400], mVisible=true, mInsetsRoundedCornerFrame=false}, InsetsSource: {mType=ITYPE_RIGHT_GESTURES, mFrame=[1080,0][1080,2400], mVisible=true, mInsetsRoundedCornerFrame=false}, InsetsSource: {mType=ITYPE_TOP_MANDATORY_GESTURES, mFrame=[0,0][1080,126], mVisible=true, mInsetsRoundedCornerFrame=false}, InsetsSource: {mType=ITYPE_BOTTOM_MANDATORY_GESTURES, mFrame=[0,2265][1080,2400], mVisible=true, mInsetsRoundedCornerFrame=false}, InsetsSource: {mType=ITYPE_LEFT_DISPLAY_CUTOUT, mFrame=[0,0][-100000,2400], mVisible=true, mInsetsRoundedCornerFrame=false}, InsetsSource: {mType=ITYPE_TOP_DISPLAY_CUTOUT, mFrame=[0,0][1080,92], mVisible=true, mInsetsRoundedCornerFrame=false}, InsetsSource: {mType=ITYPE_RIGHT_DISPLAY_CUTOUT, mFrame=[100000,0][1080,2400], mVisible=true, mInsetsRoundedCornerFrame=false}, InsetsSource: {mType=ITYPE_BOTTOM_DISPLAY_CUTOUT, mFrame=[0,100000][1080,2400], mVisible=true, mInsetsRoundedCornerFrame=false}, InsetsSource: {mType=ITYPE_TOP_TAPPABLE_ELEMENT, mFrame=[0,0][1080,92], mVisible=true, mInsetsRoundedCornerFrame=false}, InsetsSource: {mType=ITYPE_BOTTOM_TAPPABLE_ELEMENT, mFrame=[0,2265][1080,2400], mVisible=true, mInsetsRoundedCornerFrame=false}, InsetsSource: {mType=ITYPE_IME, mFrame=[0,0][0,0], mVisible=false, mInsetsRoundedCornerFrame=false} } host=Splash Screen com.collectiq.ai.local from=android.view.ViewRootImpl.relayoutWindow:9802
07-14 19:34:17.672 D/WindowManager( 3149): Starting window removed Window{a5c9317 u0 Splash Screen com.collectiq.ai.local}
07-14 19:34:17.672 I/WindowManager( 3149): Cancelling animation restarting=false, leash=Surface(name=Surface(name=c1de52 com.collectiq.ai.local/com.collectiq.ai.MainActivity)/@0x389a948 - animation-leash of starting_reveal)/@0x53411f4
07-14 19:34:17.672 I/WindowManager( 3149): Reparenting to original parent: Surface(name=ActivityRecord{70ac579 u0 com.collectiq.ai.local/com.collectiq.ai.MainActivity} t1252})/@0x8e133e1, destroy=false, surface=Surface(name=c1de52 com.collectiq.ai.local/com.collectiq.ai.MainActivity)/@0x389a948
07-14 19:34:17.674 D/SurfaceFlinger(  812):      DEVICE | 0xb400007094278910 | 0102 | RGBA_8888    |    0.0    0.0 1080.0 2265.0 |    0    0 1080 2265 | SurfaceView[com.collectiq.ai.local/c[...]ctiq.ai.MainActivity]@0(BLAST)#51061
07-14 19:34:17.674 D/SurfaceFlinger(  812):      DEVICE | 0xb400007094274690 | 0100 | RGBA_8888    |    0.0    0.0 1080.0 2400.0 |    0    0 1080 2400 | com.collectiq.ai.local/com.collectiq.ai.MainActivity$_13913#51056
07-14 19:34:17.674 W/InputManager-JNI( 3149): Input channel object 'a5c9317 Splash Screen com.collectiq.ai.local (client)' was disposed without first being removed with the input manager!
07-14 19:34:17.676 V/WindowManager( 3149): Remove Window{a5c9317 u0 Splash Screen com.collectiq.ai.local}: mSurfaceController=Surface(name=Splash Screen com.collectiq.ai.local$_3511)/@0x54ab8ee mAnimatingExit=false mRemoveOnExit=false mHasSurface=true surfaceShowing=false animating=false app-animation=false mWillReplaceWindow=false mDisplayFrozen=false callers=com.android.server.wm.WindowState.removeIfPossible:3041 com.android.server.wm.WindowManagerService.removeWindow:2289 com.android.server.wm.Session.remove:236 android.view.IWindowSession$Stub.onTransact:743 com.android.server.wm.Session.onTransact:188 android.os.Binder.execTransactInternal:1321
07-14 19:34:17.676 I/WindowManager( 3149): Destroying surface Surface(name=Splash Screen com.collectiq.ai.local$_3511)/@0x54ab8ee called by com.android.server.wm.WindowStateAnimator.destroySurface:942 com.android.server.wm.WindowStateAnimator.destroySurfaceLocked:536 com.android.server.wm.WindowState.removeImmediately:2969 com.android.server.wm.WindowState.removeIfPossible:3228 com.android.server.wm.WindowState.removeIfPossible:3041 com.android.server.wm.WindowManagerService.removeWindow:2289 com.android.server.wm.Session.remove:236 android.view.IWindowSession$Stub.onTransact:743
07-14 19:34:17.681 I/Layer   (  812): id=51050 removeFromCurrentState a5c9317 Splash Screen com.collectiq.ai.local#51050 (134)
07-14 19:34:17.681 I/Layer   (  812): id=51051 removeFromCurrentState Splash Screen com.collectiq.ai.local$_3511#51051 (134)
07-14 19:34:17.681 I/Layer   (  812): id=51063 removeFromCurrentState Surface(name=c1de52 com.collectiq.ai.local/com.collectiq.ai.MainActivity)/@0x389a948 - animation-leash of starting_reveal#51063 (134)
07-14 19:34:17.681 I/Layer   (  812): id=51051 removeFromCurrentState Splash Screen com.collectiq.ai.local$_3511#51051 (134)
07-14 19:34:17.698 I/SurfaceFlinger(  812): id=51050 Removed a5c9317 Splash Screen com.collectiq.ai.local#51050 (134)
07-14 19:34:17.698 I/Layer   (  812): id=51050 Destroyed a5c9317 Splash Screen com.collectiq.ai.local#51050
07-14 19:34:17.699 I/SurfaceFlinger(  812): id=51051 Removed Splash Screen com.collectiq.ai.local$_3511#51051 (133)
07-14 19:34:17.715 I/Layer   (  812): id=51051 Destroyed Splash Screen com.collectiq.ai.local$_3511#51051
07-14 19:34:17.733 I/SAMSUNGWALLET(28681): [Hint_SimpleHintProcessMonitor] isHomePackageRunning topPkgName = com.collectiq.ai.local, topClsName = com.collectiq.ai.MainActivity, return false , se : false
07-14 19:34:17.747 I/SAMSUNGWALLET(28681): [Hint_SimpleHintProcessMonitor] isHomePackageRunning topPkgName = com.collectiq.ai.local, topClsName = com.collectiq.ai.MainActivity, return false , se : false
07-14 19:34:17.748 D/MdnieScenarioControlService( 3149):  packageName : com.collectiq.ai.local    className : com.collectiq.ai.MainActivity
07-14 19:34:18.585 D/BtGatt.GattService( 3822): onScanResult to scannerId: 7- eventType=0x1b, addressType=0, address=28AF42_D, primaryPhy=1, secondaryPhy=0, advertisingSid=0xff, txPower=127, rssi=-66, periodicAdvInt=0x0
07-14 19:34:18.591 D/BtGatt.GattService( 3822): onScanResult to scannerId: 7- eventType=0x1b, addressType=0, address=28AF42_D, primaryPhy=1, secondaryPhy=0, advertisingSid=0xff, txPower=127, rssi=-66, periodicAdvInt=0x0
07-14 19:34:18.810 D/SGM:GameManager( 3149): identifyGamePackage. com.collectiq.ai.local, mCurrentUserId: 0, callerUserId: 0, callingMethodInfo: com.android.server.ssrm.SortingMachine.isGame(SortingMachine.java:162)
07-14 19:34:18.810 D/SGM:PkgDataHelper( 3149): getGamePkgData(). com.collectiq.ai.local
07-14 19:34:20.754 I/DMASA[D][999-399-549750]( 5161): [DiagmonProvider]Received msg based on provider : true / anr_logging
07-14 19:34:20.754 D/SGM:GameManager( 3149): identifyForegroundApp. com.collectiq.ai.local, mCurrentUserId: 0, callerUserId: 150
07-14 19:34:20.754 D/SGM:PkgDataHelper( 3149): getGamePkgData(). com.collectiq.ai.local
07-14 19:34:20.759 D/SGM:GameManager( 3149): identifyForegroundApp. com.collectiq.ai.local, mCurrentUserId: 0, callerUserId: 0
07-14 19:34:20.759 D/SGM:PkgDataHelper( 3149): getGamePkgData(). com.collectiq.ai.local
07-14 19:34:21.082 D/BtGatt.GattService( 3822): onScanResult to scannerId: 7- eventType=0x1b, addressType=0, address=28AF42_D, primaryPhy=1, secondaryPhy=0, advertisingSid=0xff, txPower=127, rssi=-66, periodicAdvInt=0x0
07-14 19:34:21.729 D/BtGatt.GattService( 3822): onScanResult to scannerId: 4- eventType=0x10, addressType=1, address=102730_8, primaryPhy=1, secondaryPhy=0, advertisingSid=0xff, txPower=127, rssi=-88, periodicAdvInt=0x0
07-14 19:34:21.799 D/ProfileInstaller(13913): Installing profile for com.collectiq.ai.local
07-14 19:34:22.598 D/BtGatt.GattService( 3822): onScanResult to scannerId: 7- eventType=0x1b, addressType=0, address=28AF42_D, primaryPhy=1, secondaryPhy=0, advertisingSid=0xff, txPower=127, rssi=-63, periodicAdvInt=0x0
07-14 19:34:22.613 D/BtGatt.GattService( 3822): onScanResult to scannerId: 7- eventType=0x1b, addressType=0, address=28AF42_D, primaryPhy=1, secondaryPhy=0, advertisingSid=0xff, txPower=127, rssi=-63, periodicAdvInt=0x0
07-14 19:34:23.828 W/lacrima (15035): Start AnrAppDeathDetector... X.00P
07-14 19:34:24.131 D/BtGatt.GattService( 3822): onScanResult to scannerId: 7- eventType=0x1b, addressType=0, address=28AF42_D, primaryPhy=1, secondaryPhy=0, advertisingSid=0xff, txPower=127, rssi=-68, periodicAdvInt=0x0
07-14 19:34:24.198 D/BtGatt.GattService( 3822): onScanResult to scannerId: 4- eventType=0x0, addressType=0, address=1959DE_7, primaryPhy=1, secondaryPhy=1, advertisingSid=0x2, txPower=127, rssi=-84, periodicAdvInt=0x0
07-14 19:34:24.328 W/fb4a.lacrima(15035): Start AnrDetector... com.facebook.acra.anr.multisignal.MultiSignalANRDetector
07-14 19:34:24.328 W/fb4a.MultiSignalANRDetectorLacrima(15035): Starting
07-14 19:34:24.328 W/fb4a.ProcessAnrErrorMonitor(15035): startMonitoring with delay: 0
07-14 19:34:24.399 W/fb4a.ProcessAnrErrorMonitor(15035): Starting process monitor checks for process 'com.facebook.katana'
07-14 19:34:24.399 W/fb4a.MultiSignalANRDetectorLacrima(15035): Started monitoring
07-14 19:34:26.406 W/fb4a.MultiSignalANRDetectorLacrima(15035): Pausing error state checks
07-14 19:34:26.663 D/BtGatt.GattService( 3822): onScanResult to scannerId: 7- eventType=0x1b, addressType=0, address=28AF42_D, primaryPhy=1, secondaryPhy=0, advertisingSid=0xff, txPower=127, rssi=-67, periodicAdvInt=0x0
07-14 19:34:26.689 D/BtGatt.GattService( 3822): onScanResult to scannerId: 4- eventType=0x10, addressType=1, address=102730_8, primaryPhy=1, secondaryPhy=0, advertisingSid=0xff, txPower=127, rssi=-88, periodicAdvInt=0x0
07-14 19:34:28.168 D/BtGatt.GattService( 3822): onScanResult to scannerId: 7- eventType=0x1b, addressType=0, address=28AF42_D, primaryPhy=1, secondaryPhy=0, advertisingSid=0xff, txPower=127, rssi=-66, periodicAdvInt=0x0
07-14 19:34:28.180 D/BtGatt.GattService( 3822): onScanResult to scannerId: 7- eventType=0x1b, addressType=0, address=28AF42_D, primaryPhy=1, secondaryPhy=0, advertisingSid=0xff, txPower=127, rssi=-66, periodicAdvInt=0x0
07-14 19:34:30.692 D/BtGatt.GattService( 3822): onScanResult to scannerId: 7- eventType=0x1b, addressType=0, address=28AF42_D, primaryPhy=1, secondaryPhy=0, advertisingSid=0xff, txPower=127, rssi=-66, periodicAdvInt=0x0
07-14 19:34:30.703 D/BtGatt.GattService( 3822): onScanResult to scannerId: 7- eventType=0x1b, addressType=0, address=28AF42_D, primaryPhy=1, secondaryPhy=0, advertisingSid=0xff, txPower=127, rssi=-66, periodicAdvInt=0x0
07-14 19:34:32.238 D/BtGatt.GattService( 3822): onScanResult to scannerId: 7- eventType=0x1b, addressType=0, address=28AF42_D, primaryPhy=1, secondaryPhy=0, advertisingSid=0xff, txPower=127, rssi=-63, periodicAdvInt=0x0
07-14 19:34:33.748 D/BtGatt.GattService( 3822): onScanResult to scannerId: 7- eventType=0x1b, addressType=0, address=28AF42_D, primaryPhy=1, secondaryPhy=0, advertisingSid=0xff, txPower=127, rssi=-68, periodicAdvInt=0x0
07-14 19:34:33.824 D/BtGatt.GattService( 3822): onScanResult to scannerId: 4- eventType=0x10, addressType=1, address=102730_8, primaryPhy=1, secondaryPhy=0, advertisingSid=0xff, txPower=127, rssi=-86, periodicAdvInt=0x0
07-14 19:34:33.824 D/BtGatt.GattService( 3822): onScanResult to scannerId: 9- eventType=0x10, addressType=1, address=102730_8, primaryPhy=1, secondaryPhy=0, advertisingSid=0xff, txPower=127, rssi=-86, periodicAdvInt=0x0
07-14 19:34:34.649 D/BtGatt.GattService( 3822): onScanResult to scannerId: 4- eventType=0x10, addressType=1, address=102730_8, primaryPhy=1, secondaryPhy=0, advertisingSid=0xff, txPower=127, rssi=-91, periodicAdvInt=0x0
07-14 19:34:34.649 D/BtGatt.GattService( 3822): onScanResult to scannerId: 9- eventType=0x10, addressType=1, address=102730_8, primaryPhy=1, secondaryPhy=0, advertisingSid=0xff, txPower=127, rssi=-91, periodicAdvInt=0x0
07-14 19:34:36.242 D/BtGatt.GattService( 3822): onScanResult to scannerId: 7- eventType=0x1b, addressType=0, address=28AF42_D, primaryPhy=1, secondaryPhy=0, advertisingSid=0xff, txPower=127, rssi=-68, periodicAdvInt=0x0
07-14 19:34:36.250 D/BtGatt.GattService( 3822): onScanResult to scannerId: 7- eventType=0x1b, addressType=0, address=28AF42_D, primaryPhy=1, secondaryPhy=0, advertisingSid=0xff, txPower=127, rssi=-68, periodicAdvInt=0x0
07-14 19:34:37.753 D/BtGatt.GattService( 3822): onScanResult to scannerId: 7- eventType=0x1b, addressType=0, address=28AF42_D, primaryPhy=1, secondaryPhy=0, advertisingSid=0xff, txPower=127, rssi=-66, periodicAdvInt=0x0
07-14 19:34:37.764 D/BtGatt.GattService( 3822): onScanResult to scannerId: 7- eventType=0x1b, addressType=0, address=28AF42_D, primaryPhy=1, secondaryPhy=0, advertisingSid=0xff, txPower=127, rssi=-66, periodicAdvInt=0x0
07-14 19:34:40.061 D/AndroidRuntime(15847): >>>>>> START com.android.internal.os.RuntimeInit uid 2000 <<<<<<
07-14 19:34:40.086 I/AndroidRuntime(15847): Using default boot image
07-14 19:34:40.086 I/AndroidRuntime(15847): Leaving lock profiling enabled
07-14 19:34:40.088 D/AndroidRuntime(15847): addProductProperty: pBrand1 is not null
07-14 19:34:40.088 D/AndroidRuntime(15847): addProductProperty: not brand or 7
07-14 19:34:40.276 D/BtGatt.GattService( 3822): onScanResult to scannerId: 7- eventType=0x1b, addressType=0, address=28AF42_D, primaryPhy=1, secondaryPhy=0, advertisingSid=0xff, txPower=127, rssi=-66, periodicAdvInt=0x0
07-14 19:34:40.287 D/BtGatt.GattService( 3822): onScanResult to scannerId: 7- eventType=0x1b, addressType=0, address=28AF42_D, primaryPhy=1, secondaryPhy=0, advertisingSid=0xff, txPower=127, rssi=-66, periodicAdvInt=0x0
07-14 19:34:40.370 D/AndroidRuntime(15847): Calling main entry com.android.commands.uiautomator.Launcher
07-14 19:34:41.771 D/WindowManager( 3149): rotationForOrientation, orientationSource=ActivityRecord{70ac579 u0 com.collectiq.ai.local/com.collectiq.ai.MainActivity} t1252}
07-14 19:34:41.790 D/BtGatt.GattService( 3822): onScanResult to scannerId: 7- eventType=0x1b, addressType=0, address=28AF42_D, primaryPhy=1, secondaryPhy=0, advertisingSid=0xff, txPower=127, rssi=-65, periodicAdvInt=0x0
07-14 19:34:41.800 D/BtGatt.GattService( 3822): onScanResult to scannerId: 7- eventType=0x1b, addressType=0, address=28AF42_D, primaryPhy=1, secondaryPhy=0, advertisingSid=0xff, txPower=127, rssi=-65, periodicAdvInt=0x0
07-14 19:34:41.831 D/AndroidRuntime(15847): Shutting down VM
07-14 19:34:43.311 D/BtGatt.GattService( 3822): onScanResult to scannerId: 7- eventType=0x1b, addressType=0, address=28AF42_D, primaryPhy=1, secondaryPhy=0, advertisingSid=0xff, txPower=127, rssi=-67, periodicAdvInt=0x0
07-14 19:34:43.419 D/BtGatt.GattService( 3822): onScanResult to scannerId: 4- eventType=0x0, addressType=0, address=1959DE_7, primaryPhy=1, secondaryPhy=1, advertisingSid=0x2, txPower=127, rssi=-90, periodicAdvInt=0x0
07-14 19:34:43.420 D/BtGatt.GattService( 3822): onScanResult to scannerId: 9- eventType=0x0, addressType=0, address=1959DE_7, primaryPhy=1, secondaryPhy=1, advertisingSid=0x2, txPower=127, rssi=-90, periodicAdvInt=0x0
07-14 19:34:45.843 D/BtGatt.GattService( 3822): onScanResult to scannerId: 7- eventType=0x1b, addressType=0, address=28AF42_D, primaryPhy=1, secondaryPhy=0, advertisingSid=0xff, txPower=127, rssi=-68, periodicAdvInt=0x0
07-14 19:34:48.128 D/BtGatt.GattService( 3822): onScanResult to scannerId: 4- eventType=0x10, addressType=1, address=102730_8, primaryPhy=1, secondaryPhy=0, advertisingSid=0xff, txPower=127, rssi=-91, periodicAdvInt=0x0
07-14 19:34:48.129 D/BtGatt.GattService( 3822): onScanResult to scannerId: 9- eventType=0x10, addressType=1, address=102730_8, primaryPhy=1, secondaryPhy=0, advertisingSid=0xff, txPower=127, rssi=-91, periodicAdvInt=0x0
07-14 19:34:49.858 D/BtGatt.GattService( 3822): onScanResult to scannerId: 7- eventType=0x1b, addressType=0, address=28AF42_D, primaryPhy=1, secondaryPhy=0, advertisingSid=0xff, txPower=127, rssi=-67, periodicAdvInt=0x0
07-14 19:34:51.385 D/BtGatt.GattService( 3822): onScanResult to scannerId: 7- eventType=0x1b, addressType=0, address=28AF42_D, primaryPhy=1, secondaryPhy=0, advertisingSid=0xff, txPower=127, rssi=-64, periodicAdvInt=0x0
07-14 19:34:52.908 D/BtGatt.GattService( 3822): onScanResult to scannerId: 7- eventType=0x1b, addressType=0, address=28AF42_D, primaryPhy=1, secondaryPhy=0, advertisingSid=0xff, txPower=127, rssi=-68, periodicAdvInt=0x0
07-14 19:34:52.913 D/BtGatt.GattService( 3822): onScanResult to scannerId: 7- eventType=0x1b, addressType=0, address=28AF42_D, primaryPhy=1, secondaryPhy=0, advertisingSid=0xff, txPower=127, rssi=-68, periodicAdvInt=0x0
07-14 19:34:55.426 D/BtGatt.GattService( 3822): onScanResult to scannerId: 7- eventType=0x1b, addressType=0, address=28AF42_D, primaryPhy=1, secondaryPhy=0, advertisingSid=0xff, txPower=127, rssi=-68, periodicAdvInt=0x0
07-14 19:34:56.103 D/BtGatt.GattService( 3822): onScanResult to scannerId: 4- eventType=0x10, addressType=1, address=102730_8, primaryPhy=1, secondaryPhy=0, advertisingSid=0xff, txPower=127, rssi=-90, periodicAdvInt=0x0
07-14 19:34:56.104 D/BtGatt.GattService( 3822): onScanResult to scannerId: 9- eventType=0x10, addressType=1, address=102730_8, primaryPhy=1, secondaryPhy=0, advertisingSid=0xff, txPower=127, rssi=-90, periodicAdvInt=0x0
07-14 19:34:56.940 D/BtGatt.GattService( 3822): onScanResult to scannerId: 7- eventType=0x1b, addressType=0, address=28AF42_D, primaryPhy=1, secondaryPhy=0, advertisingSid=0xff, txPower=127, rssi=-66, periodicAdvInt=0x0
07-14 19:34:56.950 D/BtGatt.GattService( 3822): onScanResult to scannerId: 7- eventType=0x1b, addressType=0, address=28AF42_D, primaryPhy=1, secondaryPhy=0, advertisingSid=0xff, txPower=127, rssi=-66, periodicAdvInt=0x0
07-14 19:35:00.247 D/BtGatt.GattService( 3822): onScanResult to scannerId: 4- eventType=0x10, addressType=1, address=102730_8, primaryPhy=1, secondaryPhy=0, advertisingSid=0xff, txPower=127, rssi=-90, periodicAdvInt=0x0
07-14 19:35:00.248 D/BtGatt.GattService( 3822): onScanResult to scannerId: 9- eventType=0x10, addressType=1, address=102730_8, primaryPhy=1, secondaryPhy=0, advertisingSid=0xff, txPower=127, rssi=-90, periodicAdvInt=0x0
07-14 19:35:00.972 D/BtGatt.GattService( 3822): onScanResult to scannerId: 7- eventType=0x1b, addressType=0, address=28AF42_D, primaryPhy=1, secondaryPhy=0, advertisingSid=0xff, txPower=127, rssi=-62, periodicAdvInt=0x0
07-14 19:35:00.983 D/BtGatt.GattService( 3822): onScanResult to scannerId: 7- eventType=0x1b, addressType=0, address=28AF42_D, primaryPhy=1, secondaryPhy=0, advertisingSid=0xff, txPower=127, rssi=-64, periodicAdvInt=0x0
07-14 19:35:01.834 D/CoreBackPreview( 3149): Window{c1de52 u0 com.collectiq.ai.local/com.collectiq.ai.MainActivity}: Setting back callback OnBackInvokedCallbackInfo{mCallback=android.window.IOnBackInvokedCallback$Stub$Proxy@d055fd2, mPriority=0}
07-14 19:35:02.486 D/BtGatt.GattService( 3822): onScanResult to scannerId: 7- eventType=0x1b, addressType=0, address=28AF42_D, primaryPhy=1, secondaryPhy=0, advertisingSid=0xff, txPower=127, rssi=-68, periodicAdvInt=0x0
07-14 19:35:02.495 D/BtGatt.GattService( 3822): onScanResult to scannerId: 7- eventType=0x1b, addressType=0, address=28AF42_D, primaryPhy=1, secondaryPhy=0, advertisingSid=0xff, txPower=127, rssi=-67, periodicAdvInt=0x0
07-14 19:35:05.004 D/BtGatt.GattService( 3822): onScanResult to scannerId: 7- eventType=0x1b, addressType=0, address=28AF42_D, primaryPhy=1, secondaryPhy=0, advertisingSid=0xff, txPower=127, rssi=-68, periodicAdvInt=0x0
07-14 19:35:05.013 D/BtGatt.GattService( 3822): onScanResult to scannerId: 7- eventType=0x1b, addressType=0, address=28AF42_D, primaryPhy=1, secondaryPhy=0, advertisingSid=0xff, txPower=127, rssi=-68, periodicAdvInt=0x0
07-14 19:35:06.505 D/BtGatt.GattService( 3822): onScanResult to scannerId: 7- eventType=0x1b, addressType=0, address=28AF42_D, primaryPhy=1, secondaryPhy=0, advertisingSid=0xff, txPower=127, rssi=-68, periodicAdvInt=0x0
07-14 19:35:06.534 D/BtGatt.GattService( 3822): onScanResult to scannerId: 7- eventType=0x1b, addressType=0, address=28AF42_D, primaryPhy=1, secondaryPhy=0, advertisingSid=0xff, txPower=127, rssi=-67, periodicAdvInt=0x0
07-14 19:35:09.050 D/BtGatt.GattService( 3822): onScanResult to scannerId: 4- eventType=0x10, addressType=1, address=102730_8, primaryPhy=1, secondaryPhy=0, advertisingSid=0xff, txPower=127, rssi=-90, periodicAdvInt=0x0
07-14 19:35:09.052 D/BtGatt.GattService( 3822): onScanResult to scannerId: 9- eventType=0x10, addressType=1, address=102730_8, primaryPhy=1, secondaryPhy=0, advertisingSid=0xff, txPower=127, rssi=-90, periodicAdvInt=0x0
07-14 19:35:09.744 D/WindowManager( 3149): rotationForOrientation, orientationSource=ActivityRecord{70ac579 u0 com.collectiq.ai.local/com.collectiq.ai.MainActivity} t1252}
07-14 19:35:09.898 D/WindowManager( 3149): updateSystemBarAttributes: displayId=0, win=Window{c1de52 u0 com.collectiq.ai.local/com.collectiq.ai.MainActivity}, navColorWin=Window{c1de52 u0 com.collectiq.ai.local/com.collectiq.ai.MainActivity}, focusedCanBeNavColorWin=false, behavior=1, appearance=8, statusBarAppearanceRegions=[AppearanceRegion{LIGHT_STATUS_BARS bounds=[92,0][2400,1080]}], requestedVisibilities=, from=com.android.server.wm.DisplayPolicy.finishPostLayoutPolicyLw:2527 com.android.server.wm.DisplayContent.applySurfaceChangesTransaction:5713 com.android.server.wm.RootWindowContainer.applySurfaceChangesTransaction:1234
07-14 19:35:09.968 D/InsetsController(13913): onStateChanged: InsetsState: {mDisplayFrame=Rect(0, 0 - 2400, 1080), mDisplayCutout=DisplayCutout{insets=Rect(92, 0 - 0, 0) waterfall=Insets{left=0, top=0, right=0, bottom=0} boundingRect={Bounds=[Rect(0, 478 - 92, 602), Rect(0, 0 - 0, 0), Rect(0, 0 - 0, 0), Rect(0, 0 - 0, 0)]} cutoutPathParserInfo={CutoutPathParserInfo{displayWidth=1080 displayHeight=2400 physicalDisplayWidth=1080 physicalDisplayHeight=2400 density={2.8125} cutoutSpec={M 0,0 H -22.0444444444444 V 32.71111111111111 H 22.0444444444444 V 0 H 0 Z @dp} rotation={1} scale={1.0} physicalPixelDisplaySizeRatio={1.0}}}}, mRoundedCorners=RoundedCorners{[RoundedCorner{position=TopLeft, radius=90, center=Point(90, 90)}, RoundedCorner{position=TopRight, radius=90, center=Point(2310, 90)}, RoundedCorner{position=BottomRight, radius=90, center=Point(2310, 990)}, RoundedCorner{position=BottomLeft, radius=90, center=Point(90, 990)}]}  mRoundedCornerFrame=Rect(0, 0 - 2400, 1080), mPrivacyIndicatorBounds=PrivacyIndicatorBounds {static bounds=Rect(2276, 0 - 2400, 68) rotation=1}, mSources= { InsetsSource: {mType=ITYPE_STATUS_BAR, mFrame=[0,0][2400,68], mVisible=true, mInsetsRoundedCornerFrame=false}, InsetsSource: {mType=ITYPE_NAVIGATION_BAR, mFrame=[2265,0][2400,1080], mVisible=true, mInsetsRoundedCornerFrame=false}, InsetsSource: {mType=ITYPE_LEFT_GESTURES, mFrame=[0,0][92,1080], mVisible=true, mInsetsRoundedCornerFrame=false}, InsetsSource: {mType=ITYPE_RIGHT_GESTURES, mFrame=[2400,0][2400,1080], mVisible=true, mInsetsRoundedCornerFrame=false}, InsetsSource: {mType=ITYPE_TOP_MANDATORY_GESTURES, mFrame=[0,0][2400,68], mVisible=true, mInsetsRoundedCornerFrame=false}, InsetsSource: {mType=ITYPE_BOTTOM_MANDATORY_GESTURES, mFrame=[2265,0][2400,1080], mVisible=true, mInsetsRoundedCornerFrame=false}, InsetsSource: {mType=ITYPE_LEFT_DISPLAY_CUTOUT, mFrame=[0,0][92,1080], mVisible=true, mInsetsRoundedCornerFrame=false}, InsetsSource: {mType=ITYPE_TOP_DISPLAY_CUTOUT, mFrame=[0,0][2400,-100000], mVisible=true, mInsetsRoundedCornerFrame=false}, InsetsSource: {mType=ITYPE_RIGHT_DISPLAY_CUTOUT, mFrame=[100000,0][2400,1080], mVisible=true, mInsetsRoundedCornerFrame=false}, InsetsSource: {mType=ITYPE_BOTTOM_DISPLAY_CUTOUT, mFrame=[0,100000][2400,1080], mVisible=true, mInsetsRoundedCornerFrame=false}, InsetsSource: {mType=ITYPE_TOP_TAPPABLE_ELEMENT, mFrame=[0,0][2400,68], mVisible=true, mInsetsRoundedCornerFrame=false}, InsetsSource: {mType=ITYPE_BOTTOM_TAPPABLE_ELEMENT, mFrame=[2265,0][2400,1080], mVisible=true, mInsetsRoundedCornerFrame=false}, InsetsSource: {mType=ITYPE_IME, mFrame=[0,0][0,0], mVisible=false, mInsetsRoundedCornerFrame=false} } host=com.collectiq.ai.local/com.collectiq.ai.MainActivity from=android.view.ViewRootImpl$ViewRootHandler.handleMessageImpl:6740
07-14 19:35:09.969 D/InsetsSourceConsumer(13913): ensureControlPosition: Point(2265, 0) for ITYPE_NAVIGATION_BAR on com.collectiq.ai.local/com.collectiq.ai.MainActivity from android.view.InsetsSourceConsumer.setControl:211
07-14 19:35:09.980 D/FlutterJNI(13913): Sending viewport metrics to the engine.
07-14 19:35:09.982 V/WindowManager( 3149): Relayout Window{c1de52 u0 com.collectiq.ai.local/com.collectiq.ai.MainActivity}: viewVisibility=0 req=2308x1080 d0
07-14 19:35:09.993 I/ViewRootImpl@4cf8fef[MainActivity](13913): updateBoundsLayer: t = android.view.SurfaceControl$Transaction@bc24ef2 sc = Surface(name=Bounds for - com.collectiq.ai.local/com.collectiq.ai.MainActivity@0)/@0x6f58943 frame = 6
07-14 19:35:09.996 D/FlutterJNI(13913): Sending viewport metrics to the engine.
07-14 19:35:10.000 I/SurfaceView@bd896cc(13913): surfaceChanged (2173,1080) 1 #5 io.flutter.embedding.android.FlutterSurfaceView{bd896cc V.E...... ......ID 0,0-2173,1080}
07-14 19:35:10.020 D/WindowManager( 3149): finishDrawingWindow: Window{c1de52 u0 com.collectiq.ai.local/com.collectiq.ai.MainActivity} mDrawState=DRAW_PENDING seqId=0
07-14 19:35:10.020 I/WindowManager( 3149): finishDrawing of orientation change: Window{c1de52 u0 com.collectiq.ai.local/com.collectiq.ai.MainActivity} 117ms
07-14 19:35:10.022 D/ActivityTaskManager( 3149): mStartingWindow and mStartingData is null for token=ActivityRecord{70ac579 u0 com.collectiq.ai.local/com.collectiq.ai.MainActivity} t1252}
07-14 19:35:10.023 V/WindowManager( 3149): performShowLocked: mDrawState=HAS_DRAWN in Window{c1de52 u0 com.collectiq.ai.local/com.collectiq.ai.MainActivity}
07-14 19:35:10.036 D/ActivityTaskManager( 3149): mStartingWindow and mStartingData is null for token=ActivityRecord{70ac579 u0 com.collectiq.ai.local/com.collectiq.ai.MainActivity} t1252}
07-14 19:35:10.038 I/WindowManager( 3149): Screen frozen for +278ms due to Window{c1de52 u0 com.collectiq.ai.local/com.collectiq.ai.MainActivity}
07-14 19:35:10.166 D/SurfaceFlinger(  812):      CLIENT | 0xb400007094272550 | 0102 | RGBA_8888    |    0.0  560.0 1080.0 1656.0 |    0  644 1080 1755 | SurfaceView[com.collectiq.ai.local/c[...]ctiq.ai.MainActivity]@0(BLAST)#51061
07-14 19:35:10.166 D/SurfaceFlinger(  812):      CLIENT | 0xb4000070942705d0 | 0100 | RGBA_8888    |    0.0  560.0 1080.0 1656.0 |    0  644 1080 1757 | com.collectiq.ai.local/com.collectiq.ai.MainActivity$_13913#51056
07-14 19:35:10.229 D/SurfaceFlinger(  812):      CLIENT | 0xb400007094272550 | 0102 | RGBA_8888    |    0.0    0.0 1080.0 2173.0 |    0   30 1080 2339 | SurfaceView[com.collectiq.ai.local/c[...]ctiq.ai.MainActivity]@0(BLAST)#51061
07-14 19:35:10.229 D/SurfaceFlinger(  812):      CLIENT | 0xb40000709426c350 | 0100 | RGBA_8888    |    0.0    0.0 1080.0 2308.0 |    0   30 1080 2400 | com.collectiq.ai.local/com.collectiq.ai.MainActivity$_13913#51056
07-14 19:35:10.230 D/SamsungLightBarControlHelper( 3511): onStatusBarAppearanceChanged() -  sbModeChanged:false, statusBarMode:MODE_TRANSPARENT, barState:SHADE, isKeyguardShowing:false, navbarColorManagedByIme:false, stackAppearancesChanged:true, (AppearanceRegion{LIGHT_STATUS_BARS bounds=[92,0][2400,1080]}, ), packageName:com.collectiq.ai.local
07-14 19:35:10.244 D/SurfaceFlinger(  812):      CLIENT | 0xb400007094272550 | 0102 | RGBA_8888    |    0.0    0.0 1080.0 2173.0 |    0    0 1080 2388 | SurfaceView[com.collectiq.ai.local/c[...]ctiq.ai.MainActivity]@0(BLAST)#51061
07-14 19:35:10.244 D/SurfaceFlinger(  812):      CLIENT | 0xb40000709426c350 | 0100 | RGBA_8888    |    0.0    0.0 1080.0 2308.0 |    0    0 1080 2400 | com.collectiq.ai.local/com.collectiq.ai.MainActivity$_13913#51056
07-14 19:35:10.327 D/SurfaceFlinger(  812):      CLIENT | 0xb400007094272550 | 0102 | RGBA_8888    |    0.0    0.0 1080.0 2173.0 |    0   47 1080 2311 | SurfaceView[com.collectiq.ai.local/c[...]ctiq.ai.MainActivity]@0(BLAST)#51061
07-14 19:35:10.327 D/SurfaceFlinger(  812):      CLIENT | 0xb40000709426c350 | 0100 | RGBA_8888    |    0.0    0.0 1080.0 2308.0 |    0   47 1080 2400 | com.collectiq.ai.local/com.collectiq.ai.MainActivity$_13913#51056
07-14 19:35:10.387 D/WindowManager( 3149): rotationForOrientation, orientationSource=ActivityRecord{70ac579 u0 com.collectiq.ai.local/com.collectiq.ai.MainActivity} t1252}
07-14 19:35:10.411 D/SurfaceFlinger(  812):      DEVICE | 0xb400007094272550 | 0102 | RGBA_8888    |    0.0    0.0 1080.0 2173.0 |    0   92 1080 2265 | SurfaceView[com.collectiq.ai.local/c[...]ctiq.ai.MainActivity]@0(BLAST)#51061
07-14 19:35:10.411 D/SurfaceFlinger(  812):      DEVICE | 0xb40000709426c350 | 0100 | RGBA_8888    |    0.0    0.0 1080.0 2308.0 |    0   92 1080 2400 | com.collectiq.ai.local/com.collectiq.ai.MainActivity$_13913#51056
07-14 19:35:10.559 D/BtGatt.GattService( 3822): onScanResult to scannerId: 7- eventType=0x1b, addressType=0, address=28AF42_D, primaryPhy=1, secondaryPhy=0, advertisingSid=0xff, txPower=127, rssi=-62, periodicAdvInt=0x0
07-14 19:35:10.571 D/BtGatt.GattService( 3822): onScanResult to scannerId: 7- eventType=0x1b, addressType=0, address=28AF42_D, primaryPhy=1, secondaryPhy=0, advertisingSid=0xff, txPower=127, rssi=-62, periodicAdvInt=0x0
07-14 19:35:10.658 D/SurfaceFlinger(  812):      DEVICE | 0xb400007094272550 | 0102 | RGBA_8888    |    0.0    0.0 1080.0 2173.0 |    0   92 1080 2265 | SurfaceView[com.collectiq.ai.local/c[...]ctiq.ai.MainActivity]@0(BLAST)#51061
07-14 19:35:10.658 D/SurfaceFlinger(  812):      DEVICE | 0xb40000709426c350 | 0100 | RGBA_8888    |    0.0    0.0 1080.0 2308.0 |    0   92 1080 2400 | com.collectiq.ai.local/com.collectiq.ai.MainActivity$_13913#51056
07-14 19:35:10.855 I/SurfaceFlinger(  812): id=51063 Removed Surface(name=c1de52 com.collectiq.ai.local/com.collectiq.ai.MainActivity)/@0x389a948 - animation-leash of starting_reveal#51063 (133)
07-14 19:35:10.870 I/Layer   (  812): id=51063 Destroyed Surface(name=c1de52 com.collectiq.ai.local/com.collectiq.ai.MainActivity)/@0x389a948 - animation-leash of starting_reveal#51063
07-14 19:35:11.407 D/AndroidRuntime(15987): >>>>>> START com.android.internal.os.RuntimeInit uid 2000 <<<<<<
07-14 19:35:11.412 I/AndroidRuntime(15987): Using default boot image
07-14 19:35:11.412 I/AndroidRuntime(15987): Leaving lock profiling enabled
07-14 19:35:11.413 D/AndroidRuntime(15987): addProductProperty: pBrand1 is not null
07-14 19:35:11.413 D/AndroidRuntime(15987): addProductProperty: not brand or 7
07-14 19:35:11.559 D/AndroidRuntime(15987): Calling main entry com.android.commands.uiautomator.Launcher
07-14 19:35:11.978 D/WindowManager( 3149): rotationForOrientation, orientationSource=ActivityRecord{70ac579 u0 com.collectiq.ai.local/com.collectiq.ai.MainActivity} t1252}
07-14 19:35:12.042 D/WindowManager( 3149): updateSystemBarAttributes: displayId=0, win=Window{c1de52 u0 com.collectiq.ai.local/com.collectiq.ai.MainActivity}, navColorWin=Window{c1de52 u0 com.collectiq.ai.local/com.collectiq.ai.MainActivity}, focusedCanBeNavColorWin=false, behavior=1, appearance=8, statusBarAppearanceRegions=[AppearanceRegion{LIGHT_STATUS_BARS bounds=[0,0][1080,2400]}], requestedVisibilities=, from=com.android.server.wm.DisplayPolicy.finishPostLayoutPolicyLw:2527 com.android.server.wm.DisplayContent.applySurfaceChangesTransaction:5713 com.android.server.wm.RootWindowContainer.applySurfaceChangesTransaction:1234
07-14 19:35:12.078 D/InsetsController(13913): onStateChanged: InsetsState: {mDisplayFrame=Rect(0, 0 - 1080, 2400), mDisplayCutout=DisplayCutout{insets=Rect(0, 92 - 0, 0) waterfall=Insets{left=0, top=0, right=0, bottom=0} boundingRect={Bounds=[Rect(0, 0 - 0, 0), Rect(478, 0 - 602, 92), Rect(0, 0 - 0, 0), Rect(0, 0 - 0, 0)]} cutoutPathParserInfo={CutoutPathParserInfo{displayWidth=1080 displayHeight=2400 physicalDisplayWidth=1080 physicalDisplayHeight=2400 density={2.8125} cutoutSpec={M 0,0 H -22.0444444444444 V 32.71111111111111 H 22.0444444444444 V 0 H 0 Z @dp} rotation={0} scale={1.0} physicalPixelDisplaySizeRatio={1.0}}}}, mRoundedCorners=RoundedCorners{[RoundedCorner{position=TopLeft, radius=90, center=Point(90, 90)}, RoundedCorner{position=TopRight, radius=90, center=Point(990, 90)}, RoundedCorner{position=BottomRight, radius=90, center=Point(990, 2310)}, RoundedCorner{position=BottomLeft, radius=90, center=Point(90, 2310)}]}  mRoundedCornerFrame=Rect(0, 0 - 1080, 2400), mPrivacyIndicatorBounds=PrivacyIndicatorBounds {static bounds=Rect(956, 0 - 1080, 92) rotation=0}, mSources= { InsetsSource: {mType=ITYPE_STATUS_BAR, mFrame=[0,0][1080,92], mVisible=true, mInsetsRoundedCornerFrame=false}, InsetsSource: {mType=ITYPE_NAVIGATION_BAR, mFrame=[0,2265][1080,2400], mVisible=true, mInsetsRoundedCornerFrame=false}, InsetsSource: {mType=ITYPE_LEFT_GESTURES, mFrame=[0,0][0,2400], mVisible=true, mInsetsRoundedCornerFrame=false}, InsetsSource: {mType=ITYPE_RIGHT_GESTURES, mFrame=[1080,0][1080,2400], mVisible=true, mInsetsRoundedCornerFrame=false}, InsetsSource: {mType=ITYPE_TOP_MANDATORY_GESTURES, mFrame=[0,0][1080,126], mVisible=true, mInsetsRoundedCornerFrame=false}, InsetsSource: {mType=ITYPE_BOTTOM_MANDATORY_GESTURES, mFrame=[0,2265][1080,2400], mVisible=true, mInsetsRoundedCornerFrame=false}, InsetsSource: {mType=ITYPE_LEFT_DISPLAY_CUTOUT, mFrame=[0,0][-100000,2400], mVisible=true, mInsetsRoundedCornerFrame=false}, InsetsSource: {mType=ITYPE_TOP_DISPLAY_CUTOUT, mFrame=[0,0][1080,92], mVisible=true, mInsetsRoundedCornerFrame=false}, InsetsSource: {mType=ITYPE_RIGHT_DISPLAY_CUTOUT, mFrame=[100000,0][1080,2400], mVisible=true, mInsetsRoundedCornerFrame=false}, InsetsSource: {mType=ITYPE_BOTTOM_DISPLAY_CUTOUT, mFrame=[0,100000][1080,2400], mVisible=true, mInsetsRoundedCornerFrame=false}, InsetsSource: {mType=ITYPE_TOP_TAPPABLE_ELEMENT, mFrame=[0,0][1080,92], mVisible=true, mInsetsRoundedCornerFrame=false}, InsetsSource: {mType=ITYPE_BOTTOM_TAPPABLE_ELEMENT, mFrame=[0,2265][1080,2400], mVisible=true, mInsetsRoundedCornerFrame=false}, InsetsSource: {mType=ITYPE_IME, mFrame=[0,0][0,0], mVisible=false, mInsetsRoundedCornerFrame=false} } host=com.collectiq.ai.local/com.collectiq.ai.MainActivity from=android.view.ViewRootImpl$ViewRootHandler.handleMessageImpl:6740
07-14 19:35:12.079 D/InsetsSourceConsumer(13913): ensureControlPosition: Point(0, 2265) for ITYPE_NAVIGATION_BAR on com.collectiq.ai.local/com.collectiq.ai.MainActivity from android.view.InsetsSourceConsumer.setControl:211
07-14 19:35:12.081 I/SAMSUNGWALLET(28681): [Hint_SimpleHintProcessMonitor] isHomePackageRunning topPkgName = com.collectiq.ai.local, topClsName = com.collectiq.ai.MainActivity, return false , se : false
07-14 19:35:12.082 D/BtGatt.GattService( 3822): onScanResult to scannerId: 7- eventType=0x1b, addressType=0, address=28AF42_D, primaryPhy=1, secondaryPhy=0, advertisingSid=0xff, txPower=127, rssi=-58, periodicAdvInt=0x0
07-14 19:35:12.096 D/FlutterJNI(13913): Sending viewport metrics to the engine.
07-14 19:35:12.099 V/WindowManager( 3149): Relayout Window{c1de52 u0 com.collectiq.ai.local/com.collectiq.ai.MainActivity}: viewVisibility=0 req=1080x2400 d0
07-14 19:35:12.109 I/ViewRootImpl@4cf8fef[MainActivity](13913): updateBoundsLayer: t = android.view.SurfaceControl$Transaction@bc24ef2 sc = Surface(name=Bounds for - com.collectiq.ai.local/com.collectiq.ai.MainActivity@0)/@0x6f58943 frame = 10
07-14 19:35:12.111 D/FlutterJNI(13913): Sending viewport metrics to the engine.
07-14 19:35:12.114 I/SurfaceView@bd896cc(13913): surfaceChanged (1080,2265) 1 #5 io.flutter.embedding.android.FlutterSurfaceView{bd896cc V.E...... ......ID 0,0-1080,2265}
07-14 19:35:12.143 D/SamsungLightBarControlHelper( 3511): onStatusBarAppearanceChanged() -  sbModeChanged:false, statusBarMode:MODE_TRANSPARENT, barState:SHADE, isKeyguardShowing:false, navbarColorManagedByIme:false, stackAppearancesChanged:true, (AppearanceRegion{LIGHT_STATUS_BARS bounds=[0,0][1080,2400]}, ), packageName:com.collectiq.ai.local
07-14 19:35:12.151 D/WindowManager( 3149): finishDrawingWindow: Window{c1de52 u0 com.collectiq.ai.local/com.collectiq.ai.MainActivity} mDrawState=DRAW_PENDING seqId=0
07-14 19:35:12.151 I/WindowManager( 3149): finishDrawing of orientation change: Window{c1de52 u0 com.collectiq.ai.local/com.collectiq.ai.MainActivity} 101ms
07-14 19:35:12.157 D/ActivityTaskManager( 3149): mStartingWindow and mStartingData is null for token=ActivityRecord{70ac579 u0 com.collectiq.ai.local/com.collectiq.ai.MainActivity} t1252}
07-14 19:35:12.157 V/WindowManager( 3149): performShowLocked: mDrawState=HAS_DRAWN in Window{c1de52 u0 com.collectiq.ai.local/com.collectiq.ai.MainActivity}
07-14 19:35:12.172 D/ActivityTaskManager( 3149): mStartingWindow and mStartingData is null for token=ActivityRecord{70ac579 u0 com.collectiq.ai.local/com.collectiq.ai.MainActivity} t1252}
07-14 19:35:12.174 I/WindowManager( 3149): Screen frozen for +194ms due to Window{c1de52 u0 com.collectiq.ai.local/com.collectiq.ai.MainActivity}
07-14 19:35:12.280 D/SurfaceFlinger(  812):      CLIENT | 0xb400007094269250 | 0102 | RGBA_8888    |    0.0  652.0 1080.0 1748.0 |    0  643 1080 1755 | SurfaceView[com.collectiq.ai.local/c[...]ctiq.ai.MainActivity]@0(BLAST)#51061
07-14 19:35:12.280 D/SurfaceFlinger(  812):      CLIENT | 0xb40000709426c350 | 0100 | RGBA_8888    |    0.0  652.0 1080.0 1748.0 |    0  643 1080 1757 | com.collectiq.ai.local/com.collectiq.ai.MainActivity$_13913#51056
07-14 19:35:12.361 D/SurfaceFlinger(  812):      CLIENT | 0xb400007094269250 | 0102 | RGBA_8888    |    0.0    0.0 1080.0 2265.0 |    0    0 1080 2339 | SurfaceView[com.collectiq.ai.local/c[...]ctiq.ai.MainActivity]@0(BLAST)#51061
07-14 19:35:12.361 D/SurfaceFlinger(  812):      CLIENT | 0xb40000709426c350 | 0100 | RGBA_8888    |    0.0    0.0 1080.0 2400.0 |    0    0 1080 2400 | com.collectiq.ai.local/com.collectiq.ai.MainActivity$_13913#51056
07-14 19:35:12.375 D/SurfaceFlinger(  812):      CLIENT | 0xb400007094269250 | 0102 | RGBA_8888    |    0.0    0.0 1080.0 2265.0 |    0    0 1080 2388 | SurfaceView[com.collectiq.ai.local/c[...]ctiq.ai.MainActivity]@0(BLAST)#51061
07-14 19:35:12.375 D/SurfaceFlinger(  812):      CLIENT | 0xb40000709426c350 | 0100 | RGBA_8888    |    0.0    0.0 1080.0 2400.0 |    0    0 1080 2400 | com.collectiq.ai.local/com.collectiq.ai.MainActivity$_13913#51056
07-14 19:35:12.518 D/WindowManager( 3149): rotationForOrientation, orientationSource=ActivityRecord{70ac579 u0 com.collectiq.ai.local/com.collectiq.ai.MainActivity} t1252}
07-14 19:35:12.540 D/SurfaceFlinger(  812):      DEVICE | 0xb400007094269250 | 0102 | RGBA_8888    |    0.0    0.0 1080.0 2265.0 |    0    0 1080 2265 | SurfaceView[com.collectiq.ai.local/c[...]ctiq.ai.MainActivity]@0(BLAST)#51061
07-14 19:35:12.540 D/SurfaceFlinger(  812):      DEVICE | 0xb40000709426c350 | 0100 | RGBA_8888    |    0.0    0.0 1080.0 2400.0 |    0    0 1080 2400 | com.collectiq.ai.local/com.collectiq.ai.MainActivity$_13913#51056
07-14 19:35:12.967 D/WindowManager( 3149): rotationForOrientation, orientationSource=ActivityRecord{70ac579 u0 com.collectiq.ai.local/com.collectiq.ai.MainActivity} t1252}
07-14 19:35:13.276 D/WindowManager( 3149): rotationForOrientation, orientationSource=ActivityRecord{70ac579 u0 com.collectiq.ai.local/com.collectiq.ai.MainActivity} t1252}
07-14 19:35:13.310 D/AndroidRuntime(15987): Shutting down VM
07-14 19:35:16.132 D/BtGatt.GattService( 3822): onScanResult to scannerId: 7- eventType=0x1b, addressType=0, address=28AF42_D, primaryPhy=1, secondaryPhy=0, advertisingSid=0xff, txPower=127, rssi=-75, periodicAdvInt=0x0
07-14 19:35:16.137 D/BtGatt.GattService( 3822): onScanResult to scannerId: 7- eventType=0x1b, addressType=0, address=28AF42_D, primaryPhy=1, secondaryPhy=0, advertisingSid=0xff, txPower=127, rssi=-75, periodicAdvInt=0x0
07-14 19:35:20.155 D/BtGatt.GattService( 3822): onScanResult to scannerId: 7- eventType=0x1b, addressType=0, address=28AF42_D, primaryPhy=1, secondaryPhy=0, advertisingSid=0xff, txPower=127, rssi=-60, periodicAdvInt=0x0
07-14 19:35:20.160 D/BtGatt.GattService( 3822): onScanResult to scannerId: 7- eventType=0x1b, addressType=0, address=28AF42_D, primaryPhy=1, secondaryPhy=0, advertisingSid=0xff, txPower=127, rssi=-60, periodicAdvInt=0x0
07-14 19:35:24.184 D/BtGatt.GattService( 3822): onScanResult to scannerId: 7- eventType=0x1b, addressType=0, address=28AF42_D, primaryPhy=1, secondaryPhy=0, advertisingSid=0xff, txPower=127, rssi=-67, periodicAdvInt=0x0
07-14 19:35:28.032 D/BtGatt.GattService( 3822): onScanResult to scannerId: 4- eventType=0x10, addressType=1, address=102730_8, primaryPhy=1, secondaryPhy=0, advertisingSid=0xff, txPower=127, rssi=-93, periodicAdvInt=0x0
07-14 19:35:28.034 D/BtGatt.GattService( 3822): onScanResult to scannerId: 9- eventType=0x10, addressType=1, address=102730_8, primaryPhy=1, secondaryPhy=0, advertisingSid=0xff, txPower=127, rssi=-93, periodicAdvInt=0x0
07-14 19:35:28.718 D/BtGatt.GattService( 3822): onScanResult to scannerId: 7- eventType=0x1b, addressType=0, address=28AF42_D, primaryPhy=1, secondaryPhy=0, advertisingSid=0xff, txPower=127, rssi=-84, periodicAdvInt=0x0
07-14 19:35:29.528 D/BtGatt.GattService( 3822): onScanResult to scannerId: 7- eventType=0x1b, addressType=0, address=3868A4_3, primaryPhy=1, secondaryPhy=0, advertisingSid=0xff, txPower=127, rssi=-88, periodicAdvInt=0x0
07-14 19:35:31.759 D/AndroidRuntime(16046): >>>>>> START com.android.internal.os.RuntimeInit uid 2000 <<<<<<
07-14 19:35:31.766 I/AndroidRuntime(16046): Using default boot image
07-14 19:35:31.766 I/AndroidRuntime(16046): Leaving lock profiling enabled
07-14 19:35:31.767 D/AndroidRuntime(16046): addProductProperty: pBrand1 is not null
07-14 19:35:31.767 D/AndroidRuntime(16046): addProductProperty: not brand or 7
07-14 19:35:31.935 D/AndroidRuntime(16046): Calling main entry com.android.commands.uiautomator.Launcher
07-14 19:35:32.753 D/BtGatt.GattService( 3822): onScanResult to scannerId: 7- eventType=0x1b, addressType=0, address=28AF42_D, primaryPhy=1, secondaryPhy=0, advertisingSid=0xff, txPower=127, rssi=-65, periodicAdvInt=0x0
07-14 19:35:32.761 D/BtGatt.GattService( 3822): onScanResult to scannerId: 7- eventType=0x1b, addressType=0, address=28AF42_D, primaryPhy=1, secondaryPhy=0, advertisingSid=0xff, txPower=127, rssi=-65, periodicAdvInt=0x0
07-14 19:35:33.053 D/WindowManager( 3149): rotationForOrientation, orientationSource=ActivityRecord{70ac579 u0 com.collectiq.ai.local/com.collectiq.ai.MainActivity} t1252}
07-14 19:35:33.097 D/AndroidRuntime(16046): Shutting down VM
07-14 19:35:36.789 D/BtGatt.GattService( 3822): onScanResult to scannerId: 7- eventType=0x1b, addressType=0, address=28AF42_D, primaryPhy=1, secondaryPhy=0, advertisingSid=0xff, txPower=127, rssi=-68, periodicAdvInt=0x0
07-14 19:35:36.796 D/BtGatt.GattService( 3822): onScanResult to scannerId: 7- eventType=0x1b, addressType=0, address=28AF42_D, primaryPhy=1, secondaryPhy=0, advertisingSid=0xff, txPower=127, rssi=-68, periodicAdvInt=0x0
07-14 19:35:38.307 D/BtGatt.GattService( 3822): onScanResult to scannerId: 7- eventType=0x1b, addressType=0, address=28AF42_D, primaryPhy=1, secondaryPhy=0, advertisingSid=0xff, txPower=127, rssi=-74, periodicAdvInt=0x0
07-14 19:35:40.830 D/BtGatt.GattService( 3822): onScanResult to scannerId: 7- eventType=0x1b, addressType=0, address=28AF42_D, primaryPhy=1, secondaryPhy=0, advertisingSid=0xff, txPower=127, rssi=-74, periodicAdvInt=0x0
07-14 19:35:40.838 D/BtGatt.GattService( 3822): onScanResult to scannerId: 7- eventType=0x1b, addressType=0, address=28AF42_D, primaryPhy=1, secondaryPhy=0, advertisingSid=0xff, txPower=127, rssi=-74, periodicAdvInt=0x0
07-14 19:35:42.217 D/CoreBackPreview( 3149): Window{c1de52 u0 com.collectiq.ai.local/com.collectiq.ai.MainActivity}: Setting back callback OnBackInvokedCallbackInfo{mCallback=android.window.IOnBackInvokedCallback$Stub$Proxy@ad9d3a7, mPriority=-1}
07-14 19:35:42.288 V/WindowManager( 3149): Relayout Window{c1de52 u0 com.collectiq.ai.local/com.collectiq.ai.MainActivity}: viewVisibility=0 req=1080x2400 d0
07-14 19:35:42.289 D/WindowManager( 3149): updateSystemBarAttributes: displayId=0, win=Window{c1de52 u0 com.collectiq.ai.local/com.collectiq.ai.MainActivity}, navColorWin=Window{c1de52 u0 com.collectiq.ai.local/com.collectiq.ai.MainActivity}, focusedCanBeNavColorWin=false, behavior=1, appearance=0, statusBarAppearanceRegions=[AppearanceRegion{ bounds=[0,0][1080,2400]}], requestedVisibilities=, from=com.android.server.wm.DisplayPolicy.finishPostLayoutPolicyLw:2527 com.android.server.wm.DisplayContent.applySurfaceChangesTransaction:5713 com.android.server.wm.RootWindowContainer.applySurfaceChangesTransaction:1234
07-14 19:35:42.290 D/SamsungLightBarControlHelper( 3511): onStatusBarAppearanceChanged() -  sbModeChanged:false, statusBarMode:MODE_TRANSPARENT, barState:SHADE, isKeyguardShowing:false, navbarColorManagedByIme:false, stackAppearancesChanged:true, (AppearanceRegion{ bounds=[0,0][1080,2400]}, ), packageName:com.collectiq.ai.local
07-14 19:35:42.290 D/NavigationBar( 3511): onSystemBarAttributesChanged() -  displayId:0, appearance:0, packageName: com.collectiq.ai.local, navbarColorManagedByIme:false
07-14 19:35:42.292 D/SamsungLightBarControlHelper( 3511): updateStatus(WHITE icon) NumStacks:1, StatusBarMode:MODE_TRANSPARENT, lightBarBounds:[], StatusBarState:SHADE, packageName:com.collectiq.ai.local, isWhiteKeyguardStatusBarBySettings:false
07-14 19:35:42.298 D/FlutterJNI(13913): Sending viewport metrics to the engine.
07-14 19:35:42.354 D/BtGatt.GattService( 3822): onScanResult to scannerId: 7- eventType=0x1b, addressType=0, address=28AF42_D, primaryPhy=1, secondaryPhy=0, advertisingSid=0xff, txPower=127, rssi=-64, periodicAdvInt=0x0
07-14 19:35:43.183 D/BtGatt.GattService( 3822): onScanResult to scannerId: 7- eventType=0x1b, addressType=0, address=3868A4_3, primaryPhy=1, secondaryPhy=0, advertisingSid=0xff, txPower=127, rssi=-90, periodicAdvInt=0x0
07-14 19:35:51.911 D/BtGatt.GattService( 3822): onScanResult to scannerId: 7- eventType=0x1b, addressType=0, address=28AF42_D, primaryPhy=1, secondaryPhy=0, advertisingSid=0xff, txPower=127, rssi=-63, periodicAdvInt=0x0
07-14 19:35:51.923 D/BtGatt.GattService( 3822): onScanResult to scannerId: 7- eventType=0x1b, addressType=0, address=28AF42_D, primaryPhy=1, secondaryPhy=0, advertisingSid=0xff, txPower=127, rssi=-63, periodicAdvInt=0x0
07-14 19:35:54.436 D/BtGatt.GattService( 3822): onScanResult to scannerId: 7- eventType=0x1b, addressType=0, address=28AF42_D, primaryPhy=1, secondaryPhy=0, advertisingSid=0xff, txPower=127, rssi=-63, periodicAdvInt=0x0
07-14 19:35:55.946 D/BtGatt.GattService( 3822): onScanResult to scannerId: 7- eventType=0x1b, addressType=0, address=28AF42_D, primaryPhy=1, secondaryPhy=0, advertisingSid=0xff, txPower=127, rssi=-68, periodicAdvInt=0x0
07-14 19:35:55.958 D/BtGatt.GattService( 3822): onScanResult to scannerId: 7- eventType=0x1b, addressType=0, address=28AF42_D, primaryPhy=1, secondaryPhy=0, advertisingSid=0xff, txPower=127, rssi=-69, periodicAdvInt=0x0
07-14 19:35:58.394 D/BtGatt.GattService( 3822): onScanResult to scannerId: 7- eventType=0x1b, addressType=0, address=3868A4_3, primaryPhy=1, secondaryPhy=0, advertisingSid=0xff, txPower=127, rssi=-88, periodicAdvInt=0x0
07-14 19:35:58.463 I/CameraManagerGlobal(16191): Camera 0 facing CAMERA_FACING_BACK state now CAMERA_STATE_CLOSED for client com.collectiq.ai.local API Level 2User Id 0
07-14 19:35:59.993 D/BtGatt.GattService( 3822): onScanResult to scannerId: 7- eventType=0x1b, addressType=0, address=28AF42_D, primaryPhy=1, secondaryPhy=0, advertisingSid=0xff, txPower=127, rssi=-80, periodicAdvInt=0x0
07-14 19:36:01.500 D/BtGatt.GattService( 3822): onScanResult to scannerId: 7- eventType=0x1b, addressType=0, address=28AF42_D, primaryPhy=1, secondaryPhy=0, advertisingSid=0xff, txPower=127, rssi=-64, periodicAdvInt=0x0
07-14 19:36:01.510 D/BtGatt.GattService( 3822): onScanResult to scannerId: 7- eventType=0x1b, addressType=0, address=28AF42_D, primaryPhy=1, secondaryPhy=0, advertisingSid=0xff, txPower=127, rssi=-64, periodicAdvInt=0x0
07-14 19:36:05.555 D/BtGatt.GattService( 3822): onScanResult to scannerId: 7- eventType=0x1b, addressType=0, address=28AF42_D, primaryPhy=1, secondaryPhy=0, advertisingSid=0xff, txPower=127, rssi=-70, periodicAdvInt=0x0
07-14 19:36:07.073 D/BtGatt.GattService( 3822): onScanResult to scannerId: 7- eventType=0x1b, addressType=0, address=28AF42_D, primaryPhy=1, secondaryPhy=0, advertisingSid=0xff, txPower=127, rssi=-79, periodicAdvInt=0x0
