07-13 08:45:21.918 15671 21641 E AuthPII : 	at cdgz.a(:com.google.android.gms@262532029@26.25.32 (190400-944114241):64)
07-13 08:45:21.918 15671 21641 E AuthPII : 	at aaba.onTransact(:com.google.android.gms@262532029@26.25.32 (190400-944114241):23)
07-13 08:45:21.918 15671 21641 E AuthPII : 	at android.os.Binder.transact(Binder.java:1200)
07-13 08:45:21.918 15671 21641 E AuthPII : 	at cqcm.onTransact(:com.google.android.gms@262532029@26.25.32 (190400-944114241):12)
07-13 08:45:21.918 15671 21641 E AuthPII : 	at android.os.Binder.transact(Binder.java:1200)
07-13 08:45:21.918 15671 21641 E AuthPII : 	at cdhn.onTransact(:com.google.android.gms@262532029@26.25.32 (190400-944114241):169)
07-13 08:45:21.918 15671 21641 E AuthPII : 	at android.os.Binder.execTransactInternal(Binder.java:1321)
07-13 08:45:21.918 15671 21641 E AuthPII : 	at android.os.Binder.execTransact(Binder.java:1280)
07-13 08:45:21.918 15671 21641 I Auth    : (REDACTED) [AccountIdManager] Token response failed with status=%s
07-13 08:45:21.922 29326 29398 I Watchcat: Started
07-13 08:45:21.926  3149  3185 W libprocessgroup: Failed to open /dev/blkio//cgroup.procs: No such file or directory
07-13 08:45:21.933 29326 29398 I GMS_MM_Logger: (REDACTED) Start time: %s
07-13 08:45:21.934 29326 29398 I GMS_MM_Logger: Started.
07-13 08:45:21.935 15671 21641 E AuthPII : [RequestTokenManager] getToken() -> BAD_AUTHENTICATION. App: com.google.android.gms, Service: oauth2:https://www.googleapis.com/auth/userinfo.email https://www.googleapis.com/auth/account.capabilities https://www.googleapis.com/auth/account.service_flags
07-13 08:45:21.935 15671 21641 E AuthPII : bjfw: Long live credential not available.
07-13 08:45:21.935 15671 21641 E AuthPII : 	at ahkl.a(:com.google.android.gms@262532029@26.25.32 (190400-944114241):1347)
07-13 08:45:21.935 15671 21641 E AuthPII : 	at ahks.b(:com.google.android.gms@262532029@26.25.32 (190400-944114241):26)
07-13 08:45:21.935 15671 21641 E AuthPII : 	at ahkq.a(:com.google.android.gms@262532029@26.25.32 (190400-944114241):661)
07-13 08:45:21.935 15671 21641 E AuthPII : 	at agui.a(:com.google.android.gms@262532029@26.25.32 (190400-944114241):55)
07-13 08:45:21.935 15671 21641 E AuthPII : 	at agui.h(:com.google.android.gms@262532029@26.25.32 (190400-944114241):108)
07-13 08:45:21.935 15671 21641 E AuthPII : 	at agui.b(:com.google.android.gms@262532029@26.25.32 (190400-944114241):817)
07-13 08:45:21.935 15671 21641 E AuthPII : 	at agui.c(:com.google.android.gms@262532029@26.25.32 (190400-944114241):5)
07-13 08:45:21.935 15671 21641 E AuthPII : 	at aaww.d(:com.google.android.gms@262532029@26.25.32 (190400-944114241):459)
07-13 08:45:21.935 15671 21641 E AuthPII : 	at aaww.dispatchTransaction(:com.google.android.gms@262532029@26.25.32 (190400-944114241):153)
07-13 08:45:21.935 15671 21641 E AuthPII : 	at cdgz.a(:com.google.android.gms@262532029@26.25.32 (190400-944114241):64)
07-13 08:45:21.935 15671 21641 E AuthPII : 	at aaba.onTransact(:com.google.android.gms@262532029@26.25.32 (190400-944114241):23)
07-13 08:45:21.935 15671 21641 E AuthPII : 	at android.os.Binder.transact(Binder.java:1200)
07-13 08:45:21.935 15671 21641 E AuthPII : 	at cqcm.onTransact(:com.google.android.gms@262532029@26.25.32 (190400-944114241):12)
07-13 08:45:21.935 15671 21641 E AuthPII : 	at android.os.Binder.transact(Binder.java:1200)
07-13 08:45:21.935 15671 21641 E AuthPII : 	at cdhn.onTransact(:com.google.android.gms@262532029@26.25.32 (190400-944114241):169)
07-13 08:45:21.935 15671 21641 E AuthPII : 	at android.os.Binder.execTransactInternal(Binder.java:1321)
07-13 08:45:21.935 15671 21641 E AuthPII : 	at android.os.Binder.execTransact(Binder.java:1280)
07-13 08:45:21.935 15671 21641 E AuthPII : Message is Long live credential not available.
07-13 08:45:21.935 15671 21641 E AuthPII : bjfw: Long live credential not available.
07-13 08:45:21.935 15671 21641 E AuthPII : 	at ahkl.a(:com.google.android.gms@262532029@26.25.32 (190400-944114241):1347)
07-13 08:45:21.935 15671 21641 E AuthPII : 	at ahks.b(:com.google.android.gms@262532029@26.25.32 (190400-944114241):26)
07-13 08:45:21.935 15671 21641 E AuthPII : 	at ahkq.a(:com.google.android.gms@262532029@26.25.32 (190400-944114241):661)
07-13 08:45:21.935 15671 21641 E AuthPII : 	at agui.a(:com.google.android.gms@262532029@26.25.32 (190400-944114241):55)
07-13 08:45:21.935 15671 21641 E AuthPII : 	at agui.h(:com.google.android.gms@262532029@26.25.32 (190400-944114241):108)
07-13 08:45:21.935 15671 21641 E AuthPII : 	at agui.b(:com.google.android.gms@262532029@26.25.32 (190400-944114241):817)
07-13 08:45:21.935 15671 21641 E AuthPII : 	at agui.c(:com.google.android.gms@262532029@26.25.32 (190400-944114241):5)
07-13 08:45:21.935 15671 21641 E AuthPII : 	at aaww.d(:com.google.android.gms@262532029@26.25.32 (190400-944114241):459)
07-13 08:45:21.935 15671 21641 E AuthPII : 	at aaww.dispatchTransaction(:com.google.android.gms@262532029@26.25.32 (190400-944114241):153)
07-13 08:45:21.935 15671 21641 E AuthPII : 	at cdgz.a(:com.google.android.gms@262532029@26.25.32 (190400-944114241):64)
07-13 08:45:21.935 15671 21641 E AuthPII : 	at aaba.onTransact(:com.google.android.gms@262532029@26.25.32 (190400-944114241):23)
07-13 08:45:21.935 15671 21641 E AuthPII : 	at android.os.Binder.transact(Binder.java:1200)
07-13 08:45:21.935 15671 21641 E AuthPII : 	at cqcm.onTransact(:com.google.android.gms@262532029@26.25.32 (190400-944114241):12)
07-13 08:45:21.935 15671 21641 E AuthPII : 	at android.os.Binder.transact(Binder.java:1200)
07-13 08:45:21.935 15671 21641 E AuthPII : 	at cdhn.onTransact(:com.google.android.gms@262532029@26.25.32 (190400-944114241):169)
07-13 08:45:21.935 15671 21641 E AuthPII : 	at android.os.Binder.execTransactInternal(Binder.java:1321)
07-13 08:45:21.935 15671 21641 E AuthPII : 	at android.os.Binder.execTransact(Binder.java:1280)
07-13 08:45:21.936 15671 21641 W Auth    : [AccountStateDownloader] Unable to look up account state from server: couldn't fetch accessToken [CONTEXT service_id=343 ]
07-13 08:45:21.936 15671 21641 W Auth    : [GaiaIdSync] Empty email. Not updating db. [CONTEXT service_id=153 ]
07-13 08:45:21.953  3149  3269 D ActivityTaskManager: SafeActivityOptions created, mOriginalCallingPid=3149, mOriginalCallingUid=1000, options=ActivityOptions(45834491), mPackageName=null, mAnimationType=-1, mStartX=0, mStartY=0, mWidth=0, mHeight=0, caller=com.android.server.am.PendingIntentRecord.sendInner:486 com.android.server.am.ActivityManagerService.sendIntentSender:6624 com.android.server.am.ActivityManagerService.sendIntentSender:6613 android.app.PendingIntent.sendAndReturnResult:1029 android.app.PendingIntent.send:1000 com.android.server.alarm.AlarmManagerService$DeliveryTracker.deliverLocked:6377 com.android.server.alarm.AlarmManagerService.deliverAlarmsLocked:5218 
07-13 08:45:21.959  3149  3269 D ActivityManager: Received BROADCAST intent 0x3e70071 Key{broadcastIntent pkg=com.instagram.android intent=act=action_batch_upload pkg=com.instagram.android cmp=com.instagram.android/com.instagram.analytics.uploadscheduler.AnalyticsUploadAlarmReceiver flags=0x4000000 u=0} requestCode=0 sent=0 from uid 1000
07-13 08:45:21.962 15671 15700 E AuthPII : [RequestTokenManager] getToken() -> BAD_AUTHENTICATION. App: com.google.android.gms, Service: oauth2: email
07-13 08:45:21.962 15671 15700 E AuthPII : bjfw: Long live credential not available.
07-13 08:45:21.962 15671 15700 E AuthPII : 	at ahkl.a(:com.google.android.gms@262532029@26.25.32 (190400-944114241):1347)
07-13 08:45:21.962 15671 15700 E AuthPII : 	at ahks.b(:com.google.android.gms@262532029@26.25.32 (190400-944114241):26)
07-13 08:45:21.962 15671 15700 E AuthPII : 	at ahkq.a(:com.google.android.gms@262532029@26.25.32 (190400-944114241):661)
07-13 08:45:21.962 15671 15700 E AuthPII : 	at ahkp.b(:com.google.android.gms@262532029@26.25.32 (190400-944114241):151)
07-13 08:45:21.962 15671 15700 E AuthPII : 	at agyu.a(:com.google.android.gms@262532029@26.25.32 (190400-944114241):328)
07-13 08:45:21.962 15671 15700 E AuthPII : 	at agtt.f(:com.google.android.gms@262532029@26.25.32 (190400-944114241):24)
07-13 08:45:21.962 15671 15700 E AuthPII : 	at czjh.fF(:com.google.android.gms@262532029@26.25.32 (190400-944114241):1)
07-13 08:45:21.962 15671 15700 E AuthPII : 	at czjs.run(:com.google.android.gms@262532029@26.25.32 (190400-944114241):121)
07-13 08:45:21.962 15671 15700 E AuthPII : 	at hfcj.run(:com.google.android.gms@262532029@26.25.32 (190400-944114241):23)
07-13 08:45:21.962 15671 15700 E AuthPII : 	at bkmu.c(:com.google.android.gms@262532029@26.25.32 (190400-944114241):50)
07-13 08:45:21.962 15671 15700 E AuthPII : 	at bkmu.run(:com.google.android.gms@262532029@26.25.32 (190400-944114241):66)
07-13 08:45:21.962 15671 15700 E AuthPII : 	at java.util.concurrent.ThreadPoolExecutor.runWorker(ThreadPoolExecutor.java:1137)
07-13 08:45:21.962 15671 15700 E AuthPII : 	at java.util.concurrent.ThreadPoolExecutor$Worker.run(ThreadPoolExecutor.java:637)
07-13 08:45:21.962 15671 15700 E AuthPII : 	at bksm.run(:com.google.android.gms@262532029@26.25.32 (190400-944114241):8)
07-13 08:45:21.962 15671 15700 E AuthPII : 	at java.lang.Thread.run(Thread.java:1012)
07-13 08:45:21.963 15671 15700 E AuthPII : Message is Long live credential not available.
07-13 08:45:21.963 15671 15700 E AuthPII : bjfw: Long live credential not available.
07-13 08:45:21.963 15671 15700 E AuthPII : 	at ahkl.a(:com.google.android.gms@262532029@26.25.32 (190400-944114241):1347)
07-13 08:45:21.963 15671 15700 E AuthPII : 	at ahks.b(:com.google.android.gms@262532029@26.25.32 (190400-944114241):26)
07-13 08:45:21.963 15671 15700 E AuthPII : 	at ahkq.a(:com.google.android.gms@262532029@26.25.32 (190400-944114241):661)
07-13 08:45:21.963 15671 15700 E AuthPII : 	at ahkp.b(:com.google.android.gms@262532029@26.25.32 (190400-944114241):151)
07-13 08:45:21.963 15671 15700 E AuthPII : 	at agyu.a(:com.google.android.gms@262532029@26.25.32 (190400-944114241):328)
07-13 08:45:21.963 15671 15700 E AuthPII : 	at agtt.f(:com.google.android.gms@262532029@26.25.32 (190400-944114241):24)
07-13 08:45:21.963 15671 15700 E AuthPII : 	at czjh.fF(:com.google.android.gms@262532029@26.25.32 (190400-944114241):1)
07-13 08:45:21.963 15671 15700 E AuthPII : 	at czjs.run(:com.google.android.gms@262532029@26.25.32 (190400-944114241):121)
07-13 08:45:21.963 15671 15700 E AuthPII : 	at hfcj.run(:com.google.android.gms@262532029@26.25.32 (190400-944114241):23)
07-13 08:45:21.963 15671 15700 E AuthPII : 	at bkmu.c(:com.google.android.gms@262532029@26.25.32 (190400-944114241):50)
07-13 08:45:21.963 15671 15700 E AuthPII : 	at bkmu.run(:com.google.android.gms@262532029@26.25.32 (190400-944114241):66)
07-13 08:45:21.963 15671 15700 E AuthPII : 	at java.util.concurrent.ThreadPoolExecutor.runWorker(ThreadPoolExecutor.java:1137)
07-13 08:45:21.963 15671 15700 E AuthPII : 	at java.util.concurrent.ThreadPoolExecutor$Worker.run(ThreadPoolExecutor.java:637)
07-13 08:45:21.963 15671 15700 E AuthPII : 	at bksm.run(:com.google.android.gms@262532029@26.25.32 (190400-944114241):8)
07-13 08:45:21.963 15671 15700 E AuthPII : 	at java.lang.Thread.run(Thread.java:1012)
07-13 08:45:21.977 29328 29328 I FirebaseApp: Device unlocked: initializing all Firebase APIs for app [DEFAULT]
07-13 08:45:21.990 15671 15700 I Auth    : (REDACTED) [GetToken] GetToken failed for app=%s with userRecoverable status: %s 
07-13 08:45:21.991 15671 15700 W Auth    : [GetTokenOperation] exception while trying to fetch auth tokens for app=com.google.android.gms [CONTEXT service_id=343 ]
07-13 08:45:21.991 15671 15700 W Auth    : ahkk: GetToken failed with status code and recovery intent: BadAuthentication
07-13 08:45:21.991 15671 15700 W Auth    : 	at ahkp.b(:com.google.android.gms@262532029@26.25.32 (190400-944114241):352)
07-13 08:45:21.991 15671 15700 W Auth    : 	at agyu.a(:com.google.android.gms@262532029@26.25.32 (190400-944114241):328)
07-13 08:45:21.991 15671 15700 W Auth    : 	at agtt.f(:com.google.android.gms@262532029@26.25.32 (190400-944114241):24)
07-13 08:45:21.991 15671 15700 W Auth    : 	at czjh.fF(:com.google.android.gms@262532029@26.25.32 (190400-944114241):1)
07-13 08:45:21.991 15671 15700 W Auth    : 	at czjs.run(:com.google.android.gms@262532029@26.25.32 (190400-944114241):121)
07-13 08:45:21.991 15671 15700 W Auth    : 	at hfcj.run(:com.google.android.gms@262532029@26.25.32 (190400-944114241):23)
07-13 08:45:21.991 15671 15700 W Auth    : 	at bkmu.c(:com.google.android.gms@262532029@26.25.32 (190400-944114241):50)
07-13 08:45:21.991 15671 15700 W Auth    : 	at bkmu.run(:com.google.android.gms@262532029@26.25.32 (190400-944114241):66)
07-13 08:45:21.991 15671 15700 W Auth    : 	at java.util.concurrent.ThreadPoolExecutor.runWorker(ThreadPoolExecutor.java:1137)
07-13 08:45:21.991 15671 15700 W Auth    : 	at java.util.concurrent.ThreadPoolExecutor$Worker.run(ThreadPoolExecutor.java:637)
07-13 08:45:21.991 15671 15700 W Auth    : 	at bksm.run(:com.google.android.gms@262532029@26.25.32 (190400-944114241):8)
07-13 08:45:21.991 15671 15700 W Auth    : 	at java.lang.Thread.run(Thread.java:1012)
07-13 08:45:22.007 29328 29328 I FirebaseCrashlytics: Initializing Crashlytics 17.2.1
07-13 08:45:22.032  3149  5210 I GenerationRegistry: mBackingStore.isClosed() : false
07-13 08:45:22.038 29326 29383 W gle.android.gms: Long monitor contention with owner ProcessStablePhenotypeFlag (29367) at java.lang.Object gnlg.hf(int, java.lang.Object)(:com.google.android.gms@262532029@26.25.32 (190400-944114241):53) waiters=0 in java.lang.Object bkfb.hf(int, java.lang.Object) for 226ms
07-13 08:45:22.070 31818 31840 I gnla    : (REDACTED) Shared storage file not found for %s
07-13 08:45:22.077 29326 29441 D CompatibilityChangeReporter: Compat change id reported: 160794467; UID 15010228; state: ENABLED
07-13 08:45:22.110  3149  3396 I ChimeraAggressivePolicyHandler: executePolicy() - triggerSource: TRIGGER_SOURCE_LMKD
07-13 08:45:22.112  3149  3396 I ChimeraAggressivePolicyHandler: available memory: 1880236, free memory target: 1126400, quit chimera
07-13 08:45:22.211 29326 29367 I gnla    : (REDACTED) Shared storage file not found for %s
07-13 08:45:22.314  3149  5203 D PackageManager: setEnabledSetting : userId = 0 packageName = com.aura.oobe.samsung cmp = com.ironsource.aura.ams.ui.PreInstallDialogActivity newState = 2 callingPackage = 10247/com.aura.oobe.samsung
07-13 08:45:22.409  3149  5344 D CompatibilityChangeReporter: Compat change id reported: 135634846; UID 15010228; state: DISABLED
07-13 08:45:22.409  3149  5344 D CompatibilityChangeReporter: Compat change id reported: 177438394; UID 15010228; state: DISABLED
07-13 08:45:22.409  3149  5344 D CompatibilityChangeReporter: Compat change id reported: 135772972; UID 15010228; state: DISABLED
07-13 08:45:22.409  3149  5344 D CompatibilityChangeReporter: Compat change id reported: 135754954; UID 15010228; state: ENABLED
07-13 08:45:22.410  3149  3180 D CompatibilityChangeReporter: Compat change id reported: 143937733; UID 15010228; state: ENABLED
07-13 08:45:22.411  2929  2929 W Zygote  : forkRepeatedly terminated due to non-simple command
07-13 08:45:22.411  2929  2929 D Zygote  : mbuffer starts with 17, nice name is , mEnd = 1029, mNext = 36, mLinesLeft = 15, mFd = 63
07-13 08:45:22.428  2929  2929 I Zygote  : Entering forkRepeatedly native zygote loop
07-13 08:45:22.441  2929  2929 D Zygote  : Forked child process 29488
07-13 08:45:22.446  3149  3180 I ActivityManager: Start proc 29488:com.google.process.gservices/u150a228 for content provider {com.google.android.gsf/com.google.android.gsf.gservices.GservicesProvider}
07-13 08:45:22.452  3149  5210 W JobScheduler: Job didn't exist in JobStore: 5d5633a #u0a247/-746872295 com.aura.oobe.samsung/com.ironsource.aura.sdk.utils.daily_task.DailyAppTasksJobService
07-13 08:45:22.462 29488 29488 I ocess.gservices: Using CollectorTypeCC GC.
07-13 08:45:22.469 29488 29488 E ocess.gservices: Not starting debugger since process cannot load the jdwp agent.
07-13 08:45:22.483 29488 29488 D ActivityThread: setConscryptValidator
07-13 08:45:22.484 29488 29488 D ActivityThread: setConscryptValidator - put
07-13 08:45:22.486  3149  5210 D CompatibilityChangeReporter: Compat change id reported: 168419799; UID 15010228; state: DISABLED
07-13 08:45:22.487  3149  5210 I ActivityManager: DSS OFF for com.google.android.gsf
07-13 08:45:22.499 29488 29488 D CompatibilityChangeReporter: Compat change id reported: 171979766; UID 15010228; state: ENABLED
07-13 08:45:22.515 29488 29488 D nativeloader: Configuring classloader-namespace-shared for other apk /system/framework/org.apache.http.legacy.jar. target_sdk_version=33, uses_libraries=ALL, library_path=/system/system_ext/priv-app/GoogleServicesFramework/lib/arm64:/system/system_ext/priv-app/GoogleServicesFramework/GoogleServicesFramework.apk!/lib/arm64-v8a:/system/lib64:/system/system_ext/lib64, permitted_path=/data:/mnt/expand:/data/user/150/com.google.android.gsf:/system/system_ext/priv-app/GoogleServicesFramework:/system/lib64:/system/system_ext/lib64
07-13 08:45:22.515 29488 29488 D nativeloader: Extending system_exposed_libraries: libneural.snap.samsung.so:libsnap_aidl.snap.samsung.so:libSEF.quram.so:libimagecodec.quram.so:libagifencoder.quram.so:libheifcapture_jni.media.samsung.so:libjpegsq.media.samsung.so:libslljpeg.media.samsung.so:libsemimagecrop_jni.media.samsung.so:libsimba.media.samsung.so:libapex_jni.media.samsung.so:libsume_mediabuffer_jni.media.samsung.so:libhumantracking.arcsoft.so:libPortraitDistortionCorrection.arcsoft.so:libPortraitDistortionCorrectionCali.arcsoft.so:libface_landmark.arcsoft.so:libFacialStickerEngine.arcsoft.so:libveengine.arcsoft.so:libhigh_res.arcsoft.so:libimage_enhancement.arcsoft.so:liblow_light_hdr.arcsoft.so:libhigh_dynamic_range.arcsoft.so:libFacialAttributeDetection.arcsoft.so:libBeauty_v4.camera.samsung.so:libexifa.camera.samsung.so:libjpega.camera.samsung.so:libOpenCv.camera.samsung.so:libImageScreener.camera.samsung.so:libMyFilter.camera.samsung.so:libtflite2.myfilters.camera.samsung.so:libEventFinder.camera.samsung.so:libHIDTSnapJNI.camera.samsung.so:libS
07-13 08:45:22.533 29488 29488 D nativeloader: Configuring classloader-namespace-shared for other apk /system/system_ext/priv-app/GoogleServicesFramework/GoogleServicesFramework.apk. target_sdk_version=33, uses_libraries=, library_path=/system/system_ext/priv-app/GoogleServicesFramework/lib/arm64:/system/system_ext/priv-app/GoogleServicesFramework/GoogleServicesFramework.apk!/lib/arm64-v8a:/system/lib64:/system/system_ext/lib64, permitted_path=/data:/mnt/expand:/data/user/150/com.google.android.gsf:/system/system_ext/priv-app/GoogleServicesFramework:/system/lib64:/system/system_ext/lib64
07-13 08:45:22.561 29488 29488 V GraphicsEnvironment: ANGLE Developer option for 'com.google.android.gsf' set to: 'default'
07-13 08:45:22.562 29488 29488 V GraphicsEnvironment: ANGLE GameManagerService for com.google.android.gsf: false
07-13 08:45:22.562 29488 29488 V GraphicsEnvironment: Neither updatable production driver nor prerelease driver is supported.
07-13 08:45:22.569 29488 29488 D NetworkSecurityConfig: No Network Security Config specified, using platform default
07-13 08:45:22.576 29488 29488 D NetworkSecurityConfig: No Network Security Config specified, using platform default
07-13 08:45:22.593 29488 29488 I GservicesProvider: Gservices pushing to system: true; secure/global: true
07-13 08:45:22.599  3149  5210 I GenerationRegistry: mBackingStore.isClosed() : false
07-13 08:45:22.605   812   812 I SurfaceFlinger: SFWD update time=996473180588377
07-13 08:45:22.606  3149  5210 I GenerationRegistry: mBackingStore.isClosed() : false
07-13 08:45:22.615  3149  5210 W ActivityManager: Unable to start service Intent { act=com.google.android.gms.gservices.START pkg=com.google.android.gms } U=150: not found
07-13 08:45:22.616  3149  5210 W ActivityManager: Unbind failed: could not find connection for android.os.BinderProxy@8b800bb
07-13 08:45:22.617 29488 29505 E GmsClient: unable to connect to service: com.google.android.gms.gservices.START on com.google.android.gms
07-13 08:45:22.687 29328 29429 D TransportRuntime.SQLiteEventStore: Storing event with priority=HIGHEST, name=FIREBASE_CRASHLYTICS_REPORT for destination cct
07-13 08:45:22.701 29328 29429 D TransportRuntime.JobInfoScheduler: Scheduling upload for context TransportContext(cct, HIGHEST, MSRodHRwczovL2NyYXNobHl0aWNzcmVwb3J0cy1wYS5nb29nbGVhcGlzLmNvbS92MS9maXJlbG9nL2xlZ2FjeS9iYXRjaGxvZ1xBSXphU3lCcnBTWVQ0RkZMMDlyZUhKaTZIOUZZZGVpU25VVE92Mk0=) with jobId=185676319 in 1000ms(Backend next call timestamp 1783861470945). Attempt 1
07-13 08:45:23.528   472   472 D io_stats: !@   8,0 r 148140125 3655684556 w 27481682 493633828 d 0 0 f 0 0 iot 28700512 0 th 0 0 0 pt 0 inp 0 0 996474.102
07-13 08:45:23.617  3149  5210 D InputDispatcher: Inject motion (29509/2000): action=0x0, time=996474191000000, f=0x0, d=0 dsdx=1.000000 dtdx=0.000000
07-13 08:45:23.617  3149  3299 I InputDispatcher: Delivering touch to (3511): action: 0x4, f=0x0, d=0, 'a793e53', t=1 
07-13 08:45:23.618  3149  3299 I InputDispatcher: Delivering touch to (28317): action: 0x0, f=0x0, d=0, '22d8395', t=1 
07-13 08:45:23.618  3149  3299 D PowerManagerService: [api] userActivityFromNative :  (event: 2 flags: 0 displayId: 0) eventTime = 996474191
07-13 08:45:23.618  3149  3165 I GestureDetector: obtain mCurrentDownEvent. id: -167304484 caller: com.android.server.wm.SystemGesturesPointerEventListener.onPointerEvent:203 com.android.server.wm.PointerEventDispatcher.onInputEvent:53 android.view.InputEventReceiver.dispatchInputEvent:285 
07-13 08:45:23.619 28317 28317 I ViewRootImpl@4cf8fef[MainActivity]: ViewPostIme pointer 0
07-13 08:45:23.619  3149  3165 I GestureDetector: obtain mCurrentDownEvent. id: -167304484 caller: com.android.server.wm.SystemPerformancePointerEventListener.onPointerEvent:89 com.android.server.wm.PointerEventDispatcher.onInputEvent:53 android.view.InputEventReceiver.dispatchInputEvent:285 
07-13 08:45:23.620  3149  3299 D PowerManagerService: UserActivityStateListenerState: 1
07-13 08:45:23.621  3149  5210 D InputDispatcher: Inject motion (29509/2000): action=0x1, time=996474191000000, f=0x0, d=0 dsdx=1.000000 dtdx=0.000000
07-13 08:45:23.621  3149  3299 I InputDispatcher: Delivering touch to (28317): action: 0x1, f=0x0, d=0, '22d8395', t=1 
07-13 08:45:23.621  5236  5236 I SemDvfsHyPerManager: acquire hyper - BaseTABoost/5236@23, type = 1090523139
07-13 08:45:23.622  3149  3165 I GestureDetector: obtain mCurrentMotionEventRaw. action: 1 id: -246409448
07-13 08:45:23.623  5236  5236 I SemDvfsHyPerManager: acquire hyper - BaseTAToouchBoost/5236@25, type = 1090523139
07-13 08:45:23.623  3149  3165 I GestureDetector: obtain mCurrentMotionEventRaw. action: 1 id: -246409448
07-13 08:45:23.625  3020  3061 I HYPER-HAL: [RequestManager.cpp]acquire(): Acquired ID : 13831193  [5236 / 23]    HINT :      list : [TABoost / 5] 
07-13 08:45:23.625  3020  3061 I HYPER-HAL: [RequestManager.cpp]acquire(): Acquired ID : 13841716  [5236 / 25]    HINT :      list : [TABoost / 20] [TIMEOUT / 1500] 
07-13 08:45:23.627 28317 28317 I ViewRootImpl@4cf8fef[MainActivity]: ViewPostIme pointer 1
07-13 08:45:23.712 28317 28317 I flutter : [Scanner] lost picker recovery start: scan-hub-startup
07-13 08:45:23.712 28317 28317 I flutter : COLLECTIQ_SCAN_FLOW event=lost data recovery started selectedImagePath=null isLoading=false isPreparingImage=false isPickerActive=false isRecoveringLostData=true currentTabIndex=2 reason=scan-hub-startup
07-13 08:45:23.712 28317 28317 I flutter : [CameraService] checking image_picker lost data
07-13 08:45:23.718 28317 28317 I flutter : [CameraService] no lost picker data
07-13 08:45:23.718 28317 28317 I flutter : COLLECTIQ_SCAN_FLOW event=lost data recovery completed selectedImagePath=null isLoading=false isPreparingImage=false isPickerActive=false isRecoveringLostData=true currentTabIndex=2 reason=scan-hub-startup recovered=false
07-13 08:45:23.719 28317 28317 I flutter : COLLECTIQ_SCAN_FLOW event=lost data recovery completed selectedImagePath=null isLoading=false isPreparingImage=false isPickerActive=false isRecoveringLostData=false currentTabIndex=2 reason=scan-hub-startup
07-13 08:45:23.720 28317 28317 I DecorView: notifyKeepScreenOnChanged: keepScreenOn=false
07-13 08:45:23.723 28317 28317 I ViewRootImpl@4cf8fef[MainActivity]: performTraversals mFirst=false windowShouldResize=false viewVisibilityChanged=false mForceNextWindowRelayout=false params={(0,0)(fillxfill) sim={adjust=resize} ty=BASE_APPLICATION fmt=TRANSLUCENT wanim=0x1030001
07-13 08:45:23.723 28317 28317 I ViewRootImpl@4cf8fef[MainActivity]:   fl=81810100
07-13 08:45:23.723 28317 28317 I ViewRootImpl@4cf8fef[MainActivity]:   pfl=12020040
07-13 08:45:23.723 28317 28317 I ViewRootImpl@4cf8fef[MainActivity]:   vsysui=500
07-13 08:45:23.723 28317 28317 I ViewRootImpl@4cf8fef[MainActivity]:   bhv=DEFAULT
07-13 08:45:23.723 28317 28317 I ViewRootImpl@4cf8fef[MainActivity]:   fitSides= naviIconColor=0}
07-13 08:45:23.723  3149  5210 V WindowManager: Relayout Window{22d8395 u0 com.collectiq.ai.local/com.collectiq.ai.MainActivity}: viewVisibility=0 req=1080x2400 d0
07-13 08:45:23.724  3149  5210 D WindowManager: updateSystemBarAttributes: displayId=0, win=Window{22d8395 u0 com.collectiq.ai.local/com.collectiq.ai.MainActivity}, navColorWin=Window{22d8395 u0 com.collectiq.ai.local/com.collectiq.ai.MainActivity}, focusedCanBeNavColorWin=false, behavior=1, appearance=0, statusBarAppearanceRegions=[AppearanceRegion{ bounds=[0,0][1080,2400]}], requestedVisibilities=, from=com.android.server.wm.DisplayPolicy.finishPostLayoutPolicyLw:2527 com.android.server.wm.DisplayContent.applySurfaceChangesTransaction:5713 com.android.server.wm.RootWindowContainer.applySurfaceChangesTransaction:1234 
07-13 08:45:23.726  3511  3511 D SamsungLightBarControlHelper: onStatusBarAppearanceChanged() -  sbModeChanged:false, statusBarMode:MODE_TRANSPARENT, barState:SHADE, isKeyguardShowing:false, navbarColorManagedByIme:false, stackAppearancesChanged:true, (AppearanceRegion{ bounds=[0,0][1080,2400]}, ), packageName:com.collectiq.ai.local
07-13 08:45:23.726  3511  3511 D NavigationBar: onSystemBarAttributesChanged() -  displayId:0, appearance:0, packageName: com.collectiq.ai.local, navbarColorManagedByIme:false
07-13 08:45:23.729  3149  5210 V WindowManager: Relayout hash=22d8395, pid=28317, syncId=-1: mAttrs={(0,0)(fillxfill) sim={adjust=resize} ty=BASE_APPLICATION fmt=TRANSLUCENT wanim=0x1030001
07-13 08:45:23.729  3149  5210 V WindowManager:   fl=81810100
07-13 08:45:23.729  3149  5210 V WindowManager:   pfl=12020040
07-13 08:45:23.729  3149  5210 V WindowManager:   vsysui=500
07-13 08:45:23.729  3149  5210 V WindowManager:   bhv=DEFAULT
07-13 08:45:23.729  3149  5210 V WindowManager:   fitSides= naviIconColor=0}
07-13 08:45:23.729  3511  3511 D SamsungLightBarControlHelper: updateStatus(WHITE icon) NumStacks:1, StatusBarMode:MODE_TRANSPARENT, lightBarBounds:[], StatusBarState:SHADE, packageName:com.collectiq.ai.local, isWhiteKeyguardStatusBarBySettings:false
07-13 08:45:23.731 28317 28317 I ViewRootImpl@4cf8fef[MainActivity]: updateBlastSurfaceIfNeeded mBlastBufferQueue=0xb4000074e7f644b0 isSameSurfaceControl=true
07-13 08:45:23.731 28317 28317 I BLASTBufferQueue: update, w= 1080 h= 2400 mName = ViewRootImpl@4cf8fef[MainActivity] mNativeObject= 0xb4000074e7f644b0 sc.mNativeObject= 0xb400007477fa0a00 format= -3 caller= android.view.ViewRootImpl.updateBlastSurfaceIfNeeded:2898 android.view.ViewRootImpl.relayoutWindow:9847 android.view.ViewRootImpl.performTraversals:3884 android.view.ViewRootImpl.doTraversal:3116 android.view.ViewRootImpl$TraversalRunnable.run:10885 android.view.Choreographer$CallbackRecord.run:1301 
07-13 08:45:23.731 28317 28317 I ViewRootImpl@4cf8fef[MainActivity]: Relayout returned: old=(0,0,1080,2400) new=(0,0,1080,2400) req=(1080,2400)0 dur=8 res=0x0 s={true 0xb400007577f9e940} ch=false seqId=0
07-13 08:45:23.731 28317 28317 D FlutterJNI: Sending viewport metrics to the engine.
07-13 08:45:23.748  3511  3511 I ViewRootImpl@50f5c5d[NotificationShade]: performTraversals mFirst=false windowShouldResize=false viewVisibilityChanged=false mForceNextWindowRelayout=false params={(0,0)(fillxfill) gr=TOP CENTER_VERTICAL sim={adjust=resize} layoutInDisplayCutoutMode=always ty=NOTIFICATION_SHADE fmt=TRANSLUCENT
07-13 08:45:23.748  3511  3511 I ViewRootImpl@50f5c5d[NotificationShade]:   fl=81840048
07-13 08:45:23.748  3511  3511 I ViewRootImpl@50f5c5d[NotificationShade]:   pfl=1b000000
07-13 08:45:23.748  3511  3511 I ViewRootImpl@50f5c5d[NotificationShade]:   bhv=SHOW_TRANSIENT_BARS_BY_SWIPE
07-13 08:45:23.748  3511  3511 I ViewRootImpl@50f5c5d[NotificationShade]:  dimAmount=0.0 naviIconColor=0
07-13 08:45:23.748  3511  3511 I ViewRootImpl@50f5c5d[NotificationShade]:   sfl=40000}
07-13 08:45:23.750  3149  5210 V WindowManager: Relayout Window{50beffe u0 NotificationShade}: viewVisibility=4 req=1080x2400 d0
07-13 08:45:23.754  3149  5210 V WindowManager: Relayout hash=50beffe, pid=3511, syncId=-1: mAttrs={(0,0)(fillxfill) gr=TOP CENTER_VERTICAL sim={adjust=resize} layoutInDisplayCutoutMode=always ty=NOTIFICATION_SHADE fmt=TRANSLUCENT
07-13 08:45:23.754  3149  5210 V WindowManager:   fl=81840048
07-13 08:45:23.754  3149  5210 V WindowManager:   pfl=1b000000
07-13 08:45:23.754  3149  5210 V WindowManager:   bhv=SHOW_TRANSIENT_BARS_BY_SWIPE
07-13 08:45:23.754  3149  5210 V WindowManager:  dimAmount=0.0 naviIconColor=0
07-13 08:45:23.754  3149  5210 V WindowManager:   sfl=40000}
07-13 08:45:23.759  3511  3511 I ViewRootImpl@50f5c5d[NotificationShade]: Relayout returned: old=(0,0,1080,2400) new=(0,0,1080,2400) req=(1080,2400)4 dur=9 res=0x0 s={false 0x0} ch=false seqId=35
07-13 08:45:23.769  3511  3511 I FaceWidgetPositionAlgorithm: getClockContainerHeight() supplier = 290, bottom margin = 0, real height = 358
07-13 08:45:23.770  3511  3511 I FaceWidgetPositionAlgorithm: getClockContainerHeight() supplier = 290, bottom margin = 68, real height = 358
07-13 08:45:23.770  3511  3511 I FaceWidgetPositionAlgorithm: getMediaContainerHeight() height = 0 container Visibility = 8, isValid = false, mIsDozing = false, fraction = 1.0, source = 0, target = 0
07-13 08:45:23.770  3511  3511 I FaceWidgetPositionAlgorithm: getMediaContainerHeight() supplier = 0
07-13 08:45:23.773  3511  3511 I ResourceType: [SWT] Success lookup value directly, data = 0x010607cc
07-13 08:45:23.773  3511  3511 I ResourceType: [SWT] Success lookup value directly, data = 0x010607cc
07-13 08:45:23.773  3511  3511 I ResourceType: [SWT] Success lookup value directly, data = 0x010607cc
07-13 08:45:23.773  3511  3511 I ResourceType: [SWT] Success lookup value directly, data = 0x010607cc
07-13 08:45:23.774  3511  3511 I ResourceType: [SWT] Success lookup value directly, data = 0x010607cc
07-13 08:45:23.918  3149  3165 I GestureDetector: handleMessage TAP
07-13 08:45:23.919  3149  3149 I GestureDetector: handleMessage TAP
07-13 08:45:24.297  3149  5449 D SemWifiUsabilityStatsMonitor: onWifiUsabilityStats - seqNum 161745, isSameBssidAndFreq true
07-13 08:45:24.300  3149  3408 I SemWifiLinkQualityMonitor: Link Qos Query: 0.331 ms / 24.188 Mbps (72 / 0.153 / 1.250)
07-13 08:45:24.414  3149 29519 D TrafficStats: tagSocket(989) with statsTag=0xffffffff, statsUid=-1
07-13 08:45:25.127  3020 29512 I HYPER-HAL: [RequestManager.cpp]releaseLocked(): Released ID : 13841716
07-13 08:45:25.305  3149  3427 D WifiConnectivityMonitor.NetworkStatsAnalyzer: 0 1 0 60 0 60
07-13 08:45:25.529   472   472 D io_stats: !@   8,0 r 148140141 3655684812 w 27481753 493634272 d 0 0 f 0 0 iot 28700536 0 th 0 0 0 pt 0 inp 0 0 996476.104
07-13 08:45:26.306  3149  3427 D WifiConnectivityMonitor.NetworkStatsAnalyzer: 3 4 221 269 73 67
07-13 08:45:26.623  3149  3202 D PowerManagerService: UserActivityStateListenerState: 0
07-13 08:45:27.271 15671 29372 I NearbyMediums: No BLE Fast/GATT advertisements found in the latest cycle.
07-13 08:45:27.271 15671 29372 I NearbyMediums: Current Tracked Scanning Clients are : {NearbyConnections.EnvironmentMonitor, NearbySharing, NearbyConnections.TxAdvertisement}
07-13 08:45:27.424  3149  5449 D SemWifiUsabilityStatsMonitor: onWifiUsabilityStats - seqNum 161746, isSameBssidAndFreq true
07-13 08:45:27.427  3149  3408 I SemWifiLinkQualityMonitor: Link Qos Query: 0.227 ms / 35.249 Mbps (72 / 0.029 / 1.625)
07-13 08:45:27.427  3149  3427 D WifiConnectivityMonitor.NetworkStatsAnalyzer: 4 3 304 224 76 74
07-13 08:45:27.431  3511  3511 D NetworkController.WifiSignalController: notifyListener: visible=true, connected=true, inetCondition=1, isDefault=true, wifiTestReported=true, receivedInetCondition=-1, hideDuringMobileSwitching=false
07-13 08:45:27.437  3511  3596 D Tile.WifiTile: handleUpdateState isTransient=false transientEnabling =false cb.isTransient=false state.state = 2 mStateBeforeClick.value =false enabled =true
07-13 08:45:27.530   472   472 D io_stats: !@   8,0 r 148140144 3655684824 w 27481800 493634896 d 0 0 f 0 0 iot 28700548 0 th 0 0 0 pt 0 inp 0 0 996478.105
07-13 08:45:28.429  3149  3427 D WifiConnectivityMonitor.NetworkStatsAnalyzer: 0 0 0 0 0 0
07-13 08:45:28.853  3822  3953 D ScanFilter: manu data matches
07-13 08:45:28.855  3822  3953 D BtGatt.GattService: onScanResult to scannerId: 4- eventType=0x1b, addressType=0, address=28AF42_D, primaryPhy=1, secondaryPhy=0, advertisingSid=0xff, txPower=127, rssi=-86, periodicAdvInt=0x0
07-13 08:45:29.131 16317 23118 I NearbyMediums: No BLE Fast/GATT advertisements found in the latest cycle.
07-13 08:45:29.132 16317 23118 I NearbyMediums: Current Tracked Scanning Clients are : {NearbyConnections.EnvironmentMonitor, NearbySharing}
07-13 08:45:29.155  5236  5236 I SDHMS:LOAD: type: LoadsFreqs, value: 0:28:33:800279:2730000:520000:989420:2400000:507000:125:377:0
07-13 08:45:29.358  3149  5344 I ActivityManager: Killing 27951:com.samsung.android.bbc.bbcagent/1000 (adj 999): empty #25
07-13 08:45:29.370  3149  3181 I libprocessgroup: Successfully killed process cgroup uid 1000 pid 27951 in 8ms
07-13 08:45:29.419  2929  2929 I Zygote  : Process 27951 exited due to signal 9 (Killed)
07-13 08:45:29.435  3149  3427 D WifiConnectivityMonitor.NetworkStatsAnalyzer: 0 0 0 0 0 0
07-13 08:45:30.519  3149  5449 D SemWifiUsabilityStatsMonitor: onWifiUsabilityStats - seqNum 161747, isSameBssidAndFreq true
07-13 08:45:30.521  3149  3408 I SemWifiLinkQualityMonitor: Link Qos Query: 0.576 ms / 13.898 Mbps (72 / 0.243 / 1.625)
07-13 08:45:30.522  3511  3511 D NetworkController.WifiSignalController: notifyListener: visible=true, connected=true, inetCondition=1, isDefault=true, wifiTestReported=true, receivedInetCondition=-1, hideDuringMobileSwitching=false
07-13 08:45:30.526  3149  3427 D WifiConnectivityMonitor.NetworkStatsAnalyzer: 1 0 63 0 63 0
07-13 08:45:30.528  3511  3596 D Tile.WifiTile: handleUpdateState isTransient=false transientEnabling =false cb.isTransient=false state.state = 2 mStateBeforeClick.value =false enabled =true
07-13 08:45:30.907   685   685 E audit   : type=1400 audit(1783896330.903:691163): avc:  denied  { write } for  pid=31818 comm="ThreadPoolForeg" name="traced_producer" dev="tmpfs" ino=7808 scontext=u:r:gmscore_app:s0:c512,c768 tcontext=u:object_r:traced_producer_socket:s0 tclass=sock_file permissive=0 SEPF_SM-E625F_13_0001 audit_filtered
07-13 08:45:30.907   685   685 E audit   : type=1300 audit(1783896330.903:691163): arch=c00000b7 syscall=203 success=no exit=-13 a0=c9 a1=b400007417fc4890 a2=1e a3=ffffffff95bb1b76 items=1 ppid=2929 pid=31818 auid=4294967295 uid=10228 gid=10228 euid=10228 suid=10228 fsuid=10228 egid=10228 sgid=10228 fsgid=10228 tty=(none) ses=4294967295 comm="ThreadPoolForeg" exe="/system/bin/app_process64" subj=u:r:gmscore_app:s0:c512,c768 key=(null)
07-13 08:45:30.907   685   685 E audit   : type=1306 audit(1783896330.903:691163): saddr=01002F6465762F736F636B65742F7472616365645F70726F647563657200
07-13 08:45:30.907   685   685 E audit   : type=1302 audit(1783896330.903:691163): item=0 name="/dev/socket/traced_producer" inode=7808 dev=00:11 mode=0140666 ouid=0 ogid=0 rdev=00:00 obj=u:object_r:traced_producer_socket:s0 nametype=NORMAL cap_fp=0000000000000000 cap_fi=0000000000000000 cap_fe=0 cap_fver=0
07-13 08:45:30.908   685   685 E audit   : type=1327 audit(1783896330.903:691163): proctitle="com.google.android.gms"
07-13 08:45:31.449 23780 23780 I wpa_supplicant: Heartbeat 89214
07-13 08:45:31.528  3149  3427 D WifiConnectivityMonitor.NetworkStatsAnalyzer: 0 0 0 0 0 0
07-13 08:45:31.768  3149  3165 D SensorService: setUidStateForConnection uid= 5010 , ident = 0xb4000074b874e490 , state= 1
07-13 08:45:31.957 16478 16600 I ContactsProvider_EventLog: cp_s: [CONTACT con(0) dat(0) acc({}) calls([]) Iso(AU) uId(150) ]
07-13 08:45:31.957 16478 16600 I ContactsProvider_EventLog: cp_s: [ agr({}) ]
07-13 08:45:31.957 16478 16600 I ContactsProvider_EventLog: cp_s: [ cnt({}) ]
07-13 08:45:31.957 16478 16600 I ContactsProvider_EventLog: cp_s: [PROFILE ] [SAPROFILE ]
07-13 08:45:31.957 16478 16600 I ContactsProvider_EventLog: cp_s: [STATE R(F) ]
07-13 08:45:32.510  3149  3442 D NetdEventListenerService: DNS Requested by : 107, 10247
07-13 08:45:32.512 29328 29378 D TrafficStats: tagSocket(121) with statsTag=0xffffffff, statsUid=-1
07-13 08:45:32.529  3149  3427 D WifiConnectivityMonitor.NetworkStatsAnalyzer: 0 1 0 63 0 63
07-13 08:45:32.602 29328 29353 W System  : A resource failed to call AbstractCursor.close. 
07-13 08:45:32.602 29328 29353 W System  : A resource failed to call CursorWrapperInner.close. 
07-13 08:45:33.584  3149  5449 D SemWifiUsabilityStatsMonitor: onWifiUsabilityStats - seqNum 161748, isSameBssidAndFreq true
07-13 08:45:33.588  3149  3408 I SemWifiLinkQualityMonitor: Link Qos Query: 0.340 ms / 23.543 Mbps (72 / 0.042 / 2.222)
07-13 08:45:33.588  3149  3427 D WifiConnectivityMonitor.NetworkStatsAnalyzer: 13 17 5698 11820 438 695
07-13 08:45:33.591  3511  3511 D NetworkController.WifiSignalController: notifyListener: visible=true, connected=true, inetCondition=1, isDefault=true, wifiTestReported=true, receivedInetCondition=-1, hideDuringMobileSwitching=false
07-13 08:45:33.597  3511  3596 D Tile.WifiTile: handleUpdateState isTransient=false transientEnabling =false cb.isTransient=false state.state = 2 mStateBeforeClick.value =false enabled =true
07-13 08:45:34.312  3149  3427 D WifiConnectivityMonitor.NetworkStatsAnalyzer: DNS resultType : 3, responseTime : -1
07-13 08:45:34.313  3149  3425 D OpenNetworkQos[4.00]: updateBssidLatestDnsResultType - result: 3
07-13 08:45:34.313  3149  3425 D OpenNetworkQos[4.00]: updateBssidNoInternet: mBssidNoInternet = false
07-13 08:45:34.313  3149  3425 D OpenNetworkQos[4.00]: getOpenNetworkQosNoInternetStatus: false
07-13 08:45:34.313  3149  3425 D OpenNetworkQos[4.00]: getOpenNetworkQosScores: 26 23 23 
07-13 08:45:34.313  3149  3425 D SettingsProvider: isChangeAllowed() : name = wifi_wcm_qos_sharing_score_summary
07-13 08:45:34.314  3149  3425 I WifiProfileShare: network QoS data was changed (internet), updateQoSData networkType: true, qosData: false
07-13 08:45:34.314  3149  3425 D WifiConnectivityMonitor: QC is queried to NM. Waiting for result, [t] : 42
07-13 08:45:34.314  3149  4570 V WifiProfileShare.Caster: update wips network, size: 0
07-13 08:45:34.314  3149  4570 D WifiProfileShare: nearby scanning settings run
07-13 08:45:34.314  3149  4570 D WifiProfileShare: network score provider settings enabled
07-13 08:45:34.314  3149  4570 D OpenNetworkQos[4.00]: getOpenNetworkQosScores: 26 23 23 
07-13 08:45:34.314  3149  4570 D OpenNetworkQos[4.00]: getOpenNetworkQosNoInternetStatus: false
07-13 08:45:34.315  3149  4570 I WifiProfileShare.Caster: current network type: 0, score: [26, 23, 23]
07-13 08:45:34.315  3149  4570 V WifiProfileShare.Caster: captive portal configuration was set
07-13 08:45:34.315  3149  4570 V WifiProfileShare.Cache: update network score 7a:fe:ce:**:**:3c
07-13 08:45:34.315  3149  4570 D WifiProfileShare.ScanMatcher: getMcfDataList size:1
07-13 08:45:34.316  3149  4570 I WifiProfileShare.Caster: qos data was updated , before:type:QOS, pBssid:99:e9:46, qosData:f3 after:type:QOS, pBssid:99:e9:46, qosData:f3
07-13 08:45:34.318  3149  4570 I [MCFSDK_android_1.2.4010]_4_b: isNetworkEnabled - type : 1 ret : true
07-13 08:45:34.318  3149  4570 D WifiProfileShare.McfCast: -ME--- mIsNetworkEnabled :true
07-13 08:45:34.318  3149  4570 D WifiProfileShare.McfCast: updateQoSData ignored, same contents
07-13 08:45:34.318  3149  4570 D WifiProfileShare.MCF: success update QosData !
07-13 08:45:34.319  3149  4570 I [MCFSDK_android_1.2.4010]_4_b: isNetworkEnabled - type : 1 ret : true
07-13 08:45:34.319  3149  4570 D WifiProfileShare.McfCast: -ME--- mIsNetworkEnabled :true
07-13 08:45:34.319  3149  4570 D WifiProfileShare.McfCast: -ME--- updatePasswordDate pwdData size:1
07-13 08:45:34.323  3149  3425 D ConnectivityManager: StackLog: [android.net.ConnectivityManager.reportNetworkConnectivity(ConnectivityManager.java:3499)] [com.samsung.android.server.wifi.SemWifiConnectivityMonitor.reportNetworkConnectivityToNM(SemWifiConnectivityMonitor.java:1199)] [com.samsung.android.server.wifi.SemWifiConnectivityMonitor.reportNetworkConnectivityToNM(SemWifiConnectivityMonitor.java:1184)] [com.samsung.android.server.wifi.SemWifiConnectivityMonitor$ValidNonSwitchableState.processMessage(SemWifiConnectivityMonitor.java:4582)] [com.android.internal.util.StateMachine$SmHandler.processMsg(StateMachine.java:993)] [com.android.internal.util.StateMachine$SmHandler.handleMessage(StateMachine.java:810)]
07-13 08:45:34.324  3149  3358 D ConnectivityService: reportNetworkConnectivity(107, false) by 1000
07-13 08:45:34.324  3149  3425 D ConnectivityManager: StackLog: [android.net.ConnectivityManager.reportNetworkConnectivity(ConnectivityManager.java:3499)] [com.samsung.android.server.wifi.SemWifiConnectivityMonitor.reportNetworkConnectivityToNM(SemWifiConnectivityMonitor.java:1200)] [com.samsung.android.server.wifi.SemWifiConnectivityMonitor.reportNetworkConnectivityToNM(SemWifiConnectivityMonitor.java:1184)] [com.samsung.android.server.wifi.SemWifiConnectivityMonitor$ValidNonSwitchableState.processMessage(SemWifiConnectivityMonitor.java:4582)] [com.android.internal.util.StateMachine$SmHandler.processMsg(StateMachine.java:993)] [com.android.internal.util.StateMachine$SmHandler.handleMessage(StateMachine.java:810)]
07-13 08:45:34.328  3668 31192 D NetworkMonitor/107: Forcing reevaluation for UID 1000. Dns signal count: 0
07-13 08:45:34.337  3668 29526 D TrafficStats: tagSocket(114) with statsTag=0xffffff81, statsUid=-1
07-13 08:45:34.340  3668 29527 D TrafficStats: tagSocket(117) with statsTag=0xffffff81, statsUid=-1
07-13 08:45:34.344  3668 29526 D TrafficStats: tagSocket(114) with statsTag=0xffffff81, statsUid=-1
07-13 08:45:34.346  3668 29527 D TrafficStats: tagSocket(119) with statsTag=0xffffff81, statsUid=-1
07-13 08:45:34.483  3668  3668 D TrafficStats: tagSocket(114) with statsTag=0xffffffff, statsUid=-1
07-13 08:45:34.483  3149  3442 D NetdEventListenerService: DNS Requested by : 107, 1073
07-13 08:45:34.487  3668  3668 D TrafficStats: tagSocket(114) with statsTag=0xffffffff, statsUid=-1
07-13 08:45:34.487  3149  3442 D NetdEventListenerService: DNS Requested by : 107, 1073
07-13 08:45:34.494  3668  3668 D TrafficStats: tagSocket(114) with statsTag=0xffffffff, statsUid=-1
07-13 08:45:34.499  3668  3668 D TrafficStats: tagSocket(114) with statsTag=0xffffffff, statsUid=-1
07-13 08:45:34.503  3668  3668 D TrafficStats: tagSocket(114) with statsTag=0xffffffff, statsUid=-1
07-13 08:45:34.506  3668  3668 D TrafficStats: tagSocket(114) with statsTag=0xffffffff, statsUid=-1
07-13 08:45:34.509  3668  3668 D TrafficStats: tagSocket(114) with statsTag=0xffffffff, statsUid=-1
07-13 08:45:34.512  3668  3668 D TrafficStats: tagSocket(114) with statsTag=0xffffffff, statsUid=-1
07-13 08:45:34.515  3668 29526 D NetworkMonitor/107: PROBE_DNS www.google.com 178ms OK 142.251.153.119,142.251.150.119,142.251.157.119,142.251.155.119,142.251.152.119,142.251.156.119,142.251.154.119,142.251.151.119
07-13 08:45:34.518  3668  3668 D TrafficStats: tagSocket(114) with statsTag=0xffffffff, statsUid=-1
07-13 08:45:34.523  3668 29527 D NetworkMonitor/107: PROBE_DNS connectivitycheck.gstatic.com 182ms OK 142.250.195.131
07-13 08:45:34.530  3149  3442 D NetdEventListenerService: DNS Requested by : 107, 1073
07-13 08:45:34.532  3668 29526 D TrafficStats: tagSocket(114) with statsTag=0xffffff81, statsUid=-1
07-13 08:45:34.533  3668 29527 D TrafficStats: tagSocket(117) with statsTag=0xffffff81, statsUid=-1
07-13 08:45:34.534  3149  3442 D NetdEventListenerService: DNS Requested by : 107, 1073
07-13 08:45:34.579  3668 29527 D NetworkMonitor/107: PROBE_HTTP http://connectivitycheck.gstatic.com/generate_204 time=53ms ret=204 request={Connection=[close], User-Agent=[Mozilla/5.0 (X11; Linux x86_64) AppleWebKit/537.36 (KHTML, like Gecko) Chrome/60.0.3112.32 Safari/537.36]} headers={null=[HTTP/1.1 204 No Content], Connection=[close], Content-Length=[0], Cross-Origin-Resource-Policy=[cross-origin], Date=[Sun, 12 Jul 2026 22:45:34 GMT], X-Android-Received-Millis=[1783896334578], X-Android-Response-Source=[NETWORK 204], X-Android-Selected-Protocol=[http/1.1], X-Android-Sent-Millis=[1783896334558]}
07-13 08:45:34.636  3149  3483 D InputDispatcher: Inject motion (29541/2000): action=0x0, time=996485211000000, f=0x0, d=0 dsdx=1.000000 dtdx=0.000000
07-13 08:45:34.637  3149  3299 I InputDispatcher: Delivering touch to (3511): action: 0x4, f=0x0, d=0, 'a793e53', t=1 
07-13 08:45:34.637  3149  3299 I InputDispatcher: Delivering touch to (28317): action: 0x0, f=0x0, d=0, '22d8395', t=1 
07-13 08:45:34.638  3149  3299 D PowerManagerService: [api] userActivityFromNative :  (event: 2 flags: 0 displayId: 0) eventTime = 996485211
07-13 08:45:34.638  3149  3165 I GestureDetector: obtain mCurrentDownEvent. id: -472914801 caller: com.android.server.wm.SystemGesturesPointerEventListener.onPointerEvent:203 com.android.server.wm.PointerEventDispatcher.onInputEvent:53 android.view.InputEventReceiver.dispatchInputEvent:285 
07-13 08:45:34.639  3149  3165 I GestureDetector: obtain mCurrentDownEvent. id: -472914801 caller: com.android.server.wm.SystemPerformancePointerEventListener.onPointerEvent:89 com.android.server.wm.PointerEventDispatcher.onInputEvent:53 android.view.InputEventReceiver.dispatchInputEvent:285 
07-13 08:45:34.639 28317 28317 I ViewRootImpl@4cf8fef[MainActivity]: ViewPostIme pointer 0
07-13 08:45:34.640  3149  3299 D PowerManagerService: UserActivityStateListenerState: 1
07-13 08:45:34.642  5236  5236 I SemDvfsHyPerManager: acquire hyper - BaseTABoost/5236@23, type = 1090523139
07-13 08:45:34.643  5236  5236 I SemDvfsHyPerManager: acquire hyper - BaseTAToouchBoost/5236@25, type = 1090523139
07-13 08:45:34.645  3149  3483 D InputDispatcher: Inject motion (29541/2000): action=0x1, time=996485211000000, f=0x0, d=0 dsdx=1.000000 dtdx=0.000000
07-13 08:45:34.646  3149  3299 I InputDispatcher: Delivering touch to (28317): action: 0x1, f=0x0, d=0, '22d8395', t=1 
07-13 08:45:34.648  3149  3165 I GestureDetector: obtain mCurrentMotionEventRaw. action: 1 id: -74467036
07-13 08:45:34.648  3149  3165 I GestureDetector: obtain mCurrentMotionEventRaw. action: 1 id: -74467036
07-13 08:45:34.653  3020  3061 I HYPER-HAL: [RequestManager.cpp]acquire(): Acquired ID : 13831193  [5236 / 23]    HINT :      list : [TABoost / 5] 
07-13 08:45:34.653  3020  3061 I HYPER-HAL: [RequestManager.cpp]acquire(): Acquired ID : 13841716  [5236 / 25]    HINT :      list : [TABoost / 20] [TIMEOUT / 1500] 
07-13 08:45:34.663 28317 28317 I ViewRootImpl@4cf8fef[MainActivity]: ViewPostIme pointer 1
07-13 08:45:34.667  3668 29526 D NetworkMonitor/107: PROBE_HTTPS https://www.google.com/generate_204 time=145ms ret=204 request={Connection=[close], User-Agent=[Mozilla/5.0 (X11; Linux x86_64) AppleWebKit/537.36 (KHTML, like Gecko) Chrome/60.0.3112.32 Safari/537.36]} headers={null=[HTTP/1.1 204 No Content], Alt-Svc=[h3=":443"; ma=2592000,h3-29=":443"; ma=2592000], Connection=[close], Content-Length=[0], Cross-Origin-Resource-Policy=[cross-origin], Date=[Sun, 12 Jul 2026 22:45:34 GMT], X-Android-Received-Millis=[1783896334664], X-Android-Response-Source=[NETWORK 204], X-Android-Selected-Protocol=[http/1.1], X-Android-Sent-Millis=[1783896334647]}
07-13 08:45:34.669  3668 29525 D NetworkMonitor/107: isCaptivePortal: isSuccessful()=true isPortal()=false RedirectUrl=null isPartialConnectivity()=false Time=334ms
07-13 08:45:34.673  3149  3358 D ConnectivityService: [107 WIFI] validation passed
07-13 08:45:34.736 28317 28317 I DecorView: notifyKeepScreenOnChanged: keepScreenOn=false
07-13 08:45:34.737 28317 28317 I ViewRootImpl@4cf8fef[MainActivity]: performTraversals mFirst=false windowShouldResize=false viewVisibilityChanged=false mForceNextWindowRelayout=false params={(0,0)(fillxfill) sim={adjust=resize} ty=BASE_APPLICATION fmt=TRANSLUCENT wanim=0x1030001
07-13 08:45:34.737 28317 28317 I ViewRootImpl@4cf8fef[MainActivity]:   fl=81810100
07-13 08:45:34.737 28317 28317 I ViewRootImpl@4cf8fef[MainActivity]:   pfl=12020040
07-13 08:45:34.737 28317 28317 I ViewRootImpl@4cf8fef[MainActivity]:   vsysui=2500
07-13 08:45:34.737 28317 28317 I ViewRootImpl@4cf8fef[MainActivity]:   apr=LIGHT_STATUS_BARS
07-13 08:45:34.737 28317 28317 I ViewRootImpl@4cf8fef[MainActivity]:   bhv=DEFAULT
07-13 08:45:34.737 28317 28317 I ViewRootImpl@4cf8fef[MainActivity]:   fitSides= naviIconColor=0}
07-13 08:45:34.740  3149  3483 V WindowManager: Relayout Window{22d8395 u0 com.collectiq.ai.local/com.collectiq.ai.MainActivity}: viewVisibility=0 req=1080x2400 d0
