07-13 08:45:49.801  4985  5253 I PickerSyncController: Executing SyncAdd. isLocal: true. authority: com.android.providers.media.photopicker
07-13 08:45:49.814  4985  5253 I PickerSyncController: Paged sync successful. QueryArgs: Bundle[{android.provider.extra.SYNC_GENERATION=569382}]. Result count: 1. Cursor count: 1
07-13 08:45:49.821  4985  5253 I PickerSyncController: Executing SyncRemove. isLocal: true. authority: com.android.providers.media.photopicker
07-13 08:45:49.833  7060 26852 D DelayedNotifier: notify for scanItem.
07-13 08:45:49.836 17410 17454 I BaseThreadPoolExecutor: [#CMH#] Task o.e@a61a339 is submitted
07-13 08:45:49.836  3149  3483 D SyncManager: userId - 0 auto - true
07-13 08:45:49.841  4985  5253 W SQLiteLog: (28) walCheckpoint: eMode(0), mxFrame(1280), /data/user/0/com.google.android.providers.media.module/databases/external.db-wal
07-13 08:45:49.846  4985  5253 I PickerSyncController: Paged sync successful. QueryArgs: Bundle[{android.provider.extra.SYNC_GENERATION=569382}]. Result count: 0. Cursor count: 0
07-13 08:45:49.846  4985  5253 D PickerSyncController: syncAllMediaFromProvider() CLOUD, auth=null, retry=true
07-13 08:45:49.846  4985  5253 D PickerSyncController: getSyncRequestParams() CLOUD, auth=null
07-13 08:45:49.846  4985  5253 D PickerSyncController:    RESULT=SyncRequestParams{type=MEDIA_RESET, gen=0, latest=null}
07-13 08:45:49.846  4985  5253 I PickerSyncController: Executing SyncReset. isLocal: false. authority: null
07-13 08:45:49.846  4985  5253 I PickerSyncController: SyncReset. isLocal:false. authority: null. result count: 0
07-13 08:45:49.846  4985  5253 D PickerSyncController: Ignoring cache media info for null authority with bundle: null
07-13 08:45:49.847  4985  5253 I PickerSyncController: Executing SyncAlbumReset. isLocal: true. authority: com.android.providers.media.photopicker. albumId: null
07-13 08:45:49.847  4985  5253 I PickerSyncController: Successfully executed SyncResetAlbum. authority: com.android.providers.media.photopicker. albumId: null. Result count: 0
07-13 08:45:49.847  4985  5253 I PickerSyncController: Executing SyncAlbumReset. isLocal: false. authority: null. albumId: null
07-13 08:45:49.847  4985  5253 I PickerSyncController: Successfully executed SyncResetAlbum. authority: null. albumId: null. Result count: 0
07-13 08:45:49.853 17410 29565 I MediaContentSyncTask: [#CMH#] No of Row (SEC MP :  343, Max Id : 2147516259) (CMH : 343, Max Id : 2147516259) - Time :3
07-13 08:45:49.874 17410 29565 I MediaContentSyncTask: [#CMH#] MP time stamp :  1783896344800, CMH time stamp : 1783896344800
07-13 08:45:49.874 17410 29565 I MediaContentSyncTask: [#CMH#] Update ITEM :  0
07-13 08:45:49.880 17410 29565 I BaseThreadPoolExecutor: [#CMH#] afterExecute FutureTask
07-13 08:45:49.880 17410 29565 I ControllerEventHandler: [#CMH#] Alive Privacy Ignored Policy Called:  false
07-13 08:45:49.881 17410 17450 I ControllerEventHandler: [#CMH#] POI Feature is False 
07-13 08:45:50.059  3149  3406 D SemNscXgbMsL1: Probability - Cloud gaming: [0.045144543]
07-13 08:45:50.060  3149  3406 D SemNscXgbMsL1: Probability - Real time: [0.39617068]
07-13 08:45:50.060  3149  3406 D SemNscXgbMsL1: Probability - Non real time: [0.655057]
07-13 08:45:50.060  3149  3406 D SemNscXgbMsL1: 1 sample inference time: 1.369269 msecs
07-13 08:45:50.063  3149  3406 D SemNscXgbL2Rt: L2 RT 1 sample inference time: 2.068307 msecs
07-13 08:45:50.065  3149  3406 D SemNscXgbL2Nrt: L2 NRT 1 sample inference time: 1.722654 msecs
07-13 08:45:50.514  3149  3406 I SemWifiServiceDetector: Traff. tracking stopped
07-13 08:45:51.276  3149  3170 E Watchdog: !@Sync: 25301 heap: 171 / 172 FD: 1202 [2026-07-13 08:45:51.275] softdog disabled
07-13 08:45:51.465 23780 23780 I wpa_supplicant: Heartbeat 89216
07-13 08:45:51.542   472   472 D io_stats: !@   8,0 r 148141313 3655700140 w 27482544 493640300 d 0 0 f 0 0 iot 28700828 0 th 0 0 0 pt 0 inp 0 0 996502.117
07-13 08:45:52.196  3149  5449 D SemWifiUsabilityStatsMonitor: onWifiUsabilityStats - seqNum 161754, isSameBssidAndFreq true
07-13 08:45:52.199  3149  3408 I SemWifiLinkQualityMonitor: Link Qos Query: 0.183 ms / 43.627 Mbps (72 / 0.026 / 1.333)
07-13 08:45:52.619   812   812 I SurfaceFlinger: SFWD update time=996503194204663
07-13 08:45:54.706  3149  3483 D SGM:GameManager: identifyForegroundApp. com.collectiq.ai.local, mCurrentUserId: 0, callerUserId: 0
07-13 08:45:54.706  3149  3483 D SGM:PkgDataHelper: getGamePkgData(). com.collectiq.ai.local
07-13 08:45:54.707 17410 17451 I PolicyManager: [#CMH#] Is foreground game app: false
07-13 08:45:55.084  3822  3953 D ScanFilter: manu data matches
07-13 08:45:55.084  3822  3953 D BtGatt.GattService: onScanResult to scannerId: 4- eventType=0x1b, addressType=0, address=28AF42_D, primaryPhy=1, secondaryPhy=0, advertisingSid=0xff, txPower=127, rssi=-87, periodicAdvInt=0x0
07-13 08:45:55.288  3149  5449 D SemWifiUsabilityStatsMonitor: onWifiUsabilityStats - seqNum 161755, isSameBssidAndFreq true
07-13 08:45:55.292  3511  3511 D NetworkController.WifiSignalController: notifyListener: visible=true, connected=true, inetCondition=1, isDefault=true, wifiTestReported=true, receivedInetCondition=-1, hideDuringMobileSwitching=false
07-13 08:45:55.296  3511  3596 D Tile.WifiTile: handleUpdateState isTransient=false transientEnabling =false cb.isTransient=false state.state = 2 mStateBeforeClick.value =false enabled =true
07-13 08:45:55.296  3149  3408 I SemWifiLinkQualityMonitor: Link Qos Query: 0.443 ms / 18.077 Mbps (72 / 0.221 / 1.333)
07-13 08:45:57.277 15671 29372 I NearbyMediums: No BLE Fast/GATT advertisements found in the latest cycle.
07-13 08:45:57.277 15671 29372 I NearbyMediums: Current Tracked Scanning Clients are : {NearbyConnections.EnvironmentMonitor, NearbySharing, NearbyConnections.TxAdvertisement}
07-13 08:45:58.411  3149  5449 D SemWifiUsabilityStatsMonitor: onWifiUsabilityStats - seqNum 161756, isSameBssidAndFreq true
07-13 08:45:58.414  3149  3408 I SemWifiLinkQualityMonitor: Link Qos Query: 0.179 ms / 44.604 Mbps (72 / 0.068 / 1.000)
07-13 08:45:58.415  3511  3511 D NetworkController.WifiSignalController: notifyListener: visible=true, connected=true, inetCondition=1, isDefault=true, wifiTestReported=true, receivedInetCondition=-1, hideDuringMobileSwitching=false
07-13 08:45:58.418  3511  3596 D Tile.WifiTile: handleUpdateState isTransient=false transientEnabling =false cb.isTransient=false state.state = 2 mStateBeforeClick.value =false enabled =true
07-13 08:45:59.138 16317 23118 I NearbyMediums: No BLE Fast/GATT advertisements found in the latest cycle.
07-13 08:45:59.139 16317 23118 I NearbyMediums: Current Tracked Scanning Clients are : {NearbyConnections.EnvironmentMonitor, NearbySharing}
07-13 08:45:59.502  5236  5236 I SDHMS:LOAD: type: LoadsFreqs, value: 0:70:63:528319:936000:520000:1062100:1690000:507000:156:156:156
07-13 08:46:00.004  3511  3511 D KeyguardUpdateMonitor: received broadcast android.intent.action.TIME_TICK
07-13 08:46:00.005  3511  4115 D QSClockBellTower: onReceive(android.intent.action.TIME_TICK) mTimeZoneString:null
07-13 08:46:00.009  3149  3149 I EyeComfortSolutionService: action  :  android.intent.action.TIME_TICK
07-13 08:46:00.092  3511  3511 D KeyguardUpdateMonitor: handleTimeUpdate
07-13 08:46:00.093  3511  3511 D FaceWidgetPagesController: onTimeChanged()
07-13 08:46:00.096  3511  3511 D QSClockBellTower: He is ready to ring the bell. (((QSClockBellSound - TimeText:08:46, TimeContentDescription:08:46, DateText:Mon, 13 July, ShortDateText:Mon, 13 Jul, Demo:false, QuickStar-Second(false|12:34:56))))
07-13 08:46:00.096  3511  3511 D QSClockIndicatorView: Home Indicator status_bar_clock 08:46 notifyTimeChanged(QSClockBellSound - TimeText:08:46, TimeContentDescription:08:46, DateText:Mon, 13 July, ShortDateText:Mon, 13 Jul, Demo:false, QuickStar-Second(false|12:34:56)) ClockVisibleByPolicy:true, ClockVisibleByUser:true, visible?true, parent:android.widget.LinearLayout{a497355 V.E...... ......ID 0,0-97,92 #7f0b04f0 app:id/left_clock_container}
07-13 08:46:00.096  3511  3511 D QSClockBellTower: Everyone heard the bell. run(currentTime:1783896360094,   getTime():Mon Jul 13 08:46:00 GMT+10:00 2026,   getTimeZone():libcore.util.ZoneInfo[mDstSavings=3600000,mUseDst=true,mDelegate=[id="Australia/Melbourne",mRawOffset=36000000,mEarliestRawOffset=34792000,transitions=142]])
07-13 08:46:00.101  3511  3511 I FaceWidgetPositionAlgorithm: getClockContainerHeight() supplier = 290, bottom margin = 0, real height = 358
07-13 08:46:00.101  3511  3511 I FaceWidgetPositionAlgorithm: getClockContainerHeight() supplier = 290, bottom margin = 68, real height = 358
07-13 08:46:00.101  3511  3511 I FaceWidgetPositionAlgorithm: getMediaContainerHeight() height = 0 container Visibility = 8, isValid = false, mIsDozing = false, fraction = 1.0, source = 0, target = 0
07-13 08:46:00.101  3511  3511 I FaceWidgetPositionAlgorithm: getMediaContainerHeight() supplier = 0
07-13 08:46:00.102  3511  3511 V QsExpandAnimator: setQsExpansionPosition 0.0
07-13 08:46:00.107  3511  3511 I ResourceType: [SWT] Success lookup value directly, data = 0x010607cc
07-13 08:46:00.107  3511  3511 I ResourceType: [SWT] Success lookup value directly, data = 0x010607cc
07-13 08:46:00.107  3511  3511 I ResourceType: [SWT] Success lookup value directly, data = 0x010607cc
07-13 08:46:00.107  3511  3511 I ResourceType: [SWT] Success lookup value directly, data = 0x010607cc
07-13 08:46:00.107  3511  3511 I ResourceType: [SWT] Success lookup value directly, data = 0x010607cc
07-13 08:46:00.110  3511  3511 V QsExpandAnimator: updateAnimators
07-13 08:46:00.110  3511  3511 V QsExpandAnimator: clearAnimationState 
07-13 08:46:00.110  3511  3511 V QsExpandAnimator: updateViews
07-13 08:46:00.111  3511  3511 V QsExpandAnimator: updateTileAnimator
07-13 08:46:00.112  3511  3511 V QsExpandAnimator: updateHeaderAnimator
07-13 08:46:00.112  3511  3511 V QsExpandAnimator: updateBarAnimator
07-13 08:46:00.113  3511  3511 V QsExpandAnimator: setQsExpansionPosition 0.0
07-13 08:46:00.113  3511  3511 V QsExpandAnimator: onAnimationAtStart
07-13 08:46:00.938   685   685 E audit   : type=1400 audit(1783896360.935:691166): avc:  denied  { write } for  pid=31818 comm="ThreadPoolForeg" name="traced_producer" dev="tmpfs" ino=7808 scontext=u:r:gmscore_app:s0:c512,c768 tcontext=u:object_r:traced_producer_socket:s0 tclass=sock_file permissive=0 SEPF_SM-E625F_13_0001 audit_filtered
07-13 08:46:00.939   685   685 E audit   : type=1300 audit(1783896360.935:691166): arch=c00000b7 syscall=203 success=no exit=-13 a0=c9 a1=b400007417fc9210 a2=1e a3=ffffffff95bb1b76 items=1 ppid=2929 pid=31818 auid=4294967295 uid=10228 gid=10228 euid=10228 suid=10228 fsuid=10228 egid=10228 sgid=10228 fsgid=10228 tty=(none) ses=4294967295 comm="ThreadPoolForeg" exe="/system/bin/app_process64" subj=u:r:gmscore_app:s0:c512,c768 key=(null)
07-13 08:46:00.939   685   685 E audit   : type=1306 audit(1783896360.935:691166): saddr=01002F6465762F736F636B65742F7472616365645F70726F647563657200
07-13 08:46:00.939   685   685 E audit   : type=1302 audit(1783896360.935:691166): item=0 name="/dev/socket/traced_producer" inode=7808 dev=00:11 mode=0140666 ouid=0 ogid=0 rdev=00:00 obj=u:object_r:traced_producer_socket:s0 nametype=NORMAL cap_fp=0000000000000000 cap_fi=0000000000000000 cap_fe=0 cap_fver=0
07-13 08:46:00.939   685   685 E audit   : type=1327 audit(1783896360.935:691166): proctitle="com.google.android.gms"
07-13 08:46:01.469 23780 23780 I wpa_supplicant: Heartbeat 89217
07-13 08:46:01.510  3149  5449 D SemWifiUsabilityStatsMonitor: onWifiUsabilityStats - seqNum 161757, isSameBssidAndFreq true
07-13 08:46:01.514  3149  3408 I SemWifiLinkQualityMonitor: Link Qos Query: 0.569 ms / 14.060 Mbps (72 / 0.056 / 3.400)
07-13 08:46:01.545   472   472 D io_stats: !@   8,0 r 148141313 3655700140 w 27482551 493640356 d 0 0 f 0 0 iot 28700828 0 th 0 0 0 pt 0 inp 0 0 996512.119
07-13 08:46:01.621  3149 29620 D TrafficStats: tagSocket(1021) with statsTag=0xffffffff, statsUid=-1
07-13 08:46:01.826  3149 29620 D WifiConnectivityMonitor.DnsThread:  [|205]
07-13 08:46:01.827  3149  3427 D WifiConnectivityMonitor.NetworkStatsAnalyzer: DNS resultType : 0, responseTime : 205
07-13 08:46:01.827  3149  3425 D OpenNetworkQos[4.00]: updateBssidLatestDnsResultType - result: 0
07-13 08:46:01.828  3149  3425 D OpenNetworkQos[4.00]: updateBssidNoInternet: mBssidNoInternet = false
07-13 08:46:01.828  3149  3425 D OpenNetworkQos[4.00]: getOpenNetworkQosNoInternetStatus: false
07-13 08:46:01.828  3149  3425 D OpenNetworkQos[4.00]: getOpenNetworkQosScores: 26 23 23 
07-13 08:46:01.829  3149  3425 D SettingsProvider: isChangeAllowed() : name = wifi_wcm_qos_sharing_score_summary
07-13 08:46:01.830  3149  3425 I WifiProfileShare: network QoS data was changed (internet), updateQoSData networkType: true, qosData: false
07-13 08:46:01.832  3149  4570 V WifiProfileShare.Caster: update wips network, size: 0
07-13 08:46:01.832  3149  4570 D WifiProfileShare: nearby scanning settings run
07-13 08:46:01.832  3149  4570 D WifiProfileShare: network score provider settings enabled
07-13 08:46:01.832  3149  4570 D OpenNetworkQos[4.00]: getOpenNetworkQosScores: 26 23 23 
07-13 08:46:01.833  3149  4570 D OpenNetworkQos[4.00]: getOpenNetworkQosNoInternetStatus: false
07-13 08:46:01.833  3149  4570 I WifiProfileShare.Caster: current network type: 0, score: [26, 23, 23]
07-13 08:46:01.833  3149  4570 V WifiProfileShare.Caster: captive portal configuration was set
07-13 08:46:01.834  3149  4570 V WifiProfileShare.Cache: update network score 7a:fe:ce:**:**:3c
07-13 08:46:01.834  3149  4570 D WifiProfileShare.ScanMatcher: getMcfDataList size:1
07-13 08:46:01.834  3149  4570 I WifiProfileShare.Caster: qos data was updated , before:type:QOS, pBssid:99:e9:46, qosData:f3 after:type:QOS, pBssid:99:e9:46, qosData:f3
07-13 08:46:01.835  3149  4570 I [MCFSDK_android_1.2.4010]_4_b: isNetworkEnabled - type : 1 ret : true
07-13 08:46:01.836  3149  4570 D WifiProfileShare.McfCast: -ME--- mIsNetworkEnabled :true
07-13 08:46:01.836  3149  4570 D WifiProfileShare.McfCast: updateQoSData ignored, same contents
07-13 08:46:01.836  3149  4570 D WifiProfileShare.MCF: success update QosData !
07-13 08:46:01.836  3149  4570 I [MCFSDK_android_1.2.4010]_4_b: isNetworkEnabled - type : 1 ret : true
07-13 08:46:01.836  3149  4570 D WifiProfileShare.McfCast: -ME--- mIsNetworkEnabled :true
07-13 08:46:01.836  3149  4570 D WifiProfileShare.McfCast: -ME--- updatePasswordDate pwdData size:1
07-13 08:46:03.546   472   472 D io_stats: !@   8,0 r 148141326 3655700376 w 27482553 493640376 d 0 0 f 0 0 iot 28700832 0 th 0 0 0 pt 0 inp 0 0 996514.121
07-13 08:46:04.424  3149  3185 W libprocessgroup: Failed to open /dev/blkio//cgroup.procs: No such file or directory
07-13 08:46:04.436 15671 29412 I NetworkScheduler.Stats: (REDACTED) Task %s/%s started execution. cause:%s exec_start_elapsed_seconds: %s
07-13 08:46:04.445 15671 29411 I NetworkScheduler.Stats: (REDACTED) Task %s/%s finished executing. cause:%s result: %s elapsed_millis: %s uptime_millis: %s exec_start_elapsed_seconds: %s
07-13 08:46:04.653  3149  5449 D SemWifiUsabilityStatsMonitor: onWifiUsabilityStats - seqNum 161758, isSameBssidAndFreq true
07-13 08:46:04.656  3149  3408 I SemWifiLinkQualityMonitor: Link Qos Query: 0.814 ms / 9.825 Mbps (72 / 0.052 / 5.000)
07-13 08:46:04.692  3149  3269 D ActivityTaskManager: SafeActivityOptions created, mOriginalCallingPid=3149, mOriginalCallingUid=1000, options=ActivityOptions(148487568), mPackageName=null, mAnimationType=-1, mStartX=0, mStartY=0, mWidth=0, mHeight=0, caller=com.android.server.am.PendingIntentRecord.sendInner:486 com.android.server.am.ActivityManagerService.sendIntentSender:6624 com.android.server.am.ActivityManagerService.sendIntentSender:6613 android.app.PendingIntent.sendAndReturnResult:1029 android.app.PendingIntent.send:1000 com.android.server.alarm.AlarmManagerService$DeliveryTracker.deliverLocked:6377 com.android.server.alarm.AlarmManagerService.deliverAlarmsLocked:5218 
07-13 08:46:04.693  3149  3269 D ActivityManager: Received BROADCAST intent 0x27ccec2 Key{broadcastIntent pkg=com.google.android.googlequicksearchbox intent=act=com.google.android.libraries.notifications.SYSTEM_TRAY_EVENT cmp=com.google.android.googlequicksearchbox/com.google.android.libraries.notifications.entrypoints.systemtray.SystemTrayBroadcastReceiver flags=0x4000000 u=0} requestCode=-1859912783 sent=0 from uid 1000
07-13 08:46:04.701  3149  3179 D CompatibilityChangeReporter: Compat change id reported: 168419799; UID 10229; state: DISABLED
07-13 08:46:04.708  3149  3269 D ActivityTaskManager: SafeActivityOptions created, mOriginalCallingPid=3149, mOriginalCallingUid=1000, options=ActivityOptions(106133134), mPackageName=null, mAnimationType=-1, mStartX=0, mStartY=0, mWidth=0, mHeight=0, caller=com.android.server.am.PendingIntentRecord.sendInner:486 com.android.server.am.ActivityManagerService.sendIntentSender:6624 com.android.server.am.ActivityManagerService.sendIntentSender:6613 android.app.PendingIntent.sendAndReturnResult:1029 android.app.PendingIntent.send:1000 com.android.server.alarm.AlarmManagerService$DeliveryTracker.deliverLocked:6377 com.android.server.alarm.AlarmManagerService.deliverAlarmsLocked:5218 
07-13 08:46:04.709  3149  3269 D ActivityManager: Received BROADCAST intent 0x59f1926 Key{broadcastIntent pkg=com.sec.android.app.launcher intent=act=com.samsung.action.EVERY_MINUTE_CLOCK_UPDATE flags=0x4000000 u=0} requestCode=0 sent=0 from uid 1000
07-13 08:46:04.719  3149  3149 D CompatibilityChangeReporter: Compat change id reported: 135634846; UID 10146; state: DISABLED
07-13 08:46:04.719  3149  3149 D CompatibilityChangeReporter: Compat change id reported: 177438394; UID 10146; state: DISABLED
07-13 08:46:04.719  3149  3149 D CompatibilityChangeReporter: Compat change id reported: 135772972; UID 10146; state: DISABLED
07-13 08:46:04.720  3149  3149 D CompatibilityChangeReporter: Compat change id reported: 135754954; UID 10146; state: ENABLED
07-13 08:46:04.721  3149  3180 D CompatibilityChangeReporter: Compat change id reported: 143937733; UID 10146; state: ENABLED
07-13 08:46:04.724  3149  3149 I ActivityManager: com.android.vending is exempt from freezer
07-13 08:46:04.725  3149  3149 D CompatibilityChangeReporter: Compat change id reported: 135634846; UID 15010227; state: DISABLED
07-13 08:46:04.725  3149  3149 D CompatibilityChangeReporter: Compat change id reported: 177438394; UID 15010227; state: DISABLED
07-13 08:46:04.725  3149  3149 D CompatibilityChangeReporter: Compat change id reported: 135772972; UID 15010227; state: DISABLED
07-13 08:46:04.725  3149  3149 D CompatibilityChangeReporter: Compat change id reported: 135754954; UID 15010227; state: ENABLED
07-13 08:46:04.734  3149  3185 W libprocessgroup: Failed to open /dev/blkio//cgroup.procs: No such file or directory
07-13 08:46:04.750 27709 27709 I Finsky  : [2] SCH: job service start with id 9668.
07-13 08:46:04.753  3149  5343 D CompatibilityChangeReporter: Compat change id reported: 135634846; UID 10229; state: DISABLED
07-13 08:46:04.753  3149  5343 D CompatibilityChangeReporter: Compat change id reported: 177438394; UID 10229; state: DISABLED
07-13 08:46:04.753  3149  5343 D CompatibilityChangeReporter: Compat change id reported: 135772972; UID 10229; state: DISABLED
07-13 08:46:04.753  3149  5343 D CompatibilityChangeReporter: Compat change id reported: 135754954; UID 10229; state: ENABLED
07-13 08:46:04.753  2929  2929 D Zygote  : Forked child process 29626
07-13 08:46:04.754  3149  3180 I ActivityManager: Start proc 29626:com.microsoft.appmanager/u0a146 for service {com.microsoft.appmanager/androidx.work.impl.background.systemjob.SystemJobService}
07-13 08:46:04.755  3149  3180 D CompatibilityChangeReporter: Compat change id reported: 143937733; UID 15010227; state: ENABLED
07-13 08:46:04.755  2929  2929 W Zygote  : forkRepeatedly terminated due to non-simple command
07-13 08:46:04.755  2929  2929 D Zygote  : mbuffer starts with 18, nice name is , mEnd = 1006, mNext = 36, mLinesLeft = 16, mFd = 63
07-13 08:46:04.756  4985 21418 W MediaProvider: isAppCloneUserPair for user 0: false
07-13 08:46:04.769  2929  2929 I Zygote  : Entering forkRepeatedly native zygote loop
07-13 08:46:04.772 27709 29573 I Finsky  : [30640] SCH: Satisfied jobs for 9668 are: 26-1414141414
07-13 08:46:04.774 27709 29570 I Finsky  : [30639] SCH: Job 26-1414141414 starting
07-13 08:46:04.774  8497  8548 E ApiCallingWorker: Worker stopped
07-13 08:46:04.775 27709 27709 I Finsky  : [2] WM::SCH: Logging work start for 26-1414141414
07-13 08:46:04.780 29626 29626 I soft.appmanager: Using CollectorTypeCC GC.
07-13 08:46:04.781  2929  2929 D Zygote  : Forked child process 29632
07-13 08:46:04.781  3149  3180 W ActivityManager: Slow operation: 57ms so far, now at startProcess: returned from zygote!
07-13 08:46:04.783  3149  3180 W ActivityManager: Slow operation: 59ms so far, now at startProcess: done updating battery stats
07-13 08:46:04.783  3149  3180 W ActivityManager: Slow operation: 59ms so far, now at startProcess: building log message
07-13 08:46:04.783  3149  3180 I ActivityManager: Start proc 29632:com.android.vending/u150a227 for service {com.android.vending/com.google.android.finsky.scheduler.process.mainimpl.PhoneskyJobServiceMain}
07-13 08:46:04.783  3149  3180 W ActivityManager: Slow operation: 59ms so far, now at startProcess: starting to update pids map
07-13 08:46:04.784  3149  3180 W ActivityManager: Slow operation: 60ms so far, now at startProcess: done updating pids map
07-13 08:46:04.785  3149  3180 D CompatibilityChangeReporter: Compat change id reported: 143937733; UID 10229; state: ENABLED
07-13 08:46:04.789   685   685 E audit   : type=1400 audit(1783896364.783:691167): avc:  denied  { ioctl } for  pid=29622 comm="logcat" path="/storage/emulated/0/packlox_sprint03_tab_stress_logcat.txt" dev="fuse" ino=4991731 ioctlcmd=0xf50d scontext=u:r:shell:s0 tcontext=u:object_r:fuse:s0 tclass=file permissive=0 SEPF_SM-E625F_13_0001 audit_filtered
07-13 08:46:04.789  3149  5210 D SyncManager: userId - 0 auto - true
07-13 08:46:04.790   685   685 E audit   : type=1300 audit(1783896364.783:691167): arch=c00000b7 syscall=29 success=no exit=-13 a0=3 a1=4004f50d a2=7fdf8a9ff4 a3=1a0 items=0 ppid=4546 pid=29622 auid=4294967295 uid=2000 gid=2000 euid=2000 suid=2000 fsuid=2000 egid=2000 sgid=2000 fsgid=2000 tty=(none) ses=4294967295 comm="logcat" exe="/system/bin/logcat" subj=u:r:shell:s0 key=(null)
07-13 08:46:04.790   685   685 E audit   : type=1327 audit(1783896364.783:691167): proctitle=6C6F67636174002D64002D740031303030002D66002F7364636172642F7061636B6C6F785F737072696E7430335F7461625F7374726573735F6C6F676361742E747874
07-13 08:46:04.791 29626 29626 E soft.appmanager: Not starting debugger since process cannot load the jdwp agent.
07-13 08:46:04.791  7060 27822 I MtpStorageManager: Got inotify added event for : cGFja2xveF9zcHJpbnQwM190YWJfc3RyZXNzX2xvZ2NhdC50eHQ=
07-13 08:46:04.797  2929  2929 D Zygote  : Forked child process 29645
07-13 08:46:04.798  3149  3180 I ActivityManager: Start proc 29645:com.google.android.googlequicksearchbox:search/u0a229 for service {com.google.android.googlequicksearchbox/androidx.work.impl.background.systemjob.SystemJobService}
07-13 08:46:04.804  8497  8548 I WM-WorkerWrapper: Work [ id=78777599-a79f-4c62-8c32-83fb6aca6ae7, tags={ api_call_24hours, com.samsung.android.mfi.ApiCallingWorker } ] was cancelled
07-13 08:46:04.804  8497  8548 I WM-WorkerWrapper: java.util.concurrent.CancellationException: Task was cancelled.
07-13 08:46:04.804  8497  8548 I WM-WorkerWrapper: 	at androidx.work.impl.utils.futures.AbstractFuture.cancellationExceptionWithCause(Unknown Source:2)
07-13 08:46:04.804  8497  8548 I WM-WorkerWrapper: 	at androidx.work.impl.utils.futures.AbstractFuture.getDoneValue(Unknown Source:30)
07-13 08:46:04.804  8497  8548 I WM-WorkerWrapper: 	at androidx.work.impl.utils.futures.AbstractFuture.get(SourceFile:85)
07-13 08:46:04.804  8497  8548 I WM-WorkerWrapper: 	at androidx.work.impl.WorkerWrapper$2.run(Unknown Source:8)
07-13 08:46:04.804  8497  8548 I WM-WorkerWrapper: 	at androidx.work.impl.utils.SerialExecutor$Task.run(Unknown Source:4)
07-13 08:46:04.804  8497  8548 I WM-WorkerWrapper: 	at java.util.concurrent.ThreadPoolExecutor.runWorker(ThreadPoolExecutor.java:1137)
07-13 08:46:04.804  8497  8548 I WM-WorkerWrapper: 	at java.util.concurrent.ThreadPoolExecutor$Worker.run(ThreadPoolExecutor.java:637)
07-13 08:46:04.804  8497  8548 I WM-WorkerWrapper: 	at java.lang.Thread.run(Thread.java:1012)
07-13 08:46:04.807 29632 29632 I android.vending: Using CollectorTypeCC GC.
07-13 08:46:04.808 29626 29626 D ActivityThread: setConscryptValidator
07-13 08:46:04.808 29626 29626 D ActivityThread: setConscryptValidator - put
07-13 08:46:04.811 29645 29645 I earchbox:search: Using CollectorTypeCC GC.
07-13 08:46:04.811  5439  5439 I GnpSdk  : (REDACTED) Intent received for action [%s] package [%s].
07-13 08:46:04.814  3149  5210 D CompatibilityChangeReporter: Compat change id reported: 168419799; UID 10146; state: DISABLED
07-13 08:46:04.815  3149  5210 I ActivityManager: DSS OFF for com.microsoft.appmanager
07-13 08:46:04.815 29645 29645 E earchbox:search: Not starting debugger since process cannot load the jdwp agent.
07-13 08:46:04.817 29632 29632 E android.vending: Not starting debugger since process cannot load the jdwp agent.
07-13 08:46:04.821 29645 29645 D ActivityThread: setConscryptValidator
07-13 08:46:04.821 29645 29645 D ActivityThread: setConscryptValidator - put
