07-13 08:45:34.743  3149  3483 D WindowManager: updateSystemBarAttributes: displayId=0, win=Window{22d8395 u0 com.collectiq.ai.local/com.collectiq.ai.MainActivity}, navColorWin=Window{22d8395 u0 com.collectiq.ai.local/com.collectiq.ai.MainActivity}, focusedCanBeNavColorWin=false, behavior=1, appearance=8, statusBarAppearanceRegions=[AppearanceRegion{LIGHT_STATUS_BARS bounds=[0,0][1080,2400]}], requestedVisibilities=, from=com.android.server.wm.DisplayPolicy.finishPostLayoutPolicyLw:2527 com.android.server.wm.DisplayContent.applySurfaceChangesTransaction:5713 com.android.server.wm.RootWindowContainer.applySurfaceChangesTransaction:1234 
07-13 08:45:34.743  3511  3511 D SamsungLightBarControlHelper: onStatusBarAppearanceChanged() -  sbModeChanged:false, statusBarMode:MODE_TRANSPARENT, barState:SHADE, isKeyguardShowing:false, navbarColorManagedByIme:false, stackAppearancesChanged:true, (AppearanceRegion{LIGHT_STATUS_BARS bounds=[0,0][1080,2400]}, ), packageName:com.collectiq.ai.local
07-13 08:45:34.744  3511  3511 D NavigationBar: onSystemBarAttributesChanged() -  displayId:0, appearance:8, packageName: com.collectiq.ai.local (APPEARANCE_LIGHT_STATUS_BARS ), navbarColorManagedByIme:false
07-13 08:45:34.746  3511  3511 D SamsungLightBarControlHelper: updateStatus(BLACK icon) NumStacks:1, StatusBarMode:MODE_TRANSPARENT, lightBarBounds:[Rect(0, 0 - 1080, 2400)], StatusBarState:SHADE, packageName:com.collectiq.ai.local, isWhiteKeyguardStatusBarBySettings:false
07-13 08:45:34.747  3149  3483 V WindowManager: Relayout hash=22d8395, pid=28317, syncId=-1: mAttrs={(0,0)(fillxfill) sim={adjust=resize} ty=BASE_APPLICATION fmt=TRANSLUCENT wanim=0x1030001
07-13 08:45:34.747  3149  3483 V WindowManager:   fl=81810100
07-13 08:45:34.747  3149  3483 V WindowManager:   pfl=12020040
07-13 08:45:34.747  3149  3483 V WindowManager:   vsysui=2500
07-13 08:45:34.747  3149  3483 V WindowManager:   apr=LIGHT_STATUS_BARS
07-13 08:45:34.747  3149  3483 V WindowManager:   bhv=DEFAULT
07-13 08:45:34.747  3149  3483 V WindowManager:   fitSides= naviIconColor=0}
07-13 08:45:34.751 28317 28317 I ViewRootImpl@4cf8fef[MainActivity]: updateBlastSurfaceIfNeeded mBlastBufferQueue=0xb4000074e7f644b0 isSameSurfaceControl=true
07-13 08:45:34.751 28317 28317 I BLASTBufferQueue: update, w= 1080 h= 2400 mName = ViewRootImpl@4cf8fef[MainActivity] mNativeObject= 0xb4000074e7f644b0 sc.mNativeObject= 0xb400007477fac660 format= -3 caller= android.view.ViewRootImpl.updateBlastSurfaceIfNeeded:2898 android.view.ViewRootImpl.relayoutWindow:9847 android.view.ViewRootImpl.performTraversals:3884 android.view.ViewRootImpl.doTraversal:3116 android.view.ViewRootImpl$TraversalRunnable.run:10885 android.view.Choreographer$CallbackRecord.run:1301 
07-13 08:45:34.751 28317 28317 I ViewRootImpl@4cf8fef[MainActivity]: Relayout returned: old=(0,0,1080,2400) new=(0,0,1080,2400) req=(1080,2400)0 dur=13 res=0x0 s={true 0xb400007577f9e940} ch=false seqId=0
07-13 08:45:34.752 28317 28317 D FlutterJNI: Sending viewport metrics to the engine.
07-13 08:45:34.758  3511  3511 I ViewRootImpl@50f5c5d[NotificationShade]: performTraversals mFirst=false windowShouldResize=false viewVisibilityChanged=false mForceNextWindowRelayout=false params={(0,0)(fillxfill) gr=TOP CENTER_VERTICAL sim={adjust=resize} layoutInDisplayCutoutMode=always ty=NOTIFICATION_SHADE fmt=TRANSLUCENT
07-13 08:45:34.758  3511  3511 I ViewRootImpl@50f5c5d[NotificationShade]:   fl=81840048
07-13 08:45:34.758  3511  3511 I ViewRootImpl@50f5c5d[NotificationShade]:   pfl=1b000000
07-13 08:45:34.758  3511  3511 I ViewRootImpl@50f5c5d[NotificationShade]:   vsysui=2000
07-13 08:45:34.758  3511  3511 I ViewRootImpl@50f5c5d[NotificationShade]:   apr=LIGHT_STATUS_BARS
07-13 08:45:34.758  3511  3511 I ViewRootImpl@50f5c5d[NotificationShade]:   bhv=SHOW_TRANSIENT_BARS_BY_SWIPE
07-13 08:45:34.758  3511  3511 I ViewRootImpl@50f5c5d[NotificationShade]:  dimAmount=0.0 naviIconColor=0
07-13 08:45:34.758  3511  3511 I ViewRootImpl@50f5c5d[NotificationShade]:   sfl=40000}
07-13 08:45:34.759  3149  3483 V WindowManager: Relayout Window{50beffe u0 NotificationShade}: viewVisibility=4 req=1080x2400 d0
07-13 08:45:34.763  3149  3483 V WindowManager: Relayout hash=50beffe, pid=3511, syncId=-1: mAttrs={(0,0)(fillxfill) gr=TOP CENTER_VERTICAL sim={adjust=resize} layoutInDisplayCutoutMode=always ty=NOTIFICATION_SHADE fmt=TRANSLUCENT
07-13 08:45:34.763  3149  3483 V WindowManager:   fl=81840048
07-13 08:45:34.763  3149  3483 V WindowManager:   pfl=1b000000
07-13 08:45:34.763  3149  3483 V WindowManager:   vsysui=2000
07-13 08:45:34.763  3149  3483 V WindowManager:   apr=LIGHT_STATUS_BARS
07-13 08:45:34.763  3149  3483 V WindowManager:   bhv=SHOW_TRANSIENT_BARS_BY_SWIPE
07-13 08:45:34.763  3149  3483 V WindowManager:  dimAmount=0.0 naviIconColor=0
07-13 08:45:34.763  3149  3483 V WindowManager:   sfl=40000}
07-13 08:45:34.764  3511  3511 I ViewRootImpl@50f5c5d[NotificationShade]: Relayout returned: old=(0,0,1080,2400) new=(0,0,1080,2400) req=(1080,2400)4 dur=6 res=0x0 s={false 0x0} ch=false seqId=35
07-13 08:45:34.778  3511  3511 I FaceWidgetPositionAlgorithm: getClockContainerHeight() supplier = 290, bottom margin = 0, real height = 358
07-13 08:45:34.779  3511  3511 I FaceWidgetPositionAlgorithm: getClockContainerHeight() supplier = 290, bottom margin = 68, real height = 358
07-13 08:45:34.779  3511  3511 I FaceWidgetPositionAlgorithm: getMediaContainerHeight() height = 0 container Visibility = 8, isValid = false, mIsDozing = false, fraction = 1.0, source = 0, target = 0
07-13 08:45:34.779  3511  3511 I FaceWidgetPositionAlgorithm: getMediaContainerHeight() supplier = 0
07-13 08:45:34.782  3511  3511 I ResourceType: [SWT] Success lookup value directly, data = 0x010607cc
07-13 08:45:34.782  3511  3511 I ResourceType: [SWT] Success lookup value directly, data = 0x010607cc
07-13 08:45:34.782  3511  3511 I ResourceType: [SWT] Success lookup value directly, data = 0x010607cc
07-13 08:45:34.782  3511  3511 I ResourceType: [SWT] Success lookup value directly, data = 0x010607cc
07-13 08:45:34.782  3511  3511 I ResourceType: [SWT] Success lookup value directly, data = 0x010607cc
07-13 08:45:34.843   685   685 E audit   : type=1400 audit(1783896334.839:691164): avc:  denied  { write } for  pid=15671 comm="ThreadPoolForeg" name="traced_producer" dev="tmpfs" ino=7808 scontext=u:r:gmscore_app:s0:c512,c768 tcontext=u:object_r:traced_producer_socket:s0 tclass=sock_file permissive=0 SEPF_SM-E625F_13_0001 audit_filtered
07-13 08:45:34.843   685   685 E audit   : type=1300 audit(1783896334.839:691164): arch=c00000b7 syscall=203 success=no exit=-13 a0=d6 a1=b400007417fa86c0 a2=1e a3=ffffffff95bb1b76 items=1 ppid=2929 pid=15671 auid=4294967295 uid=10228 gid=10228 euid=10228 suid=10228 fsuid=10228 egid=10228 sgid=10228 fsgid=10228 tty=(none) ses=4294967295 comm="ThreadPoolForeg" exe="/system/bin/app_process64" subj=u:r:gmscore_app:s0:c512,c768 key=(null)
07-13 08:45:34.843   685   685 E audit   : type=1306 audit(1783896334.839:691164): saddr=01002F6465762F736F636B65742F7472616365645F70726F647563657200
07-13 08:45:34.844   685   685 E audit   : type=1302 audit(1783896334.839:691164): item=0 name="/dev/socket/traced_producer" inode=7808 dev=00:11 mode=0140666 ouid=0 ogid=0 rdev=00:00 obj=u:object_r:traced_producer_socket:s0 nametype=NORMAL cap_fp=0000000000000000 cap_fi=0000000000000000 cap_fe=0 cap_fver=0
07-13 08:45:34.844   685   685 E audit   : type=1327 audit(1783896334.839:691164): proctitle="com.google.android.gms.persistent"
07-13 08:45:34.939  3149  3165 I GestureDetector: handleMessage TAP
07-13 08:45:34.940  3149  3149 I GestureDetector: handleMessage TAP
07-13 08:45:35.080  5236  6698 I SDHMS:D : SIOP:: AP:269 BAT:227 USB:0 CHG:270 PA:281 WIFI:274 SKIN:263 SKINF:253 SKINB:263 LRP:263 LRF:253 LRB:263 
07-13 08:45:35.509  3149  3406 I SemWifiServiceDetector: Traff. tracking started
07-13 08:45:35.535   472   472 D io_stats: !@   8,0 r 148140210 3655686764 w 27481811 493634940 d 0 0 f 0 0 iot 28700564 0 th 0 0 0 pt 0 inp 0 0 996486.109
07-13 08:45:35.764   761   761 E sehhealth-service: Could not open /sys/class/power_supply/battery/lrp
07-13 08:45:35.920  3822  3953 D ScanFilter: manu data matches
07-13 08:45:35.920  3822  3953 D BtGatt.GattService: onScanResult to scannerId: 4- eventType=0x1b, addressType=0, address=28AF42_D, primaryPhy=1, secondaryPhy=0, advertisingSid=0xff, txPower=127, rssi=-87, periodicAdvInt=0x0
07-13 08:45:35.922 19573 19598 I BCMGR[11.2.04.4]: BeaconMainController] onReceive - [1 : bad rssi][2 : bad rssi][3 : bad rssi][4 : bad rssi][5 : bad rssi][6 : bad rssi][7 : bad rssi][8 : bad rssi][9 : bad rssi][10 : bad rssi]
07-13 08:45:36.012  3149  3406 D SemNscXgbMsL1: Probability - Cloud gaming: [0.03469994]
07-13 08:45:36.012  3149  3406 D SemNscXgbMsL1: Probability - Real time: [0.09567789]
07-13 08:45:36.013  3149  3406 D SemNscXgbMsL1: Probability - Non real time: [0.8136308]
07-13 08:45:36.013  3149  3406 D SemNscXgbMsL1: 1 sample inference time: 1.337731 msecs
07-13 08:45:36.015  3149  3406 D SemNscXgbL2Rt: L2 RT 1 sample inference time: 2.224192 msecs
07-13 08:45:36.018  3149  3406 D SemNscXgbL2Nrt: L2 NRT 1 sample inference time: 2.170077 msecs
07-13 08:45:36.154  3020 29544 I HYPER-HAL: [RequestManager.cpp]releaseLocked(): Released ID : 13841716
07-13 08:45:36.520  3149  3406 D SemNscXgbMsL1: Probability - Cloud gaming: [0.029038077]
07-13 08:45:36.521  3149  3406 D SemNscXgbMsL1: Probability - Real time: [0.21413963]
07-13 08:45:36.521  3149  3406 D SemNscXgbMsL1: Probability - Non real time: [0.84628356]
07-13 08:45:36.521  3149  3406 D SemNscXgbMsL1: 1 sample inference time: 1.379308 msecs
07-13 08:45:36.523  3149  3406 D SemNscXgbL2Rt: L2 RT 1 sample inference time: 2.004347 msecs
07-13 08:45:36.525  3149  3406 D SemNscXgbL2Nrt: L2 NRT 1 sample inference time: 1.743 msecs
07-13 08:45:36.569 15671 15671 D BoundBrokerSvc: onUnbind: Intent { act=com.google.android.gms.libs.gmscorelogger.service.START dat=chimera-action:/... cmp=com.google.android.gms/.chimera.PersistentDirectBootAwareApiService }
07-13 08:45:36.693  3149  5449 D SemWifiUsabilityStatsMonitor: onWifiUsabilityStats - seqNum 161749, isSameBssidAndFreq true
07-13 08:45:36.696  3149  3408 I SemWifiLinkQualityMonitor: Link Qos Query: 0.197 ms / 40.589 Mbps (72 / 0.025 / 1.444)
07-13 08:45:36.786 31818 31818 D BoundBrokerSvc: onUnbind: Intent { act=com.google.android.gms.semanticlocationhistory.service.START dat=chimera-action:/... cmp=com.google.android.gms/.chimera.GmsApiService }
07-13 08:45:36.797  3149  3483 I ActivityManager: Killing 27883:com.android.keychain/1000 (adj 999): empty #25
07-13 08:45:36.809  3149  3181 I libprocessgroup: Successfully killed process cgroup uid 1000 pid 27883 in 6ms
07-13 08:45:36.842  2929  2929 I Zygote  : Process 27883 exited due to signal 9 (Killed)
07-13 08:45:37.017 15671 15671 D BoundBrokerSvc: onUnbind: Intent { act=com.google.android.gms.auth.aang.events.services.START dat=chimera-action:/... cmp=com.google.android.gms/.chimera.PersistentApiService }
07-13 08:45:37.026  3149  3406 D SemNscXgbMsL1: Probability - Cloud gaming: [0.03484317]
07-13 08:45:37.026  3149  3406 D SemNscXgbMsL1: Probability - Real time: [0.09297093]
07-13 08:45:37.026  3149  3406 D SemNscXgbMsL1: Probability - Non real time: [0.8965342]
07-13 08:45:37.027  3149  3406 D SemNscXgbMsL1: 1 sample inference time: 1.055538 msecs
07-13 08:45:37.029  3149  3406 D SemNscXgbL2Rt: L2 RT 1 sample inference time: 2.085 msecs
07-13 08:45:37.031  3149  3406 D SemNscXgbL2Nrt: L2 NRT 1 sample inference time: 1.693154 msecs
07-13 08:45:37.273 15671 29372 I NearbyMediums: No BLE Fast/GATT advertisements found in the latest cycle.
07-13 08:45:37.273 15671 29372 I NearbyMediums: Current Tracked Scanning Clients are : {NearbyConnections.EnvironmentMonitor, NearbySharing, NearbyConnections.TxAdvertisement}
07-13 08:45:37.533  3149  3406 D SemNscXgbMsL1: Probability - Cloud gaming: [0.023825774]
07-13 08:45:37.533  3149  3406 D SemNscXgbMsL1: Probability - Real time: [0.05939009]
07-13 08:45:37.534  3149  3406 D SemNscXgbMsL1: Probability - Non real time: [0.8383836]
07-13 08:45:37.534  3149  3406 D SemNscXgbMsL1: 1 sample inference time: 1.463538 msecs
07-13 08:45:37.536  3149  3406 D SemNscXgbL2Rt: L2 RT 1 sample inference time: 2.0615 msecs
07-13 08:45:37.538  3149  3406 D SemNscXgbL2Nrt: L2 NRT 1 sample inference time: 1.832961 msecs
07-13 08:45:37.641  3149  3202 D PowerManagerService: UserActivityStateListenerState: 0
07-13 08:45:38.039  3149  3406 D SemNscXgbMsL1: Probability - Cloud gaming: [0.038272474]
07-13 08:45:38.040  3149  3406 D SemNscXgbMsL1: Probability - Real time: [0.062273256]
07-13 08:45:38.040  3149  3406 D SemNscXgbMsL1: Probability - Non real time: [0.7895662]
07-13 08:45:38.040  3149  3406 D SemNscXgbMsL1: 1 sample inference time: 1.2355 msecs
07-13 08:45:38.043  3149  3406 D SemNscXgbL2Rt: L2 RT 1 sample inference time: 1.978384 msecs
07-13 08:45:38.045  3149  3406 D SemNscXgbL2Nrt: L2 NRT 1 sample inference time: 2.331423 msecs
07-13 08:45:38.386 16381 16455 I ContactsProvider_EventLog: cp_s: [CONTACT con(786) dat(5047) acc({phone(1)=20, sim(3)=3, com.google.android.apps.tachyon(155)=1, sim2(5)=7, phone(2)=1, google(4)=779}) calls([logtype:100 cnt:11, logtype:1000 cnt:1494, logtype:1150 cnt:9]) Iso(AU) uId(0) ]
07-13 08:45:38.386 16381 16455 I ContactsProvider_EventLog: cp_s: [ agr({[5]=7, [3]=3, [4]=730, [1]=20, [2]=1, [4 ,4]=24, [4 ,155]=1}) ]
07-13 08:45:38.386 16381 16455 I ContactsProvider_EventLog: cp_s: [ cnt({acore(16381)=1}) ]
07-13 08:45:38.386 16381 16455 I ContactsProvider_EventLog: cp_s: [PROFILE ] [SAPROFILE ]
07-13 08:45:38.386 16381 16455 I ContactsProvider_EventLog: cp_s: [STATE R(F) ]
07-13 08:45:38.500  3149  3406 I SemWifiServiceDetector: Traff. tracking stopped
07-13 08:45:39.134 16317 23118 I NearbyMediums: No BLE Fast/GATT advertisements found in the latest cycle.
07-13 08:45:39.135 16317 23118 I NearbyMediums: Current Tracked Scanning Clients are : {NearbyConnections.EnvironmentMonitor, NearbySharing}
07-13 08:45:39.289  5236  5236 I SDHMS:LOAD: type: LoadsFreqs, value: 0:32:28:540800:1040000:520000:748019:1690000:507000:74:156:0
07-13 08:45:39.537   472   472 D io_stats: !@   8,0 r 148140210 3655686764 w 27481816 493634960 d 0 0 f 0 0 iot 28700568 0 th 0 0 0 pt 0 inp 0 0 996490.111
07-13 08:45:39.819  3149  5449 D SemWifiUsabilityStatsMonitor: onWifiUsabilityStats - seqNum 161750, isSameBssidAndFreq true
07-13 08:45:39.822  3149  3408 I SemWifiLinkQualityMonitor: Link Qos Query: 0.148 ms / 54.042 Mbps (72 / 0.037 / 1.000)
07-13 08:45:40.767   685   685 E audit   : type=1400 audit(1783896340.763:691165): avc:  denied  { write } for  pid=16317 comm="ThreadPoolForeg" name="traced_producer" dev="tmpfs" ino=7808 scontext=u:r:gmscore_app:s0:c662,c768 tcontext=u:object_r:traced_producer_socket:s0 tclass=sock_file permissive=0 SEPF_SM-E625F_13_0001 audit_filtered
07-13 08:45:40.767   685   685 E audit   : type=1300 audit(1783896340.763:691165): arch=c00000b7 syscall=203 success=no exit=-13 a0=8a a1=b400007417fe8dd0 a2=1e a3=ffffffff95bb1b76 items=1 ppid=2929 pid=16317 auid=4294967295 uid=15010228 gid=15010228 euid=15010228 suid=15010228 fsuid=15010228 egid=15010228 sgid=15010228 fsgid=15010228 tty=(none) ses=4294967295 comm="ThreadPoolForeg" exe="/system/bin/app_process64" subj=u:r:gmscore_app:s0:c662,c768 key=(null)
07-13 08:45:40.768   685   685 E audit   : type=1306 audit(1783896340.763:691165): saddr=01002F6465762F736F636B65742F7472616365645F70726F647563657200
07-13 08:45:40.768   685   685 E audit   : type=1302 audit(1783896340.763:691165): item=0 name="/dev/socket/traced_producer" inode=7808 dev=00:11 mode=0140666 ouid=0 ogid=0 rdev=00:00 obj=u:object_r:traced_producer_socket:s0 nametype=NORMAL cap_fp=0000000000000000 cap_fi=0000000000000000 cap_fe=0 cap_fver=0
07-13 08:45:40.768   685   685 E audit   : type=1327 audit(1783896340.763:691165): proctitle="com.google.android.gms.persistent"
07-13 08:45:41.457 23780 23780 I wpa_supplicant: Heartbeat 89215
07-13 08:45:41.538   472   472 D io_stats: !@   8,0 r 148140216 3655686788 w 27481816 493634960 d 0 0 f 0 0 iot 28700572 0 th 0 0 0 pt 0 inp 0 0 996492.112
07-13 08:45:42.912  3149  5449 D SemWifiUsabilityStatsMonitor: onWifiUsabilityStats - seqNum 161751, isSameBssidAndFreq true
07-13 08:45:42.915  3149  3408 I SemWifiLinkQualityMonitor: Link Qos Query: 0.225 ms / 35.588 Mbps (72 / 0.114 / 1.000)
07-13 08:45:42.916  3511  3511 D NetworkController.WifiSignalController: notifyListener: visible=true, connected=true, inetCondition=1, isDefault=true, wifiTestReported=true, receivedInetCondition=-1, hideDuringMobileSwitching=false
07-13 08:45:42.920  3511  3596 D Tile.WifiTile: handleUpdateState isTransient=false transientEnabling =false cb.isTransient=false state.state = 2 mStateBeforeClick.value =false enabled =true
07-13 08:45:43.538   472   472 D io_stats: !@   8,0 r 148140216 3655686788 w 27481823 493634992 d 0 0 f 0 0 iot 28700576 0 th 0 0 0 pt 0 inp 0 0 996494.113
07-13 08:45:44.272  3149  4530 I EDMNativeHelperService: isScreenCaptureEnabled
07-13 08:45:44.273  3149  4530 D RestrictionPolicy: isScreenCaptureEnabled : ret=true userId=0
07-13 08:45:44.295  4985 32159 W MediaProvider: isAppCloneUserPair for user 0: false
07-13 08:45:44.326 29550 29550 W ProcessState: Extra binder thread started, but 0 threads requested. Do not use *startThreadPool when zero threads are requested.
07-13 08:45:44.328  7060 27822 I MtpStorageManager: Got inotify added event for : cGFja2xveF9zcHJpbnQwM19wb3N0X3N0cmVzcy5wbmc=
07-13 08:45:44.332  3149  4530 D SyncManager: userId - 0 auto - true
07-13 08:45:44.364  7060  7737 E _qlseek : errno : 22
07-13 08:45:44.364  7060  7737 E Qdio::ParseQdio: File Search Error
07-13 08:45:44.367  7060  7737 W ExifInterface: Invalid image: ExifInterface got an unsupported image format file(ExifInterface supports JPEG and some RAW image formats only) or a corrupted JPEG file to ExifInterface.
07-13 08:45:44.367  7060  7737 W ExifInterface: java.io.EOFException
07-13 08:45:44.367  7060  7737 W ExifInterface: 	at android.media.ExifInterface$ByteOrderedDataInputStream.readShort(ExifInterface.java:5063)
07-13 08:45:44.367  7060  7737 W ExifInterface: 	at android.media.ExifInterface.readByteOrder(ExifInterface.java:4006)
07-13 08:45:44.367  7060  7737 W ExifInterface: 	at android.media.ExifInterface.parseTiffHeaders(ExifInterface.java:4026)
07-13 08:45:44.367  7060  7737 W ExifInterface: 	at android.media.ExifInterface.getRawAttributes(ExifInterface.java:2992)
07-13 08:45:44.367  7060  7737 W ExifInterface: 	at android.media.ExifInterface.loadAttributes(ExifInterface.java:2041)
07-13 08:45:44.367  7060  7737 W ExifInterface: 	at android.media.ExifInterface.<init>(ExifInterface.java:1641)
07-13 08:45:44.367  7060  7737 W ExifInterface: 	at android.media.ExifInterface.<init>(ExifInterface.java:1592)
07-13 08:45:44.367  7060  7737 W ExifInterface: 	at com.samsung.android.providers.media.scan.MediaParser.getDateTimeOriginal(MediaParser.java:390)
07-13 08:45:44.367  7060  7737 W ExifInterface: 	at com.samsung.android.providers.media.scan.MediaParser.computeDateMetadata(MediaParser.java:367)
07-13 08:45:44.367  7060  7737 W ExifInterface: 	at com.samsung.android.providers.media.sync.MediaSync.createOperation(MediaSync.java:429)
07-13 08:45:44.367  7060  7737 W ExifInterface: 	at com.samsung.android.providers.media.sync.MediaSync.loadInternal(MediaSync.java:389)
07-13 08:45:44.367  7060  7737 W ExifInterface: 	at com.samsung.android.providers.media.sync.MediaSync.load(MediaSync.java:325)
07-13 08:45:44.367  7060  7737 W ExifInterface: 	at com.samsung.android.providers.media.sync.MediaSync.-$$Nest$mload(Unknown Source:0)
07-13 08:45:44.367  7060  7737 W ExifInterface: 	at com.samsung.android.providers.media.sync.MediaSync$SyncTask.run(MediaSync.java:475)
07-13 08:45:44.367  7060  7737 W ExifInterface: 	at android.os.Handler.handleCallback(Handler.java:942)
07-13 08:45:44.367  7060  7737 W ExifInterface: 	at android.os.Handler.dispatchMessage(Handler.java:99)
07-13 08:45:44.367  7060  7737 W ExifInterface: 	at android.os.Looper.loopOnce(Looper.java:226)
07-13 08:45:44.367  7060  7737 W ExifInterface: 	at android.os.Looper.loop(Looper.java:313)
07-13 08:45:44.367  7060  7737 W ExifInterface: 	at android.os.HandlerThread.run(HandlerThread.java:67)
07-13 08:45:44.381   434   444 I servicemanager: Could not find android.hardware.graphics.allocator.IAllocator/default in the VINTF manifest.
07-13 08:45:44.414  3149  3185 W libprocessgroup: Failed to open /dev/blkio//cgroup.procs: No such file or directory
07-13 08:45:44.427 15671 29411 I NetworkScheduler.Stats: (REDACTED) Task %s/%s started execution. cause:%s exec_start_elapsed_seconds: %s
07-13 08:45:44.438 15671 29548 I NetworkScheduler.Stats: (REDACTED) Task %s/%s finished executing. cause:%s result: %s elapsed_millis: %s uptime_millis: %s exec_start_elapsed_seconds: %s
07-13 08:45:44.444  7060  7737 D MediaSync: loaded: 112ms, 1
07-13 08:45:44.483  3149  3185 W libprocessgroup: Failed to open /dev/blkio//cgroup.procs: No such file or directory
07-13 08:45:44.488 16317 16317 D BoundBrokerSvc: onBind: Intent { act=com.google.android.contextmanager.service.ContextManagerLogsUploadBoundService.ACTION_TASK_READY dat=chimera-action:/... cmp=com.google.android.gms/.chimera.PersistentInternalBoundBrokerService }
07-13 08:45:44.488 16317 16317 D BoundBrokerSvc: Loading bound service for intent: Intent { act=com.google.android.contextmanager.service.ContextManagerLogsUploadBoundService.ACTION_TASK_READY dat=chimera-action:/... cmp=com.google.android.gms/.chimera.PersistentInternalBoundBrokerService }
07-13 08:45:44.500  3149  3185 W libprocessgroup: Failed to open /dev/blkio//cgroup.procs: No such file or directory
07-13 08:45:44.512 15671 29548 I NetworkScheduler.Stats: (REDACTED) Task %s/%s started execution. cause:%s exec_start_elapsed_seconds: %s
07-13 08:45:44.513 15671 29548 I NetworkScheduler.Stats: (REDACTED) Task %s/%s started execution. cause:%s exec_start_elapsed_seconds: %s
07-13 08:45:44.519 15671 29411 I NetworkScheduler.Stats: (REDACTED) Task %s/%s finished executing. cause:%s result: %s elapsed_millis: %s uptime_millis: %s exec_start_elapsed_seconds: %s
07-13 08:45:44.520 16317 16317 D BoundBrokerSvc: onUnbind: Intent { act=com.google.android.contextmanager.service.ContextManagerLogsUploadBoundService.ACTION_TASK_READY dat=chimera-action:/... cmp=com.google.android.gms/.chimera.PersistentInternalBoundBrokerService }
07-13 08:45:44.687   709   715 D statsd  : StateTracker did not find state value for query key (27)0x10000->10261[I] 
07-13 08:45:44.687   709   715 W statsd  : StateTracker not found for state atom 27
07-13 08:45:44.689   709   715 D statsd  : StateTracker did not find state value for query key (27)0x10000->10261[I] 
07-13 08:45:44.689   709   715 W statsd  : StateTracker not found for state atom 27
07-13 08:45:44.694   709   715 D statsd  : StateTracker did not find state value for query key (27)0x10000->10261[I] 
07-13 08:45:44.694   709   715 W statsd  : StateTracker not found for state atom 27
07-13 08:45:44.699  4985  6619 I MediaProvider: Begin Intent { act=android.intent.action.MEDIA_SCANNER_SCAN_FILE dat=file:///... flg=0x1400010 cmp=com.google.android.providers.media.module/com.android.providers.media.MediaService }
07-13 08:45:44.713  7060 27822 I MtpStorageManager: Got inotify CLOSE_WRITE event for : cGFja2xveF9zcHJpbnQwM19wb3N0X3N0cmVzcy5wbmc=
07-13 08:45:44.716  7060 27822 D MtpStorageManager: sendObjectInfoChanged: id=14997,size=301544
07-13 08:45:44.733  3149  4530 D SyncManager: userId - 0 auto - true
07-13 08:45:44.734  4985  6619 I MediaProvider: End Intent { act=android.intent.action.MEDIA_SCANNER_SCAN_FILE dat=file:///... flg=0x1400010 cmp=com.google.android.providers.media.module/com.android.providers.media.MediaService }
07-13 08:45:44.737   709   715 D statsd  : StateTracker did not find state value for query key (27)0x10000->10261[I] 
07-13 08:45:44.737   709   715 W statsd  : StateTracker not found for state atom 27
07-13 08:45:44.755  3149  3442 D NetdEventListenerService: DNS Requested by : 107, 15010228
07-13 08:45:44.757 16317 18834 D TrafficStats: tagSocket(122) with statsTag=0x5065fff, statsUid=-1
07-13 08:45:44.785  3149  4530 D EnterpriseUtils: getCallingOrCurrentUserId(): move: cxtInfo.mContainerId = 150
07-13 08:45:44.785  3149  4530 D EnterpriseUtils: getCallingOrCurrentUserId(): move: cxtInfo.mContainerId = 150
07-13 08:45:44.798  3149  4530 D SyncManager: userId - 0 auto - true
07-13 08:45:44.798 17410 17454 I BaseThreadPoolExecutor: [#CMH#] Task o.e@a61a339 is submitted
07-13 08:45:44.809  7060  7737 D MediaSync: loaded: 75ms, 1
07-13 08:45:44.809  7060 13504 D MediaParser: scanItem: 1
07-13 08:45:44.815  3149  3185 W libprocessgroup: Failed to open /dev/blkio//cgroup.procs: No such file or directory
07-13 08:45:44.824  3149  5203 D SyncManager: userId - 0 auto - true
07-13 08:45:44.833  7060 29566 D LocationService: Begin: com.samsung.intent.action.UPDATE_LOCATION
07-13 08:45:44.834  7060 29566 D LocationManager: delete null addr: 0
07-13 08:45:44.842  7060 29566 W GeoCoder: list size is zero
07-13 08:45:44.842  7060 29566 E LocationManager: Can't get address
07-13 08:45:44.843  7060 29566 D ModernSamsungCoreService: applyPending()
07-13 08:45:44.843  7060 29566 D LocationManager: LocationTask: 9ms
07-13 08:45:44.843  7060 29566 D LocationService: End: com.samsung.intent.action.UPDATE_LOCATION
07-13 08:45:44.849  3149  3483 D SyncManager: userId - 0 auto - true
07-13 08:45:44.855 17410 29565 I MediaContentSyncTask: [#CMH#] No of Row (SEC MP :  343, Max Id : 2147516259) (CMH : 342, Max Id : 2147516258) - Time :8
07-13 08:45:44.880 17410 29565 I MediaContentSyncTask: [#CMH#] Rebuilding contents count 1
07-13 08:45:44.881 17410 29565 I ImageFeatures: [#CMH#] Not support file type 
07-13 08:45:44.892 17410 29565 I MediaContentSyncTask: [#CMH#] Insert ITEM :  1
07-13 08:45:44.902 17410 29565 I MediaContentSyncLocation: [#CMH#] Location Count MP :  29, CMH : 29
07-13 08:45:44.902 17410 29565 I BaseThreadPoolExecutor: [#CMH#] afterExecute FutureTask
07-13 08:45:44.903 17410 29565 I ControllerEventHandler: [#CMH#] New Task for wait content sync job 
07-13 08:45:44.903 17410 29565 I BaseThreadPoolExecutor: [#CMH#] Task o.e@a61a339 is submitted
07-13 08:45:44.922 17410 29565 I MediaContentSyncTask: [#CMH#] No of Row (SEC MP :  343, Max Id : 2147516259) (CMH : 343, Max Id : 2147516259) - Time :6
07-13 08:45:44.938 17410 29565 I MediaContentSyncTask: [#CMH#] MP time stamp :  1783896344800, CMH time stamp : 1783896231420
07-13 08:45:44.954 17410 29565 I MediaContentSyncTask: [#CMH#] Update ITEM  :  1
07-13 08:45:44.966 17410 29565 I MediaContentSyncTask: [#CMH#] Update Cursor Count (1=>1), Time: 12 
07-13 08:45:44.969 17410 29565 I MediaContentSyncTask: [#CMH#] Update ITEM :  1
07-13 08:45:44.983 17410 29565 I MediaContentSyncLocation: [#CMH#] Location Count MP :  29, CMH : 29
07-13 08:45:44.984 17410 29565 I BaseThreadPoolExecutor: [#CMH#] afterExecute FutureTask
07-13 08:45:44.984 17410 29565 I ControllerEventHandler: [#CMH#] Alive Privacy Ignored Policy Called:  false
07-13 08:45:44.984 17410 17450 I ControllerEventHandler: [#CMH#] POI Feature is False 
07-13 08:45:45.124 16317 16317 D BoundBrokerSvc: onRebind: Intent { act=com.google.android.gms.libs.gmscorelogger.service.START dat=chimera-action:/... cmp=com.google.android.gms/.chimera.PersistentDirectBootAwareApiService }
07-13 08:45:45.166 15671 29411 I NetworkScheduler.Stats: (REDACTED) Task %s/%s finished executing. cause:%s result: %s elapsed_millis: %s uptime_millis: %s exec_start_elapsed_seconds: %s
07-13 08:45:45.242  3149  3185 W libprocessgroup: Failed to open /dev/blkio//cgroup.procs: No such file or directory
07-13 08:45:45.275 28016 28016 I SCS@AiSearch user 0: (ObserverWorker::AOSP_MP) [main] entering in startWork triggered by [content://media/external/file/1000055362]():  
07-13 08:45:45.275 28016 28016 I SCS@AiSearch user 0: (BaseCollector::AOSP_MP) [main] entering in onChange():  
07-13 08:45:45.275 28016 28416 I SCS@AiSearch user 0: (BaseCollector::AOSP_MP) [AOSP_MP-0] entering in collectChanges():  
07-13 08:45:45.295  3149  5203 D PackageManager: setEnabledSetting : userId = 0 packageName = com.samsung.android.scs cmp = androidx.work.impl.background.systemalarm.RescheduleReceiver newState = 1 callingPackage = 10111/com.samsung.android.scs
07-13 08:45:45.296  3149  5203 D ApplicationPolicy: getApplicationStateEnabled : pkg = com.samsung.android.scs userId : 0
07-13 08:45:45.298  3149  5203 D ApplicationPolicy: getApplicationComponentState : pkg = com.samsung.android.scs userId : 0
07-13 08:45:45.323 28016 28416 I SCS@AiSearch user 0: (BaseCollector::AOSP_MP) fetchInternal values : maxSyncId: 1000055347 indexCount: 1784 sourceCount: 1784
07-13 08:45:45.363 28016 28016 I SCS@AiSearch user 0: (ObserverWorker::GALLERY) [main] entering in startWork triggered by [content://secmedia/cmh/location, content://secmedia/video/media, content://secmedia/images/media]():  
07-13 08:45:45.363 28016 28016 I SCS@AiSearch user 0: (BaseCollector::GALLERY) [main] entering in onChange():  
07-13 08:45:45.364 28016 28423 I SCS@AiSearch user 0: (BaseCollector::GALLERY) [GALLERY-0] entering in collectChanges():  
07-13 08:45:45.381 28016 28416 I SCS@AiSearch user 0: (IndexManager) [AOSP_MP-0] entering in addIndex():  
07-13 08:45:45.387  3149  3185 W libprocessgroup: Failed to open /dev/blkio//cgroup.procs: No such file or directory
07-13 08:45:45.387 28016 28416 I SCS@AiSearch user 0: (BaseCollector::AOSP_MP) fetch: fetching took  82 ms
07-13 08:45:45.387 28016 28416 I SCS@AiSearch user 0: (BaseCollector::AOSP_MP) fetchChanges: applied 0 items
07-13 08:45:45.387 28016 28416 I SCS@AiSearch user 0: (BaseCollector::AOSP_MP) Collect finished. Result: true
07-13 08:45:45.388 28016 28416 I SCS@AiSearch user 0: (BaseCollector::AOSP_MP) enqueue ObserverWorker name: com.sec.android.app.myfiles, policy: APPEND_OR_REPLACE
07-13 08:45:45.396  3149  3185 W libprocessgroup: Failed to open /dev/blkio//cgroup.procs: No such file or directory
07-13 08:45:45.413  3149  5344 D PackageManager: setEnabledSetting : userId = 0 packageName = com.samsung.android.scs cmp = androidx.work.impl.background.systemalarm.RescheduleReceiver newState = 1 callingPackage = 10111/com.samsung.android.scs
07-13 08:45:45.414  3149  5344 D ApplicationPolicy: getApplicationStateEnabled : pkg = com.samsung.android.scs userId : 0
07-13 08:45:45.414 27709 27709 I Finsky  : [2] SCH: job service start with id 9721.
07-13 08:45:45.415  3149  5344 D ApplicationPolicy: getApplicationComponentState : pkg = com.samsung.android.scs userId : 0
07-13 08:45:45.423 28016 28423 I SCS@AiSearch user 0: (BaseCollector::GALLERY) fetchInternal values : maxSyncId: 2147516258 indexCount: 342 sourceCount: 342
07-13 08:45:45.432 29328 29429 D TransportRuntime.CctTransportBackend: Making request to: https://crashlyticsreports-pa.googleapis.com/v1/firelog/legacy/batchlog
07-13 08:45:45.441 28016 28074 I WM-WorkerWrapper: Worker result SUCCESS for Work [ id=3497b0de-649f-4f4a-a661-c8a4aa56126f, tags={ com.sec.android.app.myfiles, com.samsung.android.scs.ai.search.data.collector.ObserverWorker } ]
07-13 08:45:45.454 29328 29429 D TrafficStats: tagSocket(101) with statsTag=0xffffffff, statsUid=-1
07-13 08:45:45.454  3149  3442 D NetdEventListenerService: DNS Requested by : 107, 10247
07-13 08:45:45.463 27709 29573 I Finsky  : [30640] SCH: Satisfied jobs for 9721 are: 12-1
07-13 08:45:45.467 27709 29570 I Finsky  : [30639] SCH: Job 12-1 starting
07-13 08:45:45.468 27709 27709 I Finsky  : [2] WM::SCH: Logging work start for 12-1
07-13 08:45:45.469 27709 27709 I Finsky  : [2] [ContentSync] job started
07-13 08:45:45.476  3149  5203 D PackageManager: setEnabledSetting : userId = 0 packageName = com.samsung.android.scs cmp = androidx.work.impl.background.systemalarm.RescheduleReceiver newState = 1 callingPackage = 10111/com.samsung.android.scs
07-13 08:45:45.478  3149  5203 D ApplicationPolicy: getApplicationStateEnabled : pkg = com.samsung.android.scs userId : 0
07-13 08:45:45.479  3149  5203 D ApplicationPolicy: getApplicationComponentState : pkg = com.samsung.android.scs userId : 0
07-13 08:45:45.483  3822  3953 D ScanFilter: manu data matches
07-13 08:45:45.484  3822  3953 D BtGatt.GattService: onScanResult to scannerId: 4- eventType=0x1b, addressType=0, address=28AF42_D, primaryPhy=1, secondaryPhy=0, advertisingSid=0xff, txPower=127, rssi=-85, periodicAdvInt=0x0
07-13 08:45:45.519 28016 28423 I SCS@AiSearch user 0: (IndexManager) [GALLERY-0] entering in addIndex():  
07-13 08:45:45.519 28016 28423 I SCS@AiSearch user 0: (IndexManager) [INSERT] index=[com.google.android.providers.media], size=1
07-13 08:45:45.522 28016 28423 I SCS@AiSearch user 0: (IndexManager) getIndexWriter(): indexName com.google.android.providers.media
07-13 08:45:45.531 28016 28423 I SCS@AiSearch user 0: (IndexManager) [INSERT] Done
07-13 08:45:45.532 28016 28423 I SCS@AiSearch user 0: (IndexSearcherManager) [GALLERY-0] entering in refreshSearcherManager():  refreshSearcherManager for com.google.android.providers.media
07-13 08:45:45.539   472   472 D io_stats: !@   8,0 r 148141158 3655698744 w 27482118 493637092 d 0 0 f 0 0 iot 28700744 0 th 0 0 0 pt 0 inp 0 0 996496.114
07-13 08:45:45.582 28016 28423 I SCS@AiSearch user 0: (IndexSearcherManager) [GALLERY-0] leaving from refreshSearcherManager():  
07-13 08:45:45.582 28016 28423 I SCS@AiSearch user 0: (IndexManager) [GALLERY-0] entering in waitUntilCommitTaskFinished (idx=com.google.android.providers.media)():  
07-13 08:45:45.582 28016 28427 I SCS@AiSearch user 0: (IndexManager) [pool-14-thread-1] entering in commitIndexWriter():  
07-13 08:45:45.588  3149  3185 W libprocessgroup: Failed to open /dev/blkio//cgroup.procs: No such file or directory
07-13 08:45:45.622 28016 28427 I SCS@AiSearch user 0: (IndexManager) [pool-14-thread-1] leaving from commitIndexWriter():  
07-13 08:45:45.623 28016 28423 I SCS@AiSearch user 0: (IndexManager) [GALLERY-0] leaving from waitUntilCommitTaskFinished (idx=com.google.android.providers.media)():  
07-13 08:45:45.623 28016 28423 I SCS@AiSearch user 0: (IndexManager) addIndex(): done
07-13 08:45:45.628 28016 28423 I SCS@AiSearch user 0: (BaseCollector::GALLERY) fetch: fetching took  221 ms
07-13 08:45:45.628 28016 28423 I SCS@AiSearch user 0: (BaseCollector::GALLERY) fetchChanges: applied 1 items
07-13 08:45:45.963  3149  5449 D SemWifiUsabilityStatsMonitor: onWifiUsabilityStats - seqNum 161752, isSameBssidAndFreq true
07-13 08:45:45.964  3149  3408 I SemWifiLinkQualityMonitor: Link Qos Query: 0.217 ms / 36.845 Mbps (72 / 0.020 / 1.655)
07-13 08:45:45.965  3511  3511 D NetworkController.WifiSignalController: notifyListener: visible=true, connected=true, inetCondition=1, isDefault=true, wifiTestReported=true, receivedInetCondition=-1, hideDuringMobileSwitching=false
07-13 08:45:45.967  3511  3596 D Tile.WifiTile: handleUpdateState isTransient=false transientEnabling =false cb.isTransient=false state.state = 2 mStateBeforeClick.value =false enabled =true
07-13 08:45:46.083 27709 29578 I Finsky  : [30641] App states replicator found 62 unowned apps
07-13 08:45:46.184 15671 21641 E AuthPII : [RequestTokenManager] getToken() -> BAD_AUTHENTICATION. App: com.android.vending, Service: oauth2:https://www.googleapis.com/auth/googleplay
07-13 08:45:46.184 15671 21641 E AuthPII : bjfw: Long live credential not available.
07-13 08:45:46.184 15671 21641 E AuthPII : 	at ahkl.a(:com.google.android.gms@262532029@26.25.32 (190400-944114241):1347)
07-13 08:45:46.184 15671 21641 E AuthPII : 	at ahks.b(:com.google.android.gms@262532029@26.25.32 (190400-944114241):26)
07-13 08:45:46.184 15671 21641 E AuthPII : 	at ahkq.a(:com.google.android.gms@262532029@26.25.32 (190400-944114241):661)
07-13 08:45:46.184 15671 21641 E AuthPII : 	at ahkp.b(:com.google.android.gms@262532029@26.25.32 (190400-944114241):151)
07-13 08:45:46.184 15671 21641 E AuthPII : 	at aaww.d(:com.google.android.gms@262532029@26.25.32 (190400-944114241):829)
07-13 08:45:46.184 15671 21641 E AuthPII : 	at ahec.getAuthToken(:com.google.android.gms@262532029@26.25.32 (190400-944114241):408)
07-13 08:45:46.184 15671 21641 E AuthPII : 	at android.accounts.AbstractAccountAuthenticator$Transport.getAuthToken(AbstractAccountAuthenticator.java:246)
07-13 08:45:46.184 15671 21641 E AuthPII : 	at android.accounts.IAccountAuthenticator$Stub.onTransact(IAccountAuthenticator.java:242)
07-13 08:45:46.184 15671 21641 E AuthPII : 	at android.os.Binder.transact(Binder.java:1200)
07-13 08:45:46.184 15671 21641 E AuthPII : 	at cqcm.onTransact(:com.google.android.gms@262532029@26.25.32 (190400-944114241):12)
07-13 08:45:46.184 15671 21641 E AuthPII : 	at android.os.Binder.transact(Binder.java:1200)
07-13 08:45:46.184 15671 21641 E AuthPII : 	at cdhn.onTransact(:com.google.android.gms@262532029@26.25.32 (190400-944114241):169)
07-13 08:45:46.184 15671 21641 E AuthPII : 	at android.os.Binder.execTransactInternal(Binder.java:1321)
07-13 08:45:46.184 15671 21641 E AuthPII : 	at android.os.Binder.execTransact(Binder.java:1280)
07-13 08:45:46.185 15671 21641 E AuthPII : Message is Long live credential not available.
07-13 08:45:46.185 15671 21641 E AuthPII : bjfw: Long live credential not available.
07-13 08:45:46.185 15671 21641 E AuthPII : 	at ahkl.a(:com.google.android.gms@262532029@26.25.32 (190400-944114241):1347)
07-13 08:45:46.185 15671 21641 E AuthPII : 	at ahks.b(:com.google.android.gms@262532029@26.25.32 (190400-944114241):26)
07-13 08:45:46.185 15671 21641 E AuthPII : 	at ahkq.a(:com.google.android.gms@262532029@26.25.32 (190400-944114241):661)
07-13 08:45:46.185 15671 21641 E AuthPII : 	at ahkp.b(:com.google.android.gms@262532029@26.25.32 (190400-944114241):151)
07-13 08:45:46.185 15671 21641 E AuthPII : 	at aaww.d(:com.google.android.gms@262532029@26.25.32 (190400-944114241):829)
07-13 08:45:46.185 15671 21641 E AuthPII : 	at ahec.getAuthToken(:com.google.android.gms@262532029@26.25.32 (190400-944114241):408)
07-13 08:45:46.185 15671 21641 E AuthPII : 	at android.accounts.AbstractAccountAuthenticator$Transport.getAuthToken(AbstractAccountAuthenticator.java:246)
07-13 08:45:46.185 15671 21641 E AuthPII : 	at android.accounts.IAccountAuthenticator$Stub.onTransact(IAccountAuthenticator.java:242)
07-13 08:45:46.185 15671 21641 E AuthPII : 	at android.os.Binder.transact(Binder.java:1200)
07-13 08:45:46.185 15671 21641 E AuthPII : 	at cqcm.onTransact(:com.google.android.gms@262532029@26.25.32 (190400-944114241):12)
07-13 08:45:46.185 15671 21641 E AuthPII : 	at android.os.Binder.transact(Binder.java:1200)
07-13 08:45:46.185 15671 21641 E AuthPII : 	at cdhn.onTransact(:com.google.android.gms@262532029@26.25.32 (190400-944114241):169)
07-13 08:45:46.185 15671 21641 E AuthPII : 	at android.os.Binder.execTransactInternal(Binder.java:1321)
07-13 08:45:46.185 15671 21641 E AuthPII : 	at android.os.Binder.execTransact(Binder.java:1280)
07-13 08:45:46.218 15671 21641 I Auth    : (REDACTED) [GetToken] GetToken failed for app=%s with userRecoverable status: %s 
07-13 08:45:46.221 15671 21641 W Auth    : [ChimeraGetToken] exception while trying to fetch auth tokens for app=com.google.android.gms, scope=oauth2:https://www.googleapis.com/auth/googleplay [CONTEXT service_id=153 ]
07-13 08:45:46.221 15671 21641 W Auth    : ahkk: GetToken failed with status code and recovery intent: BadAuthentication
07-13 08:45:46.221 15671 21641 W Auth    : 	at ahkp.b(:com.google.android.gms@262532029@26.25.32 (190400-944114241):352)
07-13 08:45:46.221 15671 21641 W Auth    : 	at aaww.d(:com.google.android.gms@262532029@26.25.32 (190400-944114241):829)
07-13 08:45:46.221 15671 21641 W Auth    : 	at ahec.getAuthToken(:com.google.android.gms@262532029@26.25.32 (190400-944114241):408)
07-13 08:45:46.221 15671 21641 W Auth    : 	at android.accounts.AbstractAccountAuthenticator$Transport.getAuthToken(AbstractAccountAuthenticator.java:246)
07-13 08:45:46.221 15671 21641 W Auth    : 	at android.accounts.IAccountAuthenticator$Stub.onTransact(IAccountAuthenticator.java:242)
07-13 08:45:46.221 15671 21641 W Auth    : 	at android.os.Binder.transact(Binder.java:1200)
07-13 08:45:46.221 15671 21641 W Auth    : 	at cqcm.onTransact(:com.google.android.gms@262532029@26.25.32 (190400-944114241):12)
07-13 08:45:46.221 15671 21641 W Auth    : 	at android.os.Binder.transact(Binder.java:1200)
07-13 08:45:46.221 15671 21641 W Auth    : 	at cdhn.onTransact(:com.google.android.gms@262532029@26.25.32 (190400-944114241):169)
07-13 08:45:46.221 15671 21641 W Auth    : 	at android.os.Binder.execTransactInternal(Binder.java:1321)
07-13 08:45:46.221 15671 21641 W Auth    : 	at android.os.Binder.execTransact(Binder.java:1280)
07-13 08:45:46.222 15671 21641 W GLSActivity: [GmsAccountAuthenticatorImpl] error status while fetching token:BadAuthentication
07-13 08:45:46.235 27709 29578 I Finsky  : [30641] Completed 1 account content syncs with 0 successful.
07-13 08:45:46.236 27709 27709 I Finsky  : [2] [ContentSync] Installation state replication failed, parameters=Id: 12-1, CT: 1783896232326, Constraints: [{ L: 100000, D: 86400000, C: CHARGING_NONE, I: IDLE_NONE, N: NET_ANY, B: BATTERY_ANY }].
07-13 08:45:46.236 27709 27709 I Finsky  : [2] [ContentSync] Giving up after 5 failures.
07-13 08:45:46.237 27709 27709 I Finsky  : [2] SCH: jobFinished: 12-1. TimeElapsed: 770ms.
07-13 08:45:46.237 27709 27709 I Finsky  : [2] WM::SCH: Logging work end for 12-1
07-13 08:45:46.258 27709 27744 I Finsky  : [30549] SCH: Scheduling phonesky job Id: 1-1337, CT: 1783862423401, Constraints: [{ L: 43170828, D: 86370828, C: CHARGING_NONE, I: IDLE_NONE, N: NET_ANY, B: BATTERY_ANY }]
07-13 08:45:46.258 27709 27744 I Finsky  : [30549] SCH: Scheduling phonesky job Id: 34-9909, CT: 1783862458593, Constraints: [{ L: 79199737, D: 1375199737, C: CHARGING_NONE, I: IDLE_NONE, N: NET_ANY, B: BATTERY_ANY }]
07-13 08:45:46.260 27709 27744 I Finsky  : [30549] SCH: Scheduling phonesky job Id: 34-9910, CT: 1783862460303, Constraints: [{ L: 604800000, D: 2591998677, C: CHARGING_NONE, I: IDLE_NONE, N: NET_ANY, B: BATTERY_ANY }]
07-13 08:45:46.268 27709 27743 I Finsky  : [30548] SCH: Scheduling 1 system job(s)
07-13 08:45:46.270 27709 27743 I Finsky  : [30548] SCH: Scheduling system job Id: 9725, L: 9247960, D: 52447960, C: false, I: false, N: 1
07-13 08:45:46.280 27709 29570 I Finsky  : [30639] SCH: job service finished with id 9721.
07-13 08:45:47.183 29328 29429 I TransportRuntime.CctTransportBackend: Status Code: 200
07-13 08:45:47.183 29328 29429 I TransportRuntime.CctTransportBackend: Content-Type: application/json; charset=UTF-8
07-13 08:45:47.183 29328 29429 I TransportRuntime.CctTransportBackend: Content-Encoding: gzip
07-13 08:45:47.275 15671 29372 I NearbyMediums: No BLE Fast/GATT advertisements found in the latest cycle.
07-13 08:45:47.275 15671 29372 I NearbyMediums: Current Tracked Scanning Clients are : {NearbyConnections.EnvironmentMonitor, NearbySharing, NearbyConnections.TxAdvertisement}
07-13 08:45:47.529  3149  3406 I SemWifiServiceDetector: Traff. tracking started
07-13 08:45:47.540   472   472 D io_stats: !@   8,0 r 148141182 3655698992 w 27482429 493638520 d 0 0 f 0 0 iot 28700772 0 th 0 0 0 pt 0 inp 0 0 996498.115
07-13 08:45:47.651 28016 28423 I SCS@AiSearch user 0: (BaseCollector::GALLERY) doesDataKeepChanging: postpone count: 0 - source count: very first = 343, previous = 343, current = 343
07-13 08:45:47.651 28016 28423 I SCS@AiSearch user 0: (BaseCollector::GALLERY) [GALLERY-0] entering in collectChanges():  
07-13 08:45:47.680 28016 28423 I SCS@AiSearch user 0: (BaseCollector::GALLERY) fetchInternal values : maxSyncId: 2147516259 indexCount: 343 sourceCount: 343
07-13 08:45:47.729 28016 28423 I SCS@AiSearch user 0: (IndexManager) [GALLERY-0] entering in addIndex():  
07-13 08:45:47.733 28016 28423 I SCS@AiSearch user 0: (BaseCollector::GALLERY) fetch: fetching took  69 ms
07-13 08:45:47.734 28016 28423 I SCS@AiSearch user 0: (BaseCollector::GALLERY) fetchChanges: applied 0 items
07-13 08:45:47.734 28016 28423 I SCS@AiSearch user 0: (BaseCollector::GALLERY) Collect finished. Result: true
07-13 08:45:47.735 28016 28423 I SCS@AiSearch user 0: (BaseCollector::GALLERY) enqueue ObserverWorker name: com.google.android.providers.media, policy: APPEND_OR_REPLACE
07-13 08:45:47.736 28016 28073 I WM-WorkerWrapper: Worker result SUCCESS for Work [ id=4502f5ae-ae35-4c66-a82d-fcee773eb5f9, tags={ com.google.android.providers.media, com.samsung.android.scs.ai.search.data.collector.ObserverWorker } ]
07-13 08:45:47.784  3149  5210 D PackageManager: setEnabledSetting : userId = 0 packageName = com.samsung.android.scs cmp = androidx.work.impl.background.systemalarm.RescheduleReceiver newState = 1 callingPackage = 10111/com.samsung.android.scs
07-13 08:45:47.785  3149  5210 D ApplicationPolicy: getApplicationStateEnabled : pkg = com.samsung.android.scs userId : 0
07-13 08:45:47.787  3149  5210 D ApplicationPolicy: getApplicationComponentState : pkg = com.samsung.android.scs userId : 0
07-13 08:45:47.973  3149  5210 D CustomizedBinderCallsStatsInternal: reportCpuUsage() : 0%
07-13 08:45:47.975  3149  3178 I BinderCallsStats: Collected cpu time : 0us, collected call count : 0 for 60181 ms
07-13 08:45:47.981  3149  5210 W ProcessCpusetController: Slowdown: pid 25595 is nonexistent
07-13 08:45:47.985  3149  5210 W ProcessCpusetController: Slowdown: pid 25423 is nonexistent
07-13 08:45:47.988  3149  5210 D SGM:GameManager: identifyForegroundApp. com.collectiq.ai.local, mCurrentUserId: 0, callerUserId: 0
07-13 08:45:47.988  3149  5210 D SGM:PkgDataHelper: getGamePkgData(). com.collectiq.ai.local
07-13 08:45:47.988 17410 17451 I PolicyManager: [#CMH#] Is foreground game app: false
07-13 08:45:48.005  3822  3953 D ScanFilter: manu data matches
07-13 08:45:48.005  3822  3953 D BtGatt.GattService: onScanResult to scannerId: 4- eventType=0x1b, addressType=0, address=28AF42_D, primaryPhy=1, secondaryPhy=0, advertisingSid=0xff, txPower=127, rssi=-86, periodicAdvInt=0x0
07-13 08:45:48.031  3149  3406 D SemNscXgbMsL1: Probability - Cloud gaming: [0.049018715]
07-13 08:45:48.032  3149  3406 D SemNscXgbMsL1: Probability - Real time: [0.12874243]
07-13 08:45:48.032  3149  3406 D SemNscXgbMsL1: Probability - Non real time: [0.5780574]
07-13 08:45:48.032  3149  3406 D SemNscXgbMsL1: 1 sample inference time: 1.037269 msecs
07-13 08:45:48.034  3149  3406 D SemNscXgbL2Rt: L2 RT 1 sample inference time: 1.923154 msecs
07-13 08:45:48.036  3149  3406 D SemNscXgbL2Nrt: L2 NRT 1 sample inference time: 1.514192 msecs
07-13 08:45:48.537  3149  3406 D SemNscXgbMsL1: Probability - Cloud gaming: [0.026553793]
07-13 08:45:48.538  3149  3406 D SemNscXgbMsL1: Probability - Real time: [0.2351012]
07-13 08:45:48.538  3149  3406 D SemNscXgbMsL1: Probability - Non real time: [0.55808353]
07-13 08:45:48.538  3149  3406 D SemNscXgbMsL1: 1 sample inference time: 1.265692 msecs
07-13 08:45:48.540  3149  3406 D SemNscXgbL2Rt: L2 RT 1 sample inference time: 2.099615 msecs
07-13 08:45:48.543  3149  3406 D SemNscXgbL2Nrt: L2 NRT 1 sample inference time: 1.725385 msecs
07-13 08:45:49.044  3149  3406 D SemNscXgbMsL1: Probability - Cloud gaming: [0.05664923]
07-13 08:45:49.045  3149  3406 D SemNscXgbMsL1: Probability - Real time: [0.45016062]
07-13 08:45:49.046  3149  3406 D SemNscXgbMsL1: Probability - Non real time: [0.6773283]
07-13 08:45:49.046  3149  3406 D SemNscXgbMsL1: 1 sample inference time: 1.874116 msecs
07-13 08:45:49.048  3149  3406 D SemNscXgbL2Rt: L2 RT 1 sample inference time: 2.102885 msecs
07-13 08:45:49.051  3149  3406 D SemNscXgbL2Nrt: L2 NRT 1 sample inference time: 2.9335 msecs
07-13 08:45:49.100  3149  5449 D SemWifiUsabilityStatsMonitor: onWifiUsabilityStats - seqNum 161753, isSameBssidAndFreq true
07-13 08:45:49.103  3149  3408 I SemWifiLinkQualityMonitor: Link Qos Query: 0.135 ms / 59.252 Mbps (72 / 0.024 / 1.000)
07-13 08:45:49.136 16317 23118 I NearbyMediums: No BLE Fast/GATT advertisements found in the latest cycle.
07-13 08:45:49.136 16317 23118 I NearbyMediums: Current Tracked Scanning Clients are : {NearbyConnections.EnvironmentMonitor, NearbySharing}
07-13 08:45:49.389  5236  5236 I SDHMS:LOAD: type: LoadsFreqs, value: 0:66:62:587600:2600000:520000:1199900:2002000:507000:156:156:156
07-13 08:45:49.541   472   472 D io_stats: !@   8,0 r 148141206 3655699180 w 27482457 493639788 d 0 0 f 0 0 iot 28700796 0 th 0 0 0 pt 0 inp 0 0 996500.115
07-13 08:45:49.552  3149  3406 D SemNscXgbMsL1: Probability - Cloud gaming: [0.026901584]
07-13 08:45:49.552  3149  3406 D SemNscXgbMsL1: Probability - Real time: [0.1641089]
07-13 08:45:49.553  3149  3406 D SemNscXgbMsL1: Probability - Non real time: [0.57285315]
07-13 08:45:49.553  3149  3406 D SemNscXgbMsL1: 1 sample inference time: 1.291615 msecs
07-13 08:45:49.555  3149  3406 D SemNscXgbL2Rt: L2 RT 1 sample inference time: 2.2845 msecs
07-13 08:45:49.558  3149  3406 D SemNscXgbL2Nrt: L2 NRT 1 sample inference time: 2.448538 msecs
07-13 08:45:49.771  4985  5253 D PickerSyncController: syncAllMedia
07-13 08:45:49.771  4985  5253 D PickerSyncController: syncAllMediaFromProvider() LOCAL, auth=com.android.providers.media.photopicker, retry=true
07-13 08:45:49.771  4985  5253 D PickerSyncController: getSyncRequestParams() LOCAL, auth=com.android.providers.media.photopicker
07-13 08:45:49.801  4985  5253 D PickerSyncController:    Latest ID/Gen=1405:78e3ff48-9de1-4021-ab05-debe3e857331:external_primary/569389
07-13 08:45:49.801  4985  5253 D PickerSyncController:    Cached ID/Gen=1405:78e3ff48-9de1-4021-ab05-debe3e857331:external_primary/569382
07-13 08:45:49.801  4985  5253 D PickerSyncController:    RESULT=SyncRequestParams{type=MEDIA_INCREMENTAL, gen=569382, latest=Bundle[{last_media_sync_generation=569389, media_collection_id=1405:78e3ff48-9de1-4021-ab05-debe3e857331:external_primary}]}
