--------- beginning of main
07-13 08:45:05.800 29107 29183 I [SCPMV2][ScspAccountUtil]: get
07-13 08:45:05.800 29107 29183 I [SCPMV2][UserRegistration]: Already user registered.
07-13 08:45:05.800 29107 29183 I [SCPMV2][UserToken]: Get token
07-13 08:45:05.800 29107 29183 I [SCPMV2][ScspAccountUtil]: get
07-13 08:45:05.800 29107 29183 I [SCPMV2][ScspAccountUtil]: get
07-13 08:45:05.801 29107 29183 I [SCPMV2][UserToken]: UserToken is valid
07-13 08:45:05.803 29107 29183 I [SCPMV2][ScspAccountUtil]: get
07-13 08:45:05.803 29107 29183 I [SCPMV2][ScspAccountUtil]: get
07-13 08:45:05.805 29107 29183 I [SCPMV2][DeviceUtil]: getSimMcc
07-13 08:45:05.806 29107 29183 I [SCPMV2][DeviceUtil]: getSimMnc
07-13 08:45:05.807 29107 29183 W System.err: android.content.pm.PackageManager$NameNotFoundException: com.samsung.android.kmxservice
07-13 08:45:05.807 29107 29183 W System.err: 	at android.app.ApplicationPackageManager.getPackageInfoAsUser(ApplicationPackageManager.java:302)
07-13 08:45:05.807 29107 29183 W System.err: 	at android.app.ApplicationPackageManager.getPackageInfo(ApplicationPackageManager.java:262)
07-13 08:45:05.807 29107 29183 W System.err: 	at android.app.ApplicationPackageManager.getPackageInfo(ApplicationPackageManager.java:256)
07-13 08:45:05.807 29107 29183 W System.err: 	at com.samsung.scsp.framework.core.util.DeviceUtil.lambda$getPackageVersionName$16(r8-map-id-e12906a98058fce85aca3f0f58b288657622307e41ae9f509fb7b5c76a8d44d6:10)
07-13 08:45:05.807 29107 29183 W System.err: 	at com.samsung.scsp.framework.core.util.DeviceUtil.r(r8-map-id-e12906a98058fce85aca3f0f58b288657622307e41ae9f509fb7b5c76a8d44d6:1)
07-13 08:45:05.807 29107 29183 W System.err: 	at androidx.constraintlayout.core.state.a.get(r8-map-id-e12906a98058fce85aca3f0f58b288657622307e41ae9f509fb7b5c76a8d44d6:8)
07-13 08:45:05.808 29107 29183 W System.err: 	at com.samsung.scsp.error.FaultBarrier.get(r8-map-id-e12906a98058fce85aca3f0f58b288657622307e41ae9f509fb7b5c76a8d44d6:1)
07-13 08:45:05.808 29107 29183 W System.err: 	at com.samsung.scsp.error.FaultBarrier.get(r8-map-id-e12906a98058fce85aca3f0f58b288657622307e41ae9f509fb7b5c76a8d44d6:4)
07-13 08:45:05.808 29107 29183 W System.err: 	at com.samsung.scsp.framework.core.util.DeviceUtil.getPackageVersionName(r8-map-id-e12906a98058fce85aca3f0f58b288657622307e41ae9f509fb7b5c76a8d44d6:9)
07-13 08:45:05.808 29107 29183 W System.err: 	at com.samsung.scsp.framework.core.util.DeviceUtil.getKmxVersion(r8-map-id-e12906a98058fce85aca3f0f58b288657622307e41ae9f509fb7b5c76a8d44d6:3)
07-13 08:45:05.808 29107 29183 W System.err: 	at com.samsung.scsp.framework.core.ScspUserAgentFactory.get(r8-map-id-e12906a98058fce85aca3f0f58b288657622307e41ae9f509fb7b5c76a8d44d6:13)
07-13 08:45:05.808 29107 29183 W System.err: 	at com.samsung.scsp.framework.core.SContextHolder.<init>(r8-map-id-e12906a98058fce85aca3f0f58b288657622307e41ae9f509fb7b5c76a8d44d6:5)
07-13 08:45:05.808 29107 29183 W System.err: 	at com.samsung.scsp.framework.core.decorator.AbstractDecorator.<init>(r8-map-id-e12906a98058fce85aca3f0f58b288657622307e41ae9f509fb7b5c76a8d44d6:19)
07-13 08:45:05.808 29107 29183 W System.err: 	at com.samsung.scsp.framework.core.decorator.AbstractDecorator.<init>(r8-map-id-e12906a98058fce85aca3f0f58b288657622307e41ae9f509fb7b5c76a8d44d6:1)
07-13 08:45:05.808 29107 29183 W System.err: 	at com.samsung.scsp.pdm.settings.ScspSettings.<init>(r8-map-id-e12906a98058fce85aca3f0f58b288657622307e41ae9f509fb7b5c76a8d44d6:6)
07-13 08:45:05.808 29107 29183 W System.err: 	at d3.e.get(r8-map-id-e12906a98058fce85aca3f0f58b288657622307e41ae9f509fb7b5c76a8d44d6:218)
07-13 08:45:05.808 29107 29183 W System.err: 	at com.samsung.scsp.error.FaultBarrier.get(r8-map-id-e12906a98058fce85aca3f0f58b288657622307e41ae9f509fb7b5c76a8d44d6:1)
07-13 08:45:05.808 29107 29183 W System.err: 	at com.samsung.scsp.error.FaultBarrier.get(r8-map-id-e12906a98058fce85aca3f0f58b288657622307e41ae9f509fb7b5c76a8d44d6:4)
07-13 08:45:05.808 29107 29183 W System.err: 	at com.samsung.scpm.pdm.deviceservice.DeviceServiceWorker.doWork(r8-map-id-e12906a98058fce85aca3f0f58b288657622307e41ae9f509fb7b5c76a8d44d6:12)
07-13 08:45:05.808 29107 29183 W System.err: 	at androidx.work.Worker$1.run(r8-map-id-e12906a98058fce85aca3f0f58b288657622307e41ae9f509fb7b5c76a8d44d6:3)
07-13 08:45:05.808 29107 29183 W System.err: 	at java.util.concurrent.ThreadPoolExecutor.runWorker(ThreadPoolExecutor.java:1137)
07-13 08:45:05.808 29107 29183 W System.err: 	at java.util.concurrent.ThreadPoolExecutor$Worker.run(ThreadPoolExecutor.java:637)
07-13 08:45:05.808 29107 29183 W System.err: 	at java.lang.Thread.run(Thread.java:1012)
07-13 08:45:05.808 29107 29183 I [SCPMV2][DeviceUtil]: One UI version : 5.1.0
07-13 08:45:05.809 29107 29183 I [SCPMV2][ScspSettings]: private com.samsung.scsp.pdm.settings.ScspSettings$SettingsApiControlImpl()
07-13 08:45:05.819 29107 29180 I WM-WorkerWrapper: Worker result SUCCESS for Work [ id=39669cf8-e450-4c6d-b340-e9875dde50dd, tags={ com.samsung.scpm.pdm.deviceservice.DeviceServiceWorker, DeviceServiceWorker_PERIODIC } ]
--------- beginning of system
07-13 08:45:05.838  3149  4530 I ActivityManager: Killing 26792:com.google.android.cellbroadcastreceiver/u0a258 (adj 999): empty #25
07-13 08:45:05.840  3149  4530 D CompatibilityChangeReporter: Compat change id reported: 194532703; UID 5009; state: ENABLED
07-13 08:45:05.858  3149  3181 I libprocessgroup: Successfully killed process cgroup uid 10258 pid 26792 in 17ms
07-13 08:45:05.876  2929  2929 I Zygote  : Process 26792 exited due to signal 9 (Killed)
07-13 08:45:05.945  3149  3406 D SemNscXgbMsL1: Probability - Cloud gaming: [0.051161587]
07-13 08:45:05.946  3149  3406 D SemNscXgbMsL1: Probability - Real time: [0.05021325]
07-13 08:45:05.946  3149  3406 D SemNscXgbMsL1: Probability - Non real time: [0.9786427]
07-13 08:45:05.946  3149  3406 D SemNscXgbMsL1: 1 sample inference time: 1.276116 msecs
07-13 08:45:05.949  3149  3406 D SemNscXgbL2Rt: L2 RT 1 sample inference time: 2.213423 msecs
07-13 08:45:05.951  3149  3406 D SemNscXgbL2Nrt: L2 NRT 1 sample inference time: 1.89623 msecs
07-13 08:45:06.455  3149  3406 D SemNscXgbMsL1: Probability - Cloud gaming: [0.082223356]
07-13 08:45:06.456  3149  3406 D SemNscXgbMsL1: Probability - Real time: [0.065585725]
07-13 08:45:06.456  3149  3406 D SemNscXgbMsL1: Probability - Non real time: [0.94088155]
07-13 08:45:06.456  3149  3406 D SemNscXgbMsL1: 1 sample inference time: 1.801115 msecs
07-13 08:45:06.460  3149  3406 D SemNscXgbL2Rt: L2 RT 1 sample inference time: 3.159538 msecs
07-13 08:45:06.463  3149  3406 D SemNscXgbL2Nrt: L2 NRT 1 sample inference time: 2.743653 msecs
07-13 08:45:06.799  3149  3202 D PowerManagerService: UserActivityStateListenerState: 0
07-13 08:45:06.964  3149  3406 D SemNscXgbMsL1: Probability - Cloud gaming: [0.014992508]
07-13 08:45:06.965  3149  3406 D SemNscXgbMsL1: Probability - Real time: [0.16255958]
07-13 08:45:06.966  3149  3406 D SemNscXgbMsL1: Probability - Non real time: [0.91994566]
07-13 08:45:06.966  3149  3406 D SemNscXgbMsL1: 1 sample inference time: 2.046923 msecs
07-13 08:45:06.970  3149  3406 D SemNscXgbL2Rt: L2 RT 1 sample inference time: 3.602 msecs
07-13 08:45:06.973  3149  3406 D SemNscXgbL2Nrt: L2 NRT 1 sample inference time: 2.800038 msecs
07-13 08:45:07.265 15671 29051 I NearbyMediums: No BLE Fast/GATT advertisements found in the latest cycle.
07-13 08:45:07.265 15671 29051 I NearbyMediums: Current Tracked Scanning Clients are : {NearbyConnections.EnvironmentMonitor, NearbySharing, NearbyConnections.TxAdvertisement}
07-13 08:45:07.306 29163 29301 D ProfileInstaller: Skipping profile installation for com.osp.app.signin
07-13 08:45:07.385  3149  3382 D UsbStatsMonitor: 0 0 0 0 0 0 0 0 0 0 0 0 0 0 0 0 0 0 0 0 0 0 0 0 0 0 0 0 0 0 0 0 0 0 0 0 0 0 0 0 0 0 0 0 0 0 0 0 0 0 61916248539162
07-13 08:45:07.474  3149  3406 D SemNscXgbMsL1: Probability - Cloud gaming: [0.03629628]
07-13 08:45:07.475  3149  3406 D SemNscXgbMsL1: Probability - Real time: [0.51932687]
07-13 08:45:07.476  3149  3406 D SemNscXgbMsL1: Probability - Non real time: [0.8366619]
07-13 08:45:07.476  3149  3406 D SemNscXgbMsL1: 1 sample inference time: 1.800346 msecs
07-13 08:45:07.479  3149  3406 D SemNscXgbL2Rt: L2 RT 1 sample inference time: 3.474654 msecs
07-13 08:45:07.483  3149  3406 D SemNscXgbL2Nrt: L2 NRT 1 sample inference time: 2.995039 msecs
07-13 08:45:07.517   472   472 D io_stats: !@   8,0 r 148135807 3655593696 w 27479521 493623448 d 0 0 f 0 0 iot 28699764 0 th 0 0 0 pt 0 inp 0 0 996458.092
07-13 08:45:07.985  3149  3406 D SemNscXgbMsL1: Probability - Cloud gaming: [0.04102624]
07-13 08:45:07.986  3149  3406 D SemNscXgbMsL1: Probability - Real time: [0.23279239]
07-13 08:45:07.987  3149  3406 D SemNscXgbMsL1: Probability - Non real time: [0.9431101]
07-13 08:45:07.987  3149  3406 D SemNscXgbMsL1: 1 sample inference time: 2.454769 msecs
07-13 08:45:07.991  3149  3406 D SemNscXgbL2Rt: L2 RT 1 sample inference time: 3.414884 msecs
07-13 08:45:07.994  3149  3406 D SemNscXgbL2Nrt: L2 NRT 1 sample inference time: 2.853539 msecs
07-13 08:45:08.450  3149  3406 I SemWifiServiceDetector: Traff. tracking stopped
07-13 08:45:08.759  3149  5449 D SemWifiUsabilityStatsMonitor: onWifiUsabilityStats - seqNum 161740, isSameBssidAndFreq true
07-13 08:45:08.761  3149  3408 I SemWifiLinkQualityMonitor: Link Qos Query: 0.163 ms / 48.989 Mbps (72 / 0.020 / 1.250)
07-13 08:45:08.899  5236  5236 I SDHMS:LOAD: type: LoadsFreqs, value: 0:32:32:671840:2730000:520000:875900:2400000:507000:84:156:0
07-13 08:45:09.127 16317 23118 I NearbyMediums: No BLE Fast/GATT advertisements found in the latest cycle.
07-13 08:45:09.127 16317 23118 I NearbyMediums: Current Tracked Scanning Clients are : {NearbyConnections.EnvironmentMonitor, NearbySharing}
07-13 08:45:09.518   472   472 D io_stats: !@   8,0 r 148135807 3655593696 w 27479522 493623452 d 0 0 f 0 0 iot 28699768 0 th 0 0 0 pt 0 inp 0 0 996460.093
07-13 08:45:09.684  3822  3953 D ScanFilter: manu data matches
07-13 08:45:09.686  3822  3953 D BtGatt.GattService: onScanResult to scannerId: 4- eventType=0x1b, addressType=0, address=28AF42_D, primaryPhy=1, secondaryPhy=0, advertisingSid=0xff, txPower=127, rssi=-87, periodicAdvInt=0x0
07-13 08:45:10.743   685   685 E audit   : type=1400 audit(1783896310.739:691162): avc:  denied  { write } for  pid=16317 comm="ThreadPoolForeg" name="traced_producer" dev="tmpfs" ino=7808 scontext=u:r:gmscore_app:s0:c662,c768 tcontext=u:object_r:traced_producer_socket:s0 tclass=sock_file permissive=0 SEPF_SM-E625F_13_0001 audit_filtered
07-13 08:45:10.743   685   685 E audit   : type=1300 audit(1783896310.739:691162): arch=c00000b7 syscall=203 success=no exit=-13 a0=3f a1=b400007417ffa080 a2=1e a3=ffffffff95bb1b76 items=1 ppid=2929 pid=16317 auid=4294967295 uid=15010228 gid=15010228 euid=15010228 suid=15010228 fsuid=15010228 egid=15010228 sgid=15010228 fsgid=15010228 tty=(none) ses=4294967295 comm="ThreadPoolForeg" exe="/system/bin/app_process64" subj=u:r:gmscore_app:s0:c662,c768 key=(null)
07-13 08:45:10.743   685   685 E audit   : type=1306 audit(1783896310.739:691162): saddr=01002F6465762F736F636B65742F7472616365645F70726F647563657200
07-13 08:45:10.743   685   685 E audit   : type=1302 audit(1783896310.739:691162): item=0 name="/dev/socket/traced_producer" inode=7808 dev=00:11 mode=0140666 ouid=0 ogid=0 rdev=00:00 obj=u:object_r:traced_producer_socket:s0 nametype=NORMAL cap_fp=0000000000000000 cap_fi=0000000000000000 cap_fe=0 cap_fver=0
07-13 08:45:10.743   685   685 E audit   : type=1327 audit(1783896310.739:691162): proctitle="com.google.android.gms.persistent"
07-13 08:45:11.429 23780 23780 I wpa_supplicant: Heartbeat 89212
07-13 08:45:11.520   472   472 D io_stats: !@   8,0 r 148135809 3655593704 w 27479690 493624488 d 0 0 f 0 0 iot 28699780 0 th 0 0 0 pt 0 inp 0 0 996462.095
07-13 08:45:11.899  3149  5449 D SemWifiUsabilityStatsMonitor: onWifiUsabilityStats - seqNum 161741, isSameBssidAndFreq true
07-13 08:45:11.903  3149  3408 I SemWifiLinkQualityMonitor: Link Qos Query: 0.405 ms / 19.743 Mbps (72 / 0.213 / 1.250)
07-13 08:45:11.903  3511  3511 D NetworkController.WifiSignalController: notifyListener: visible=true, connected=true, inetCondition=1, isDefault=true, wifiTestReported=true, receivedInetCondition=-1, hideDuringMobileSwitching=false
07-13 08:45:11.907  3511  3596 D Tile.WifiTile: handleUpdateState isTransient=false transientEnabling =false cb.isTransient=false state.state = 2 mStateBeforeClick.value =false enabled =true
07-13 08:45:12.131 31818 31818 D BoundBrokerSvc: onUnbind: Intent { act=com.google.android.gms.measurement.START pkg=com.google.android.gms }
07-13 08:45:12.139  3149  5203 I ActivityManager: Killing 27813:com.samsung.android.lool/1000 (adj 999): empty #25
07-13 08:45:12.150  3149  3181 I libprocessgroup: Successfully killed process cgroup uid 1000 pid 27813 in 7ms
07-13 08:45:12.201  2929  2929 I Zygote  : Process 27813 exited due to signal 9 (Killed)
07-13 08:45:13.522   472   472 D io_stats: !@   8,0 r 148135809 3655593704 w 27479692 493624524 d 0 0 f 0 0 iot 28699784 0 th 0 0 0 pt 0 inp 0 0 996464.097
07-13 08:45:13.677   489 29162 I keystore2: keystore2::watchdog: Watchdog thread idle -> terminating. Have a great day.
07-13 08:45:13.704  3149  4530 D InputDispatcher: Inject motion (29306/2000): action=0x0, time=996464279000000, f=0x0, d=0 dsdx=1.000000 dtdx=0.000000
07-13 08:45:13.705  3149  3299 I InputDispatcher: Delivering touch to (3511): action: 0x4, f=0x0, d=0, 'a793e53', t=1 
07-13 08:45:13.705  3149  3299 I InputDispatcher: Delivering touch to (28317): action: 0x0, f=0x0, d=0, '22d8395', t=1 
07-13 08:45:13.706  3149  3299 D PowerManagerService: [api] userActivityFromNative :  (event: 2 flags: 0 displayId: 0) eventTime = 996464279
07-13 08:45:13.706  3149  3299 D PowerManagerService: UserActivityStateListenerState: 1
07-13 08:45:13.707 28317 28317 I ViewRootImpl@4cf8fef[MainActivity]: ViewPostIme pointer 0
07-13 08:45:13.711  3149  4530 D InputDispatcher: Inject motion (29306/2000): action=0x1, time=996464279000000, f=0x0, d=0 dsdx=1.000000 dtdx=0.000000
07-13 08:45:13.711  3149  3165 I GestureDetector: obtain mCurrentDownEvent. id: -342037582 caller: com.android.server.wm.SystemGesturesPointerEventListener.onPointerEvent:203 com.android.server.wm.PointerEventDispatcher.onInputEvent:53 android.view.InputEventReceiver.dispatchInputEvent:285 
07-13 08:45:13.711  5236  5236 I SemDvfsHyPerManager: acquire hyper - BaseTABoost/5236@23, type = 1090523139
07-13 08:45:13.712  5236  5236 I SemDvfsHyPerManager: acquire hyper - BaseTAToouchBoost/5236@25, type = 1090523139
07-13 08:45:13.712  3020  3061 I HYPER-HAL: [RequestManager.cpp]acquire(): Acquired ID : 13831193  [5236 / 23]    HINT :      list : [TABoost / 5] 
07-13 08:45:13.712  3020  3061 I HYPER-HAL: [RequestManager.cpp]acquire(): Acquired ID : 13841716  [5236 / 25]    HINT :      list : [TABoost / 20] [TIMEOUT / 1500] 
07-13 08:45:13.712  3149  3165 I GestureDetector: obtain mCurrentDownEvent. id: -342037582 caller: com.android.server.wm.SystemPerformancePointerEventListener.onPointerEvent:89 com.android.server.wm.PointerEventDispatcher.onInputEvent:53 android.view.InputEventReceiver.dispatchInputEvent:285 
07-13 08:45:13.713  3149  3299 I InputDispatcher: Delivering touch to (28317): action: 0x1, f=0x0, d=0, '22d8395', t=1 
07-13 08:45:13.713  3149  3165 I GestureDetector: obtain mCurrentMotionEventRaw. action: 1 id: -563848459
07-13 08:45:13.713  3149  3165 I GestureDetector: obtain mCurrentMotionEventRaw. action: 1 id: -563848459
07-13 08:45:13.721 28317 28317 I ViewRootImpl@4cf8fef[MainActivity]: ViewPostIme pointer 1
07-13 08:45:13.994 28317 28317 I DecorView: notifyKeepScreenOnChanged: keepScreenOn=false
07-13 08:45:13.996 28317 28317 I ViewRootImpl@4cf8fef[MainActivity]: performTraversals mFirst=false windowShouldResize=false viewVisibilityChanged=false mForceNextWindowRelayout=false params={(0,0)(fillxfill) sim={adjust=resize} ty=BASE_APPLICATION fmt=TRANSLUCENT wanim=0x1030001
07-13 08:45:13.996 28317 28317 I ViewRootImpl@4cf8fef[MainActivity]:   fl=81810100
07-13 08:45:13.996 28317 28317 I ViewRootImpl@4cf8fef[MainActivity]:   pfl=12020040
07-13 08:45:13.996 28317 28317 I ViewRootImpl@4cf8fef[MainActivity]:   vsysui=2500
07-13 08:45:13.996 28317 28317 I ViewRootImpl@4cf8fef[MainActivity]:   apr=LIGHT_STATUS_BARS
07-13 08:45:13.996 28317 28317 I ViewRootImpl@4cf8fef[MainActivity]:   bhv=DEFAULT
07-13 08:45:13.996 28317 28317 I ViewRootImpl@4cf8fef[MainActivity]:   fitSides= naviIconColor=0}
07-13 08:45:13.996  3149  4530 V WindowManager: Relayout Window{22d8395 u0 com.collectiq.ai.local/com.collectiq.ai.MainActivity}: viewVisibility=0 req=1080x2400 d0
07-13 08:45:13.997  3149  4530 D WindowManager: updateSystemBarAttributes: displayId=0, win=Window{22d8395 u0 com.collectiq.ai.local/com.collectiq.ai.MainActivity}, navColorWin=Window{22d8395 u0 com.collectiq.ai.local/com.collectiq.ai.MainActivity}, focusedCanBeNavColorWin=false, behavior=1, appearance=8, statusBarAppearanceRegions=[AppearanceRegion{LIGHT_STATUS_BARS bounds=[0,0][1080,2400]}], requestedVisibilities=, from=com.android.server.wm.DisplayPolicy.finishPostLayoutPolicyLw:2527 com.android.server.wm.DisplayContent.applySurfaceChangesTransaction:5713 com.android.server.wm.RootWindowContainer.applySurfaceChangesTransaction:1234 
07-13 08:45:13.999  3511  3511 D SamsungLightBarControlHelper: onStatusBarAppearanceChanged() -  sbModeChanged:false, statusBarMode:MODE_TRANSPARENT, barState:SHADE, isKeyguardShowing:false, navbarColorManagedByIme:false, stackAppearancesChanged:true, (AppearanceRegion{LIGHT_STATUS_BARS bounds=[0,0][1080,2400]}, ), packageName:com.collectiq.ai.local
07-13 08:45:13.999  3511  3511 D NavigationBar: onSystemBarAttributesChanged() -  displayId:0, appearance:8, packageName: com.collectiq.ai.local (APPEARANCE_LIGHT_STATUS_BARS ), navbarColorManagedByIme:false
07-13 08:45:14.002  3149  4530 V WindowManager: Relayout hash=22d8395, pid=28317, syncId=-1: mAttrs={(0,0)(fillxfill) sim={adjust=resize} ty=BASE_APPLICATION fmt=TRANSLUCENT wanim=0x1030001
07-13 08:45:14.002  3149  4530 V WindowManager:   fl=81810100
07-13 08:45:14.002  3149  4530 V WindowManager:   pfl=12020040
07-13 08:45:14.002  3149  4530 V WindowManager:   vsysui=2500
07-13 08:45:14.002  3149  4530 V WindowManager:   apr=LIGHT_STATUS_BARS
07-13 08:45:14.002  3149  4530 V WindowManager:   bhv=DEFAULT
07-13 08:45:14.002  3149  4530 V WindowManager:   fitSides= naviIconColor=0}
07-13 08:45:14.003  3511  3511 D SamsungLightBarControlHelper: updateStatus(BLACK icon) NumStacks:1, StatusBarMode:MODE_TRANSPARENT, lightBarBounds:[Rect(0, 0 - 1080, 2400)], StatusBarState:SHADE, packageName:com.collectiq.ai.local, isWhiteKeyguardStatusBarBySettings:false
07-13 08:45:14.004 28317 28317 I ViewRootImpl@4cf8fef[MainActivity]: updateBlastSurfaceIfNeeded mBlastBufferQueue=0xb4000074e7f644b0 isSameSurfaceControl=true
07-13 08:45:14.004 28317 28317 I BLASTBufferQueue: update, w= 1080 h= 2400 mName = ViewRootImpl@4cf8fef[MainActivity] mNativeObject= 0xb4000074e7f644b0 sc.mNativeObject= 0xb400007477f73980 format= -3 caller= android.view.ViewRootImpl.updateBlastSurfaceIfNeeded:2898 android.view.ViewRootImpl.relayoutWindow:9847 android.view.ViewRootImpl.performTraversals:3884 android.view.ViewRootImpl.doTraversal:3116 android.view.ViewRootImpl$TraversalRunnable.run:10885 android.view.Choreographer$CallbackRecord.run:1301 
07-13 08:45:14.004 28317 28317 I ViewRootImpl@4cf8fef[MainActivity]: Relayout returned: old=(0,0,1080,2400) new=(0,0,1080,2400) req=(1080,2400)0 dur=8 res=0x0 s={true 0xb400007577f9e940} ch=false seqId=0
07-13 08:45:14.005 28317 28317 D FlutterJNI: Sending viewport metrics to the engine.
07-13 08:45:14.010  3149  3165 I GestureDetector: handleMessage TAP
07-13 08:45:14.013  3149  3149 I GestureDetector: handleMessage TAP
07-13 08:45:14.020  3511  3511 I ViewRootImpl@50f5c5d[NotificationShade]: performTraversals mFirst=false windowShouldResize=false viewVisibilityChanged=false mForceNextWindowRelayout=false params={(0,0)(fillxfill) gr=TOP CENTER_VERTICAL sim={adjust=resize} layoutInDisplayCutoutMode=always ty=NOTIFICATION_SHADE fmt=TRANSLUCENT
07-13 08:45:14.020  3511  3511 I ViewRootImpl@50f5c5d[NotificationShade]:   fl=81840048
07-13 08:45:14.020  3511  3511 I ViewRootImpl@50f5c5d[NotificationShade]:   pfl=1b000000
07-13 08:45:14.020  3511  3511 I ViewRootImpl@50f5c5d[NotificationShade]:   vsysui=2000
07-13 08:45:14.020  3511  3511 I ViewRootImpl@50f5c5d[NotificationShade]:   apr=LIGHT_STATUS_BARS
07-13 08:45:14.020  3511  3511 I ViewRootImpl@50f5c5d[NotificationShade]:   bhv=SHOW_TRANSIENT_BARS_BY_SWIPE
07-13 08:45:14.020  3511  3511 I ViewRootImpl@50f5c5d[NotificationShade]:  dimAmount=0.0 naviIconColor=0
07-13 08:45:14.020  3511  3511 I ViewRootImpl@50f5c5d[NotificationShade]:   sfl=40000}
07-13 08:45:14.021  3149  4530 V WindowManager: Relayout Window{50beffe u0 NotificationShade}: viewVisibility=4 req=1080x2400 d0
07-13 08:45:14.026  3149  4530 V WindowManager: Relayout hash=50beffe, pid=3511, syncId=-1: mAttrs={(0,0)(fillxfill) gr=TOP CENTER_VERTICAL sim={adjust=resize} layoutInDisplayCutoutMode=always ty=NOTIFICATION_SHADE fmt=TRANSLUCENT
07-13 08:45:14.026  3149  4530 V WindowManager:   fl=81840048
07-13 08:45:14.026  3149  4530 V WindowManager:   pfl=1b000000
07-13 08:45:14.026  3149  4530 V WindowManager:   vsysui=2000
07-13 08:45:14.026  3149  4530 V WindowManager:   apr=LIGHT_STATUS_BARS
07-13 08:45:14.026  3149  4530 V WindowManager:   bhv=SHOW_TRANSIENT_BARS_BY_SWIPE
07-13 08:45:14.026  3149  4530 V WindowManager:  dimAmount=0.0 naviIconColor=0
07-13 08:45:14.026  3149  4530 V WindowManager:   sfl=40000}
07-13 08:45:14.029  3511  3511 I ViewRootImpl@50f5c5d[NotificationShade]: Relayout returned: old=(0,0,1080,2400) new=(0,0,1080,2400) req=(1080,2400)4 dur=9 res=0x0 s={false 0x0} ch=false seqId=35
07-13 08:45:14.041  3511  3511 I FaceWidgetPositionAlgorithm: getClockContainerHeight() supplier = 290, bottom margin = 0, real height = 358
07-13 08:45:14.042  3511  3511 I FaceWidgetPositionAlgorithm: getClockContainerHeight() supplier = 290, bottom margin = 68, real height = 358
07-13 08:45:14.042  3511  3511 I FaceWidgetPositionAlgorithm: getMediaContainerHeight() height = 0 container Visibility = 8, isValid = false, mIsDozing = false, fraction = 1.0, source = 0, target = 0
07-13 08:45:14.042  3511  3511 I FaceWidgetPositionAlgorithm: getMediaContainerHeight() supplier = 0
07-13 08:45:14.045  3511  3511 I ResourceType: [SWT] Success lookup value directly, data = 0x010607cc
07-13 08:45:14.045  3511  3511 I ResourceType: [SWT] Success lookup value directly, data = 0x010607cc
07-13 08:45:14.046  3511  3511 I ResourceType: [SWT] Success lookup value directly, data = 0x010607cc
07-13 08:45:14.046  3511  3511 I ResourceType: [SWT] Success lookup value directly, data = 0x010607cc
07-13 08:45:14.046  3511  3511 I ResourceType: [SWT] Success lookup value directly, data = 0x010607cc
07-13 08:45:14.990  3149  5449 D SemWifiUsabilityStatsMonitor: onWifiUsabilityStats - seqNum 161742, isSameBssidAndFreq true
07-13 08:45:14.992  3149  3408 I SemWifiLinkQualityMonitor: Link Qos Query: 0.206 ms / 38.876 Mbps (72 / 0.054 / 1.250)
07-13 08:45:15.213  3020 29309 I HYPER-HAL: [RequestManager.cpp]releaseLocked(): Released ID : 13841716
07-13 08:45:15.523   472   472 D io_stats: !@   8,0 r 148135820 3655594000 w 27479692 493624524 d 0 0 f 0 0 iot 28699788 0 th 0 0 0 pt 0 inp 0 0 996466.098
07-13 08:45:16.709  3149  3202 D PowerManagerService: UserActivityStateListenerState: 0
07-13 08:45:17.267 15671 29051 I NearbyMediums: No BLE Fast/GATT advertisements found in the latest cycle.
07-13 08:45:17.267 15671 29051 I NearbyMediums: Current Tracked Scanning Clients are : {NearbyConnections.EnvironmentMonitor, NearbySharing, NearbyConnections.TxAdvertisement}
07-13 08:45:17.523   472   472 D io_stats: !@   8,0 r 148135832 3655594160 w 27479737 493624724 d 0 0 f 0 0 iot 28699808 0 th 0 0 0 pt 0 inp 0 0 996468.098
07-13 08:45:18.070  3149  5449 D SemWifiUsabilityStatsMonitor: onWifiUsabilityStats - seqNum 161743, isSameBssidAndFreq true
07-13 08:45:18.072  3149  3408 I SemWifiLinkQualityMonitor: Link Qos Query: 0.409 ms / 19.565 Mbps (72 / 0.216 / 1.250)
07-13 08:45:19.023  5236  5236 I SDHMS:LOAD: type: LoadsFreqs, value: 0:36:34:728679:2530000:520000:765179:2314000:507000:136:377:0
07-13 08:45:19.129 16317 23118 I NearbyMediums: No BLE Fast/GATT advertisements found in the latest cycle.
07-13 08:45:19.129 16317 23118 I NearbyMediums: Current Tracked Scanning Clients are : {NearbyConnections.EnvironmentMonitor, NearbySharing}
07-13 08:45:19.282  3822  3953 D ScanFilter: manu data matches
07-13 08:45:19.283  3822  3953 D BtGatt.GattService: onScanResult to scannerId: 4- eventType=0x1b, addressType=0, address=28AF42_D, primaryPhy=1, secondaryPhy=0, advertisingSid=0xff, txPower=127, rssi=-87, periodicAdvInt=0x0
07-13 08:45:20.420  6542  6542 E ShortTaskWorker: createWork ShortTaskWorker Called
07-13 08:45:20.432  6542  6907 I WM-WorkerWrapper: Worker result SUCCESS for Work [ id=e5b7c140-c1a2-4c27-a71a-c997e20b541d, tags={ com.samsung.discover.data.workManager.ShortTaskWorker, short_task } ]
07-13 08:45:20.949  3149  3367 W DeviceStorageMonitorService: updateBroadcasts(/data) oldLevel:0, newLevel:0, seq:1
07-13 08:45:20.951  3149  3367 D DeviceStorageMonitorService: Available File Node Number is [13067109]
07-13 08:45:20.951  3149  3367 W DeviceStorageMonitorService: updateBroadcasts_filenode(/data) fn_oldLevel:0, fn_newLevel:0, seq:1
07-13 08:45:21.199  3149  5449 D SemWifiUsabilityStatsMonitor: onWifiUsabilityStats - seqNum 161744, isSameBssidAndFreq true
07-13 08:45:21.202  3149  3408 I SemWifiLinkQualityMonitor: Link Qos query: inf. ms / 0 Mbps
07-13 08:45:21.264  3149  3170 E Watchdog: !@Sync: 25300 heap: 159 / 172 FD: 1202 objects: 3259278 WaitTime: 0.000 GCcnt: 0 FullGC: 0 [2026-07-13 08:45:21.261] softdog disabled
07-13 08:45:21.423  3149  3269 D ActivityTaskManager: SafeActivityOptions created, mOriginalCallingPid=3149, mOriginalCallingUid=1000, options=ActivityOptions(37845312), mPackageName=null, mAnimationType=-1, mStartX=0, mStartY=0, mWidth=0, mHeight=0, caller=com.android.server.am.PendingIntentRecord.sendInner:486 com.android.server.am.ActivityManagerService.sendIntentSender:6624 com.android.server.am.ActivityManagerService.sendIntentSender:6613 android.app.PendingIntent.sendAndReturnResult:1029 android.app.PendingIntent.send:1000 com.android.server.alarm.AlarmManagerService$DeliveryTracker.deliverLocked:6377 com.android.server.alarm.AlarmManagerService.deliverAlarmsLocked:5218 
07-13 08:45:21.430  3149  3269 D ActivityManager: Received BROADCAST intent 0x59f1926 Key{broadcastIntent pkg=com.sec.android.app.launcher intent=act=com.samsung.action.EVERY_MINUTE_CLOCK_UPDATE flags=0x4000000 u=0} requestCode=0 sent=0 from uid 1000
07-13 08:45:21.431 13347 13347 I LiveIconUpdateEventHandler: onReceive: Intent { act=com.samsung.action.EVERY_MINUTE_CLOCK_UPDATE flg=0x10 }
07-13 08:45:21.431 13347 13347 I LiveIconUpdateEventHandler: onReceive: com.samsung.action.EVERY_MINUTE_CLOCK_UPDATE
07-13 08:45:21.431  3149  3269 D ActivityTaskManager: SafeActivityOptions created, mOriginalCallingPid=3149, mOriginalCallingUid=1000, options=ActivityOptions(237457854), mPackageName=null, mAnimationType=-1, mStartX=0, mStartY=0, mWidth=0, mHeight=0, caller=com.android.server.am.PendingIntentRecord.sendInner:486 com.android.server.am.ActivityManagerService.sendIntentSender:6624 com.android.server.am.ActivityManagerService.sendIntentSender:6613 android.app.PendingIntent.sendAndReturnResult:1029 android.app.PendingIntent.send:1000 com.android.server.alarm.AlarmManagerService$DeliveryTracker.deliverLocked:6377 com.android.server.alarm.AlarmManagerService.deliverAlarmsLocked:5218 
07-13 08:45:21.433 13347 13388 I LiveIconUpdateEventHandler: LiveIcon DateChanged
07-13 08:45:21.434 13347 13388 I LiveIconUpdateEventHandler: updateLiveIcon type:0
07-13 08:45:21.434 13347 13388 I LiveIconViewUpdater: onUpdateLiveIcon - id : 25, itemType : 0
07-13 08:45:21.434 13347 13388 I LiveIconViewUpdater: onUpdateLiveIcon - id : 76, itemType : 0
07-13 08:45:21.437 23780 23780 I wpa_supplicant: Heartbeat 89213
07-13 08:45:21.442 13347 13388 I LiveIconUpdateEventHandler: cancelMinuteChangeAlarm
07-13 08:45:21.443 13347 13385 I LauncherActivityInfo: Trying to load live icon for com.sec.android.app.clockpackage
07-13 08:45:21.446  3149  3185 W libprocessgroup: Failed to open /dev/blkio//cgroup.procs: No such file or directory
07-13 08:45:21.448  3149  3269 D ActivityManager: Received SERVICE intent 0xdf9357 Key{startService pkg=com.google.android.gms/com.google.android.gms.core intent=act=com.google.android.gms.common.operation.LOG_CORE_ANALYTICS cat=[targeted_intent_op_prefix:.common.analytics.CoreAnalyticsIntentOperation] pkg=com.google.android.gms cmp=com.google.android.gms/.chimera.GmsIntentOperationService flags=0x2000000 u=0} requestCode=8 from uid 1000
07-13 08:45:21.448  3149  3269 D ActivityTaskManager: SafeActivityOptions created, mOriginalCallingPid=3149, mOriginalCallingUid=1000, options=ActivityOptions(258271596), mPackageName=null, mAnimationType=-1, mStartX=0, mStartY=0, mWidth=0, mHeight=0, caller=com.android.server.am.PendingIntentRecord.sendInner:486 com.android.server.am.ActivityManagerService.sendIntentSender:6624 com.android.server.am.ActivityManagerService.sendIntentSender:6613 android.app.PendingIntent.sendAndReturnResult:1029 android.app.PendingIntent.send:1000 com.android.server.alarm.AlarmManagerService$DeliveryTracker.deliverLocked:6377 com.android.server.alarm.AlarmManagerService.deliverAlarmsLocked:5218 
07-13 08:45:21.457  3149  3269 D CompatibilityChangeReporter: Compat change id reported: 135634846; UID 15010228; state: DISABLED
07-13 08:45:21.457  3149  3269 D CompatibilityChangeReporter: Compat change id reported: 177438394; UID 15010228; state: DISABLED
07-13 08:45:21.457  3149  3269 D CompatibilityChangeReporter: Compat change id reported: 135772972; UID 15010228; state: DISABLED
07-13 08:45:21.457  3149  3269 D CompatibilityChangeReporter: Compat change id reported: 135754954; UID 15010228; state: ENABLED
07-13 08:45:21.458  3149  3269 D ActivityManager: Received SERVICE intent 0xd4a3362 Key{startService pkg=com.google.android.gms/com.google.android.gms.core intent=act=com.google.android.gms.common.operation.LOG_CORE_ANALYTICS cat=[targeted_intent_op_prefix:.common.analytics.CoreAnalyticsIntentOperation] pkg=com.google.android.gms cmp=com.google.android.gms/.chimera.GmsIntentOperationService flags=0x2000000 u=150} requestCode=8 from uid 1000
07-13 08:45:21.458  3149  3180 D CompatibilityChangeReporter: Compat change id reported: 143937733; UID 15010228; state: ENABLED
07-13 08:45:21.462  2929  2929 W Zygote  : forkRepeatedly terminated due to non-simple command
07-13 08:45:21.462  2929  2929 D Zygote  : mbuffer starts with 17, nice name is , mEnd = 1003, mNext = 36, mLinesLeft = 15, mFd = 63
07-13 08:45:21.463 13347 13388 I LiveIconUpdateEventHandler: setMinuteChangeAlarm Mon Jul 13 08:46:00 GMT+10:00 2026
07-13 08:45:21.470  3149  3149 D CompatibilityChangeReporter: Compat change id reported: 135634846; UID 10247; state: DISABLED
07-13 08:45:21.471  3149  3149 D CompatibilityChangeReporter: Compat change id reported: 177438394; UID 10247; state: DISABLED
07-13 08:45:21.471  3149  3149 D CompatibilityChangeReporter: Compat change id reported: 135772972; UID 10247; state: DISABLED
07-13 08:45:21.471  3149  3149 D CompatibilityChangeReporter: Compat change id reported: 135754954; UID 10247; state: ENABLED
07-13 08:45:21.486 13347 13385 I LiveIconUtil: getLiveIcon was called in ClockPackage
07-13 08:45:21.488 13347 13385 I LiveIconUtil: getLiveIcon res = com.sec.android.app.clockpackage
07-13 08:45:21.489 13347 13385 I LiveIconUtil: stdIconSize : 135 , targetIconSize : 163
07-13 08:45:21.489 13347 13385 I LiveIconUtil: mIconDpi : 640 , mTargetIconDpi : 450
07-13 08:45:21.499  2929  2929 I Zygote  : Entering forkRepeatedly native zygote loop
07-13 08:45:21.510 15671 15671 D BoundBrokerSvc: onRebind: Intent { act=com.google.android.gms.libs.gmscorelogger.service.START dat=chimera-action:/... cmp=com.google.android.gms/.chimera.PersistentDirectBootAwareApiService }
07-13 08:45:21.515  2929  2929 D Zygote  : Forked child process 29326
07-13 08:45:21.516  3149  3180 W ActivityManager: Slow operation: 60ms so far, now at startProcess: returned from zygote!
07-13 08:45:21.516  3149  3180 W ActivityManager: Slow operation: 60ms so far, now at startProcess: done updating battery stats
07-13 08:45:21.516  3149  3180 W ActivityManager: Slow operation: 60ms so far, now at startProcess: building log message
07-13 08:45:21.517  3149  3180 I ActivityManager: Start proc 29326:com.google.android.gms/u150a228 for service {com.google.android.gms/com.google.android.gms.chimera.GmsIntentOperationService}
07-13 08:45:21.517  3149  3180 W ActivityManager: Slow operation: 61ms so far, now at startProcess: starting to update pids map
07-13 08:45:21.517  3149  3180 W ActivityManager: Slow operation: 61ms so far, now at startProcess: done updating pids map
07-13 08:45:21.517  3149  3180 D CompatibilityChangeReporter: Compat change id reported: 143937733; UID 10247; state: ENABLED
07-13 08:45:21.527   472   472 D io_stats: !@   8,0 r 148136062 3655602076 w 27479737 493624724 d 0 0 f 0 0 iot 28699848 0 th 0 0 0 pt 0 inp 0 0 996472.102
07-13 08:45:21.535  2929  2929 D Zygote  : Forked child process 29328
07-13 08:45:21.538 29326 29326 I gle.android.gms: Using CollectorTypeCC GC.
07-13 08:45:21.539  3149  3180 W ActivityManager: Slow operation: 69ms so far, now at startProcess: returned from zygote!
07-13 08:45:21.541  3149  3180 W ActivityManager: Slow operation: 71ms so far, now at startProcess: done updating battery stats
07-13 08:45:21.541  3149  3180 W ActivityManager: Slow operation: 71ms so far, now at startProcess: building log message
07-13 08:45:21.541  3149  3180 I ActivityManager: Start proc 29328:com.aura.oobe.samsung/u0a247 for service {com.aura.oobe.samsung/com.ironsource.aura.sdk.utils.daily_task.DailyAppTasksJobService}
07-13 08:45:21.541  3149  3180 W ActivityManager: Slow operation: 71ms so far, now at startProcess: starting to update pids map
07-13 08:45:21.542  3149  3180 W ActivityManager: Slow operation: 72ms so far, now at startProcess: done updating pids map
07-13 08:45:21.543 13347 13385 I AppIconSolution: load= live icon for com.sec.android.app.clockpackage, from overlay = false
07-13 08:45:21.546 13347 13385 I LauncherActivityInfo: packageName: com.sec.android.app.clockpackage, useThemeIcon: false, height: 288, width: 288, density: 640
07-13 08:45:21.548 29326 29326 E gle.android.gms: Not starting debugger since process cannot load the jdwp agent.
07-13 08:45:21.555 29328 29328 I ra.oobe.samsung: Using CollectorTypeCC GC.
07-13 08:45:21.561 29326 29326 D ActivityThread: setConscryptValidator
07-13 08:45:21.561 29326 29326 D ActivityThread: setConscryptValidator - put
07-13 08:45:21.564 29328 29328 E ra.oobe.samsung: Not starting debugger since process cannot load the jdwp agent.
07-13 08:45:21.567  3149  3483 I ActivityManager: DSS OFF for com.google.android.gms
07-13 08:45:21.573 29328 29328 D ActivityThread: setConscryptValidator
07-13 08:45:21.573 29328 29328 D ActivityThread: setConscryptValidator - put
07-13 08:45:21.579  3149  5210 I ActivityManager: DSS OFF for com.aura.oobe.samsung
07-13 08:45:21.581 29326 29326 D CompatibilityChangeReporter: Compat change id reported: 171979766; UID 15010228; state: ENABLED
07-13 08:45:21.586 29326 29326 D nativeloader: Configuring classloader-namespace for other apk /system/framework/org.apache.http.legacy.jar. target_sdk_version=37, uses_libraries=ALL, library_path=/data/app/~~wA5c4C0UY4D3eUvF4JhJSg==/com.google.android.gms-pzAJpcY_MiRxOTzd7Ifxzg==/lib/arm64:/data/app/~~wA5c4C0UY4D3eUvF4JhJSg==/com.google.android.gms-pzAJpcY_MiRxOTzd7Ifxzg==/base.apk!/lib/arm64-v8a, permitted_path=/data:/mnt/expand:/data/user/150/com.google.android.gms
07-13 08:45:21.586 29326 29326 D nativeloader: Extending system_exposed_libraries: libneural.snap.samsung.so:libsnap_aidl.snap.samsung.so:libSEF.quram.so:libimagecodec.quram.so:libagifencoder.quram.so:libheifcapture_jni.media.samsung.so:libjpegsq.media.samsung.so:libslljpeg.media.samsung.so:libsemimagecrop_jni.media.samsung.so:libsimba.media.samsung.so:libapex_jni.media.samsung.so:libsume_mediabuffer_jni.media.samsung.so:libhumantracking.arcsoft.so:libPortraitDistortionCorrection.arcsoft.so:libPortraitDistortionCorrectionCali.arcsoft.so:libface_landmark.arcsoft.so:libFacialStickerEngine.arcsoft.so:libveengine.arcsoft.so:libhigh_res.arcsoft.so:libimage_enhancement.arcsoft.so:liblow_light_hdr.arcsoft.so:libhigh_dynamic_range.arcsoft.so:libFacialAttributeDetection.arcsoft.so:libBeauty_v4.camera.samsung.so:libexifa.camera.samsung.so:libjpega.camera.samsung.so:libOpenCv.camera.samsung.so:libImageScreener.camera.samsung.so:libMyFilter.camera.samsung.so:libtflite2.myfilters.camera.samsung.so:libEventFinder.camera.samsung.so:libHIDTSnapJNI.camera.samsung.so:libS
07-13 08:45:21.589 29326 29326 W ziparchive: Unable to open '/system_ext/framework/org.carconnectivity.android.digitalkey.timesync.dm': No such file or directory
07-13 08:45:21.589 29326 29326 W ziparchive: Unable to open '/system_ext/framework/org.carconnectivity.android.digitalkey.timesync.dm': No such file or directory
07-13 08:45:21.590 29326 29326 D nativeloader: Configuring classloader-namespace for other apk /system_ext/framework/org.carconnectivity.android.digitalkey.timesync.jar. target_sdk_version=37, uses_libraries=ALL, library_path=/data/app/~~wA5c4C0UY4D3eUvF4JhJSg==/com.google.android.gms-pzAJpcY_MiRxOTzd7Ifxzg==/lib/arm64:/data/app/~~wA5c4C0UY4D3eUvF4JhJSg==/com.google.android.gms-pzAJpcY_MiRxOTzd7Ifxzg==/base.apk!/lib/arm64-v8a, permitted_path=/data:/mnt/expand:/data/user/150/com.google.android.gms
07-13 08:45:21.590 29326 29326 D nativeloader: Extending system_exposed_libraries: libneural.snap.samsung.so:libsnap_aidl.snap.samsung.so:libSEF.quram.so:libimagecodec.quram.so:libagifencoder.quram.so:libheifcapture_jni.media.samsung.so:libjpegsq.media.samsung.so:libslljpeg.media.samsung.so:libsemimagecrop_jni.media.samsung.so:libsimba.media.samsung.so:libapex_jni.media.samsung.so:libsume_mediabuffer_jni.media.samsung.so:libhumantracking.arcsoft.so:libPortraitDistortionCorrection.arcsoft.so:libPortraitDistortionCorrectionCali.arcsoft.so:libface_landmark.arcsoft.so:libFacialStickerEngine.arcsoft.so:libveengine.arcsoft.so:libhigh_res.arcsoft.so:libimage_enhancement.arcsoft.so:liblow_light_hdr.arcsoft.so:libhigh_dynamic_range.arcsoft.so:libFacialAttributeDetection.arcsoft.so:libBeauty_v4.camera.samsung.so:libexifa.camera.samsung.so:libjpega.camera.samsung.so:libOpenCv.camera.samsung.so:libImageScreener.camera.samsung.so:libMyFilter.camera.samsung.so:libtflite2.myfilters.camera.samsung.so:libEventFinder.camera.samsung.so:libHIDTSnapJNI.camera.samsung.so:libS
07-13 08:45:21.592 29328 29328 D CompatibilityChangeReporter: Compat change id reported: 171979766; UID 10247; state: ENABLED
07-13 08:45:21.595 29326 29326 D nativeloader: Configuring classloader-namespace for other apk /system/framework/com.android.location.provider.jar. target_sdk_version=37, uses_libraries=ALL, library_path=/data/app/~~wA5c4C0UY4D3eUvF4JhJSg==/com.google.android.gms-pzAJpcY_MiRxOTzd7Ifxzg==/lib/arm64:/data/app/~~wA5c4C0UY4D3eUvF4JhJSg==/com.google.android.gms-pzAJpcY_MiRxOTzd7Ifxzg==/base.apk!/lib/arm64-v8a, permitted_path=/data:/mnt/expand:/data/user/150/com.google.android.gms
07-13 08:45:21.595 29326 29326 D nativeloader: Extending system_exposed_libraries: libneural.snap.samsung.so:libsnap_aidl.snap.samsung.so:libSEF.quram.so:libimagecodec.quram.so:libagifencoder.quram.so:libheifcapture_jni.media.samsung.so:libjpegsq.media.samsung.so:libslljpeg.media.samsung.so:libsemimagecrop_jni.media.samsung.so:libsimba.media.samsung.so:libapex_jni.media.samsung.so:libsume_mediabuffer_jni.media.samsung.so:libhumantracking.arcsoft.so:libPortraitDistortionCorrection.arcsoft.so:libPortraitDistortionCorrectionCali.arcsoft.so:libface_landmark.arcsoft.so:libFacialStickerEngine.arcsoft.so:libveengine.arcsoft.so:libhigh_res.arcsoft.so:libimage_enhancement.arcsoft.so:liblow_light_hdr.arcsoft.so:libhigh_dynamic_range.arcsoft.so:libFacialAttributeDetection.arcsoft.so:libBeauty_v4.camera.samsung.so:libexifa.camera.samsung.so:libjpega.camera.samsung.so:libOpenCv.camera.samsung.so:libImageScreener.camera.samsung.so:libMyFilter.camera.samsung.so:libtflite2.myfilters.camera.samsung.so:libEventFinder.camera.samsung.so:libHIDTSnapJNI.camera.samsung.so:libS
07-13 08:45:21.600 29326 29326 D nativeloader: Configuring classloader-namespace for other apk /system/framework/com.android.media.remotedisplay.jar. target_sdk_version=37, uses_libraries=ALL, library_path=/data/app/~~wA5c4C0UY4D3eUvF4JhJSg==/com.google.android.gms-pzAJpcY_MiRxOTzd7Ifxzg==/lib/arm64:/data/app/~~wA5c4C0UY4D3eUvF4JhJSg==/com.google.android.gms-pzAJpcY_MiRxOTzd7Ifxzg==/base.apk!/lib/arm64-v8a, permitted_path=/data:/mnt/expand:/data/user/150/com.google.android.gms
07-13 08:45:21.600 29326 29326 D nativeloader: Extending system_exposed_libraries: libneural.snap.samsung.so:libsnap_aidl.snap.samsung.so:libSEF.quram.so:libimagecodec.quram.so:libagifencoder.quram.so:libheifcapture_jni.media.samsung.so:libjpegsq.media.samsung.so:libslljpeg.media.samsung.so:libsemimagecrop_jni.media.samsung.so:libsimba.media.samsung.so:libapex_jni.media.samsung.so:libsume_mediabuffer_jni.media.samsung.so:libhumantracking.arcsoft.so:libPortraitDistortionCorrection.arcsoft.so:libPortraitDistortionCorrectionCali.arcsoft.so:libface_landmark.arcsoft.so:libFacialStickerEngine.arcsoft.so:libveengine.arcsoft.so:libhigh_res.arcsoft.so:libimage_enhancement.arcsoft.so:liblow_light_hdr.arcsoft.so:libhigh_dynamic_range.arcsoft.so:libFacialAttributeDetection.arcsoft.so:libBeauty_v4.camera.samsung.so:libexifa.camera.samsung.so:libjpega.camera.samsung.so:libOpenCv.camera.samsung.so:libImageScreener.camera.samsung.so:libMyFilter.camera.samsung.so:libtflite2.myfilters.camera.samsung.so:libEventFinder.camera.samsung.so:libHIDTSnapJNI.camera.samsung.so:libS
07-13 08:45:21.617 29328 29328 D nativeloader: Configuring classloader-namespace for other apk /data/app/~~DnWXHZ4cYltbnsutU-yS9w==/com.aura.oobe.samsung-KBNGn4fo_Rk5n0GjJg6hBQ==/base.apk. target_sdk_version=34, uses_libraries=, library_path=/data/app/~~DnWXHZ4cYltbnsutU-yS9w==/com.aura.oobe.samsung-KBNGn4fo_Rk5n0GjJg6hBQ==/lib/arm64:/data/app/~~DnWXHZ4cYltbnsutU-yS9w==/com.aura.oobe.samsung-KBNGn4fo_Rk5n0GjJg6hBQ==/base.apk!/lib/arm64-v8a, permitted_path=/data:/mnt/expand:/data/user/0/com.aura.oobe.samsung
07-13 08:45:21.619 29326 29326 D nativeloader: Configuring classloader-namespace for other apk /data/app/~~wA5c4C0UY4D3eUvF4JhJSg==/com.google.android.gms-pzAJpcY_MiRxOTzd7Ifxzg==/base.apk. target_sdk_version=37, uses_libraries=, library_path=/data/app/~~wA5c4C0UY4D3eUvF4JhJSg==/com.google.android.gms-pzAJpcY_MiRxOTzd7Ifxzg==/lib/arm64:/data/app/~~wA5c4C0UY4D3eUvF4JhJSg==/com.google.android.gms-pzAJpcY_MiRxOTzd7Ifxzg==/base.apk!/lib/arm64-v8a, permitted_path=/data:/mnt/expand:/data/user/150/com.google.android.gms
07-13 08:45:21.632 29326 29326 W gle.android.gms: JIT profile information will not be recorded: profile file does not exist.
07-13 08:45:21.632 29326 29326 W gle.android.gms: JIT profile information will not be recorded: profile file does not exist.
07-13 08:45:21.647 29328 29328 V GraphicsEnvironment: ANGLE Developer option for 'com.aura.oobe.samsung' set to: 'default'
07-13 08:45:21.648 29326 29326 V GraphicsEnvironment: ANGLE Developer option for 'com.google.android.gms' set to: 'default'
07-13 08:45:21.648 29328 29328 V GraphicsEnvironment: ANGLE GameManagerService for com.aura.oobe.samsung: false
07-13 08:45:21.648 29328 29328 V GraphicsEnvironment: Neither updatable production driver nor prerelease driver is supported.
07-13 08:45:21.650 29326 29326 V GraphicsEnvironment: ANGLE GameManagerService for com.google.android.gms: false
07-13 08:45:21.650 29326 29326 V GraphicsEnvironment: Neither updatable production driver nor prerelease driver is supported.
07-13 08:45:21.652 29328 29328 D NetworkSecurityConfig: Using Network Security Config from resource network_security_config debugBuild: false
07-13 08:45:21.656 29326 29326 D NetworkSecurityConfig: Using Network Security Config from resource network_security_config debugBuild: false
07-13 08:45:21.659 29328 29328 D NetworkSecurityConfig: Using Network Security Config from resource network_security_config debugBuild: false
07-13 08:45:21.659 29326 29326 D NetworkSecurityConfig: Using Network Security Config from resource network_security_config debugBuild: false
07-13 08:45:21.743  3149  5210 I GenerationRegistry: mBackingStore.isClosed() : false
07-13 08:45:21.750  3149  3185 W libprocessgroup: Failed to open /dev/blkio//cgroup.procs: No such file or directory
07-13 08:45:21.754 31818 31818 D BoundBrokerSvc: onBind: Intent { act=com.google.android.gms.semanticlocationhistory.service.START dat=chimera-action:/... cmp=com.google.android.gms/.chimera.GmsApiService }
07-13 08:45:21.754 31818 31818 D BoundBrokerSvc: Loading bound service for intent: Intent { act=com.google.android.gms.semanticlocationhistory.service.START dat=chimera-action:/... cmp=com.google.android.gms/.chimera.GmsApiService }
07-13 08:45:21.770  3149  3483 D CompatibilityChangeReporter: Compat change id reported: 161145287; UID 10247; state: DISABLED
07-13 08:45:21.797 29328 29328 D CompatibilityChangeReporter: Compat change id reported: 194532703; UID 10247; state: ENABLED
07-13 08:45:21.798  3149  3483 D CompatibilityChangeReporter: Compat change id reported: 194532703; UID 10247; state: ENABLED
07-13 08:45:21.813 15671 15671 D BoundBrokerSvc: onRebind: Intent { act=com.google.android.gms.auth.aang.events.services.START dat=chimera-action:/... cmp=com.google.android.gms/.chimera.PersistentApiService }
07-13 08:45:21.818  3149  5210 D CompatibilityChangeReporter: Compat change id reported: 161145287; UID 15010228; state: DISABLED
07-13 08:45:21.854 29326 29326 W ProviderHelper: Unknown dynamite feature providerinstaller.dynamite
07-13 08:45:21.854 29326 29326 I DynamiteModule: Considering local module com.google.android.gms.providerinstaller.dynamite:1 and remote module com.google.android.gms.providerinstaller.dynamite:0
07-13 08:45:21.854 29326 29326 I DynamiteModule: Selected local version of com.google.android.gms.providerinstaller.dynamite
07-13 08:45:21.874 29326 29326 V NativeCrypto: Registering com/google/android/gms/org/conscrypt/NativeCrypto's 337 native methods...
07-13 08:45:21.892 29326 29326 I ProviderInstaller: Installed default security provider GmsCore_OpenSSL
07-13 08:45:21.897 29328 29328 D CompatibilityChangeReporter: Compat change id reported: 183155436; UID 10247; state: ENABLED
07-13 08:45:21.916 29326 29397 D CompatibilityChangeReporter: Compat change id reported: 183155436; UID 15010228; state: ENABLED
07-13 08:45:21.917 15671 21641 E AuthPII : [RequestTokenManager] getToken() -> BAD_AUTHENTICATION. App: com.google.android.gms, Service: oauth2:https://www.googleapis.com/auth/plus.me
07-13 08:45:21.917 15671 21641 E AuthPII : bjfw: Long live credential not available.
07-13 08:45:21.917 15671 21641 E AuthPII : 	at ahkl.a(:com.google.android.gms@262532029@26.25.32 (190400-944114241):1347)
07-13 08:45:21.917 15671 21641 E AuthPII : 	at ahks.b(:com.google.android.gms@262532029@26.25.32 (190400-944114241):26)
07-13 08:45:21.917 15671 21641 E AuthPII : 	at ahkq.a(:com.google.android.gms@262532029@26.25.32 (190400-944114241):661)
07-13 08:45:21.917 15671 21641 E AuthPII : 	at aguc.a(:com.google.android.gms@262532029@26.25.32 (190400-944114241):82)
07-13 08:45:21.917 15671 21641 E AuthPII : 	at aaww.d(:com.google.android.gms@262532029@26.25.32 (190400-944114241):313)
07-13 08:45:21.917 15671 21641 E AuthPII : 	at aaww.dispatchTransaction(:com.google.android.gms@262532029@26.25.32 (190400-944114241):153)
07-13 08:45:21.917 15671 21641 E AuthPII : 	at cdgz.a(:com.google.android.gms@262532029@26.25.32 (190400-944114241):64)
07-13 08:45:21.917 15671 21641 E AuthPII : 	at aaba.onTransact(:com.google.android.gms@262532029@26.25.32 (190400-944114241):23)
07-13 08:45:21.917 15671 21641 E AuthPII : 	at android.os.Binder.transact(Binder.java:1200)
07-13 08:45:21.917 15671 21641 E AuthPII : 	at cqcm.onTransact(:com.google.android.gms@262532029@26.25.32 (190400-944114241):12)
07-13 08:45:21.917 15671 21641 E AuthPII : 	at android.os.Binder.transact(Binder.java:1200)
07-13 08:45:21.917 15671 21641 E AuthPII : 	at cdhn.onTransact(:com.google.android.gms@262532029@26.25.32 (190400-944114241):169)
07-13 08:45:21.917 15671 21641 E AuthPII : 	at android.os.Binder.execTransactInternal(Binder.java:1321)
07-13 08:45:21.917 15671 21641 E AuthPII : 	at android.os.Binder.execTransact(Binder.java:1280)
07-13 08:45:21.918 15671 21641 E AuthPII : Message is Long live credential not available.
07-13 08:45:21.918 15671 21641 E AuthPII : bjfw: Long live credential not available.
07-13 08:45:21.918 15671 21641 E AuthPII : 	at ahkl.a(:com.google.android.gms@262532029@26.25.32 (190400-944114241):1347)
07-13 08:45:21.918 15671 21641 E AuthPII : 	at ahks.b(:com.google.android.gms@262532029@26.25.32 (190400-944114241):26)
07-13 08:45:21.918 15671 21641 E AuthPII : 	at ahkq.a(:com.google.android.gms@262532029@26.25.32 (190400-944114241):661)
07-13 08:45:21.918 15671 21641 E AuthPII : 	at aguc.a(:com.google.android.gms@262532029@26.25.32 (190400-944114241):82)
07-13 08:45:21.918 15671 21641 E AuthPII : 	at aaww.d(:com.google.android.gms@262532029@26.25.32 (190400-944114241):313)
07-13 08:45:21.918 15671 21641 E AuthPII : 	at aaww.dispatchTransaction(:com.google.android.gms@262532029@26.25.32 (190400-944114241):153)
