07-16 16:12:00.941 W/lectiq.ai.local(20412): Accessing hidden method Landroid/window/BackEvent;->getProgress()F (blocked, linking, denied)
07-16 16:12:00.941 W/lectiq.ai.local(20412): Accessing hidden method Landroid/window/BackEvent;->getSwipeEdge()I (blocked, linking, denied)
07-16 16:12:00.951 E/audit   (  685): type=1400 audit(1784182320.947:819767): avc:  denied  { read } for  pid=20412 comm="lectiq.ai.local" name="max_map_count" dev="proc" ino=25922023 scontext=u:r:untrusted_app:s0:c0,c256,c512,c768 tcontext=u:object_r:proc_max_map_count:s0 tclass=file permissive=0 SEPF_SM-E625F_13_0001 audit_filtered
07-16 16:12:00.951 E/audit   (  685): type=1300 audit(1784182320.947:819767): arch=c00000b7 syscall=56 success=no exit=-13 a0=ffffff9c a1=76896f607f a2=0 a3=0 items=1 ppid=31989 pid=20412 auid=4294967295 uid=10000 gid=10000 euid=10000 suid=10000 fsuid=10000 egid=10000 sgid=10000 fsgid=10000 tty=(none) ses=4294967295 comm="lectiq.ai.local" exe="/system/bin/app_process64" subj=u:r:untrusted_app:s0:c0,c256,c512,c768 key=(null)
07-16 16:12:00.951 E/audit   (  685): type=1302 audit(1784182320.947:819767): item=0 name="/proc/sys/vm/max_map_count" inode=25922023 dev=00:04 mode=0100644 ouid=0 ogid=0 rdev=00:00 obj=u:object_r:proc_max_map_count:s0 nametype=NORMAL cap_fp=0000000000000000 cap_fi=0000000000000000 cap_fe=0 cap_fver=0
07-16 16:12:00.951 E/audit   (  685): type=1327 audit(1784182320.947:819767): proctitle="com.collectiq.ai.local"
07-16 16:12:00.970 W/JobScheduler(32216): Job didn't exist in JobStore: bcfe3ff #u0a286/771751936 com.facebook.katana/com.facebook.papaya.fb.client.services.FBPapayaJobService
07-16 16:12:00.970 W/ActivityManager(32216): Rescheduling restart of crashed service com.google.android.gms/.remotegestures.api.RemoteGesturesService in 4773ms for mem-pressure-event
07-16 16:12:00.970 W/ActivityManager(32216): Rescheduling restart of crashed service com.google.android.gms/.dtdi.lifecycle.LifecycleService in 24773ms for mem-pressure-event
07-16 16:12:00.970 W/ActivityManager(32216): Rescheduling restart of crashed service com.google.android.gms/.common.stats.GmsCoreStatsService in 44773ms for mem-pressure-event
07-16 16:12:00.970 W/ActivityManager(32216): Rescheduling restart of crashed service com.google.android.gms/com.google.android.location.internal.GoogleLocationManagerService in 64773ms for mem-pressure-event
07-16 16:12:00.970 W/ActivityManager(32216): Rescheduling restart of crashed service com.google.android.gms/.crisisalerts.init.CrisisAlertsPersistentService in 84773ms for mem-pressure-event
07-16 16:12:00.970 W/ActivityManager(32216): Rescheduling restart of crashed service com.google.android.gms/.nearby.sharing.ReceiveSurfaceService in 104773ms for mem-pressure-event
07-16 16:12:00.971 W/ActivityManager(32216): Rescheduling restart of crashed service com.google.android.gms/.fido.authenticator.service.AuthenticatorService in 124773ms for mem-pressure-event
07-16 16:12:00.971 W/ActivityManager(32216): Rescheduling restart of crashed service com.google.android.gms/.location.persistent.LocationPersistentService in 144773ms for mem-pressure-event
07-16 16:12:00.971 W/ActivityManager(32216): Rescheduling restart of crashed service com.google.android.gms/com.google.android.contextmanager.service.ContextManagerService in 164773ms for mem-pressure-event
07-16 16:12:00.971 W/ActivityManager(32216): Rescheduling restart of crashed service com.google.android.gms/com.google.android.location.internal.server.GoogleLocationService in 184773ms for mem-pressure-event
07-16 16:12:00.971 W/ActivityManager(32216): Rescheduling restart of crashed service com.google.android.gms/.auth.setup.devicesignals.LockScreenService in 204773ms for mem-pressure-event
07-16 16:12:00.971 W/ActivityManager(32216): Rescheduling restart of crashed service com.google.android.gms/.clearcut.debug.ClearcutDebugDumpService in 224773ms for mem-pressure-event
07-16 16:12:00.971 W/ActivityManager(32216): Rescheduling restart of crashed service com.google.android.gms/.nearby.sharing.SendSurfaceService in 244773ms for mem-pressure-event
07-16 16:12:00.971 W/ActivityManager(32216): Rescheduling restart of crashed service com.google.android.gms/.nearby.presence.service.LifeCycleService in 264773ms for mem-pressure-event
07-16 16:12:00.971 W/ActivityManager(32216): Rescheduling restart of crashed service com.google.android.gms/.play.integrity.api.service.IntegrityApiPersistentService in 284773ms for mem-pressure-event
07-16 16:12:00.971 W/ActivityManager(32216): Rescheduling restart of crashed service com.google.android.gms/.thunderbird.EmergencyPersistentService in 304773ms for mem-pressure-event
07-16 16:12:00.971 I/flutter (20412): [IMPORTANT:flutter/shell/platform/android/android_context_gl_impeller.cc(104)] Using the Impeller rendering backend (OpenGLES).
07-16 16:12:00.976 D/NetdEventListenerService(32216): DNS Requested by : 100, 10227
07-16 16:12:01.027 E/HYPER-HAL(32075): [SysfsControlManager.cpp]writeSysfs(): Couldn't Open Sysfs - /sys/power/boost_mode_change
07-16 16:12:01.027 I/SemDvfsHyPerManager( 1998): acquire hyper - BaseTABoost/1998@23, type = 1090523139
07-16 16:12:01.027 I/SemDvfsHyPerManager( 1998): acquire hyper - BaseTAToouchBoost/1998@25, type = 1090523139
07-16 16:12:01.028 I/HYPER-HAL(32075): [RequestManager.cpp]acquire(): Acquired ID : 2043254  [1998 / 23]    HINT :      list : [TABoost / 5] 
07-16 16:12:01.028 I/HYPER-HAL(32075): [RequestManager.cpp]acquire(): Acquired ID : 2047301  [1998 / 25]    HINT :      list : [TABoost / 20] [TIMEOUT / 1500] 
07-16 16:12:01.061 I/lmkd    (31993): cached 4, sandbox(not0) 0
07-16 16:12:01.062 I/lmkd    (31993): Reclaim 'com.google.android.cellbroadcastreceiver' (12867), uid 10258, oom_score_adj 985, state 19 to free 62860kB rss, 35992kB swap; reason: min2x watermark is breached and swap is low (1816804kB < 419428kB)
07-16 16:12:01.089 I/ActivityManager(32216): Process com.google.android.cellbroadcastreceiver (pid 12867) has died: cch+85 CEM (15,2087)
07-16 16:12:01.090 I/libprocessgroup(32216): Successfully killed process cgroup uid 10258 pid 12867 in 0ms
07-16 16:12:01.090 I/Zygote  (31989): Process 12867 exited due to signal 9 (Killed)
07-16 16:12:01.090 I/lmkd    (31993): cached 4, sandbox(not0) 0
07-16 16:12:01.101 I/lmkd    (31993): Reclaim 'com.instagram.android' (18698), uid 10339, oom_score_adj 975, state 19 to free 189672kB rss, 66148kB swap; reason: min2x watermark is breached even after kill
07-16 16:12:01.105 W/ActivityManager(32216): Rescheduling restart of crashed service com.google.android.gms/.remotegestures.api.RemoteGesturesService in 14638ms for mem-pressure-event
07-16 16:12:01.105 W/ActivityManager(32216): Rescheduling restart of crashed service com.google.android.gms/.dtdi.lifecycle.LifecycleService in 44638ms for mem-pressure-event
07-16 16:12:01.105 W/ActivityManager(32216): Rescheduling restart of crashed service com.google.android.gms/.common.stats.GmsCoreStatsService in 74638ms for mem-pressure-event
07-16 16:12:01.105 W/ActivityManager(32216): Rescheduling restart of crashed service com.google.android.gms/com.google.android.location.internal.GoogleLocationManagerService in 104638ms for mem-pressure-event
07-16 16:12:01.105 W/ActivityManager(32216): Rescheduling restart of crashed service com.google.android.gms/.crisisalerts.init.CrisisAlertsPersistentService in 134638ms for mem-pressure-event
07-16 16:12:01.105 W/ActivityManager(32216): Rescheduling restart of crashed service com.google.android.gms/.nearby.sharing.ReceiveSurfaceService in 164638ms for mem-pressure-event
07-16 16:12:01.105 W/ActivityManager(32216): Rescheduling restart of crashed service com.google.android.gms/.fido.authenticator.service.AuthenticatorService in 194638ms for mem-pressure-event
07-16 16:12:01.105 W/ActivityManager(32216): Rescheduling restart of crashed service com.google.android.gms/.location.persistent.LocationPersistentService in 224638ms for mem-pressure-event
07-16 16:12:01.105 W/ActivityManager(32216): Rescheduling restart of crashed service com.google.android.gms/com.google.android.contextmanager.service.ContextManagerService in 254638ms for mem-pressure-event
07-16 16:12:01.105 W/ActivityManager(32216): Rescheduling restart of crashed service com.google.android.gms/com.google.android.location.internal.server.GoogleLocationService in 284638ms for mem-pressure-event
07-16 16:12:01.105 W/ActivityManager(32216): Rescheduling restart of crashed service com.google.android.gms/.auth.setup.devicesignals.LockScreenService in 314638ms for mem-pressure-event
07-16 16:12:01.105 W/ActivityManager(32216): Rescheduling restart of crashed service com.google.android.gms/.clearcut.debug.ClearcutDebugDumpService in 344638ms for mem-pressure-event
07-16 16:12:01.105 W/ActivityManager(32216): Rescheduling restart of crashed service com.google.android.gms/.nearby.sharing.SendSurfaceService in 374638ms for mem-pressure-event
07-16 16:12:01.105 W/ActivityManager(32216): Rescheduling restart of crashed service com.google.android.gms/.nearby.presence.service.LifeCycleService in 404638ms for mem-pressure-event
07-16 16:12:01.105 W/ActivityManager(32216): Rescheduling restart of crashed service com.google.android.gms/.play.integrity.api.service.IntegrityApiPersistentService in 434638ms for mem-pressure-event
07-16 16:12:01.105 W/ActivityManager(32216): Rescheduling restart of crashed service com.google.android.gms/.thunderbird.EmergencyPersistentService in 464638ms for mem-pressure-event
07-16 16:12:01.151 I/flutter (20412): The Dart VM service is listening on http://127.0.0.1:36971/-aW7hAiYxug=/
07-16 16:12:01.207 D/InputMethodManagerService(32216): removeClient
07-16 16:12:01.207 D/ConnectivityService(32216): releasing NetworkRequest [ REQUEST id=3402, [ Capabilities: INTERNET&NOT_RESTRICTED&TRUSTED&NOT_VCN_MANAGED Uid: 10339 RequestorUid: 10339 RequestorPkg: com.instagram.android UnderlyingNetworks: Null] ] (release request)
07-16 16:12:01.208 I/ActivityManager(32216): Process com.instagram.android (pid 18698) has died: cch+75 CEM (69,2056)
07-16 16:12:01.208 D/ConnectivityService(32216):  Removing from current network [100 WIFI], leaving 193 requests.
07-16 16:12:01.208 D/ConnectivityService(32216): releasing NetworkRequest [ REQUEST id=3406, [ Capabilities: INTERNET&NOT_RESTRICTED&TRUSTED&NOT_VCN_MANAGED Uid: 10339 RequestorUid: 10339 RequestorPkg: com.instagram.android UnderlyingNetworks: Null] ] (release request)
07-16 16:12:01.208 D/ConnectivityService(32216):  Removing from current network [100 WIFI], leaving 192 requests.
07-16 16:12:01.208 D/ConnectivityService(32216): releasing NetworkRequest [ REQUEST id=3404, [ Capabilities: INTERNET&NOT_RESTRICTED&TRUSTED&NOT_VCN_MANAGED Uid: 10339 RequestorUid: 10339 RequestorPkg: com.instagram.android UnderlyingNetworks: Null] ] (release request)
07-16 16:12:01.208 D/ConnectivityService(32216):  Removing from current network [100 WIFI], leaving 191 requests.
07-16 16:12:01.208 D/ConnectivityService(32216): releasing NetworkRequest [ REQUEST id=3408, [ Capabilities: INTERNET&NOT_RESTRICTED&TRUSTED&NOT_VCN_MANAGED Uid: 10339 RequestorUid: 10339 RequestorPkg: com.instagram.android UnderlyingNetworks: Null] ] (release request)
07-16 16:12:01.208 I/libprocessgroup(32216): Successfully killed process cgroup uid 10339 pid 18698 in 0ms
07-16 16:12:01.209 D/ConnectivityService(32216):  Removing from current network [100 WIFI], leaving 190 requests.
07-16 16:12:01.209 D/ConnectivityService(32216): releasing NetworkRequest [ REQUEST id=3413, [ Capabilities: INTERNET&NOT_RESTRICTED&TRUSTED&NOT_VCN_MANAGED Uid: 10339 RequestorUid: 10339 RequestorPkg: com.instagram.android UnderlyingNetworks: Null] ] (release request)
07-16 16:12:01.209 D/ConnectivityService(32216):  Removing from current network [100 WIFI], leaving 189 requests.
07-16 16:12:01.209 D/ConnectivityService(32216): releasing NetworkRequest [ REQUEST id=3410, [ Capabilities: INTERNET&NOT_RESTRICTED&TRUSTED&NOT_VCN_MANAGED Uid: 10339 RequestorUid: 10339 RequestorPkg: com.instagram.android UnderlyingNetworks: Null] ] (release request)
07-16 16:12:01.210 I/Zygote  (31989): Process 18698 exited due to signal 9 (Killed)
07-16 16:12:01.210 D/ConnectivityService(32216):  Removing from current network [100 WIFI], leaving 187 requests.
07-16 16:12:01.210 D/ConnectivityService(32216): releasing NetworkRequest [ REQUEST id=3415, [ Capabilities: INTERNET&NOT_RESTRICTED&TRUSTED&NOT_VCN_MANAGED Uid: 10339 RequestorUid: 10339 RequestorPkg: com.instagram.android UnderlyingNetworks: Null] ] (release request)
07-16 16:12:01.210 D/ConnectivityService(32216):  Removing from current network [100 WIFI], leaving 186 requests.
07-16 16:12:01.223 I/HYPER-HAL(32075): [RequestManager.cpp]releaseLocked(): Released ID : 2021067
07-16 16:12:01.316 D/SemNscXgbMsL1(32216): Probability - Cloud gaming: [0.048854813]
07-16 16:12:01.317 D/SemNscXgbMsL1(32216): Probability - Real time: [0.7770798]
07-16 16:12:01.317 D/SemNscXgbMsL1(32216): Probability - Non real time: [0.7935794]
07-16 16:12:01.317 D/SemNscXgbMsL1(32216): 1 sample inference time: 0.498385 msecs
07-16 16:12:01.318 D/SemNscXgbL2Rt(32216): L2 RT 1 sample inference time: 0.891384 msecs
07-16 16:12:01.318 D/SemNscXgbL2Nrt(32216): L2 NRT 1 sample inference time: 0.848384 msecs
07-16 16:12:01.404 I/ActivityManager(32216): Changes in 10087 3 to 15, 8 to 0
07-16 16:12:01.495 I/GenerationRegistry(32216): mBackingStore.isClosed() : false
07-16 16:12:01.509 W/lectiq.ai.local(20412): Accessing hidden method Landroid/view/accessibility/AccessibilityNodeInfo;->getSourceNodeId()J (unsupported,test-api, reflection, allowed)
07-16 16:12:01.510 W/lectiq.ai.local(20412): Accessing hidden method Landroid/view/accessibility/AccessibilityRecord;->getSourceNodeId()J (unsupported, reflection, allowed)
07-16 16:12:01.510 W/lectiq.ai.local(20412): Accessing hidden field Landroid/view/accessibility/AccessibilityNodeInfo;->mChildNodeIds:Landroid/util/LongArray; (unsupported, reflection, allowed)
07-16 16:12:01.510 W/lectiq.ai.local(20412): Accessing hidden method Landroid/util/LongArray;->get(I)J (unsupported, reflection, allowed)
07-16 16:12:01.522 D/FlutterRenderer(20412): Width is zero. 0,0
07-16 16:12:01.530 I/DecorView(20412): [INFO] isPopOver=false config=true
07-16 16:12:01.530 I/DecorView(20412): updateCaptionType: isFloating=false isApplication=true hasWindowDecorCaption=false this=DecorView@48d1b3e[]
07-16 16:12:01.530 D/DecorView(20412): setCaptionType = 0, this = DecorView@48d1b3e[]
07-16 16:12:01.532 I/DecorView(20412): getCurrentDensityDpi: from real metrics. densityDpi=420 msg=resources_loaded
07-16 16:12:01.532 I/DecorView(20412): setWindowBackground: isPopOver=false color=fff8faf8 d=android.graphics.drawable.ColorDrawable@d5b8eec
07-16 16:12:01.540 I/MSHandlerLifeCycle(20412): check: return. pkg=com.collectiq.ai.local parent=null callers=com.android.internal.policy.DecorView.setVisibility:4412 android.app.ActivityThread.handleResumeActivity:5476 android.app.servertransaction.ResumeActivityItem.execute:54 android.app.servertransaction.ActivityTransactionItem.execute:45 android.app.servertransaction.TransactionExecutor.executeLifecycleState:176 
07-16 16:12:01.540 I/MSHandlerLifeCycle(20412): removeMultiSplitHandler: no exist. decor=DecorView@48d1b3e[]
07-16 16:12:01.547 D/NativeCustomFrequencyManager(20412): [NativeCFMS] BpCustomFrequencyManager::BpCustomFrequencyManager()
07-16 16:12:01.551 I/DecorView(20412): notifyKeepScreenOnChanged: keepScreenOn=false
07-16 16:12:01.552 D/InputTransport(32216): Input channel constructed: '49ae8a0', fd=814
07-16 16:12:01.552 D/InputTransport(32216): Input channel constructed: '49ae8a0', fd=858
07-16 16:12:01.552 D/InputTransport(32216): Input channel constructed: '49ae8a0', fd=919
07-16 16:12:01.553 I/SurfaceFlinger(  812): id=54564 createSurf flag=80004, 49ae8a0 com.collectiq.ai.local/com.collectiq.ai.MainActivity#54564
07-16 16:12:01.554 D/RestrictionPolicy(32216): isScreenCaptureEnabled : ret=true userId=0
07-16 16:12:01.554 D/InputTransport(32216): Input channel destroyed: '49ae8a0', fd=919
07-16 16:12:01.555 D/InsetsController(20412): onStateChanged: InsetsState: {mDisplayFrame=Rect(0, 0 - 1080, 2400), mDisplayCutout=DisplayCutout{insets=Rect(0, 92 - 0, 0) waterfall=Insets{left=0, top=0, right=0, bottom=0} boundingRect={Bounds=[Rect(0, 0 - 0, 0), Rect(478, 0 - 602, 92), Rect(0, 0 - 0, 0), Rect(0, 0 - 0, 0)]} cutoutPathParserInfo={CutoutPathParserInfo{displayWidth=1080 displayHeight=2400 physicalDisplayWidth=1080 physicalDisplayHeight=2400 density={2.8125} cutoutSpec={M 0,0 H -22.0444444444444 V 32.71111111111111 H 22.0444444444444 V 0 H 0 Z @dp} rotation={0} scale={1.0} physicalPixelDisplaySizeRatio={1.0}}}}, mRoundedCorners=RoundedCorners{[RoundedCorner{position=TopLeft, radius=90, center=Point(90, 90)}, RoundedCorner{position=TopRight, radius=90, center=Point(990, 90)}, RoundedCorner{position=BottomRight, radius=90, center=Point(990, 2310)}, RoundedCorner{position=BottomLeft, radius=90, center=Point(90, 2310)}]}  mRoundedCornerFrame=Rect(0, 0 - 1080, 2400), mPrivacyIndicatorBounds=PrivacyIndicatorBounds {static bounds=Rect(964, 0 - 1080, 92) rotation=0}, mSources= { InsetsSource: {mType=ITYPE_STATUS_BAR, mFrame=[0,0][1080,92], mVisible=true, mInsetsRoundedCornerFrame=false}, InsetsSource: {mType=ITYPE_NAVIGATION_BAR, mFrame=[0,2274][1080,2400], mVisible=true, mInsetsRoundedCornerFrame=false}, InsetsSource: {mType=ITYPE_LEFT_GESTURES, mFrame=[0,0][0,2400], mVisible=true, mInsetsRoundedCornerFrame=false}, InsetsSource: {mType=ITYPE_RIGHT_GESTURES, mFrame=[1080,0][1080,2400], mVisible=true, mInsetsRoundedCornerFrame=false}, InsetsSource: {mType=ITYPE_TOP_MANDATORY_GESTURES, mFrame=[0,0][1080,124], mVisible=true, mInsetsRoundedCornerFrame=false}, InsetsSource: {mType=ITYPE_BOTTOM_MANDATORY_GESTURES, mFrame=[0,2274][1080,2400], mVisible=true, mInsetsRoundedCornerFrame=false}, InsetsSource: {mType=ITYPE_LEFT_DISPLAY_CUTOUT, mFrame=[0,0][-100000,2400], mVisible=true, mInsetsRoundedCornerFrame=false}, InsetsSource: {mType=ITYPE_TOP_DISPLAY_CUTOUT, mFrame=[0,0][1080,92], mVisible=true, mInsetsRoundedCornerFrame=false}, InsetsSource: {mType=ITYPE_RIGHT_DISPLAY_CUTOUT, mFrame=[100000,0][1080,2400], mVisible=true, mInsetsRoundedCornerFrame=false}, InsetsSource: {mType=ITYPE_BOTTOM_DISPLAY_CUTOUT, mFrame=[0,100000][1080,2400], mVisible=true, mInsetsRoundedCornerFrame=false}, InsetsSource: {mType=ITYPE_TOP_TAPPABLE_ELEMENT, mFrame=[0,0][1080,92], mVisible=true, mInsetsRoundedCornerFrame=false}, InsetsSource: {mType=ITYPE_BOTTOM_TAPPABLE_ELEMENT, mFrame=[0,2274][1080,2400], mVisible=true, mInsetsRoundedCornerFrame=false} } host=com.collectiq.ai.local/com.collectiq.ai.MainActivity from=android.view.ViewRootImpl.setView:1732
07-16 16:12:01.557 I/ViewRootImpl@ef184bb[MainActivity](20412): setView = com.android.internal.policy.DecorView@48d1b3e TM=true
07-16 16:12:01.559 I/MSHandlerLifeCycle(20412): removeMultiSplitHandler: no exist. decor=DecorView@48d1b3e[MainActivity]
07-16 16:12:01.561 D/AnalyticsContainerHandler(32216): handleMessage : { when=0 what=1 target=com.android.server.knox.KnoxAnalyticsContainer$AnalyticsHandler }
07-16 16:12:01.571 I/cn_CronetUrlRequestContext( 3725): destroyNativeStreamLocked org.chromium.net.impl.CronetBidirectionalStream@bb1696b
07-16 16:12:01.607 E/Finsky  ( 3725): [2] Failed to load an Item com.android.chrome, missing shared fields: [4], missing type-specific fields: [0, 0, 0, 0, 0, 0, 0, 0, 64]
07-16 16:12:01.607 E/Finsky  ( 3725): [2] Failed to load an Item com.android.vending, no data available.
07-16 16:12:01.608 E/Finsky  ( 3725): [2] Failed to load an Item com.google.android.apps.maps, missing shared fields: [4], missing type-specific fields: [0, 0, 0, 0, 0, 0, 0, 0, 64]
07-16 16:12:01.608 E/Finsky  ( 3725): [2] Failed to load an Item com.google.android.apps.messaging, missing shared fields: [4], missing type-specific fields: [0, 0, 0, 0, 0, 0, 0, 0, 64]
07-16 16:12:01.608 E/Finsky  ( 3725): [2] Failed to load an Item com.google.android.apps.tachyon, missing shared fields: [4], missing type-specific fields: [0, 0, 0, 0, 0, 0, 0, 0, 64]
07-16 16:12:01.608 E/Finsky  ( 3725): [2] Failed to load an Item com.google.android.gm, missing shared fields: [4], missing type-specific fields: [0, 0, 0, 0, 0, 0, 0, 0, 64]
07-16 16:12:01.608 E/Finsky  ( 3725): [2] Failed to load an Item com.google.android.youtube, missing shared fields: [4], missing type-specific fields: [0, 0, 0, 0, 0, 0, 0, 0, 64]
07-16 16:12:01.608 E/Finsky  ( 3725): [2] Failed to load an Item au.gov.vic.ptv, missing shared fields: [], missing type-specific fields: [0, 0, 0, 0, 0, 0, 0, 0, 64]
07-16 16:12:01.608 E/Finsky  ( 3725): [2] Failed to load an Item com.Slack, missing shared fields: [], missing type-specific fields: [0, 0, 0, 0, 0, 0, 0, 0, 64]
07-16 16:12:01.608 E/Finsky  ( 3725): [2] Failed to load an Item com.agoda.mobile.consumer, missing shared fields: [], missing type-specific fields: [0, 0, 0, 0, 0, 0, 0, 0, 64]
07-16 16:12:01.608 E/Finsky  ( 3725): [2] Failed to load an Item com.amazon.mp3, missing shared fields: [], missing type-specific fields: [0, 0, 0, 0, 0, 0, 0, 0, 64]
07-16 16:12:01.608 E/Finsky  ( 3725): [2] Failed to load an Item com.anz.lotus, missing shared fields: [], missing type-specific fields: [0, 0, 0, 0, 0, 0, 0, 0, 64]
07-16 16:12:01.608 E/Finsky  ( 3725): [2] Failed to load an Item com.canarabank.mobility, no data available.
07-16 16:12:01.608 E/Finsky  ( 3725): [2] Failed to load an Item com.google.android.apps.docs, missing shared fields: [4], missing type-specific fields: [0, 0, 0, 0, 0, 0, 0, 0, 64]
07-16 16:12:01.608 E/Finsky  ( 3725): [2] Failed to load an Item com.google.android.apps.docs.editors.docs, missing shared fields: [], missing type-specific fields: [0, 0, 0, 0, 0, 0, 0, 0, 64]
07-16 16:12:01.608 E/Finsky  ( 3725): [2] Failed to load an Item com.google.android.apps.docs.editors.sheets, missing shared fields: [], missing type-specific fields: [0, 0, 0, 0, 0, 0, 0, 0, 64]
07-16 16:12:01.609 E/Finsky  ( 3725): [2] Failed to load an Item com.google.android.apps.photos, missing shared fields: [], missing type-specific fields: [0, 0, 0, 0, 0, 0, 0, 0, 64]
07-16 16:12:01.609 E/Finsky  ( 3725): [2] Failed to load an Item com.google.android.apps.walletnfcrel, missing shared fields: [], missing type-specific fields: [0, 0, 0, 0, 0, 0, 0, 0, 64]
07-16 16:12:01.609 E/Finsky  ( 3725): [2] Failed to load an Item com.google.android.apps.youtube.music, missing shared fields: [], missing type-specific fields: [0, 0, 0, 0, 0, 0, 0, 0, 64]
07-16 16:12:01.609 E/Finsky  ( 3725): [2] Failed to load an Item com.google.android.calendar, missing shared fields: [], missing type-specific fields: [0, 0, 0, 0, 0, 0, 0, 0, 64]
07-16 16:12:01.609 E/Finsky  ( 3725): [2] Failed to load an Item com.google.android.play.games, missing shared fields: [], missing type-specific fields: [0, 0, 0, 0, 0, 0, 0, 0, 64]
07-16 16:12:01.609 E/Finsky  ( 3725): [2] Failed to load an Item com.google.android.videos, missing shared fields: [], missing type-specific fields: [0, 0, 0, 0, 0, 0, 0, 0, 64]
07-16 16:12:01.609 E/Finsky  ( 3725): [2] Failed to load an Item com.jio.jioplay.tv, missing shared fields: [], missing type-specific fields: [0, 0, 0, 0, 0, 0, 0, 0, 64]
07-16 16:12:01.609 E/Finsky  ( 3725): [2] Failed to load an Item com.jio.myjio, missing shared fields: [], missing type-specific fields: [0, 0, 0, 0, 0, 0, 0, 0, 64]
07-16 16:12:01.609 E/Finsky  ( 3725): [2] Failed to load an Item com.jpl.jiomart, missing shared fields: [], missing type-specific fields: [0, 0, 0, 0, 0, 0, 0, 0, 64]
07-16 16:12:01.609 E/Finsky  ( 3725): [2] Failed to load an Item com.limebike, missing shared fields: [], missing type-specific fields: [0, 0, 0, 0, 0, 0, 0, 0, 64]
07-16 16:12:01.609 E/Finsky  ( 3725): [2] Failed to load an Item com.microsoft.emmx, missing shared fields: [], missing type-specific fields: [0, 0, 0, 0, 0, 0, 0, 0, 64]
07-16 16:12:01.609 E/Finsky  ( 3725): [2] Failed to load an Item com.microsoft.office.outlook, missing shared fields: [], missing type-specific fields: [0, 0, 0, 0, 0, 0, 0, 0, 64]
07-16 16:12:01.609 E/Finsky  ( 3725): [2] Failed to load an Item com.remitly.androidapp, missing shared fields: [], missing type-specific fields: [0, 0, 0, 0, 0, 0, 0, 0, 64]
07-16 16:12:01.609 E/Finsky  ( 3725): [2] Failed to load an Item com.samsung.android.oneconnect, missing shared fields: [], missing type-specific fields: [0, 0, 0, 0, 0, 0, 0, 0, 64]
07-16 16:12:01.609 E/Finsky  ( 3725): [2] Failed to load an Item com.sec.android.app.sbrowser, missing shared fields: [], missing type-specific fields: [0, 0, 0, 0, 0, 0, 0, 0, 64]
07-16 16:12:01.610 E/Finsky  ( 3725): [2] Failed to load an Item com.sec.android.app.shealth, missing shared fields: [], missing type-specific fields: [0, 0, 0, 0, 0, 0, 0, 0, 64]
07-16 16:12:01.610 E/Finsky  ( 3725): [2] Failed to load an Item com.spotify.music, missing shared fields: [], missing type-specific fields: [0, 0, 0, 0, 0, 0, 0, 0, 64]
07-16 16:12:01.610 E/Finsky  ( 3725): [2] Failed to load an Item com.ubercab, missing shared fields: [], missing type-specific fields: [0, 0, 0, 0, 0, 0, 0, 0, 64]
07-16 16:12:01.610 E/Finsky  ( 3725): [2] Failed to load an Item com.whiterabbit.mypocketastrologer.astroveda, missing shared fields: [], missing type-specific fields: [0, 0, 0, 0, 0, 0, 0, 0, 64]
07-16 16:12:01.610 E/Finsky  ( 3725): [2] Failed to load an Item org.zwanoo.android.speedtest, missing shared fields: [], missing type-specific fields: [0, 0, 0, 0, 0, 0, 0, 0, 64]
07-16 16:12:01.610 E/Finsky  ( 3725): [2] Failed to load an Item com.google.android.googlequicksearchbox, missing shared fields: [4], missing type-specific fields: [0, 0, 0, 0, 0, 0, 0, 0, 64]
07-16 16:12:01.610 E/Finsky  ( 3725): [2] Failed to load an Item com.microsoft.skydrive, missing shared fields: [4], missing type-specific fields: [0, 0, 0, 0, 0, 0, 0, 0, 64]
07-16 16:12:01.610 E/Finsky  ( 3725): [2] Failed to load an Item appinventor.ai_work24info.chatgpt, no data available.
07-16 16:12:01.610 E/Finsky  ( 3725): [2] Failed to load an Item au.com.nab.mobile, missing shared fields: [], missing type-specific fields: [0, 0, 0, 0, 0, 0, 0, 0, 64]
07-16 16:12:01.610 E/Finsky  ( 3725): [2] Failed to load an Item au.com.realestate.app, missing shared fields: [], missing type-specific fields: [0, 0, 0, 0, 0, 0, 0, 0, 64]
07-16 16:12:01.610 E/Finsky  ( 3725): [2] Failed to load an Item au.com.seek, missing shared fields: [], missing type-specific fields: [0, 0, 0, 0, 0, 0, 0, 0, 64]
07-16 16:12:01.610 E/Finsky  ( 3725): [2] Failed to load an Item au.com.ticketek, missing shared fields: [], missing type-specific fields: [0, 0, 0, 0, 0, 0, 0, 0, 64]
07-16 16:12:01.610 E/Finsky  ( 3725): [2] Failed to load an Item cn.wps.moffice_eng, missing shared fields: [], missing type-specific fields: [0, 0, 0, 0, 0, 0, 0, 0, 64]
07-16 16:12:01.610 E/Finsky  ( 3725): [2] Failed to load an Item co.edureka.app, missing shared fields: [], missing type-specific fields: [0, 0, 0, 0, 0, 0, 0, 0, 64]
07-16 16:12:01.610 E/Finsky  ( 3725): [2] Failed to load an Item codematics.universal.tv.remote.control, missing shared fields: [], missing type-specific fields: [0, 0, 0, 0, 0, 0, 0, 0, 64]
07-16 16:12:01.611 E/Finsky  ( 3725): [2] Failed to load an Item com.Dominos, missing shared fields: [], missing type-specific fields: [0, 0, 0, 0, 0, 0, 0, 0, 64]
07-16 16:12:01.611 E/Finsky  ( 3725): [2] Failed to load an Item com.JESoftware.LastHopeTD, missing shared fields: [], missing type-specific fields: [0, 0, 0, 0, 0, 0, 0, 0, 64]
07-16 16:12:01.611 E/Finsky  ( 3725): [2] Failed to load an Item com.adobe.scan.android, missing shared fields: [], missing type-specific fields: [0, 0, 0, 0, 0, 0, 0, 0, 64]
07-16 16:12:01.611 E/Finsky  ( 3725): [2] Failed to load an Item com.airbnb.android, missing shared fields: [], missing type-specific fields: [0, 0, 0, 0, 0, 0, 0, 0, 64]
07-16 16:12:01.611 E/Finsky  ( 3725): [2] Failed to load an Item com.amazon.avod.thirdpartyclient, missing shared fields: [4], missing type-specific fields: [0, 0, 0, 0, 0, 0, 0, 0, 64]
07-16 16:12:01.611 E/Finsky  ( 3725): [2] Failed to load an Item com.amazon.kindle, missing shared fields: [], missing type-specific fields: [0, 0, 0, 0, 0, 0, 0, 0, 64]
07-16 16:12:01.611 E/Finsky  ( 3725): [2] Failed to load an Item com.astroid.yodha, missing shared fields: [], missing type-specific fields: [0, 0, 0, 0, 0, 0, 0, 0, 64]
07-16 16:12:01.611 E/Finsky  ( 3725): [2] Failed to load an Item com.azure.authenticator, missing shared fields: [], missing type-specific fields: [0, 0, 0, 0, 0, 0, 0, 0, 64]
07-16 16:12:01.611 E/Finsky  ( 3725): [2] Failed to load an Item com.bikewale.app, missing shared fields: [], missing type-specific fields: [0, 0, 0, 0, 0, 0, 0, 0, 64]
07-16 16:12:01.611 E/Finsky  ( 3725): [2] Failed to load an Item com.binance.dev, missing shared fields: [4], missing type-specific fields: [0, 0, 0, 0, 0, 0, 0, 0, 64]
07-16 16:12:01.611 E/Finsky  ( 3725): [2] Failed to load an Item com.bitbns, missing shared fields: [], missing type-specific fields: [0, 0, 0, 0, 0, 0, 0, 0, 64]
07-16 16:12:01.611 E/Finsky  ( 3725): [2] Failed to load an Item com.blinkfitness.app, missing shared fields: [], missing type-specific fields: [0, 0, 0, 0, 0, 0, 0, 0, 64]
07-16 16:12:01.611 E/Finsky  ( 3725): [2] Failed to load an Item com.blusmart.rider, no data available.
07-16 16:12:01.611 E/Finsky  ( 3725): [2] Failed to load an Item com.booking, missing shared fields: [], missing type-specific fields: [0, 0, 0, 0, 0, 0, 0, 0, 64]
07-16 16:12:01.611 E/Finsky  ( 3725): [2] Failed to load an Item com.cisco.webex.meetings, missing shared fields: [], missing type-specific fields: [0, 0, 0, 0, 0, 0, 0, 0, 64]
07-16 16:12:01.612 E/Finsky  ( 3725): [2] Failed to load an Item com.citizen.ndmc, missing shared fields: [], missing type-specific fields: [0, 0, 0, 0, 0, 0, 0, 0, 64]
07-16 16:12:01.612 E/Finsky  ( 3725): [2] Failed to load an Item com.cowinapp.app, missing shared fields: [], missing type-specific fields: [0, 0, 0, 0, 0, 0, 0, 0, 64]
07-16 16:12:01.612 E/Finsky  ( 3725): [2] Failed to load an Item com.cricheroes.cricheroes.alpha, missing shared fields: [], missing type-specific fields: [0, 0, 0, 0, 0, 0, 0, 0, 64]
07-16 16:12:01.612 E/Finsky  ( 3725): [2] Failed to load an Item com.dreame.smartlife, missing shared fields: [], missing type-specific fields: [0, 0, 0, 0, 0, 0, 0, 0, 64]
07-16 16:12:01.612 E/Finsky  ( 3725): [2] Failed to load an Item com.easemytrip.android, missing shared fields: [], missing type-specific fields: [0, 0, 0, 0, 0, 0, 0, 0, 64]
07-16 16:12:01.612 E/Finsky  ( 3725): [2] Failed to load an Item com.easilydo.mail, missing shared fields: [], missing type-specific fields: [0, 0, 0, 0, 0, 0, 0, 0, 64]
07-16 16:12:01.612 E/Finsky  ( 3725): [2] Failed to load an Item com.easydiner, missing shared fields: [], missing type-specific fields: [0, 0, 0, 0, 0, 0, 0, 0, 64]
07-16 16:12:01.612 E/Finsky  ( 3725): [2] Failed to load an Item com.ebay.mobile, missing shared fields: [], missing type-specific fields: [0, 0, 0, 0, 0, 0, 0, 0, 64]
07-16 16:12:01.612 E/Finsky  ( 3725): [2] Failed to load an Item com.eterno, no data available.
07-16 16:12:01.612 E/Finsky  ( 3725): [2] Failed to load an Item com.evamall.evacustomer, missing shared fields: [], missing type-specific fields: [0, 0, 0, 0, 0, 0, 0, 0, 64]
07-16 16:12:01.612 E/Finsky  ( 3725): [2] Failed to load an Item com.everbridge.mobile.iv.recipient, missing shared fields: [], missing type-specific fields: [0, 0, 0, 0, 0, 0, 0, 0, 64]
07-16 16:12:01.612 E/Finsky  ( 3725): [2] Failed to load an Item com.facebook.katana, missing shared fields: [], missing type-specific fields: [0, 0, 0, 0, 0, 0, 0, 0, 64]
07-16 16:12:01.613 E/Finsky  ( 3725): [2] Failed to load an Item com.facebook.orca, missing shared fields: [], missing type-specific fields: [0, 0, 0, 0, 0, 0, 0, 0, 64]
07-16 16:12:01.613 E/Finsky  ( 3725): [2] Failed to load an Item com.fast.free.unblock.secure.vpn, missing shared fields: [], missing type-specific fields: [0, 0, 0, 0, 0, 0, 0, 0, 64]
07-16 16:12:01.613 E/Finsky  ( 3725): [2] Failed to load an Item com.fct.global, missing shared fields: [], missing type-specific fields: [0, 0, 0, 0, 0, 0, 0, 0, 64]
07-16 16:12:01.613 E/Finsky  ( 3725): [2] Failed to load an Item com.flipkart.android, missing shared fields: [], missing type-specific fields: [0, 0, 0, 0, 0, 0, 0, 0, 64]
07-16 16:12:01.613 E/Finsky  ( 3725): [2] Failed to load an Item com.frotamiles.goamiles_user, missing shared fields: [], missing type-specific fields: [0, 0, 0, 0, 0, 0, 0, 0, 64]
07-16 16:12:01.613 E/Finsky  ( 3725): [2] Failed to load an Item com.game.emulator.gb4.retro.gameboy.collection, missing shared fields: [], missing type-specific fields: [0, 0, 0, 0, 0, 0, 0, 0, 64]
07-16 16:12:01.613 E/Finsky  ( 3725): [2] Failed to load an Item com.ge.capital.konysbiapp, missing shared fields: [], missing type-specific fields: [0, 0, 0, 0, 0, 0, 0, 0, 64]
07-16 16:12:01.613 E/Finsky  ( 3725): [2] Failed to load an Item com.generagames.ramboat2.bestarcadeshooter, missing shared fields: [], missing type-specific fields: [0, 0, 0, 0, 0, 0, 0, 0, 64]
07-16 16:12:01.613 E/Finsky  ( 3725): [2] Failed to load an Item com.getholodex.app, missing shared fields: [], missing type-specific fields: [0, 0, 0, 0, 0, 0, 0, 0, 64]
07-16 16:12:01.613 E/Finsky  ( 3725): [2] Failed to load an Item com.girnarsoft.cardekho, missing shared fields: [], missing type-specific fields: [0, 0, 0, 0, 0, 0, 0, 0, 64]
07-16 16:12:01.613 E/Finsky  ( 3725): [2] Failed to load an Item com.glassdoor.app, missing shared fields: [], missing type-specific fields: [0, 0, 0, 0, 0, 0, 0, 0, 64]
07-16 16:12:01.613 E/Finsky  ( 3725): [2] Failed to load an Item com.google.android.apps.meetings, missing shared fields: [], missing type-specific fields: [0, 0, 0, 0, 0, 0, 0, 0, 64]
07-16 16:12:01.613 E/Finsky  ( 3725): [2] Failed to load an Item com.google.android.apps.nbu.paisa.user, missing shared fields: [], missing type-specific fields: [0, 0, 0, 0, 0, 0, 0, 0, 64]
07-16 16:12:01.613 E/Finsky  ( 3725): [2] Failed to load an Item com.google.android.tv.remote, missing shared fields: [], missing type-specific fields: [0, 0, 0, 0, 0, 0, 0, 0, 64]
07-16 16:12:01.613 E/Finsky  ( 3725): [2] Failed to load an Item com.google.earth, missing shared fields: [], missing type-specific fields: [0, 0, 0, 0, 0, 0, 0, 0, 64]
07-16 16:12:01.614 E/Finsky  ( 3725): [2] Failed to load an Item com.google.tango.measure, missing shared fields: [], missing type-specific fields: [0, 0, 0, 0, 0, 0, 0, 0, 64]
07-16 16:12:01.614 E/Finsky  ( 3725): [2] Failed to load an Item com.instagram.android, missing shared fields: [], missing type-specific fields: [0, 0, 0, 0, 0, 0, 0, 0, 64]
07-16 16:12:01.614 E/Finsky  ( 3725): [2] Failed to load an Item com.isoton.lebara, missing shared fields: [], missing type-specific fields: [0, 0, 0, 0, 0, 0, 0, 0, 64]
07-16 16:12:01.614 E/Finsky  ( 3725): [2] Failed to load an Item com.ixigo, missing shared fields: [], missing type-specific fields: [0, 0, 0, 0, 0, 0, 0, 0, 64]
07-16 16:12:01.614 E/Finsky  ( 3725): [2] Failed to load an Item com.jio.jse, missing shared fields: [], missing type-specific fields: [0, 0, 0, 0, 0, 0, 0, 0, 64]
07-16 16:12:01.614 E/Finsky  ( 3725): [2] Failed to load an Item com.jio.media.ondemand, missing shared fields: [], missing type-specific fields: [0, 0, 0, 0, 0, 0, 0, 0, 64]
07-16 16:12:01.614 E/Finsky  ( 3725): [2] Failed to load an Item com.jiotesseract.mr.jxr, missing shared fields: [], missing type-specific fields: [0, 0, 0, 0, 0, 0, 0, 0, 64]
07-16 16:12:01.614 E/Finsky  ( 3725): [2] Failed to load an Item com.legendmame.dinoemulator, no data available.
07-16 16:12:01.614 E/Finsky  ( 3725): [2] Failed to load an Item com.linkedin.android, missing shared fields: [], missing type-specific fields: [0, 0, 0, 0, 0, 0, 0, 0, 64]
07-16 16:12:01.614 E/Finsky  ( 3725): [2] Failed to load an Item com.ludo.king, missing shared fields: [], missing type-specific fields: [0, 0, 0, 0, 0, 0, 0, 0, 64]
07-16 16:12:01.614 E/Finsky  ( 3725): [2] Failed to load an Item com.makemytrip, missing shared fields: [], missing type-specific fields: [0, 0, 0, 0, 0, 0, 0, 0, 64]
07-16 16:12:01.614 E/Finsky  ( 3725): [2] Failed to load an Item com.masomo.basketballarena, missing shared fields: [], missing type-specific fields: [0, 0, 0, 0, 0, 0, 0, 0, 64]
07-16 16:12:01.614 E/Finsky  ( 3725): [2] Failed to load an Item com.mcu.iVMS, no data available.
07-16 16:12:01.615 E/Finsky  ( 3725): [2] Failed to load an Item com.microsoft.copilot, missing shared fields: [], missing type-specific fields: [0, 0, 0, 0, 0, 0, 0, 0, 64]
07-16 16:12:01.615 E/Finsky  ( 3725): [2] Failed to load an Item com.microsoft.office.officehubrow, missing shared fields: [], missing type-specific fields: [0, 0, 0, 0, 0, 0, 0, 0, 64]
07-16 16:12:01.615 E/Finsky  ( 3725): [2] Failed to load an Item com.microsoft.windowsintune.companyportal, missing shared fields: [], missing type-specific fields: [0, 0, 0, 0, 0, 0, 0, 0, 64]
07-16 16:12:01.615 E/Finsky  ( 3725): [2] Failed to load an Item com.myntra.android, missing shared fields: [], missing type-specific fields: [0, 0, 0, 0, 0, 0, 0, 0, 64]
07-16 16:12:01.615 E/Finsky  ( 3725): [2] Failed to load an Item com.nextbillion.groww, missing shared fields: [], missing type-specific fields: [0, 0, 0, 0, 0, 0, 0, 0, 64]
07-16 16:12:01.615 E/Finsky  ( 3725): [2] Failed to load an Item com.nnacres.app, missing shared fields: [], missing type-specific fields: [0, 0, 0, 0, 0, 0, 0, 0, 64]
07-16 16:12:01.615 E/Finsky  ( 3725): [2] Failed to load an Item com.ojassoft.astrology, missing shared fields: [], missing type-specific fields: [0, 0, 0, 0, 0, 0, 0, 0, 64]
07-16 16:12:01.615 E/Finsky  ( 3725): [2] Failed to load an Item com.olacabs.customer, missing shared fields: [], missing type-specific fields: [0, 0, 0, 0, 0, 0, 0, 0, 64]
07-16 16:12:01.615 E/Finsky  ( 3725): [2] Failed to load an Item com.openai.chatgpt, missing shared fields: [], missing type-specific fields: [0, 0, 0, 0, 0, 0, 0, 0, 64]
07-16 16:12:01.615 E/Finsky  ( 3725): [2] Failed to load an Item com.originmobileapp, missing shared fields: [], missing type-specific fields: [0, 0, 0, 0, 0, 0, 0, 0, 64]
07-16 16:12:01.615 E/Finsky  ( 3725): [2] Failed to load an Item com.outplayentertainment.aliencreeps, missing shared fields: [], missing type-specific fields: [0, 0, 0, 0, 0, 0, 0, 0, 64]
07-16 16:12:01.615 E/Finsky  ( 3725): [2] Failed to load an Item com.pickles.pickleslive, missing shared fields: [], missing type-specific fields: [0, 0, 0, 0, 0, 0, 0, 0, 64]
07-16 16:12:01.615 E/Finsky  ( 3725): [2] Failed to load an Item com.playit.videoplayer, missing shared fields: [], missing type-specific fields: [0, 0, 0, 0, 0, 0, 0, 0, 64]
07-16 16:12:01.616 E/Finsky  ( 3725): [2] Failed to load an Item com.playrix.township, no data available.
07-16 16:12:01.616 E/Finsky  ( 3725): [2] Failed to load an Item com.playstation.remoteplay, missing shared fields: [], missing type-specific fields: [0, 0, 0, 0, 0, 0, 0, 0, 64]
07-16 16:12:01.616 E/Finsky  ( 3725): [2] Failed to load an Item com.quora.android, missing shared fields: [], missing type-specific fields: [0, 0, 0, 0, 0, 0, 0, 0, 64]
07-16 16:12:01.616 E/Finsky  ( 3725): [2] Failed to load an Item com.radiodeewane.sandhyatech, missing shared fields: [], missing type-specific fields: [0, 0, 0, 0, 0, 0, 0, 0, 64]
07-16 16:12:01.616 E/Finsky  ( 3725): [2] Failed to load an Item com.reddit.frontpage, missing shared fields: [], missing type-specific fields: [0, 0, 0, 0, 0, 0, 0, 0, 64]
07-16 16:12:01.616 E/Finsky  ( 3725): [2] Failed to load an Item com.ril.ajio, missing shared fields: [], missing type-specific fields: [0, 0, 0, 0, 0, 0, 0, 0, 64]
07-16 16:12:01.616 E/Finsky  ( 3725): [2] Failed to load an Item com.samsung.android.app.watchmanager, missing shared fields: [], missing type-specific fields: [0, 0, 0, 0, 0, 0, 0, 0, 64]
07-16 16:12:01.616 E/Finsky  ( 3725): [2] Failed to load an Item com.samsung.android.voc, missing shared fields: [], missing type-specific fields: [0, 0, 0, 0, 0, 0, 0, 0, 64]
07-16 16:12:01.616 E/Finsky  ( 3725): [2] Failed to load an Item com.scee.psxandroid, missing shared fields: [], missing type-specific fields: [0, 0, 0, 0, 0, 0, 0, 0, 64]
07-16 16:12:01.616 E/Finsky  ( 3725): [2] Failed to load an Item com.sec.android.easyMover, missing shared fields: [4], missing type-specific fields: [0, 0, 0, 0, 0, 0, 0, 0, 64]
07-16 16:12:01.616 E/Finsky  ( 3725): [2] Failed to load an Item com.shoppingdeal.sportsuncle, missing shared fields: [], missing type-specific fields: [0, 0, 0, 0, 0, 0, 0, 0, 64]
07-16 16:12:01.616 E/Finsky  ( 3725): [2] Failed to load an Item com.skype.raider, missing shared fields: [], missing type-specific fields: [0, 0, 0, 0, 0, 0, 0, 0, 64]
07-16 16:12:01.616 E/Finsky  ( 3725): [2] Failed to load an Item com.smartspends, missing shared fields: [], missing type-specific fields: [0, 0, 0, 0, 0, 0, 0, 0, 64]
07-16 16:12:01.617 E/Finsky  ( 3725): [2] Failed to load an Item com.snkplaymore.android010, missing shared fields: [], missing type-specific fields: [0, 0, 0, 0, 0, 0, 0, 0, 64]
07-16 16:12:01.617 E/Finsky  ( 3725): [2] Failed to load an Item com.sonyliv, missing shared fields: [], missing type-specific fields: [0, 0, 0, 0, 0, 0, 0, 0, 64]
07-16 16:12:01.617 E/Finsky  ( 3725): [2] Failed to load an Item com.sticksports.stickcricket, missing shared fields: [], missing type-specific fields: [0, 0, 0, 0, 0, 0, 0, 0, 64]
07-16 16:12:01.617 E/Finsky  ( 3725): [2] Failed to load an Item com.sticksports.stickcricketlive, missing shared fields: [], missing type-specific fields: [0, 0, 0, 0, 0, 0, 0, 0, 64]
07-16 16:12:01.617 E/Finsky  ( 3725): [2] Failed to load an Item com.tatadigital.tcp, missing shared fields: [], missing type-specific fields: [0, 0, 0, 0, 0, 0, 0, 0, 64]
07-16 16:12:01.617 E/Finsky  ( 3725): [2] Failed to load an Item com.telstra.mobile.jbhifi, missing shared fields: [], missing type-specific fields: [0, 0, 0, 0, 0, 0, 0, 0, 64]
07-16 16:12:01.617 E/Finsky  ( 3725): [2] Failed to load an Item com.tranzmate, missing shared fields: [], missing type-specific fields: [0, 0, 0, 0, 0, 0, 0, 0, 64]
07-16 16:12:01.617 E/Finsky  ( 3725): [2] Failed to load an Item com.twitter.android, missing shared fields: [], missing type-specific fields: [0, 0, 0, 0, 0, 0, 0, 0, 64]
07-16 16:12:01.617 E/Finsky  ( 3725): [2] Failed to load an Item com.ventura.ventura, missing shared fields: [], missing type-specific fields: [0, 0, 0, 0, 0, 0, 0, 0, 64]
07-16 16:12:01.617 E/Finsky  ( 3725): [2] Failed to load an Item com.westernunion.moneytransferr3app.in, missing shared fields: [], missing type-specific fields: [0, 0, 0, 0, 0, 0, 0, 0, 64]
07-16 16:12:01.617 E/Finsky  ( 3725): [2] Failed to load an Item com.xiaomi.wearable, missing shared fields: [], missing type-specific fields: [0, 0, 0, 0, 0, 0, 0, 0, 64]
07-16 16:12:01.617 E/Finsky  ( 3725): [2] Failed to load an Item com.zeptoconsumerapp, missing shared fields: [4], missing type-specific fields: [0, 0, 0, 0, 0, 0, 0, 0, 64]
07-16 16:12:01.617 E/Finsky  ( 3725): [2] Failed to load an Item com.zoho.invoice, missing shared fields: [], missing type-specific fields: [0, 0, 0, 0, 0, 0, 0, 0, 64]
07-16 16:12:01.618 E/Finsky  ( 3725): [2] Failed to load an Item icv.resume.curriculumvitae, missing shared fields: [], missing type-specific fields: [0, 0, 0, 0, 0, 0, 0, 0, 64]
07-16 16:12:01.618 E/Finsky  ( 3725): [2] Failed to load an Item in.amazon.mShop.android.shopping, missing shared fields: [], missing type-specific fields: [0, 0, 0, 0, 0, 0, 0, 0, 64]
07-16 16:12:01.618 E/Finsky  ( 3725): [2] Failed to load an Item in.digital.reliance, missing shared fields: [], missing type-specific fields: [0, 0, 0, 0, 0, 0, 0, 0, 64]
07-16 16:12:01.618 E/Finsky  ( 3725): [2] Failed to load an Item in.startv.hotstar, missing shared fields: [], missing type-specific fields: [0, 0, 0, 0, 0, 0, 0, 0, 64]
07-16 16:12:01.618 E/Finsky  ( 3725): [2] Failed to load an Item in.swiggy.android, missing shared fields: [], missing type-specific fields: [0, 0, 0, 0, 0, 0, 0, 0, 64]
07-16 16:12:01.618 E/Finsky  ( 3725): [2] Failed to load an Item menloseweight.loseweightappformen.weightlossformen, missing shared fields: [], missing type-specific fields: [0, 0, 0, 0, 0, 0, 0, 0, 64]
07-16 16:12:01.618 E/Finsky  ( 3725): [2] Failed to load an Item net.one97.paytm, missing shared fields: [], missing type-specific fields: [0, 0, 0, 0, 0, 0, 0, 0, 64]
07-16 16:12:01.618 E/Finsky  ( 3725): [2] Failed to load an Item net.pulsesecure.pulsesecure, missing shared fields: [], missing type-specific fields: [0, 0, 0, 0, 0, 0, 0, 0, 64]
07-16 16:12:01.618 E/Finsky  ( 3725): [2] Failed to load an Item nic.goi.aarogyasetu, missing shared fields: [], missing type-specific fields: [0, 0, 0, 0, 0, 0, 0, 0, 64]
07-16 16:12:01.618 E/Finsky  ( 3725): [2] Failed to load an Item nineNewsAlerts.nine.com, missing shared fields: [], missing type-specific fields: [0, 0, 0, 0, 0, 0, 0, 0, 64]
07-16 16:12:01.618 E/Finsky  ( 3725): [2] Failed to load an Item org.mozilla.firefox, missing shared fields: [], missing type-specific fields: [0, 0, 0, 0, 0, 0, 0, 0, 64]
07-16 16:12:01.618 E/Finsky  ( 3725): [2] Failed to load an Item org.telegram.messenger, missing shared fields: [], missing type-specific fields: [0, 0, 0, 0, 0, 0, 0, 0, 64]
07-16 16:12:01.618 E/Finsky  ( 3725): [2] Failed to load an Item python.learnpython.learn.pythonx.coding.programming.python3.tutorials.codingx, missing shared fields: [], missing type-specific fields: [0, 0, 0, 0, 0, 0, 0, 0, 64]
07-16 16:12:01.621 E/Finsky  ( 3725): [2] Required items [com.android.chrome, com.android.vending, com.google.android.apps.maps, com.google.android.apps.messaging, com.google.android.apps.tachyon, com.google.android.gm, com.google.android.youtube, au.gov.vic.ptv, com.Slack, com.agoda.mobile.consumer, com.amazon.mp3, com.anz.lotus, com.canarabank.mobility, com.google.android.apps.docs, com.google.android.apps.docs.editors.docs, com.google.android.apps.docs.editors.sheets, com.google.android.apps.photos, com.google.android.apps.walletnfcrel, com.google.android.apps.youtube.music, com.google.android.calendar, com.google.android.play.games, com.google.android.videos, com.jio.jioplay.tv, com.jio.myjio, com.jpl.jiomart, com.limebike, com.microsoft.emmx, com.microsoft.office.outlook, com.remitly.androidapp, com.samsung.android.oneconnect, com.sec.android.app.sbrowser, com.sec.android.app.shealth, com.spotify.music, com.ubercab, com.whiterabbit.mypocketastrologer.astroveda, org.zwanoo.android.speedtest, com.google.android.googlequicksearchbox, com.microsoft.skydrive, appinventor.ai_work24info.chatgpt, au.com.nab.mobile, au.com.realestate.app, au.com.seek, au.com.ticketek, cn.wps.moffice_eng, co.edureka.app, codematics.universal.tv.remote.control, com.Dominos, com.JESoftware.LastHopeTD, com.adobe.scan.android, com.airbnb.android, com.amazon.avod.thirdpartyclient, com.amazon.kindle, com.astroid.yodha, com.azure.authenticator, com.bikewale.app, com.binance.dev, com.bitbns, com.blinkfitness.app, com.blusmart.rider, com.booking, com.cisco.webex.meetings, com.citizen.ndmc, com.cowinapp.app, com.cricheroes.cricheroes.alpha, com.dreame.smartlife, com.easemytrip.android, com.easilydo.mail, com.easydiner, com.ebay.mobile, com.eterno, com.evamall.evacustomer, com.everbridge.mobile.iv.recipient, com.facebook.katana, com.facebook.orca, com.fast.free.unblock.secure.vpn, com.fct.global, com.flipkart.android, com.frotamiles.goamiles_user, com.game.emulator.gb4.retro.gameboy.collection, com.ge.capital.konysbiapp, com.generagames.ramboat2.bestarcadeshooter, com.getholodex.app, com.girnarsoft.cardekho, com.glassdoor.app, com.google.android.apps.meetings, com.google.android.apps.nbu.paisa.user, com.google.android.tv.remote, com.google.earth, com.google.tango.measure, com.instagram.android, com.isoton.lebara, com.ixigo, com.jio.jse, com.jio.media.ondemand, com.jiotesseract.mr.jxr, com.legendmame.dinoemulator, com.linkedin.android, com.ludo.king, com.makemytrip, com.masomo.basketballarena, com.mcu.iVMS, com.microsoft.copilot, com.microsoft.office.officehubrow, com.microsoft.windowsintune.companyportal, com.myntra.android, com.nextbillion.groww, com.nnacres.app, com.ojassoft.astrology, com.olacabs.customer, com.openai.chatgpt, com.originmobileapp, com.outplayentertainment.aliencreeps, com.pickles.pickleslive, com.playit.videoplayer, com.playrix.township, com.playstation.remoteplay, com.quora.android, com.radiodeewane.sandhyatech, com.reddit.frontpage, com.ril.ajio, com.samsung.android.app.watchmanager, com.samsung.android.voc, com.scee.psxandroid, com.sec.android.easyMover, com.shoppingdeal.sportsuncle, com.skype.raider, com.smartspends, com.snkplaymore.android010, com.sonyliv, com.sticksports.stickcricket, com.sticksports.stickcricketlive, com.tatadigital.tcp, com.telstra.mobile.jbhifi, com.tranzmate, com.twitter.android, com.ventura.ventura, com.westernunion.moneytransferr3app.in, com.xiaomi.wearable, com.zeptoconsumerapp, com.zoho.invoice, icv.resume.curriculumvitae, in.amazon.mShop.android.shopping, in.digital.reliance, in.startv.hotstar, in.swiggy.android, menloseweight.loseweightappformen.weightlossformen, net.one97.paytm, net.pulsesecure.pulsesecure, nic.goi.aarogyasetu, nineNewsAlerts.nine.com, org.mozilla.firefox, org.telegram.messenger, python.learnpython.learn.pythonx.coding.programming.python3.tutorials.codingx]
