07-16 16:12:03.051 V/GraphicsEnvironment(20504): ANGLE Developer option for 'com.google.android.gms' set to: 'default'
07-16 16:12:03.051 I/NetworkScheduler.Stats( 1485): (REDACTED) Task %s/%s started execution. cause:%s exec_start_elapsed_seconds: %s
07-16 16:12:03.051 V/GraphicsEnvironment(20504): ANGLE GameManagerService for com.google.android.gms: false
07-16 16:12:03.051 V/GraphicsEnvironment(20504): Neither updatable production driver nor prerelease driver is supported.
07-16 16:12:03.055 D/NetworkSecurityConfig(20504): Using Network Security Config from resource network_security_config debugBuild: false
07-16 16:12:03.058 D/NetworkSecurityConfig(20504): Using Network Security Config from resource network_security_config debugBuild: false
07-16 16:12:03.089 I/NetworkScheduler.Stats( 1485): (REDACTED) Task %s/%s started execution. cause:%s exec_start_elapsed_seconds: %s
07-16 16:12:03.093 I/TapAndPay( 1485): Maintaining payment bundles [CONTEXT service_id=79 ]
07-16 16:12:03.101 I/TapAndPay( 1485): Finished maintaining payment bundles [CONTEXT service_id=79 ]
07-16 16:12:03.105 I/NetworkScheduler.Stats( 1485): (REDACTED) Task %s/%s finished executing. cause:%s result: %s elapsed_millis: %s uptime_millis: %s exec_start_elapsed_seconds: %s
07-16 16:12:03.117 E/AuthPII ( 1485): [RequestTokenManager] getToken() -> BAD_AUTHENTICATION. App: com.google.android.gms, Service: oauth2:https://www.googleapis.com/auth/plus.me
07-16 16:12:03.117 E/AuthPII ( 1485): bjja: Long live credential not available.
07-16 16:12:03.117 E/AuthPII ( 1485): 	at ahme.a(:com.google.android.gms@262634029@26.26.34 (190400-945364269):1383)
07-16 16:12:03.117 E/AuthPII ( 1485): 	at ahml.b(:com.google.android.gms@262634029@26.26.34 (190400-945364269):26)
07-16 16:12:03.117 E/AuthPII ( 1485): 	at ahmj.a(:com.google.android.gms@262634029@26.26.34 (190400-945364269):661)
07-16 16:12:03.117 E/AuthPII ( 1485): 	at agvt.a(:com.google.android.gms@262634029@26.26.34 (190400-945364269):82)
07-16 16:12:03.117 E/AuthPII ( 1485): 	at aayv.d(:com.google.android.gms@262634029@26.26.34 (190400-945364269):40)
07-16 16:12:03.117 E/AuthPII ( 1485): 	at agnr.a(:com.google.android.gms@262634029@26.26.34 (190400-945364269):33)
07-16 16:12:03.117 E/AuthPII ( 1485): 	at agnx.s(:com.google.android.gms@262634029@26.26.34 (190400-945364269):34)
07-16 16:12:03.117 E/AuthPII ( 1485): 	at agnx.r(:com.google.android.gms@262634029@26.26.34 (190400-945364269):64)
07-16 16:12:03.117 E/AuthPII ( 1485): 	at agnx.f(:com.google.android.gms@262634029@26.26.34 (190400-945364269):1)
07-16 16:12:03.117 E/AuthPII ( 1485): 	at agnx.j(:com.google.android.gms@262634029@26.26.34 (190400-945364269):4)
07-16 16:12:03.117 E/AuthPII ( 1485): 	at agnx.k(:com.google.android.gms@262634029@26.26.34 (190400-945364269):8)
07-16 16:12:03.117 E/AuthPII ( 1485): 	at agnx.h(:com.google.android.gms@262634029@26.26.34 (190400-945364269):21)
07-16 16:12:03.117 E/AuthPII ( 1485): 	at com.google.android.gms.tapandpay.security.CheckInTaskOperation.a(:com.google.android.gms@262634029@26.26.34 (190400-945364269):41)
07-16 16:12:03.117 E/AuthPII ( 1485): 	at com.google.android.gms.tapandpay.gcmtask.TapAndPayGcmTaskChimeraService.a(:com.google.android.gms@262634029@26.26.34 (190400-945364269):32)
07-16 16:12:03.117 E/AuthPII ( 1485): 	at dblk.call(:com.google.android.gms@262634029@26.26.34 (190400-945364269):36)
07-16 16:12:03.117 E/AuthPII ( 1485): 	at java.util.concurrent.FutureTask.run(FutureTask.java:264)
07-16 16:12:03.117 E/AuthPII ( 1485): 	at bkpw.c(:com.google.android.gms@262634029@26.26.34 (190400-945364269):50)
07-16 16:12:03.117 E/AuthPII ( 1485): 	at bkpw.run(:com.google.android.gms@262634029@26.26.34 (190400-945364269):71)
07-16 16:12:03.117 E/AuthPII ( 1485): 	at java.util.concurrent.ThreadPoolExecutor.runWorker(ThreadPoolExecutor.java:1137)
07-16 16:12:03.117 E/AuthPII ( 1485): 	at java.util.concurrent.ThreadPoolExecutor$Worker.run(ThreadPoolExecutor.java:637)
07-16 16:12:03.117 E/AuthPII ( 1485): 	at bkvp.run(:com.google.android.gms@262634029@26.26.34 (190400-945364269):8)
07-16 16:12:03.117 E/AuthPII ( 1485): 	at java.lang.Thread.run(Thread.java:1012)
07-16 16:12:03.118 E/AuthPII ( 1485): Message is Long live credential not available.
07-16 16:12:03.118 E/AuthPII ( 1485): bjja: Long live credential not available.
07-16 16:12:03.118 E/AuthPII ( 1485): 	at ahme.a(:com.google.android.gms@262634029@26.26.34 (190400-945364269):1383)
07-16 16:12:03.118 E/AuthPII ( 1485): 	at ahml.b(:com.google.android.gms@262634029@26.26.34 (190400-945364269):26)
07-16 16:12:03.118 E/AuthPII ( 1485): 	at ahmj.a(:com.google.android.gms@262634029@26.26.34 (190400-945364269):661)
07-16 16:12:03.118 E/AuthPII ( 1485): 	at agvt.a(:com.google.android.gms@262634029@26.26.34 (190400-945364269):82)
07-16 16:12:03.118 E/AuthPII ( 1485): 	at aayv.d(:com.google.android.gms@262634029@26.26.34 (190400-945364269):40)
07-16 16:12:03.118 E/AuthPII ( 1485): 	at agnr.a(:com.google.android.gms@262634029@26.26.34 (190400-945364269):33)
07-16 16:12:03.118 E/AuthPII ( 1485): 	at agnx.s(:com.google.android.gms@262634029@26.26.34 (190400-945364269):34)
07-16 16:12:03.118 E/AuthPII ( 1485): 	at agnx.r(:com.google.android.gms@262634029@26.26.34 (190400-945364269):64)
07-16 16:12:03.118 E/AuthPII ( 1485): 	at agnx.f(:com.google.android.gms@262634029@26.26.34 (190400-945364269):1)
07-16 16:12:03.118 E/AuthPII ( 1485): 	at agnx.j(:com.google.android.gms@262634029@26.26.34 (190400-945364269):4)
07-16 16:12:03.118 E/AuthPII ( 1485): 	at agnx.k(:com.google.android.gms@262634029@26.26.34 (190400-945364269):8)
07-16 16:12:03.118 E/AuthPII ( 1485): 	at agnx.h(:com.google.android.gms@262634029@26.26.34 (190400-945364269):21)
07-16 16:12:03.118 E/AuthPII ( 1485): 	at com.google.android.gms.tapandpay.security.CheckInTaskOperation.a(:com.google.android.gms@262634029@26.26.34 (190400-945364269):41)
07-16 16:12:03.118 E/AuthPII ( 1485): 	at com.google.android.gms.tapandpay.gcmtask.TapAndPayGcmTaskChimeraService.a(:com.google.android.gms@262634029@26.26.34 (190400-945364269):32)
07-16 16:12:03.118 E/AuthPII ( 1485): 	at dblk.call(:com.google.android.gms@262634029@26.26.34 (190400-945364269):36)
07-16 16:12:03.118 E/AuthPII ( 1485): 	at java.util.concurrent.FutureTask.run(FutureTask.java:264)
07-16 16:12:03.118 E/AuthPII ( 1485): 	at bkpw.c(:com.google.android.gms@262634029@26.26.34 (190400-945364269):50)
07-16 16:12:03.118 E/AuthPII ( 1485): 	at bkpw.run(:com.google.android.gms@262634029@26.26.34 (190400-945364269):71)
07-16 16:12:03.118 E/AuthPII ( 1485): 	at java.util.concurrent.ThreadPoolExecutor.runWorker(ThreadPoolExecutor.java:1137)
07-16 16:12:03.118 E/AuthPII ( 1485): 	at java.util.concurrent.ThreadPoolExecutor$Worker.run(ThreadPoolExecutor.java:637)
07-16 16:12:03.118 E/AuthPII ( 1485): 	at bkvp.run(:com.google.android.gms@262634029@26.26.34 (190400-945364269):8)
07-16 16:12:03.118 E/AuthPII ( 1485): 	at java.lang.Thread.run(Thread.java:1012)
07-16 16:12:03.118 I/Auth    ( 1485): (REDACTED) [AccountIdManager] Token response failed with status=%s
07-16 16:12:03.119 I/Safeboot(20504): Checking safeboot...
07-16 16:12:03.125 E/AuthPII ( 1485): [RequestTokenManager] getToken() -> BAD_AUTHENTICATION. App: com.google.android.gms, Service: oauth2:https://www.googleapis.com/auth/userinfo.email https://www.googleapis.com/auth/account.capabilities https://www.googleapis.com/auth/account.service_flags
07-16 16:12:03.125 E/AuthPII ( 1485): bjja: Long live credential not available.
07-16 16:12:03.125 E/AuthPII ( 1485): 	at ahme.a(:com.google.android.gms@262634029@26.26.34 (190400-945364269):1383)
07-16 16:12:03.125 E/AuthPII ( 1485): 	at ahml.b(:com.google.android.gms@262634029@26.26.34 (190400-945364269):26)
07-16 16:12:03.125 E/AuthPII ( 1485): 	at ahmj.a(:com.google.android.gms@262634029@26.26.34 (190400-945364269):661)
07-16 16:12:03.125 E/AuthPII ( 1485): 	at agvz.a(:com.google.android.gms@262634029@26.26.34 (190400-945364269):55)
07-16 16:12:03.125 E/AuthPII ( 1485): 	at agvz.h(:com.google.android.gms@262634029@26.26.34 (190400-945364269):109)
07-16 16:12:03.125 E/AuthPII ( 1485): 	at agvz.b(:com.google.android.gms@262634029@26.26.34 (190400-945364269):824)
07-16 16:12:03.125 E/AuthPII ( 1485): 	at agvz.c(:com.google.android.gms@262634029@26.26.34 (190400-945364269):5)
07-16 16:12:03.125 E/AuthPII ( 1485): 	at aayv.d(:com.google.android.gms@262634029@26.26.34 (190400-945364269):65)
07-16 16:12:03.125 E/AuthPII ( 1485): 	at agnr.a(:com.google.android.gms@262634029@26.26.34 (190400-945364269):33)
07-16 16:12:03.125 E/AuthPII ( 1485): 	at agnx.s(:com.google.android.gms@262634029@26.26.34 (190400-945364269):34)
07-16 16:12:03.125 E/AuthPII ( 1485): 	at agnx.r(:com.google.android.gms@262634029@26.26.34 (190400-945364269):64)
07-16 16:12:03.125 E/AuthPII ( 1485): 	at agnx.f(:com.google.android.gms@262634029@26.26.34 (190400-945364269):1)
07-16 16:12:03.125 E/AuthPII ( 1485): 	at agnx.j(:com.google.android.gms@262634029@26.26.34 (190400-945364269):4)
07-16 16:12:03.125 E/AuthPII ( 1485): 	at agnx.k(:com.google.android.gms@262634029@26.26.34 (190400-945364269):8)
07-16 16:12:03.125 E/AuthPII ( 1485): 	at agnx.h(:com.google.android.gms@262634029@26.26.34 (190400-945364269):21)
07-16 16:12:03.125 E/AuthPII ( 1485): 	at com.google.android.gms.tapandpay.security.CheckInTaskOperation.a(:com.google.android.gms@262634029@26.26.34 (190400-945364269):41)
07-16 16:12:03.125 E/AuthPII ( 1485): 	at com.google.android.gms.tapandpay.gcmtask.TapAndPayGcmTaskChimeraService.a(:com.google.android.gms@262634029@26.26.34 (190400-945364269):32)
07-16 16:12:03.125 E/AuthPII ( 1485): 	at dblk.call(:com.google.android.gms@262634029@26.26.34 (190400-945364269):36)
07-16 16:12:03.125 E/AuthPII ( 1485): 	at java.util.concurrent.FutureTask.run(FutureTask.java:264)
07-16 16:12:03.125 E/AuthPII ( 1485): 	at bkpw.c(:com.google.android.gms@262634029@26.26.34 (190400-945364269):50)
07-16 16:12:03.125 E/AuthPII ( 1485): 	at bkpw.run(:com.google.android.gms@262634029@26.26.34 (190400-945364269):71)
07-16 16:12:03.125 E/AuthPII ( 1485): 	at java.util.concurrent.ThreadPoolExecutor.runWorker(ThreadPoolExecutor.java:1137)
07-16 16:12:03.125 E/AuthPII ( 1485): 	at java.util.concurrent.ThreadPoolExecutor$Worker.run(ThreadPoolExecutor.java:637)
07-16 16:12:03.125 E/AuthPII ( 1485): 	at bkvp.run(:com.google.android.gms@262634029@26.26.34 (190400-945364269):8)
07-16 16:12:03.125 E/AuthPII ( 1485): 	at java.lang.Thread.run(Thread.java:1012)
07-16 16:12:03.125 E/AuthPII ( 1485): Message is Long live credential not available.
07-16 16:12:03.125 E/AuthPII ( 1485): bjja: Long live credential not available.
07-16 16:12:03.125 E/AuthPII ( 1485): 	at ahme.a(:com.google.android.gms@262634029@26.26.34 (190400-945364269):1383)
07-16 16:12:03.125 E/AuthPII ( 1485): 	at ahml.b(:com.google.android.gms@262634029@26.26.34 (190400-945364269):26)
07-16 16:12:03.125 E/AuthPII ( 1485): 	at ahmj.a(:com.google.android.gms@262634029@26.26.34 (190400-945364269):661)
07-16 16:12:03.125 E/AuthPII ( 1485): 	at agvz.a(:com.google.android.gms@262634029@26.26.34 (190400-945364269):55)
07-16 16:12:03.125 E/AuthPII ( 1485): 	at agvz.h(:com.google.android.gms@262634029@26.26.34 (190400-945364269):109)
07-16 16:12:03.125 E/AuthPII ( 1485): 	at agvz.b(:com.google.android.gms@262634029@26.26.34 (190400-945364269):824)
07-16 16:12:03.125 E/AuthPII ( 1485): 	at agvz.c(:com.google.android.gms@262634029@26.26.34 (190400-945364269):5)
07-16 16:12:03.125 E/AuthPII ( 1485): 	at aayv.d(:com.google.android.gms@262634029@26.26.34 (190400-945364269):65)
07-16 16:12:03.125 E/AuthPII ( 1485): 	at agnr.a(:com.google.android.gms@262634029@26.26.34 (190400-945364269):33)
07-16 16:12:03.125 E/AuthPII ( 1485): 	at agnx.s(:com.google.android.gms@262634029@26.26.34 (190400-945364269):34)
07-16 16:12:03.125 E/AuthPII ( 1485): 	at agnx.r(:com.google.android.gms@262634029@26.26.34 (190400-945364269):64)
07-16 16:12:03.125 E/AuthPII ( 1485): 	at agnx.f(:com.google.android.gms@262634029@26.26.34 (190400-945364269):1)
07-16 16:12:03.125 E/AuthPII ( 1485): 	at agnx.j(:com.google.android.gms@262634029@26.26.34 (190400-945364269):4)
07-16 16:12:03.125 E/AuthPII ( 1485): 	at agnx.k(:com.google.android.gms@262634029@26.26.34 (190400-945364269):8)
07-16 16:12:03.125 E/AuthPII ( 1485): 	at agnx.h(:com.google.android.gms@262634029@26.26.34 (190400-945364269):21)
07-16 16:12:03.125 E/AuthPII ( 1485): 	at com.google.android.gms.tapandpay.security.CheckInTaskOperation.a(:com.google.android.gms@262634029@26.26.34 (190400-945364269):41)
07-16 16:12:03.125 E/AuthPII ( 1485): 	at com.google.android.gms.tapandpay.gcmtask.TapAndPayGcmTaskChimeraService.a(:com.google.android.gms@262634029@26.26.34 (190400-945364269):32)
07-16 16:12:03.125 E/AuthPII ( 1485): 	at dblk.call(:com.google.android.gms@262634029@26.26.34 (190400-945364269):36)
07-16 16:12:03.125 E/AuthPII ( 1485): 	at java.util.concurrent.FutureTask.run(FutureTask.java:264)
07-16 16:12:03.125 E/AuthPII ( 1485): 	at bkpw.c(:com.google.android.gms@262634029@26.26.34 (190400-945364269):50)
07-16 16:12:03.125 E/AuthPII ( 1485): 	at bkpw.run(:com.google.android.gms@262634029@26.26.34 (190400-945364269):71)
07-16 16:12:03.125 E/AuthPII ( 1485): 	at java.util.concurrent.ThreadPoolExecutor.runWorker(ThreadPoolExecutor.java:1137)
07-16 16:12:03.125 E/AuthPII ( 1485): 	at java.util.concurrent.ThreadPoolExecutor$Worker.run(ThreadPoolExecutor.java:637)
07-16 16:12:03.125 E/AuthPII ( 1485): 	at bkvp.run(:com.google.android.gms@262634029@26.26.34 (190400-945364269):8)
07-16 16:12:03.125 E/AuthPII ( 1485): 	at java.lang.Thread.run(Thread.java:1012)
07-16 16:12:03.126 W/Auth    ( 1485): [AccountStateDownloader] Unable to look up account state from server: couldn't fetch accessToken [CONTEXT service_id=343 ]
07-16 16:12:03.126 W/Auth    ( 1485): [GaiaIdSync] Empty email. Not updating db. [CONTEXT service_id=153 ]
07-16 16:12:03.129 D/CompatibilityChangeReporter(32216): Compat change id reported: 161145287; UID 15010228; state: DISABLED
07-16 16:12:03.135 I/wpa_supplicant(23780): Heartbeat 111258
07-16 16:12:03.151 W/ProviderHelper(20504): Unknown dynamite feature providerinstaller.dynamite
07-16 16:12:03.151 I/DynamiteModule(20504): Considering local module com.google.android.gms.providerinstaller.dynamite:1 and remote module com.google.android.gms.providerinstaller.dynamite:0
07-16 16:12:03.151 I/DynamiteModule(20504): Selected local version of com.google.android.gms.providerinstaller.dynamite
07-16 16:12:03.154 W/CCTFlatFileLogStore( 1485): Excessive logging: 64 events, 353245 bytes from log source ANDROID_AUTH last 2031s
07-16 16:12:03.160 D/BoundBrokerSvc( 1485): onRebind: Intent { act=com.google.android.gms.auth.aang.events.services.START dat=chimera-action:/... cmp=com.google.android.gms/.chimera.PersistentApiService }
07-16 16:12:03.173 V/NativeCrypto(20504): Registering com/google/android/gms/org/conscrypt/NativeCrypto's 337 native methods...
07-16 16:12:03.181 I/NetworkScheduler.Stats( 1485): (REDACTED) Task %s/%s started execution. cause:%s exec_start_elapsed_seconds: %s
07-16 16:12:03.188 I/ProviderInstaller(20504): Installed default security provider GmsCore_OpenSSL
07-16 16:12:03.200 I/GenerationRegistry(32216): mBackingStore.isClosed() : false
07-16 16:12:03.202 I/GmsApplication(20504): Registering the BackgroundBroadcastReceiverSupport receiver.
07-16 16:12:03.205 D/CompatibilityChangeReporter(20504): Compat change id reported: 183155436; UID 15010228; state: ENABLED
07-16 16:12:03.224 D/NetdEventListenerService(32216): DNS Requested by : 100, 10228
07-16 16:12:03.226 D/CompatibilityChangeReporter(32216): Compat change id reported: 135634846; UID 15010228; state: DISABLED
07-16 16:12:03.226 D/CompatibilityChangeReporter(32216): Compat change id reported: 177438394; UID 15010228; state: DISABLED
07-16 16:12:03.226 D/CompatibilityChangeReporter(32216): Compat change id reported: 135772972; UID 15010228; state: DISABLED
07-16 16:12:03.226 D/TrafficStats( 1485): tagSocket(247) with statsTag=0x4002700, statsUid=-1
07-16 16:12:03.227 D/CompatibilityChangeReporter(32216): Compat change id reported: 135754954; UID 15010228; state: ENABLED
07-16 16:12:03.227 I/GmsReceiverSupport(20504): Registered Receiver for 16+1 IntentFilters
07-16 16:12:03.228 D/CompatibilityChangeReporter(32216): Compat change id reported: 143937733; UID 15010228; state: ENABLED
07-16 16:12:03.229 W/Zygote  (31989): forkRepeatedly terminated due to non-simple command
07-16 16:12:03.229 D/Zygote  (31989): mbuffer starts with 17, nice name is , mEnd = 1028, mNext = 36, mLinesLeft = 15, mFd = 63
07-16 16:12:03.230 I/Watchcat(20504): Started
07-16 16:12:03.233 I/GMS_MM_Logger(20504): (REDACTED) Start time: %s
07-16 16:12:03.233 I/GMS_MM_Logger(20504): Started.
07-16 16:12:03.235 I/Zygote  (31989): Entering forkRepeatedly native zygote loop
07-16 16:12:03.241 I/Choreographer(20412): Skipped 100 frames!  The application may be doing too much work on its main thread.
07-16 16:12:03.246 D/CoreBackPreview(32216): Window{49ae8a0 u0 com.collectiq.ai.local/com.collectiq.ai.MainActivity}: Setting back callback OnBackInvokedCallbackInfo{mCallback=android.window.IOnBackInvokedCallback$Stub$Proxy@6c1e911, mPriority=-1}
07-16 16:12:03.250 D/Zygote  (31989): Forked child process 20553
07-16 16:12:03.251 I/ActivityManager(32216): Start proc 20553:com.google.process.gservices/u150a228 for content provider {com.google.android.gsf/com.google.android.gsf.gservices.GservicesProvider}
07-16 16:12:03.264 I/NetworkScheduler.Stats( 1485): (REDACTED) Task %s/%s finished executing. cause:%s result: %s elapsed_millis: %s uptime_millis: %s exec_start_elapsed_seconds: %s
07-16 16:12:03.270 W/libprocessgroup(32216): Failed to open /dev/blkio//cgroup.procs: No such file or directory
07-16 16:12:03.272 I/ocess.gservices(20553): Using CollectorTypeCC GC.
07-16 16:12:03.280 E/ocess.gservices(20553): Not starting debugger since process cannot load the jdwp agent.
07-16 16:12:03.290 I/SurfaceView@f794aa8(20412): onWindowVisibilityChanged(0) true io.flutter.embedding.android.FlutterSurfaceView{f794aa8 V.E...... ......I. 0,0-0,0} of ViewRootImpl@ef184bb[MainActivity]
07-16 16:12:03.290 D/SurfaceView@f794aa8(20412): updateSurface: has no frame
07-16 16:12:03.291 D/FlutterRenderer(20412): Width is zero. 0,0
07-16 16:12:03.296 I/ViewRootImpl@ef184bb[MainActivity](20412): performTraversals params={(0,0)(fillxfill) sim={adjust=resize forwardNavigation} ty=BASE_APPLICATION wanim=0x1030001
07-16 16:12:03.296 I/ViewRootImpl@ef184bb[MainActivity](20412):   fl=81810100
07-16 16:12:03.296 I/ViewRootImpl@ef184bb[MainActivity](20412):   pfl=12020040
07-16 16:12:03.296 I/ViewRootImpl@ef184bb[MainActivity](20412):   vsysui=500
07-16 16:12:03.296 I/ViewRootImpl@ef184bb[MainActivity](20412):   bhv=DEFAULT
07-16 16:12:03.296 I/ViewRootImpl@ef184bb[MainActivity](20412):   fitSides= naviIconColor=0}
07-16 16:12:03.298 I/ViewRootImpl@ef184bb[MainActivity](20412): performTraversals mFirst=true windowShouldResize=true viewVisibilityChanged=false mForceNextWindowRelayout=false params={(0,0)(fillxfill) sim={adjust=resize forwardNavigation} ty=BASE_APPLICATION fmt=TRANSLUCENT wanim=0x1030001
07-16 16:12:03.298 I/ViewRootImpl@ef184bb[MainActivity](20412):   fl=81810100
07-16 16:12:03.298 I/ViewRootImpl@ef184bb[MainActivity](20412):   pfl=12020040
07-16 16:12:03.298 I/ViewRootImpl@ef184bb[MainActivity](20412):   vsysui=500
07-16 16:12:03.298 I/ViewRootImpl@ef184bb[MainActivity](20412):   bhv=DEFAULT
07-16 16:12:03.298 I/ViewRootImpl@ef184bb[MainActivity](20412):   fitSides= naviIconColor=0}
07-16 16:12:03.298 V/WindowManager(32216): Relayout Window{49ae8a0 u0 com.collectiq.ai.local/com.collectiq.ai.MainActivity}: viewVisibility=0 req=1080x2400 d0
07-16 16:12:03.299 D/RestrictionPolicy(32216): isScreenCaptureEnabled : ret=true userId=0
07-16 16:12:03.299 D/ActivityThread(20553): setConscryptValidator
07-16 16:12:03.299 D/ActivityThread(20553): setConscryptValidator - put
07-16 16:12:03.299 I/SurfaceFlinger(  812): id=54565 createSurf flag=40004, com.collectiq.ai.local/com.collectiq.ai.MainActivity$_20412#54565
07-16 16:12:03.301 D/WindowManager(32216): makeSurface duration=2 name=com.collectiq.ai.local/com.collectiq.ai.MainActivity$_20412
07-16 16:12:03.304 V/WindowManager(32216): Changing focus from null to Window{49ae8a0 u0 com.collectiq.ai.local/com.collectiq.ai.MainActivity} displayId=0 Callers=com.android.server.wm.RootWindowContainer.updateFocusedWindowLocked:595 com.android.server.wm.WindowManagerService.updateFocusedWindowLocked:6810 com.android.server.wm.WindowManagerService.relayoutWindow:2820 com.android.server.wm.Session.relayout:274 
07-16 16:12:03.304 D/MARsPolicyManager(32216): onPackageResumedFG pkgName = com.collectiq.ai.local, userId = 0
07-16 16:12:03.305 I/WindowManager(32216): Cancelling animation restarting=true, leash=Surface(name=Surface(name=b1c8404 StatusBar)/@0xa19362 - animation-leash of insets_animation)/@0x633a4e7
07-16 16:12:03.305 I/WindowManager(32216): Reparenting to original parent: Surface(name=WindowToken{acb6817 type=2000 android.os.BinderProxy@3e637b1})/@0xf7fccf3, destroy=false, surface=Surface(name=b1c8404 StatusBar)/@0xa19362
07-16 16:12:03.305 I/WindowManager(32216): Reparenting to leash, surface=Surface(name=b1c8404 StatusBar)/@0xa19362, leashParent=Surface(name=WindowToken{acb6817 type=2000 android.os.BinderProxy@3e637b1})/@0xf7fccf3
07-16 16:12:03.305 I/SurfaceFlinger(  812): id=54566 createSurf flag=24000, Surface(name=b1c8404 StatusBar)/@0xa19362 - animation-leash of insets_animation#54566
07-16 16:12:03.307 D/WindowManager(32216): makeSurface duration=2 leash=Surface(name=Surface(name=b1c8404 StatusBar)/@0xa19362 - animation-leash of insets_animation)/@0x2936ce4
07-16 16:12:03.308 I/WindowManager(32216): Cancelling animation restarting=true, leash=Surface(name=Surface(name=f8b1d5f NavigationBar0)/@0x7b44875 - animation-leash of insets_animation)/@0x86baf3d
07-16 16:12:03.308 I/WindowManager(32216): Reparenting to original parent: Surface(name=WindowToken{df771fe type=2019 android.os.BinderProxy@7720f80})/@0x554b00a, destroy=false, surface=Surface(name=f8b1d5f NavigationBar0)/@0x7b44875
07-16 16:12:03.308 I/WindowManager(32216): Reparenting to leash, surface=Surface(name=f8b1d5f NavigationBar0)/@0x7b44875, leashParent=Surface(name=WindowToken{df771fe type=2019 android.os.BinderProxy@7720f80})/@0x554b00a
07-16 16:12:03.309 I/SurfaceFlinger(  812): id=54567 createSurf flag=24000, Surface(name=f8b1d5f NavigationBar0)/@0x7b44875 - animation-leash of insets_animation#54567
07-16 16:12:03.310 D/WindowManager(32216): makeSurface duration=2 leash=Surface(name=Surface(name=f8b1d5f NavigationBar0)/@0x7b44875 - animation-leash of insets_animation)/@0x21ce802
07-16 16:12:03.311 D/WindowManager(32216): updateSystemBarAttributes: displayId=0, win=Window{49ae8a0 u0 com.collectiq.ai.local/com.collectiq.ai.MainActivity}, navColorWin=Window{9b1b461 u0 Splash Screen com.collectiq.ai.local}, focusedCanBeNavColorWin=false, behavior=1, appearance=16, statusBarAppearanceRegions=[AppearanceRegion{LIGHT_STATUS_BARS bounds=[0,0][1080,2400]}], requestedVisibilities=, from=com.android.server.wm.DisplayPolicy.focusChangedLw:3247 com.android.server.wm.DisplayContent.updateFocusedWindowLocked:4632 com.android.server.wm.RootWindowContainer.updateFocusedWindowLocked:595 
07-16 16:12:03.312 D/StatusBarManagerService(32216): notifyRequestedSystemKey recent=false home=false
07-16 16:12:03.312 I/NetworkScheduler.Stats( 1485): (REDACTED) Task %s/%s started execution. cause:%s exec_start_elapsed_seconds: %s
07-16 16:12:03.313 D/CompatibilityChangeReporter(32216): Compat change id reported: 168419799; UID 15010228; state: DISABLED
07-16 16:12:03.313 D/SamsungLightBarControlHelper(32579): onStatusBarAppearanceChanged() -  sbModeChanged:false, statusBarMode:MODE_TRANSPARENT, barState:SHADE, isKeyguardShowing:false, navbarColorManagedByIme:false, stackAppearancesChanged:true, (AppearanceRegion{LIGHT_STATUS_BARS bounds=[0,0][1080,2400]}, ), packageName:com.collectiq.ai.local
07-16 16:12:03.313 V/WindowManager(32216): Relayout hash=49ae8a0, pid=20412, syncId=-1: mAttrs={(0,0)(fillxfill) sim={adjust=resize forwardNavigation} ty=BASE_APPLICATION fmt=TRANSLUCENT wanim=0x1030001
07-16 16:12:03.313 V/WindowManager(32216):   fl=81810100
07-16 16:12:03.313 V/WindowManager(32216):   pfl=12020040
07-16 16:12:03.313 V/WindowManager(32216):   vsysui=500
07-16 16:12:03.313 V/WindowManager(32216):   bhv=DEFAULT
07-16 16:12:03.313 V/WindowManager(32216):   fitSides= naviIconColor=0}
07-16 16:12:03.314 I/ActivityManager(32216): DSS OFF for com.google.android.gsf
07-16 16:12:03.317 D/NavigationBar(32579): onSystemBarAttributesChanged() -  displayId:0, appearance:16, packageName: com.collectiq.ai.local (APPEARANCE_LIGHT_NAVIGATION_BARS ), navbarColorManagedByIme:false
07-16 16:12:03.317 I/ViewRootImpl@ef184bb[MainActivity](20412): updateBlastSurfaceIfNeeded mBlastBufferQueue=null isSameSurfaceControl=false
07-16 16:12:03.318 I/BLASTBufferQueue(20412): new BLASTBufferQueue, mName= ViewRootImpl@ef184bb[MainActivity] mNativeObject= 0xb40000780b4566f0 sc.mNativeObject= 0xb40000779b450110 caller= android.view.ViewRootImpl.updateBlastSurfaceIfNeeded:2909 android.view.ViewRootImpl.relayoutWindow:9847 android.view.ViewRootImpl.performTraversals:3884 android.view.ViewRootImpl.doTraversal:3116 android.view.ViewRootImpl$TraversalRunnable.run:10885 android.view.Choreographer$CallbackRecord.run:1301 android.view.Choreographer$CallbackRecord.run:1309 android.view.Choreographer.doCallbacks:923 android.view.Choreographer.doFrame:852 android.view.Choreographer$FrameDisplayEventReceiver.run:1283 
07-16 16:12:03.318 I/BLASTBufferQueue(20412): update, w= 1080 h= 2400 mName = ViewRootImpl@ef184bb[MainActivity] mNativeObject= 0xb40000780b4566f0 sc.mNativeObject= 0xb40000779b450110 format= -3 caller= android.graphics.BLASTBufferQueue.<init>:84 android.view.ViewRootImpl.updateBlastSurfaceIfNeeded:2909 android.view.ViewRootImpl.relayoutWindow:9847 android.view.ViewRootImpl.performTraversals:3884 android.view.ViewRootImpl.doTraversal:3116 android.view.ViewRootImpl$TraversalRunnable.run:10885 
07-16 16:12:03.318 I/ViewRootImpl@ef184bb[MainActivity](20412): Relayout returned: old=(0,0,1080,2400) new=(0,0,1080,2400) req=(1080,2400)0 dur=19 res=0x3 s={true 0xb40000789b492730} ch=true seqId=0
07-16 16:12:03.319 W/ServiceManager(  812): Permission failure: android.permission.ACCESS_SURFACE_FLINGER from uid=10000 pid=0
07-16 16:12:03.319 D/PermissionCache(  812): checking android.permission.ACCESS_SURFACE_FLINGER for uid=10000 => denied (486 us)
07-16 16:12:03.319 W/ServiceManager(  812): Permission failure: android.permission.ROTATE_SURFACE_FLINGER from uid=10000 pid=0
07-16 16:12:03.319 D/PermissionCache(  812): checking android.permission.ROTATE_SURFACE_FLINGER for uid=10000 => denied (171 us)
07-16 16:12:03.319 W/ServiceManager(  812): Permission failure: android.permission.INTERNAL_SYSTEM_WINDOW from uid=10000 pid=0
07-16 16:12:03.319 D/PermissionCache(  812): checking android.permission.INTERNAL_SYSTEM_WINDOW for uid=10000 => denied (266 us)
07-16 16:12:03.320 W/ServiceManager(  812): Permission failure: android.permission.ACCESS_SURFACE_FLINGER from uid=10000 pid=20412
07-16 16:12:03.320 D/PermissionCache(  812): checking android.permission.ACCESS_SURFACE_FLINGER for uid=10000 => denied (1638 us)
07-16 16:12:03.321 I/ViewRootImpl@ef184bb[MainActivity](20412): mThreadedRenderer.initialize() mSurface={isValid=true 0xb40000789b492730} hwInitialized=true
07-16 16:12:03.322 D/FlutterJNI(20412): Sending viewport metrics to the engine.
07-16 16:12:03.322 I/NetworkScheduler.Stats( 1485): (REDACTED) Task %s/%s finished executing. cause:%s result: %s elapsed_millis: %s uptime_millis: %s exec_start_elapsed_seconds: %s
07-16 16:12:03.324 D/CompatibilityChangeReporter(20553): Compat change id reported: 171979766; UID 15010228; state: ENABLED
07-16 16:12:03.326 D/SurfaceView@f794aa8(20412): updateSurface: has no frame
07-16 16:12:03.326 I/display (  726): getColorModes:: Supported color modes (2)
07-16 16:12:03.327 I/display (  726): 	[0] mode 0
07-16 16:12:03.327 I/display (  726): 	[1] mode 9
07-16 16:12:03.327 I/SurfaceView@f794aa8(20412): windowStopped(false) true io.flutter.embedding.android.FlutterSurfaceView{f794aa8 V.E...... ......ID 0,0-1080,2274} of ViewRootImpl@ef184bb[MainActivity]
07-16 16:12:03.327 D/SurfaceView@f794aa8(20412): updateSurface: has no frame
07-16 16:12:03.327 I/ViewRootImpl@ef184bb[MainActivity](20412): reportNextDraw android.view.ViewRootImpl.performTraversals:4438 android.view.ViewRootImpl.doTraversal:3116 android.view.ViewRootImpl$TraversalRunnable.run:10885 android.view.Choreographer$CallbackRecord.run:1301 android.view.Choreographer$CallbackRecord.run:1309 
07-16 16:12:03.328 I/SurfaceView@f794aa8(20412): Changes: creating=true format=true size=true visible=true alpha=false hint=false mUseAlpha=false visible=true left=true top=true
07-16 16:12:03.328 E/HWComposer(  812): getSupportedContentTypes: getSupportedContentTypes failed for display 0: Unsupported (8)
07-16 16:12:03.328 D/SamsungLightBarControlHelper(32579): updateNavigation(Black button) isLightBar:false, hasLightBarNavigationBarFlag:true, packageName:com.collectiq.ai.local, DirectReplying:false, NavBarColorManagerdByIme:false, ForceDarkForScrim:false, QsCustomizing:false, PanelHasWhiteBg:true
07-16 16:12:03.328 I/SurfaceFlinger(  812): id=54568 createSurf flag=20004, Bounds for - com.collectiq.ai.local/com.collectiq.ai.MainActivity@0#54568
07-16 16:12:03.329 I/SurfaceFlinger(  812): id=54569 createSurf flag=80004, SurfaceView[com.collectiq.ai.local/com.collectiq.ai.MainActivity]@0#54569
07-16 16:12:03.329 I/SurfaceFlinger(  812): id=54570 createSurf flag=40400, SurfaceView[com.collectiq.ai.local/com.collectiq.ai.MainActivity]@0(BLAST)#54570
07-16 16:12:03.330 D/OpenGLRenderer(20412): eglCreateWindowSurface
07-16 16:12:03.330 I/SurfaceFlinger(  812): id=54571 createSurf flag=20404, Background for SurfaceView[com.collectiq.ai.local/com.collectiq.ai.MainActivity]@0#54571
07-16 16:12:03.330 I/TouchInteractionService( 1102): onSystemUiStateChanged, stateFlags : 131072 |allow_gesture|
07-16 16:12:03.330 I/BLASTBufferQueue(20412): update, w= 1080 h= 2274 mName = null mNativeObject= 0xb40000780b4579b0 sc.mNativeObject= 0xb40000779b451240 format= 4 caller= android.view.SurfaceView.createBlastSurfaceControls:1383 android.view.SurfaceView.updateSurface:1079 android.view.SurfaceView.lambda$new$0$android-view-SurfaceView:200 android.view.SurfaceView$$ExternalSyntheticLambda5.onPreDraw:2 android.view.ViewTreeObserver.dispatchOnPreDraw:1121 android.view.ViewRootImpl.performTraversals:4442 
07-16 16:12:03.331 I/RecentsAnimationDeviceState( 1102): setSystemUiFlags, stateFlags : 131072
07-16 16:12:03.331 I/SurfaceView@f794aa8(20412): 259607208 Cur surface: Surface(name=null)/@0xcafc777
07-16 16:12:03.331 I/SurfaceView@f794aa8(20412): pST: sr = Rect(0, 0 - 1080, 2274) sw = 1080 sh = 2274
07-16 16:12:03.331 I/TouchInteractionService( 1102): onSystemUiFlagsChanged, lastSysUIFlags : 0
07-16 16:12:03.331 D/SurfaceView@f794aa8(20412): performSurfaceTransaction RenderWorker position = [0, 0, 1080, 2274] surfaceSize = 1080x2274
07-16 16:12:03.331 I/SurfaceView@f794aa8(20412): applyTransactionOnVriDraw: vri = ViewRootImpl@ef184bb[MainActivity] fRS = false t = 0xb4000077cb453df0 android.view.SurfaceView.performSurfaceTransaction:959 android.view.SurfaceView.updateSurface:1105 android.view.SurfaceView.lambda$new$0$android-view-SurfaceView:200 
07-16 16:12:03.331 I/ViewRootImpl@ef184bb[MainActivity](20412): applyTransactionOnDraw: mRemoved = false isHardwareEnabled = true t = 0xb4000077cb453df0android.view.SurfaceView.applyTransactionOnVriDraw:2048 android.view.SurfaceView.performSurfaceTransaction:959 android.view.SurfaceView.updateSurface:1105 android.view.SurfaceView.lambda$new$0$android-view-SurfaceView:200 android.view.SurfaceView$$ExternalSyntheticLambda5.onPreDraw:2 
07-16 16:12:03.332 I/SurfaceView@f794aa8(20412): updateSurface: mVisible = true mSurface.isValid() = true
07-16 16:12:03.332 I/SurfaceView@f794aa8(20412): updateSurface: mSurfaceCreated = false surfaceChanged = true visibleChanged = true
07-16 16:12:03.332 I/SurfaceView@f794aa8(20412): visibleChanged -- surfaceCreated
07-16 16:12:03.332 I/SurfaceView@f794aa8(20412): surfaceCreated 1 #8 io.flutter.embedding.android.FlutterSurfaceView{f794aa8 V.E...... ......ID 0,0-1080,2274}
07-16 16:12:03.335 D/SamsungLightBarControlHelper(32579): updateStatus(BLACK icon) NumStacks:1, StatusBarMode:MODE_TRANSPARENT, lightBarBounds:[Rect(0, 0 - 1080, 2400)], StatusBarState:SHADE, packageName:com.collectiq.ai.local, isWhiteKeyguardStatusBarBySettings:false
07-16 16:12:03.335 D/nativeloader(20553): Configuring classloader-namespace-shared for other apk /system/framework/org.apache.http.legacy.jar. target_sdk_version=33, uses_libraries=ALL, library_path=/system/system_ext/priv-app/GoogleServicesFramework/lib/arm64:/system/system_ext/priv-app/GoogleServicesFramework/GoogleServicesFramework.apk!/lib/arm64-v8a:/system/lib64:/system/system_ext/lib64, permitted_path=/data:/mnt/expand:/data/user/150/com.google.android.gsf:/system/system_ext/priv-app/GoogleServicesFramework:/system/lib64:/system/system_ext/lib64
07-16 16:12:03.335 D/nativeloader(20553): Extending system_exposed_libraries: libneural.snap.samsung.so:libsnap_aidl.snap.samsung.so:libSEF.quram.so:libimagecodec.quram.so:libagifencoder.quram.so:libheifcapture_jni.media.samsung.so:libjpegsq.media.samsung.so:libslljpeg.media.samsung.so:libsemimagecrop_jni.media.samsung.so:libsimba.media.samsung.so:libapex_jni.media.samsung.so:libsume_mediabuffer_jni.media.samsung.so:libhumantracking.arcsoft.so:libPortraitDistortionCorrection.arcsoft.so:libPortraitDistortionCorrectionCali.arcsoft.so:libface_landmark.arcsoft.so:libFacialStickerEngine.arcsoft.so:libveengine.arcsoft.so:libhigh_res.arcsoft.so:libimage_enhancement.arcsoft.so:liblow_light_hdr.arcsoft.so:libhigh_dynamic_range.arcsoft.so:libFacialAttributeDetection.arcsoft.so:libBeauty_v4.camera.samsung.so:libexifa.camera.samsung.so:libjpega.camera.samsung.so:libOpenCv.camera.samsung.so:libImageScreener.camera.samsung.so:libMyFilter.camera.samsung.so:libtflite2.myfilters.camera.samsung.so:libEventFinder.camera.samsung.so:libHIDTSnapJNI.camera.samsung.so:libS
07-16 16:12:03.339 I/Layer   (  812): id=54551 removeFromCurrentState Surface(name=b1c8404 StatusBar)/@0xa19362 - animation-leash of insets_animation#54551 (138)
07-16 16:12:03.339 I/Layer   (  812): id=54552 removeFromCurrentState Surface(name=f8b1d5f NavigationBar0)/@0x7b44875 - animation-leash of insets_animation#54552 (138)
07-16 16:12:03.339 D/SurfaceFlinger(  812): [input] inputWindowCommands.focusRequests size is 1
07-16 16:12:03.339 I/SurfaceFlinger(  812): id=54551 Removed Surface(name=b1c8404 StatusBar)/@0xa19362 - animation-leash of insets_animation#54551 (138)
07-16 16:12:03.340 I/SurfaceFlinger(  812): id=54552 Removed Surface(name=f8b1d5f NavigationBar0)/@0x7b44875 - animation-leash of insets_animation#54552 (138)
07-16 16:12:03.340 I/Layer   (  812): id=54551 Destroyed Surface(name=b1c8404 StatusBar)/@0xa19362 - animation-leash of insets_animation#54551
07-16 16:12:03.341 I/Layer   (  812): id=54552 Destroyed Surface(name=f8b1d5f NavigationBar0)/@0x7b44875 - animation-leash of insets_animation#54552
07-16 16:12:03.342 D/nativeloader(20553): Configuring classloader-namespace-shared for other apk /system/system_ext/priv-app/GoogleServicesFramework/GoogleServicesFramework.apk. target_sdk_version=33, uses_libraries=, library_path=/system/system_ext/priv-app/GoogleServicesFramework/lib/arm64:/system/system_ext/priv-app/GoogleServicesFramework/GoogleServicesFramework.apk!/lib/arm64-v8a:/system/lib64:/system/system_ext/lib64, permitted_path=/data:/mnt/expand:/data/user/150/com.google.android.gsf:/system/system_ext/priv-app/GoogleServicesFramework:/system/lib64:/system/system_ext/lib64
07-16 16:12:03.343 D/SurfaceFlinger(  812): [input] setFocusedWindow: 49ae8a0 com.collectiq.ai.local/com.collectiq.ai.MainActivity
07-16 16:12:03.344 D/InputDispatcher(32216): Focus request (0): 49ae8a0 com.collectiq.ai.local/com.collectiq.ai.MainActivity but waiting because NOT_VISIBLE
07-16 16:12:03.361 V/GraphicsEnvironment(20553): ANGLE Developer option for 'com.google.android.gsf' set to: 'default'
07-16 16:12:03.362 V/GraphicsEnvironment(20553): ANGLE GameManagerService for com.google.android.gsf: false
07-16 16:12:03.362 V/GraphicsEnvironment(20553): Neither updatable production driver nor prerelease driver is supported.
07-16 16:12:03.362 I/ViewRootImpl@11ca90[NotificationShade](32579): performTraversals mFirst=false windowShouldResize=false viewVisibilityChanged=false mForceNextWindowRelayout=false params={(0,0)(fillxfill) gr=TOP CENTER_VERTICAL sim={adjust=resize} layoutInDisplayCutoutMode=always ty=NOTIFICATION_SHADE fmt=TRANSLUCENT
07-16 16:12:03.362 I/ViewRootImpl@11ca90[NotificationShade](32579):   fl=81840048
07-16 16:12:03.362 I/ViewRootImpl@11ca90[NotificationShade](32579):   pfl=1b000000
07-16 16:12:03.362 I/ViewRootImpl@11ca90[NotificationShade](32579):   vsysui=2000
07-16 16:12:03.362 I/ViewRootImpl@11ca90[NotificationShade](32579):   apr=LIGHT_STATUS_BARS
07-16 16:12:03.362 I/ViewRootImpl@11ca90[NotificationShade](32579):   bhv=SHOW_TRANSIENT_BARS_BY_SWIPE
07-16 16:12:03.362 I/ViewRootImpl@11ca90[NotificationShade](32579):  dimAmount=0.0 naviIconColor=0
07-16 16:12:03.362 I/ViewRootImpl@11ca90[NotificationShade](32579):   sfl=40000}
07-16 16:12:03.363 V/WindowManager(32216): Relayout Window{f5025e6 u0 NotificationShade}: viewVisibility=4 req=1080x2400 d0
07-16 16:12:03.366 D/NetworkSecurityConfig(20553): No Network Security Config specified, using platform default
07-16 16:12:03.367 V/WindowManager(32216): Relayout hash=f5025e6, pid=32579, syncId=-1: mAttrs={(0,0)(fillxfill) gr=TOP CENTER_VERTICAL sim={adjust=resize} layoutInDisplayCutoutMode=always ty=NOTIFICATION_SHADE fmt=TRANSLUCENT
07-16 16:12:03.367 V/WindowManager(32216):   fl=81840048
07-16 16:12:03.367 V/WindowManager(32216):   pfl=1b000000
07-16 16:12:03.367 V/WindowManager(32216):   vsysui=2000
07-16 16:12:03.367 V/WindowManager(32216):   apr=LIGHT_STATUS_BARS
07-16 16:12:03.367 V/WindowManager(32216):   bhv=SHOW_TRANSIENT_BARS_BY_SWIPE
07-16 16:12:03.367 V/WindowManager(32216):  dimAmount=0.0 naviIconColor=0
07-16 16:12:03.367 V/WindowManager(32216):   sfl=40000}
07-16 16:12:03.368 I/ViewRootImpl@11ca90[NotificationShade](32579): Relayout returned: old=(0,0,1080,2400) new=(0,0,1080,2400) req=(1080,2400)4 dur=6 res=0x0 s={false 0x0} ch=false seqId=1
07-16 16:12:03.366 I/NetworkScheduler.Stats( 1485): (REDACTED) Task %s/%s started execution. cause:%s exec_start_elapsed_seconds: %s
07-16 16:12:03.369 D/NetworkSecurityConfig(20553): No Network Security Config specified, using platform default
07-16 16:12:03.374 I/PlayGamesServices[GamesSyncAdapter]( 2669): Starting sync for 63c3f5d3
07-16 16:12:03.378 I/GservicesProvider(20553): Gservices pushing to system: true; secure/global: true
07-16 16:12:03.381 I/GenerationRegistry(32216): mBackingStore.isClosed() : false
07-16 16:12:03.382 I/PlayGamesServices[GamesSyncAdapter]( 2669): Sync duration for 63c3f5d3: 7
07-16 16:12:03.383 I/FaceWidgetPositionAlgorithm(32579): getClockContainerHeight() supplier = 270, bottom margin = 0, real height = 333
07-16 16:12:03.383 I/FaceWidgetPositionAlgorithm(32579): getClockContainerHeight() supplier = 270, bottom margin = 63, real height = 333
07-16 16:12:03.383 I/FaceWidgetPositionAlgorithm(32579): getMediaContainerHeight() height = 0 container Visibility = 8, isValid = false, mIsDozing = false, fraction = 1.0, source = 0, target = 0
07-16 16:12:03.383 I/FaceWidgetPositionAlgorithm(32579): getMediaContainerHeight() supplier = 0
07-16 16:12:03.387 I/ResourceType(32579): [SWT] Success lookup value directly, data = 0x010607cc
07-16 16:12:03.387 I/ResourceType(32579): [SWT] Success lookup value directly, data = 0x010607cc
07-16 16:12:03.387 I/ResourceType(32579): [SWT] Success lookup value directly, data = 0x010607cc
07-16 16:12:03.387 I/ResourceType(32579): [SWT] Success lookup value directly, data = 0x010607cc
07-16 16:12:03.387 I/ResourceType(32579): [SWT] Success lookup value directly, data = 0x010607cc
07-16 16:12:03.387 I/ResourceType(32579): [SWT] Success lookup value directly, data = 0x010607cc
07-16 16:12:03.387 W/ActivityManager(32216): Unable to start service Intent { act=com.google.android.gms.gservices.START pkg=com.google.android.gms } U=150: not found
07-16 16:12:03.388 W/ActivityManager(32216): Unbind failed: could not find connection for android.os.BinderProxy@320dd67
07-16 16:12:03.389 E/GmsClient(20553): unable to connect to service: com.google.android.gms.gservices.START on com.google.android.gms
07-16 16:12:03.389 I/GenerationRegistry(32216): mBackingStore.isClosed() : false
07-16 16:12:03.399 W/PlayGamesServices[DataBroker]( 2669): No player ID found when refreshing
07-16 16:12:03.401 W/PlayGamesServices[DataBroker]( 2669): No player ID found when refreshing
07-16 16:12:03.411 I/NetworkScheduler.Stats( 1485): (REDACTED) Task %s/%s finished executing. cause:%s result: %s elapsed_millis: %s uptime_millis: %s exec_start_elapsed_seconds: %s
07-16 16:12:03.452 D/BoundBrokerSvc(20504): onBind: Intent { act=com.google.android.gms.nearby.presence.service.PresenceSyncBoundService.ACTION_TASK_READY dat=chimera-action:/... cmp=com.google.android.gms/.chimera.PersistentInternalBoundBrokerService }
07-16 16:12:03.452 D/BoundBrokerSvc(20504): Loading bound service for intent: Intent { act=com.google.android.gms.nearby.presence.service.PresenceSyncBoundService.ACTION_TASK_READY dat=chimera-action:/... cmp=com.google.android.gms/.chimera.PersistentInternalBoundBrokerService }
07-16 16:12:03.456 I/DynamiteModule(20504): Considering local module com.google.android.gms.googlecertificates:7 and remote module com.google.android.gms.googlecertificates:0
07-16 16:12:03.456 I/DynamiteModule(20504): Selected local version of com.google.android.gms.googlecertificates
07-16 16:12:03.477 I/RemoteGesturesChimeraService(20504): onStartCommand, flags=0, startId=8
07-16 16:12:03.479 I/NetworkScheduler.Stats( 1485): (REDACTED) Task %s/%s started execution. cause:%s exec_start_elapsed_seconds: %s
07-16 16:12:03.480 I/NetworkScheduler.Stats( 1485): (REDACTED) Task %s/%s started execution. cause:%s exec_start_elapsed_seconds: %s
07-16 16:12:03.502 I/Dtdi    (20504): [LifecycleService] Initializing lifecycle service [CONTEXT service_id=312 ]
07-16 16:12:03.577 I/Dtdi    (20504): [CallTransferLifecycleDelegate] Starting the call transfer state monitor in the background [CONTEXT service_id=312 ]
07-16 16:12:03.591 I/TracingHelper(20504): (REDACTED) Mismatched RequestContext found for module %s. Module id from RequestContext is %s
07-16 16:12:03.596 I/.gms.persistent( 1485): Background young concurrent copying GC freed 456914(23MB) AllocSpace objects, 2(40KB) LOS objects, 45% free, 28MB/51MB, paused 408us,65us total 162.216ms
07-16 16:12:03.642 I/keystore2(  489): keystore2::watchdog: Watchdog thread idle -> terminating. Have a great day.
07-16 16:12:03.683 I/Dtdi    (20504): [TidepoolSettingsSubDelegate] registering tidepool listeners [CONTEXT service_id=312 ]
07-16 16:12:03.688 I/Dtdi    (20504): [NearbyShareSettingsSubDelegate] Registering NS state observer [CONTEXT service_id=312 ]
07-16 16:12:03.709 I/Dtdi    (20504): [AdvertisingSettings] DTDI Persistent service started! [CONTEXT service_id=312 ]
07-16 16:12:03.712 I/Dtdi    (20504): [LifecycleService] Finished delegate init [CONTEXT service_id=312 ]
07-16 16:12:03.764 I/HYPER-HAL(32075): [RequestManager.cpp]releaseLocked(): Released ID : 2025092
07-16 16:12:03.778 D/CompatibilityChangeReporter(32216): Compat change id reported: 135634846; UID 10228; state: DISABLED
07-16 16:12:03.778 D/CompatibilityChangeReporter(32216): Compat change id reported: 177438394; UID 10228; state: DISABLED
07-16 16:12:03.778 D/CompatibilityChangeReporter(32216): Compat change id reported: 135772972; UID 10228; state: DISABLED
07-16 16:12:03.778 D/CompatibilityChangeReporter(32216): Compat change id reported: 135754954; UID 10228; state: ENABLED
07-16 16:12:03.778 D/CompatibilityChangeReporter(32216): Compat change id reported: 143937733; UID 10228; state: ENABLED
07-16 16:12:03.791 D/Zygote  (31989): Forked child process 20584
07-16 16:12:03.792 I/ActivityManager(32216): Start proc 20584:com.google.android.gms.unstable/u0a228 for service {com.google.android.gms/com.google.android.gms.droidguard.DroidGuardService}
07-16 16:12:03.800 I/SystemMemoryMap(20504): [geofence] starting initialization [CONTEXT service_id=6 ]
07-16 16:12:03.803 D/CompatibilityChangeReporter(20504): Compat change id reported: 160794467; UID 15010228; state: ENABLED
07-16 16:12:03.804 I/SystemMemoryMap(20504): [geofence] no pending intent found [CONTEXT service_id=6 ]
07-16 16:12:03.806 I/SystemMemoryMap(20504): (REDACTED) [geofence] recovering %d entries
07-16 16:12:03.806 I/SystemMemoryMap(20504): [geofence] initialization complete [CONTEXT service_id=6 ]
07-16 16:12:03.814 I/id.gms.unstable(20584): Using CollectorTypeCC GC.
07-16 16:12:03.815 D/CompatibilityChangeReporter(32216): Compat change id reported: 135634846; UID 15010228; state: DISABLED
07-16 16:12:03.815 D/CompatibilityChangeReporter(32216): Compat change id reported: 177438394; UID 15010228; state: DISABLED
07-16 16:12:03.815 D/CompatibilityChangeReporter(32216): Compat change id reported: 135772972; UID 15010228; state: DISABLED
07-16 16:12:03.815 D/CompatibilityChangeReporter(32216): Compat change id reported: 135754954; UID 15010228; state: ENABLED
07-16 16:12:03.816 D/CompatibilityChangeReporter(32216): Compat change id reported: 143937733; UID 15010228; state: ENABLED
07-16 16:12:03.818 D/SemNscXgbMsL1(32216): Probability - Cloud gaming: [0.015004639]
07-16 16:12:03.818 D/SemNscXgbMsL1(32216): Probability - Real time: [0.58784294]
07-16 16:12:03.818 D/SemNscXgbMsL1(32216): Probability - Non real time: [0.7378603]
07-16 16:12:03.818 D/SemNscXgbMsL1(32216): 1 sample inference time: 0.362769 msecs
07-16 16:12:03.819 D/SemNscXgbL2Rt(32216): L2 RT 1 sample inference time: 0.602769 msecs
07-16 16:12:03.819 D/SemNscXgbL2Nrt(32216): L2 NRT 1 sample inference time: 0.492116 msecs
07-16 16:12:03.820 W/Zygote  (31989): forkRepeatedly terminated due to non-simple command
07-16 16:12:03.820 D/Zygote  (31989): mbuffer starts with 17, nice name is , mEnd = 1024, mNext = 36, mLinesLeft = 15, mFd = 63
07-16 16:12:03.820 I/SystemMemoryMap(20504): (REDACTED) [geofence] serialization complete (extras/values=%.2f/%.2fkb)
07-16 16:12:03.827 E/id.gms.unstable(20584): Not starting debugger since process cannot load the jdwp agent.
07-16 16:12:03.836 I/Zygote  (31989): Entering forkRepeatedly native zygote loop
07-16 16:12:03.841 W/BroadcastQueue(32216): Exported Denial: sending Intent { act=android.net.wifi.STATE_CHANGE flg=0x4000010 (has extras) }, action: android.net.wifi.STATE_CHANGE from null (uid=-1) due to receiver ProcessRecord{60a6ea 20504:com.google.android.gms.persistent/u150a228} (uid 15010228) not specifying RECEIVER_EXPORTED
07-16 16:12:03.843 I/SystemMemoryMap(20504): [flp] starting initialization [CONTEXT service_id=6 ]
07-16 16:12:03.845 W/SystemServiceRegistry(20504): No service published for: contexthub
07-16 16:12:03.847 I/BluePixel(20504): (REDACTED) Created Null for %s
07-16 16:12:03.847 D/Zygote  (31989): Forked child process 20602
07-16 16:12:03.847 I/ActivityManager(32216): Start proc 20602:com.google.process.gapps/u150a228 for content provider {com.google.android.gsf/com.google.android.gsf.settings.GoogleSettingsProvider}
07-16 16:12:03.847 I/SystemMemoryMap(20504): [flp] no pending intent found [CONTEXT service_id=6 ]
07-16 16:12:03.848 I/SystemMemoryMap(20504): (REDACTED) [flp] recovering %d entries
07-16 16:12:03.848 I/SystemMemoryMap(20504): [flp] initialization complete [CONTEXT service_id=6 ]
07-16 16:12:03.851 D/ActivityThread(20584): setConscryptValidator
07-16 16:12:03.852 D/ActivityThread(20584): setConscryptValidator - put
07-16 16:12:03.855 I/ActivityManager(32216): DSS OFF for com.google.android.gms
07-16 16:12:03.860 I/e.process.gapps(20602): Using CollectorTypeCC GC.
07-16 16:12:03.862 D/CompatibilityChangeReporter(32216): Compat change id reported: 168936375; UID 15010228; state: ENABLED
07-16 16:12:03.865 D/LocationManagerService(32216): passive provider added registration from 15010228/com.google.android.gms[fused_location_provider]/64179A9A -> Request[@+24855d3h14m7s806ms BALANCED, minUpdateInterval=0, hiddenFromAppOps, WorkSource{15010228 com.google.android.gms}]
07-16 16:12:03.869 E/e.process.gapps(20602): Not starting debugger since process cannot load the jdwp agent.
07-16 16:12:03.869 W/ChimeraUtils(20504): Module com.google.android.gms.crisisalerts missing resource crisisalerts_module_name(0)
07-16 16:12:03.871 D/CompatibilityChangeReporter(32216): Compat change id reported: 73144566; UID 15010228; state: ENABLED
07-16 16:12:03.872 D/CompatibilityChangeReporter(20584): Compat change id reported: 171979766; UID 10228; state: ENABLED
07-16 16:12:03.880 D/nativeloader(20584): Configuring classloader-namespace for other apk /system/framework/org.apache.http.legacy.jar. target_sdk_version=37, uses_libraries=ALL, library_path=/data/app/~~ApX_bfOXoNQnpVTJbLZ5YQ==/com.google.android.gms-z0nioF-F264cvxEyYF3Bew==/lib/arm64:/data/app/~~ApX_bfOXoNQnpVTJbLZ5YQ==/com.google.android.gms-z0nioF-F264cvxEyYF3Bew==/base.apk!/lib/arm64-v8a, permitted_path=/data:/mnt/expand:/data/user/0/com.google.android.gms
