07-16 16:12:08.690 D/EnterpriseUtils(32216): getCallingOrCurrentUserId(): move: cxtInfo.mContainerId = 150
07-16 16:12:08.690 D/EnterpriseUtils(32216): getCallingOrCurrentUserId(): move: cxtInfo.mContainerId = 150
07-16 16:12:08.698 D/WM-SystemJobScheduler(20888): Scheduling work ID e6617713-baae-4d08-98a5-ebce768cc395Job ID 2672
07-16 16:12:08.705 D/BtGatt.ContextMap(  704): add() - appUid: 15010228, appPid: 20504, appName: com.google.uid.shared
07-16 16:12:08.707 I/bt_stack(  704): [INFO:le_scanning_manager.cc(165)] RegisterScanner in shim layer
07-16 16:12:08.715 D/BtGatt.GattService(  704): onScannerRegistered() - UUID=1937d851-22b8-4502-ae93-793383f59f86, scannerId=9, status=0
07-16 16:12:08.718 D/BluetoothLeScanner(20504): onScannerRegistered() - status=0 scannerId=9 mScannerId=0
07-16 16:12:08.721 I/BluetoothAdapter(  704): STATE_ON
07-16 16:12:08.725 D/BoundBrokerSvc(20684): onBind: Intent { act=com.google.android.gms.measurement.START pkg=com.google.android.gms }
07-16 16:12:08.725 D/BoundBrokerSvc(20684): Loading bound service for intent: Intent { act=com.google.android.gms.measurement.START pkg=com.google.android.gms }
07-16 16:12:08.731 D/ActivityAttributionService(  704): notifyActivityAttributionInfo UID=1002 packageName=com.android.bluetooth deviceAddress=no_active_device_address
07-16 16:12:08.731 I/BluetoothAdapter(  704): STATE_ON
07-16 16:12:08.732 E/LeLogInfo(  704): invalid scanMode
07-16 16:12:08.736 I/BluetoothAdapter(  704): STATE_ON
07-16 16:12:08.736 I/BluetoothAdapter(  704): STATE_ON
07-16 16:12:08.737 I/bt_stack(  704): [INFO:le_scanning_manager.cc(269)] ScanFilterEnable in shim layer
07-16 16:12:08.737 E/BtGatt.GattService(  704): [GSIM LOG]: gsimLogHandler, msg: MESSAGE_SCAN_START, appName: com.google.uid.shared, scannerId: 9, reportDelayMillis=0
07-16 16:12:08.737 W/BtGatt.GattService(  704): [GSIM LOG]: this is opportunistic scan, do not update DB
07-16 16:12:08.739 I/bt_stack(  704): [INFO:le_scanning_manager.cc(240)] ScanFilterAdd in shim layer
07-16 16:12:08.740 D/BtGatt.ScanManager(  704): configureFilterParamter() : onFoundTimeout | onLostTimeout | onFoundCount | numOfTrackingEntries | scanFilterRssiThreshold | trackableScanFilterRssiThreshold | matchMode
07-16 16:12:08.740 D/BtGatt.ScanManager(  704): configureFilterParamter() : __________500__|________10000__|___________1__|___________________0__|___________________-128__|____________________________-128__|________1_
07-16 16:12:08.740 I/bt_stack(  704): [INFO:le_scanning_manager.cc(198)] ScanFilterParamSetup in shim layer
07-16 16:12:08.741 I/bt_stack(  704): [INFO:le_scanning_manager.cc(240)] ScanFilterAdd in shim layer
07-16 16:12:08.741 I/DynamiteModule(20684): Considering local module com.google.android.gms.googlecertificates:7 and remote module com.google.android.gms.googlecertificates:0
07-16 16:12:08.741 I/DynamiteModule(20684): Selected local version of com.google.android.gms.googlecertificates
07-16 16:12:08.741 D/BtGatt.ScanManager(  704): configureFilterParamter() : onFoundTimeout | onLostTimeout | onFoundCount | numOfTrackingEntries | scanFilterRssiThreshold | trackableScanFilterRssiThreshold | matchMode
07-16 16:12:08.742 D/BtGatt.ScanManager(  704): configureFilterParamter() : __________500__|________10000__|___________1__|___________________0__|___________________-128__|____________________________-128__|________1_
07-16 16:12:08.742 I/bt_stack(  704): [INFO:le_scanning_manager.cc(198)] ScanFilterParamSetup in shim layer
07-16 16:12:08.743 I/bt_stack(  704): [INFO:le_scanning_manager.cc(240)] ScanFilterAdd in shim layer
07-16 16:12:08.744 D/BtGatt.ScanManager(  704): configureFilterParamter() : onFoundTimeout | onLostTimeout | onFoundCount | numOfTrackingEntries | scanFilterRssiThreshold | trackableScanFilterRssiThreshold | matchMode
07-16 16:12:08.744 D/BtGatt.ScanManager(  704): configureFilterParamter() : __________500__|________10000__|___________1__|___________________0__|___________________-128__|____________________________-128__|________1_
07-16 16:12:08.744 I/bt_stack(  704): [INFO:le_scanning_manager.cc(198)] ScanFilterParamSetup in shim layer
07-16 16:12:08.753 W/GoogleCertificates(20684): GoogleCertificates has been initialized already
07-16 16:12:08.762 I/NearbyMediums(20504): Started BLE scanning, service-id=NearbySharing, is-extended-advert=true, power-level=2, scan-mode=3
07-16 16:12:08.776 I/DataManager(20888): httpResponse : 204
07-16 16:12:08.777 I/DataManager(20888): cacheConfigFile is not exist
07-16 16:12:08.777 E/SamsungAccount(20888): [SettingCustomizationRequester] Programs are null. - It will be set as default
07-16 16:12:08.780 I/NearbyConnections(20504): Listening to visibility changes for client 47409916
07-16 16:12:08.804 D/ProfileInstaller(20412): Installing profile for com.collectiq.ai.local
07-16 16:12:08.841 D/SemNscXgbMsL1(32216): Probability - Cloud gaming: [0.024469027]
07-16 16:12:08.841 D/SemNscXgbMsL1(32216): Probability - Real time: [0.5469994]
07-16 16:12:08.841 D/SemNscXgbMsL1(32216): Probability - Non real time: [0.8132828]
07-16 16:12:08.841 D/SemNscXgbMsL1(32216): 1 sample inference time: 2.237423 msecs
07-16 16:12:08.843 D/SemNscXgbL2Rt(32216): L2 RT 1 sample inference time: 1.100885 msecs
07-16 16:12:08.846 D/SemNscXgbL2Nrt(32216): L2 NRT 1 sample inference time: 3.015115 msecs
07-16 16:12:08.888 I/FA-SVC  (20684): App measurement initialized, version: 262634
07-16 16:12:08.903 I/system_server(32216): Background young concurrent copying GC freed 565602(19MB) AllocSpace objects, 38(1216KB) LOS objects, 13% free, 138MB/159MB, paused 5.552ms,247us total 111.059ms
07-16 16:12:09.033 D/CompatibilityChangeReporter(20684): Compat change id reported: 160794467; UID 15010228; state: ENABLED
07-16 16:12:09.435 I/AggregationService(20684): (REDACTED) Making request for PlayLoggerContextKeyList for QoS tiers: %s
07-16 16:12:09.447 D/BoundBrokerSvc( 1485): onUnbind: Intent { act=com.google.android.gms.common.telemetry.service.START dat=chimera-action:/... cmp=com.google.android.gms/.chimera.PersistentApiService }
07-16 16:12:09.450 I/AggregationService(20684): (REDACTED) No log event detected in the database.
07-16 16:12:09.501 I/NetworkScheduler.Stats( 1485): (REDACTED) Task %s/%s finished executing. cause:%s result: %s elapsed_millis: %s uptime_millis: %s exec_start_elapsed_seconds: %s
07-16 16:12:09.667 W/Finsky  ( 3725): [2] STU: Failed to get storage stats for package 'com.google.mainline.primary.libs' (1601: Error getting stats: android.content.pm.PackageManager.NameNotFoundException)
07-16 16:12:09.827 D/SemNscXgbMsL1(32216): Probability - Cloud gaming: [0.057836533]
07-16 16:12:09.827 D/SemNscXgbMsL1(32216): Probability - Real time: [0.3318924]
07-16 16:12:09.827 D/SemNscXgbMsL1(32216): Probability - Non real time: [0.51146024]
07-16 16:12:09.827 D/SemNscXgbMsL1(32216): 1 sample inference time: 0.724077 msecs
07-16 16:12:09.829 D/SemNscXgbL2Rt(32216): L2 RT 1 sample inference time: 1.20777 msecs
07-16 16:12:09.830 D/SemNscXgbL2Nrt(32216): L2 NRT 1 sample inference time: 1.104231 msecs
07-16 16:12:09.857 D/AdvertisingIdClient(20684): Creating AdvertisingIdClient
07-16 16:12:09.857 D/AdvertisingIdClient(20684): AdvertisingIdClient already created.
07-16 16:12:09.858 D/AdvertisingIdClient(20684): AdvertisingIdClient is not bounded. Starting to bind it...
07-16 16:12:09.868 D/CompatibilityChangeReporter(32216): Compat change id reported: 168419799; UID 15010228; state: DISABLED
07-16 16:12:09.909 D/AdvertisingIdClient(20684): AdvertisingIdClient is bounded
07-16 16:12:09.965 I/AdvertisingIdClient(20684): shouldSendLog -1
07-16 16:12:09.966 I/AdvertisingIdClient(20684): GetInfoInternal elapse 107ms
07-16 16:12:09.982 D/ScanFilter(  704): manu data matches
07-16 16:12:09.983 D/BtGatt.GattService(  704): onScanResult to scannerId: 4- eventType=0x1b, addressType=0, address=28AF42_D, primaryPhy=1, secondaryPhy=0, advertisingSid=0xff, txPower=127, rssi=-56, periodicAdvInt=0x0
07-16 16:12:09.985 I/BCMGR[11.2.04.4](14881): BeaconMainController] onReceive - [1 : ST packet!][2 : ST packet!][3 : ST packet!][4 : ST packet!][5 : ST packet!][6 : ST packet!][7 : ST packet!][8 : ST packet!][9 : ST packet!][10 : ST packet!]
07-16 16:12:09.987 I/AdvertisingIdClient(20684): getting error as 17: API: ClientTelemetry.API is not available on this device. Connection failed with: ConnectionResult{statusCode=API_DISABLED_FOR_CONNECTION, resolution=null, message=null, clientMethodKey=null}
07-16 16:12:10.047 D/SemWifiUsabilityStatsMonitor(32216): onWifiUsabilityStats - seqNum 14880, isSameBssidAndFreq true
07-16 16:12:10.048 I/SemWifiLinkQualityMonitor(32216): Link Qos Query: 0.239 ms / 33.519 Mbps (43 / 0.012 / 1.208)
07-16 16:12:10.304 D/io_stats(  472): !@   8,0 r 173107364 4264953400 w 32514411 585684200 d 0 0 f 0 0 iot 33788680 0 th 0 0 0 pt 0 inp 0 0 1214869.967
07-16 16:12:10.327 I/ActivityManager(32216): Killing 14901:com.google.android.googlequicksearchbox:search/u0a229 (adj 945): empty #25
07-16 16:12:10.332 D/SemNscXgbMsL1(32216): Probability - Cloud gaming: [0.049330402]
07-16 16:12:10.332 D/SemNscXgbMsL1(32216): Probability - Real time: [0.4828255]
07-16 16:12:10.333 D/SemNscXgbMsL1(32216): Probability - Non real time: [0.83079016]
07-16 16:12:10.333 D/SemNscXgbMsL1(32216): 1 sample inference time: 0.9155 msecs
07-16 16:12:10.334 D/SemNscXgbL2Rt(32216): L2 RT 1 sample inference time: 1.070962 msecs
07-16 16:12:10.335 D/SemNscXgbL2Nrt(32216): L2 NRT 1 sample inference time: 0.927231 msecs
07-16 16:12:10.338 I/libprocessgroup(32216): Successfully killed process cgroup uid 10229 pid 14901 in 0ms
07-16 16:12:10.396 I/Zygote  (31989): Process 14901 exited due to signal 9 (Killed)
07-16 16:12:10.649 E/audit   (  685): type=1400 audit(1784182330.643:819773): avc:  denied  { write } for  pid=20504 comm="ThreadPoolForeg" name="traced_producer" dev="tmpfs" ino=7808 scontext=u:r:gmscore_app:s0:c662,c768 tcontext=u:object_r:traced_producer_socket:s0 tclass=sock_file permissive=0 SEPF_SM-E625F_13_0001 audit_filtered
07-16 16:12:10.649 E/audit   (  685): type=1300 audit(1784182330.643:819773): arch=c00000b7 syscall=203 success=no exit=-13 a0=3f a1=b40000773b4ae940 a2=1e a3=ffffffff95ba135b items=1 ppid=31989 pid=20504 auid=4294967295 uid=15010228 gid=15010228 euid=15010228 suid=15010228 fsuid=15010228 egid=15010228 sgid=15010228 fsgid=15010228 tty=(none) ses=4294967295 comm="ThreadPoolForeg" exe="/system/bin/app_process64" subj=u:r:gmscore_app:s0:c662,c768 key=(null)
07-16 16:12:10.649 E/audit   (  685): type=1306 audit(1784182330.643:819773): saddr=01002F6465762F736F636B65742F7472616365645F70726F647563657200
07-16 16:12:10.649 E/audit   (  685): type=1302 audit(1784182330.643:819773): item=0 name="/dev/socket/traced_producer" inode=7808 dev=00:11 mode=0140666 ouid=0 ogid=0 rdev=00:00 obj=u:object_r:traced_producer_socket:s0 nametype=NORMAL cap_fp=0000000000000000 cap_fi=0000000000000000 cap_fe=0 cap_fver=0
07-16 16:12:10.649 E/audit   (  685): type=1327 audit(1784182330.643:819773): proctitle="com.google.android.gms.persistent"
07-16 16:12:10.733 D/NetdEventListenerService(32216): DNS Requested by : 100, 10228
07-16 16:12:10.734 D/TrafficStats( 2669): tagSocket(209) with statsTag=0x4003300, statsUid=10087
07-16 16:12:10.757 D/BoundBrokerSvc( 1485): onUnbind: Intent { act=com.google.android.gms.presencemanager.service.START dat=chimera-action:/... cmp=com.google.android.gms/.chimera.PersistentApiService }
07-16 16:12:10.759 D/BoundBrokerSvc( 1485): onUnbind: Intent { act=com.google.android.gms.presencemanager.service.INTERNAL_IDENTITY dat=chimera-action:/... cmp=com.google.android.gms/.chimera.PersistentApiService }
07-16 16:12:10.775 W/Finsky  ( 3725): [2] STU: Failed to get storage stats for package 'com.google.android.resolv' (1601: Error getting stats: android.content.pm.PackageManager.NameNotFoundException)
07-16 16:12:10.835 D/SemNscXgbMsL1(32216): Probability - Cloud gaming: [0.11024593]
07-16 16:12:10.836 D/SemNscXgbMsL1(32216): Probability - Real time: [0.23136325]
07-16 16:12:10.836 D/SemNscXgbMsL1(32216): Probability - Non real time: [0.609296]
07-16 16:12:10.836 D/SemNscXgbMsL1(32216): 1 sample inference time: 1.138539 msecs
07-16 16:12:10.838 D/SemNscXgbL2Rt(32216): L2 RT 1 sample inference time: 1.600538 msecs
07-16 16:12:10.839 D/SemNscXgbL2Nrt(32216): L2 NRT 1 sample inference time: 1.158577 msecs
07-16 16:12:10.908 W/chbox:googleapp( 4366): Reducing the number of considered missed Gc histogram windows from 118 to 100
07-16 16:12:11.077 W/Finsky  ( 3725): [2] STU: Failed to get storage stats for package 'com.google.android.sdkext' (1601: Error getting stats: android.content.pm.PackageManager.NameNotFoundException)
07-16 16:12:11.121 W/Finsky  ( 3725): [2] STU: Failed to get storage stats for package 'com.google.android.adservices' (1601: Error getting stats: android.content.pm.PackageManager.NameNotFoundException)
07-16 16:12:11.124 W/Finsky  ( 3725): [2] STU: Failed to get storage stats for package 'com.google.android.tethering' (1601: Error getting stats: android.content.pm.PackageManager.NameNotFoundException)
07-16 16:12:11.230 D/AndroidRuntime(20998): >>>>>> START com.android.internal.os.RuntimeInit uid 2000 <<<<<<
07-16 16:12:11.231 I/EDMNativeHelperService(32216): isScreenCaptureEnabled
07-16 16:12:11.237 D/RestrictionPolicy(32216): isScreenCaptureEnabled : ret=true userId=0
07-16 16:12:11.278 D/CompatibilityChangeReporter(32216): Compat change id reported: 149924527; UID 2000; state: ENABLED
07-16 16:12:11.278 D/CompatibilityChangeReporter(32216): Compat change id reported: 132649864; UID 2000; state: DISABLED
07-16 16:12:11.285 I/AndroidRuntime(20998): Using default boot image
07-16 16:12:11.285 I/AndroidRuntime(20998): Leaving lock profiling enabled
07-16 16:12:11.288 D/SecNativeFeatureCppIf(20998): encoded
07-16 16:12:11.288 D/SecNativeFeatureCppIf(20998): decoding and unzip finish
07-16 16:12:11.288 D/SecNativeFeatureCppIf(20998): use unCompDataBuff. encoded
07-16 16:12:11.289 D/SecNativeFeatureCppIf(20998): Free unCompDataBuff
07-16 16:12:11.289 D/AndroidRuntime(20998): addProductProperty: pBrand1 is not null
07-16 16:12:11.289 D/AndroidRuntime(20998): addProductProperty: not brand or 7
07-16 16:12:11.295 I/app_process(20998): Using CollectorTypeCC GC.
07-16 16:12:11.302 W/MediaProvider( 1974): isAppCloneUserPair for user 0: false
07-16 16:12:11.322 I/MtpStorageManager( 3403): Got inotify added event for : aG9tZV9oMDJfcHJvYmUucG5n
07-16 16:12:11.326 D/SyncManager(32216): userId - 0 auto - true
07-16 16:12:11.330 W/ProcessState(21000): Extra binder thread started, but 0 threads requested. Do not use *startThreadPool when zero threads are requested.
07-16 16:12:11.341 D/SemNscXgbMsL1(32216): Probability - Cloud gaming: [0.05485601]
07-16 16:12:11.341 D/SemNscXgbMsL1(32216): Probability - Real time: [0.62008]
07-16 16:12:11.341 D/SemNscXgbMsL1(32216): Probability - Non real time: [0.54838645]
07-16 16:12:11.341 D/SemNscXgbMsL1(32216): 1 sample inference time: 0.656038 msecs
07-16 16:12:11.343 D/SemNscXgbL2Rt(32216): L2 RT 1 sample inference time: 1.341692 msecs
07-16 16:12:11.344 D/SemNscXgbL2Nrt(32216): L2 NRT 1 sample inference time: 1.124539 msecs
07-16 16:12:11.345 D/CompatibilityChangeReporter(32216): Compat change id reported: 161145287; UID 10228; state: DISABLED
07-16 16:12:11.393 D/CompatibilityChangeReporter(32216): Compat change id reported: 168419799; UID 10228; state: DISABLED
07-16 16:12:11.411 I/NetworkScheduler.Stats( 1485): (REDACTED) Task %s/%s started execution. cause:%s exec_start_elapsed_seconds: %s
07-16 16:12:11.425 I/NetworkScheduler.Stats( 1485): (REDACTED) Task %s/%s finished executing. cause:%s result: %s elapsed_millis: %s uptime_millis: %s exec_start_elapsed_seconds: %s
07-16 16:12:11.429 W/Finsky  ( 3725): [2] STU: Failed to get storage stats for package 'com.google.android.cellbroadcast' (1601: Error getting stats: android.content.pm.PackageManager.NameNotFoundException)
07-16 16:12:11.434 I/servicemanager(  434): Could not find android.hardware.graphics.allocator.IAllocator/default in the VINTF manifest.
07-16 16:12:11.469 W/ExifInterface( 3403): Invalid image: ExifInterface got an unsupported image format file(ExifInterface supports JPEG and some RAW image formats only) or a corrupted JPEG file to ExifInterface.
07-16 16:12:11.469 W/ExifInterface( 3403): java.io.IOException: Encountered corrupt PNG file.
07-16 16:12:11.469 W/ExifInterface( 3403): 	at android.media.ExifInterface.getPngAttributes(ExifInterface.java:3461)
07-16 16:12:11.469 W/ExifInterface( 3403): 	at android.media.ExifInterface.loadAttributes(ExifInterface.java:2026)
07-16 16:12:11.469 W/ExifInterface( 3403): 	at android.media.ExifInterface.<init>(ExifInterface.java:1641)
07-16 16:12:11.469 W/ExifInterface( 3403): 	at android.media.ExifInterface.<init>(ExifInterface.java:1592)
07-16 16:12:11.469 W/ExifInterface( 3403): 	at com.samsung.android.providers.media.scan.MediaParser.getDateTimeOriginal(MediaParser.java:390)
07-16 16:12:11.469 W/ExifInterface( 3403): 	at com.samsung.android.providers.media.scan.MediaParser.computeDateMetadata(MediaParser.java:367)
07-16 16:12:11.469 W/ExifInterface( 3403): 	at com.samsung.android.providers.media.sync.MediaSync.createOperation(MediaSync.java:429)
07-16 16:12:11.469 W/ExifInterface( 3403): 	at com.samsung.android.providers.media.sync.MediaSync.loadInternal(MediaSync.java:389)
07-16 16:12:11.469 W/ExifInterface( 3403): 	at com.samsung.android.providers.media.sync.MediaSync.load(MediaSync.java:325)
07-16 16:12:11.469 W/ExifInterface( 3403): 	at com.samsung.android.providers.media.sync.MediaSync.-$$Nest$mload(Unknown Source:0)
07-16 16:12:11.469 W/ExifInterface( 3403): 	at com.samsung.android.providers.media.sync.MediaSync$SyncTask.run(MediaSync.java:475)
07-16 16:12:11.469 W/ExifInterface( 3403): 	at android.os.Handler.handleCallback(Handler.java:942)
07-16 16:12:11.469 W/ExifInterface( 3403): 	at android.os.Handler.dispatchMessage(Handler.java:99)
07-16 16:12:11.469 W/ExifInterface( 3403): 	at android.os.Looper.loopOnce(Looper.java:226)
07-16 16:12:11.469 W/ExifInterface( 3403): 	at android.os.Looper.loop(Looper.java:313)
07-16 16:12:11.469 W/ExifInterface( 3403): 	at android.os.HandlerThread.run(HandlerThread.java:67)
07-16 16:12:11.499 W/libprocessgroup(32216): Failed to open /dev/blkio//cgroup.procs: No such file or directory
07-16 16:12:11.500 W/libprocessgroup(32216): Failed to open /dev/blkio//cgroup.procs: No such file or directory
07-16 16:12:11.501 W/libprocessgroup(32216): Failed to open /dev/blkio//cgroup.procs: No such file or directory
07-16 16:12:11.514 I/NetworkScheduler.Stats( 1485): (REDACTED) Task %s/%s started execution. cause:%s exec_start_elapsed_seconds: %s
07-16 16:12:11.528 D/CompatibilityChangeReporter(32216): Compat change id reported: 161145287; UID 15010228; state: DISABLED
07-16 16:12:11.569 I/NetworkScheduler.Stats( 1485): (REDACTED) Task %s/%s finished executing. cause:%s result: %s elapsed_millis: %s uptime_millis: %s exec_start_elapsed_seconds: %s
07-16 16:12:11.576 D/app_process(20998): Time zone APEX ICU file found: /apex/com.android.tzdata/etc/icu/icu_tzdata.dat
07-16 16:12:11.577 D/app_process(20998): I18n APEX ICU file found: /apex/com.android.i18n/etc/icu/icudt70l.dat
07-16 16:12:11.609 D/MediaSync( 3403): loaded: 274ms, 1
07-16 16:12:11.618 W/app_process(20998): ClassLoaderContext classpath size mismatch. expected=0, found=1 (PCL[] | PCL[/system/framework/android.test.runner.jar*2256426886])
07-16 16:12:11.652 E/SemDvfsManager_JNI(20998): SemDvfsManager: registerfunction enter
07-16 16:12:11.653 E/SemAffinityControl(20998): SemAffinityControl: registerfunction enter
07-16 16:12:11.665 D/AndroidRuntime(20998): Calling main entry com.android.commands.uiautomator.Launcher
07-16 16:12:11.693 I/SurfaceFlinger(  812): id=54574 createSurf flag=80004, WindowToken{658fcb8 type=2032 android.os.Binder@e88431b}#54574
07-16 16:12:11.695 D/SettingsProvider(32216): isChangeAllowed() : name = accessibility_enabled
07-16 16:12:11.696 I/GenerationRegistry(32216): mBackingStore.isClosed() : false
07-16 16:12:11.696 I/GenerationRegistry(32216): mBackingStore.isClosed() : false
07-16 16:12:11.696 D/WindowMagnificationMgr(32216): requestConnection :false mConnectionState : 3
07-16 16:12:11.696 W/WindowMagnificationMgr(32216): requestConnection duplicated request: connect=false, mConnectionState=DISCONNECTED
07-16 16:12:11.703 D/SettingsProvider(32216): isChangeAllowed() : name = accessibility_enabled
07-16 16:12:11.703 I/GenerationRegistry(32216): mBackingStore.isClosed() : false
07-16 16:12:11.703 I/GenerationRegistry(32216): mBackingStore.isClosed() : false
07-16 16:12:11.703 D/WindowMagnificationMgr(32216): requestConnection :false mConnectionState : 3
07-16 16:12:11.703 W/WindowMagnificationMgr(32216): requestConnection duplicated request: connect=false, mConnectionState=DISCONNECTED
07-16 16:12:11.721 I/AccessibilityManagerService(32216): semIsAccessibilityServiceEnabled()
07-16 16:12:11.721 I/AccessibilityManagerService(32216): accesibilityService is null
07-16 16:12:11.721 I/AccessibilityManagerService(32216): semIsAccessibilityServiceEnabled()
07-16 16:12:11.721 I/AccessibilityManagerService(32216): accesibilityService is null
07-16 16:12:11.722 D/AS.AudioService(32216): Accessibility volume enabled = false
07-16 16:12:11.723 D/BatterySaverPolicy(32216): accessibility changed to true, updating policy.
07-16 16:12:11.734 W/WindowManager(32216): Cannot find window which accessibility connection is added to
07-16 16:12:11.747 W/WindowManager(32216): Cannot find window which accessibility connection is added to
07-16 16:12:11.765 I/NearbyMediums( 1485): No BLE Fast/GATT advertisements found in the latest cycle.
07-16 16:12:11.765 I/NearbyMediums( 1485): Current Tracked Scanning Clients are : {NearbyConnections.EnvironmentMonitor, NearbySharing, NearbyConnections.TxAdvertisement}
07-16 16:12:11.768 I/SAMSUNGWALLET[IN]( 8580): [WalletStartup] Screen reader is enabled
07-16 16:12:11.774 V/Navbar.Store(32579): ----handleEvent(0) OnUpdateRemoteViewContainer(leftContainer=android.widget.LinearLayout{6423829 I.E...... ......I. 0,0-118,126 #7f0b04f6 app:id/left_remoteview}, rightContainer=android.widget.LinearLayout{497ae I.E...... ......I. 962,0-1080,126 #7f0b07aa app:id/right_remoteview}, contextualButtonVisible=false, darkIntensity=0.0) [Module] SamsungNavigationBarView
07-16 16:12:11.774 V/Navbar.Store(32579): ------[Band]REMOTE_VIEW_PACK_SET_REMOTEVIEW_CONTAINER
07-16 16:12:11.774 V/Navbar.Store(32579): --------apply(0) UpdateRemoteViewContainer
07-16 16:12:11.775 V/Navbar.Store(32579): --------apply(0) UpdateRemoteViewDarkIntensity
07-16 16:12:11.775 V/Navbar.Store(32579): handleEvent(0) OnNavBarUpdateA11YService(clickable=false, longClickable=false) [Module] NavigationBar
07-16 16:12:11.775 V/Navbar.Store(32579): --[Band]SETUPWIZARD_PACK_UPDATE_A11Y_SERVICE
07-16 16:12:11.775 I/TouchInteractionService( 1102): onActiveNavBarRegionChanges, region : SkRegion((0,2274,388,2400)(389,2274,690,2400)(691,2274,961,2400))
07-16 16:12:11.787 I/GenerationRegistry(32216): mBackingStore.isClosed() : false
07-16 16:12:11.789 I/TouchInteractionService( 1102): onActiveNavBarRegionChanges, region : SkRegion((0,2274,388,2400)(389,2274,690,2400)(691,2274,961,2400))
07-16 16:12:11.789 I/MtpStorageManager( 3403): Got inotify CLOSE_WRITE event for : aG9tZV9oMDJfcHJvYmUucG5n
07-16 16:12:11.790 I/MediaProvider( 1974): Begin Intent { act=android.intent.action.MEDIA_SCANNER_SCAN_FILE dat=file:///... flg=0x1400010 cmp=com.google.android.providers.media.module/com.android.providers.media.MediaService }
07-16 16:12:11.790 D/MtpStorageManager( 3403): sendObjectInfoChanged: id=15324,size=171930
07-16 16:12:11.810 V/SafetyCenterAccessibilityListener(17163): accessibility event occurred, safety center feature not enabled.
07-16 16:12:11.818 I/MediaProvider( 1974): End Intent { act=android.intent.action.MEDIA_SCANNER_SCAN_FILE dat=file:///... flg=0x1400010 cmp=com.google.android.providers.media.module/com.android.providers.media.MediaService }
07-16 16:12:11.819 D/SyncManager(32216): userId - 0 auto - true
07-16 16:12:11.844 D/SemNscXgbMsL1(32216): Probability - Cloud gaming: [0.017073855]
07-16 16:12:11.845 D/SemNscXgbMsL1(32216): Probability - Real time: [0.793241]
07-16 16:12:11.845 D/SemNscXgbMsL1(32216): Probability - Non real time: [0.40502182]
07-16 16:12:11.845 D/SemNscXgbMsL1(32216): 1 sample inference time: 0.743192 msecs
07-16 16:12:11.846 D/SemNscXgbL2Rt(32216): L2 RT 1 sample inference time: 1.112 msecs
07-16 16:12:11.847 D/SemNscXgbL2Nrt(32216): L2 NRT 1 sample inference time: 0.713269 msecs
07-16 16:12:11.847 I/SemWifiServiceDetector(32216): NSD results: [1, 1, 1, 0, 1, 1, 2, 1, 0] Traff. type 1 Thr 4
07-16 16:12:11.848 D/SemWifiOptimizer(32216): enable=1 state=0x10 prev=0x00 new=0x10 force=0 mode=0
07-16 16:12:11.909 D/SyncManager(32216): userId - 0 auto - true
07-16 16:12:11.914 I/ChimeraAggressivePolicyHandler(32216): executePolicy() - triggerSource: TRIGGER_SOURCE_LMKD
07-16 16:12:11.914 I/ChimeraAggressivePolicyHandler(32216): available memory: 1923336, free memory target: 1126400, quit chimera
07-16 16:12:11.917 D/MediaParser( 3403): scanItem: 1
07-16 16:12:11.921 I/BaseThreadPoolExecutor( 4611): [#CMH#] Task o.e@84b2969 is submitted
07-16 16:12:11.921 D/MediaSync( 3403): loaded: 100ms, 1
07-16 16:12:11.926 W/libprocessgroup(32216): Failed to open /dev/blkio//cgroup.procs: No such file or directory
07-16 16:12:11.929 D/SyncManager(32216): userId - 0 auto - true
07-16 16:12:11.943 D/LocationService( 3403): Begin: com.samsung.intent.action.UPDATE_LOCATION
07-16 16:12:11.970 D/LocationManager( 3403): delete null addr: 0
07-16 16:12:11.999 W/GeoCoder( 3403): list size is zero
07-16 16:12:11.999 E/LocationManager( 3403): Can't get address
07-16 16:12:11.999 D/ModernSamsungCoreService( 3403): applyPending()
07-16 16:12:12.000 D/LocationManager( 3403): LocationTask: 57ms
07-16 16:12:12.000 D/LocationService( 3403): End: com.samsung.intent.action.UPDATE_LOCATION
07-16 16:12:12.000 W/d.process.media( 3403): Reducing the number of considered missed Gc histogram windows from 1245 to 100
07-16 16:12:12.001 D/SyncManager(32216): userId - 0 auto - true
07-16 16:12:12.079 I/MediaContentSyncTask( 4611): [#CMH#] No of Row (SEC MP :  485, Max Id : 2147516412) (CMH : 484, Max Id : 2147516411) - Time :13
07-16 16:12:12.083 D/BoundBrokerSvc( 2669): onUnbind: Intent { act=com.google.android.gms.safetynet.service.START pkg=com.google.android.gms }
07-16 16:12:12.132 I/MediaContentSyncTask( 4611): [#CMH#] Rebuilding contents count 1
07-16 16:12:12.137 I/ImageFeatures( 4611): [#CMH#] Not support file type 
07-16 16:12:12.162 W/FuseDaemon( 1974): Reducing the number of considered missed Gc histogram windows from 975 to 100
07-16 16:12:12.190 D/BoundBrokerSvc(20504): onUnbind: Intent { act=com.google.android.gms.dtdi.identity.START dat=chimera-action:/... cmp=com.google.android.gms/.chimera.PersistentApiService }
07-16 16:12:12.195 I/MediaContentSyncTask( 4611): [#CMH#] Insert ITEM :  1
07-16 16:12:12.214 I/MediaContentSyncLocation( 4611): [#CMH#] Location Count MP :  29, CMH : 29
07-16 16:12:12.214 I/BaseThreadPoolExecutor( 4611): [#CMH#] afterExecute FutureTask
07-16 16:12:12.214 I/ControllerEventHandler( 4611): [#CMH#] New Task for wait content sync job 
07-16 16:12:12.214 I/BaseThreadPoolExecutor( 4611): [#CMH#] Task o.e@84b2969 is submitted
07-16 16:12:12.291 I/MediaContentSyncTask( 4611): [#CMH#] No of Row (SEC MP :  485, Max Id : 2147516412) (CMH : 485, Max Id : 2147516412) - Time :64
07-16 16:12:12.305 D/io_stats(  472): !@   8,0 r 173113568 4265068640 w 32514629 585693048 d 0 0 f 0 0 iot 33789620 0 th 0 0 0 pt 0 inp 0 0 1214871.968
07-16 16:12:12.311 I/MediaContentSyncTask( 4611): [#CMH#] MP time stamp :  1784182331907, CMH time stamp : 1784169799696
07-16 16:12:12.321 I/ActivityManager(32216): com.samsung.android.scs is exempt from freezer by list
07-16 16:12:12.321 D/CompatibilityChangeReporter(32216): Compat change id reported: 135634846; UID 10111; state: DISABLED
07-16 16:12:12.322 D/CompatibilityChangeReporter(32216): Compat change id reported: 177438394; UID 10111; state: DISABLED
07-16 16:12:12.322 D/CompatibilityChangeReporter(32216): Compat change id reported: 135772972; UID 10111; state: DISABLED
07-16 16:12:12.322 D/CompatibilityChangeReporter(32216): Compat change id reported: 135754954; UID 10111; state: ENABLED
07-16 16:12:12.322 D/CompatibilityChangeReporter(32216): Compat change id reported: 143937733; UID 10111; state: ENABLED
07-16 16:12:12.339 I/MediaContentSyncTask( 4611): [#CMH#] Update ITEM  :  1
07-16 16:12:12.342 D/Zygote  (31989): Forked child process 21040
07-16 16:12:12.343 I/ActivityManager(32216): Start proc 21040:com.samsung.android.scs/u0a111 for service {com.samsung.android.scs/androidx.work.impl.background.systemjob.SystemJobService}
07-16 16:12:12.361 I/MediaContentSyncTask( 4611): [#CMH#] Update Cursor Count (1=>1), Time: 22 
07-16 16:12:12.366 I/MediaContentSyncTask( 4611): [#CMH#] Update ITEM :  1
07-16 16:12:12.375 I/ung.android.scs(21040): Using CollectorTypeCC GC.
07-16 16:12:12.385 E/ung.android.scs(21040): Not starting debugger since process cannot load the jdwp agent.
07-16 16:12:12.390 I/MediaContentSyncLocation( 4611): [#CMH#] Location Count MP :  29, CMH : 29
07-16 16:12:12.390 I/BaseThreadPoolExecutor( 4611): [#CMH#] afterExecute FutureTask
07-16 16:12:12.392 I/ControllerEventHandler( 4611): [#CMH#] Alive Privacy Ignored Policy Called:  false
07-16 16:12:12.393 I/ControllerEventHandler( 4611): [#CMH#] POI Feature is False 
07-16 16:12:12.393 D/ActivityThread(21040): setConscryptValidator
07-16 16:12:12.394 D/ActivityThread(21040): setConscryptValidator - put
07-16 16:12:12.400 I/ActivityManager(32216): DSS OFF for com.samsung.android.scs
07-16 16:12:12.406 D/CompatibilityChangeReporter(32216): Compat change id reported: 181136395; UID 10000; state: DISABLED
07-16 16:12:12.406 D/CompatibilityChangeReporter(32216): Compat change id reported: 174042936; UID 10000; state: DISABLED
07-16 16:12:12.415 D/CompatibilityChangeReporter(21040): Compat change id reported: 171979766; UID 10111; state: ENABLED
07-16 16:12:12.509 D/ScanFilter(  704): manu data matches
07-16 16:12:12.510 D/BtGatt.GattService(  704): onScanResult to scannerId: 4- eventType=0x1b, addressType=0, address=28AF42_D, primaryPhy=1, secondaryPhy=0, advertisingSid=0xff, txPower=127, rssi=-58, periodicAdvInt=0x0
07-16 16:12:12.515 I/[+1000]oneconnect[1.8.47.24_01][BEACON_MANAGER_CONTROL_SERVICE]( 9207): BeaconManagerControlService.reserveStopService - Setting timer to stop service in 180000ms
07-16 16:12:12.516 I/[+1000]oneconnect[1.8.47.24_01][BEACON_MANAGER_CONTROL_SERVICE]( 9207): AvOcfParser.isReadyAvPopupOnboarding - AV Popup Onboarding is skipped - ($)
07-16 16:12:12.521 I/SCS@AiSearch user 0(21040): (SearchProvider) [main] entering in onCreate():  
07-16 16:12:12.521 I/SCS@AiSearch user 0(21040): (AiSearch user 0) [Thread-3] entering in init():  Logger initialization. Path: /data/user/0/com.samsung.android.scs/files/aisearch/log/
07-16 16:12:12.523 I/SCS@AiSearch user 0(21040): (SearchApplication) [main] entering in init():  
07-16 16:12:12.532 I/SCS@AiSearch user 0(21040): (SearchApplication) checkIsUpdated(): sIsUpdate = false
07-16 16:12:12.548 D/PackageManager(32216): setEnabledSetting : userId = 0 packageName = com.samsung.android.scs cmp = androidx.work.impl.background.systemjob.SystemJobService newState = 1 callingPackage = 10111/com.samsung.android.scs
07-16 16:12:12.549 D/ApplicationPolicy(32216): getApplicationStateEnabled : pkg = com.samsung.android.scs userId : 0
07-16 16:12:12.551 D/ApplicationPolicy(32216): getApplicationComponentState : pkg = com.samsung.android.scs userId : 0
07-16 16:12:12.559 D/CompatibilityChangeReporter(32216): Compat change id reported: 161145287; UID 10111; state: DISABLED
07-16 16:12:12.562 I/SCS@AiSearch user 0(21040): (SearchApplication) [main] leaving from init():  
07-16 16:12:12.562 I/SCS@AiSearch user 0(21040): (SearchProvider) [main] leaving from onCreate():  
07-16 16:12:12.563 I/SCS@AiSearch user 0(21040): (ConfigManager) [pool-3-thread-1] entering in loadConfig():  
07-16 16:12:12.568 I/GenerationRegistry(32216): mBackingStore.isClosed() : false
07-16 16:12:12.573 I/SCS@AiSearch user 0(21040): (ConfigManager) Updating App Enable for com.sec.android.app.myfiles, Status: EnabledStatus{mEnabled=true, mDisabledReason=null, mExtra=null}
07-16 16:12:12.574 I/SCS@AiSearch user 0(21040): (ConfigManager) Updating App Enable for com.samsung.android.app.reminder, Status: EnabledStatus{mEnabled=true, mDisabledReason=null, mExtra=null}
07-16 16:12:12.575 I/SCS@AiSearch user 0(21040): (ConfigManager) Updating App Enable for com.samsung.android.calendar.synctasks, Status: EnabledStatus{mEnabled=true, mDisabledReason=null, mExtra=null}
07-16 16:12:12.576 I/SQLiteConnection(21040): /data/user/0/com.samsung.android.scs/no_backup/androidx.work.workdb-wal 1048576 bytes: Bigger than 1048576; truncating
07-16 16:12:12.577 I/SCS@AiSearch user 0(21040): (ConfigManager) Updating App Enable for logs.call, Status: EnabledStatus{mEnabled=true, mDisabledReason=null, mExtra=null}
07-16 16:12:12.577 I/ServiceApplication(21040): process:com.samsung.android.scs version:3.7.00.1 flavor:full
07-16 16:12:12.577 I/SCS@AiSearch user 0(21040): (SearchApplication) [main] entering in init():  
07-16 16:12:12.577 I/SCS@AiSearch user 0(21040): (ConfigManager) Updating App Enable for com.samsung.android.apps, Status: EnabledStatus{mEnabled=true, mDisabledReason=null, mExtra=null}
07-16 16:12:12.578 I/SCS@AiSearch user 0(21040): (ConfigManager) Updating App Enable for com.samsung.android.calendar, Status: EnabledStatus{mEnabled=true, mDisabledReason=null, mExtra=null}
07-16 16:12:12.579 I/SCS@AiSearch user 0(21040): (ConfigManager) Updating App Enable for com.samsung.android.contacts, Status: EnabledStatus{mEnabled=true, mDisabledReason=null, mExtra=null}
07-16 16:12:12.579 I/SCS@AiSearch user 0(21040): (ConfigManager) isAppEnabled(): FloatingFeature :V519, com.google.android.providers.media enabled :true
07-16 16:12:12.579 I/SCS@AiSearch user 0(21040): (ConfigManager) Updating App Enable for com.google.android.providers.media, Status: EnabledStatus{mEnabled=true, mDisabledReason=null, mExtra=null}
07-16 16:12:12.580 I/SCS@AiSearch user 0(21040): (ConfigManager) Updating App Enable for analogy, Status: EnabledStatus{mEnabled=true, mDisabledReason=null, mExtra=null}
07-16 16:12:12.580 I/SCS@AiSearch user 0(21040): (ConfigManager) Updating App Enable for synonym, Status: EnabledStatus{mEnabled=true, mDisabledReason=null, mExtra=null}
07-16 16:12:12.580 I/SCS@AiSearch user 0(21040): (ConfigManager) Updating App Enable for com.samsung.android.scs.documents, Status: EnabledStatus{mEnabled=true, mDisabledReason=null, mExtra=null}
07-16 16:12:12.580 I/SCS@AiSearch user 0(21040): (ConfigManager) Updating App Enable for com.android.settings, Status: EnabledStatus{mEnabled=true, mDisabledReason=null, mExtra=null}
07-16 16:12:12.581 I/SCS@AiSearch user 0(21040): (ConfigManager) Updating App Enable for correlated, Status: EnabledStatus{mEnabled=true, mDisabledReason=null, mExtra=null}
07-16 16:12:12.581 I/SCS@AiSearch user 0(21040): (ConfigManager) [pool-3-thread-1] leaving from loadConfig():  
07-16 16:12:12.594 I/SCS@AiSearch user 0(21040): (HintsHelper) init collect hints and schedule periodic job isImmediate = false
07-16 16:12:12.598 I/SCS@AiSearch user 0(21040): (SchedulingManager) UsageScoreIndexingWorker: Result:: androidx.work.impl.utils.futures.SettableFuture@e0d0a51[status=PENDING]
07-16 16:12:12.598 I/SCS@AiSearch user 0(21040): (SchedulingManager) scheduleJobServiceLogging
07-16 16:12:12.611 I/GenerationRegistry(32216): mBackingStore.isClosed() : false
07-16 16:12:12.630 I/DIAGMON_SDK[605029][4N4-399-535399] (21040): generated SR object
07-16 16:12:12.648 D/PackageManager(32216): setEnabledSetting : userId = 0 packageName = com.samsung.android.scs cmp = androidx.work.impl.background.systemalarm.RescheduleReceiver newState = 1 callingPackage = 10111/com.samsung.android.scs
07-16 16:12:12.649 D/ApplicationPolicy(32216): getApplicationStateEnabled : pkg = com.samsung.android.scs userId : 0
07-16 16:12:12.649 D/ApplicationPolicy(32216): getApplicationComponentState : pkg = com.samsung.android.scs userId : 0
07-16 16:12:12.662 D/CompatibilityChangeReporter(32216): Compat change id reported: 194532703; UID 10111; state: ENABLED
07-16 16:12:12.670 D/PackageManager(32216): setEnabledSetting : userId = 0 packageName = com.samsung.android.scs cmp = androidx.work.impl.background.systemalarm.RescheduleReceiver newState = 1 callingPackage = 10111/com.samsung.android.scs
07-16 16:12:12.671 D/ApplicationPolicy(32216): getApplicationStateEnabled : pkg = com.samsung.android.scs userId : 0
07-16 16:12:12.672 D/ApplicationPolicy(32216): getApplicationComponentState : pkg = com.samsung.android.scs userId : 0
07-16 16:12:12.694 I/SCS@AiSearch user 0(21040): (g) Creating collector for GALLERY
07-16 16:12:12.702 I/SCS@AiSearch user 0(21040): (BaseCollector::GALLERY) Initial CMH info, last synced CMH SecMediaId=2147516390, TimeStamp=1784130290974
07-16 16:12:12.705 I/SCS@AiSearch user 0(21040): (g) Creating collector for AOSP_MP
07-16 16:12:12.705 I/SCS@AiSearch user 0(21040): (ObserverWorker::GALLERY) [main] entering in startWork triggered by [content://secmedia/cmh/location, content://secmedia/video/media, content://secmedia/images/media]():  
07-16 16:12:12.706 I/SCS@AiSearch user 0(21040): (BaseCollector::GALLERY) [main] entering in onChange():  
07-16 16:12:12.707 I/SCS@AiSearch user 0(21040): (BaseCollector::GALLERY) [GALLERY-0] entering in collectChanges():  
07-16 16:12:12.708 I/SCS@AiSearch user 0(21040): (ObserverWorker::AOSP_MP) [main] entering in startWork triggered by [content://media/external/file/1000055629]():  
07-16 16:12:12.708 I/SCS@AiSearch user 0(21040): (BaseCollector::AOSP_MP) [main] entering in onChange():  
07-16 16:12:12.710 I/SCS@AiSearch user 0(21040): (BaseCollector::AOSP_MP) [AOSP_MP-0] entering in collectChanges():  
07-16 16:12:12.711 D/PackageManager(32216): setEnabledSetting : userId = 0 packageName = com.samsung.android.scs cmp = androidx.work.impl.background.systemalarm.RescheduleReceiver newState = 1 callingPackage = 10111/com.samsung.android.scs
07-16 16:12:12.712 D/ApplicationPolicy(32216): getApplicationStateEnabled : pkg = com.samsung.android.scs userId : 0
07-16 16:12:12.713 D/ApplicationPolicy(32216): getApplicationComponentState : pkg = com.samsung.android.scs userId : 0
07-16 16:12:12.736 D/PackageManager(32216): setEnabledSetting : userId = 0 packageName = com.samsung.android.scs cmp = androidx.work.impl.background.systemalarm.RescheduleReceiver newState = 1 callingPackage = 10111/com.samsung.android.scs
07-16 16:12:12.737 D/ApplicationPolicy(32216): getApplicationStateEnabled : pkg = com.samsung.android.scs userId : 0
07-16 16:12:12.738 D/ApplicationPolicy(32216): getApplicationComponentState : pkg = com.samsung.android.scs userId : 0
07-16 16:12:12.739 I/SCS@AiSearch user 0(21040): (m) Schema Name : com.samsung.android.contacts Major Version : 36, Minor Version : 0
07-16 16:12:12.740 I/SCS@AiSearch user 0(21040): (m) Schema Name : com.android.settings Major Version : 4, Minor Version : 0
07-16 16:12:12.744 I/SCS@AiSearch user 0(21040): (m) Schema Name : com.samsung.android.apps Major Version : 33, Minor Version : 0
07-16 16:12:12.747 I/SCS@AiSearch user 0(21040): (m) Schema Name : com.samsung.android.calendar Major Version : 23, Minor Version : 0
07-16 16:12:12.749 I/SCS@AiSearch user 0(21040): (m) Schema Name : com.samsung.android.calendar.synctasks Major Version : 8, Minor Version : 0
07-16 16:12:12.751 I/SCS@AiSearch user 0(21040): (m) Schema Name : com.samsung.android.app.reminder Major Version : 5, Minor Version : 0
07-16 16:12:12.754 I/SCS@AiSearch user 0(21040): (m) Schema Name : logs.call Major Version : 18, Minor Version : 0
07-16 16:12:12.765 I/SCS@AiSearch user 0(21040): (m) Schema Name : com.google.android.providers.media Major Version : 0, Minor Version : 0 Name : aosp_mp Major Version : 19, Minor Version : 0 Name : sec_mp Major Version : 33, Minor Version : 0
07-16 16:12:12.766 W/Finsky  ( 3725): [2] STU: Failed to get storage stats for package 'com.google.android.adbd' (1601: Error getting stats: android.content.pm.PackageManager.NameNotFoundException)
07-16 16:12:12.766 I/SCS@AiSearch user 0(21040): (m) Schema Name : analogy Major Version : 13, Minor Version : 0
07-16 16:12:12.767 I/SCS@AiSearch user 0(21040): (m) Schema Name : synonym Major Version : 4, Minor Version : 0
07-16 16:12:12.767 I/SCS@AiSearch user 0(21040): (m) Schema Name : correlated Major Version : 4, Minor Version : 0
07-16 16:12:12.768 I/SCS@AiSearch user 0(21040): (m) Schema Name : ranking Major Version : 1, Minor Version : 0
07-16 16:12:12.775 D/CompatibilityChangeReporter(32216): Compat change id reported: 182734110; UID 10111; state: ENABLED
07-16 16:12:12.832 D/SemNscXgbMsL1(32216): Probability - Cloud gaming: [0.32116893]
07-16 16:12:12.834 D/SemNscXgbMsL1(32216): Probability - Real time: [0.4839615]
07-16 16:12:12.834 D/SemNscXgbMsL1(32216): Probability - Non real time: [0.3089715]
07-16 16:12:12.834 D/SemNscXgbMsL1(32216): 1 sample inference time: 1.852577 msecs
07-16 16:12:12.835 D/SemNscXgbL2Rt(32216): L2 RT 1 sample inference time: 1.511923 msecs
07-16 16:12:12.837 D/SemNscXgbL2Nrt(32216): L2 NRT 1 sample inference time: 1.319384 msecs
07-16 16:12:12.841 E/audit   (  685): type=1400 audit(1784182332.839:819774): avc:  denied  { search } for  pid=20830 comm="pool-3-thread-1" name="0" dev="dm-45" ino=1722 scontext=u:r:platform_app:s0:c662,c768 tcontext=u:object_r:user_profile_root_file:s0:c512,c768 tclass=dir permissive=0 SEPF_SM-E625F_13_0001 audit_filtered
07-16 16:12:12.842 E/audit   (  685): type=1300 audit(1784182332.839:819774): arch=c00000b7 syscall=48 success=no exit=-13 a0=ffffff9c a1=b40000776b43c570 a2=2 a3=0 items=1 ppid=31989 pid=20830 auid=4294967295 uid=15005025 gid=15005025 euid=15005025 suid=15005025 fsuid=15005025 egid=15005025 sgid=15005025 fsgid=15005025 tty=(none) ses=4294967295 comm="pool-3-thread-1" exe="/system/bin/app_process64" subj=u:r:platform_app:s0:c662,c768 key=(null)
07-16 16:12:12.842 E/audit   (  685): type=1302 audit(1784182332.839:819774): item=0 name="/data/misc/profiles/cur/0/com.samsung.android.mdx.kit/primary.prof" nametype=UNKNOWN cap_fp=0000000000000000 cap_fi=0000000000000000 cap_fe=0 cap_fver=0
07-16 16:12:12.842 E/audit   (  685): type=1327 audit(1784182332.839:819774): proctitle="com.samsung.android.mdx.kit"
07-16 16:12:12.843 D/MobileStatusTracker(0/4)(32579): onSignalStrengthsChanged level=3, vendorLevel=3
07-16 16:12:12.844 D/MobileSignalController(0/4)(32579): notifyListener: enabled=true, connected=true, dataConnected=false, networkType=LTE (4G), emergencyOnly=true, roaming=false, isDefault=false, dataActivity=, level=3, ca=false, mmWave=false, disabledDataIcon=false, simCard=ETC
07-16 16:12:12.848 D/NetworkController(32579): SignalStrength from intent slotId=0
07-16 16:12:12.869 D/SemCscFeature(20998): Encoded
07-16 16:12:12.898 W/MediaProvider( 1974): isAppCloneUserPair for user 0: false
07-16 16:12:12.911 I/MtpStorageManager( 3403): Got inotify added event for : aG9tZV9oMDJfcHJvYmUueG1s
07-16 16:12:12.912 D/SyncManager(32216): userId - 0 auto - true
07-16 16:12:12.916 W/AccessibilityNodeInfoDumper(20998): Fetch time: 39ms
07-16 16:12:12.916 I/MtpStorageManager( 3403): Got inotify CLOSE_WRITE event for : aG9tZV9oMDJfcHJvYmUueG1s
07-16 16:12:12.917 D/MtpStorageManager( 3403): sendObjectInfoChanged: id=15325,size=7434
07-16 16:12:12.922 D/SettingsProvider(32216): isChangeAllowed() : name = accessibility_enabled
07-16 16:12:12.925 I/GenerationRegistry(32216): mBackingStore.isClosed() : false
07-16 16:12:12.925 I/GenerationRegistry(32216): mBackingStore.isClosed() : false
07-16 16:12:12.925 D/WindowMagnificationMgr(32216): requestConnection :false mConnectionState : 3
07-16 16:12:12.925 W/WindowMagnificationMgr(32216): requestConnection duplicated request: connect=false, mConnectionState=DISCONNECTED
07-16 16:12:12.926 D/SettingsProvider(32216): isChangeAllowed() : name = accelerometer_rotation
07-16 16:12:12.926 I/GenerationRegistry(32216): mBackingStore.isClosed() : false
07-16 16:12:12.926 I/GenerationRegistry(32216): mBackingStore.isClosed() : false
07-16 16:12:12.926 D/SettingsProvider(32216): isChangeAllowed() : name = user_rotation
07-16 16:12:12.926 V/WindowManager(32216): rotationForOrientation(orient=SCREEN_ORIENTATION_UNSPECIFIED (-1), last=ROTATION_0 (0)); user=ROTATION_0 (0) 
07-16 16:12:12.926 D/WindowManager(32216): rotationForOrientation, orientationSource=ActivityRecord{75d40d6 u0 com.collectiq.ai.local/com.collectiq.ai.MainActivity} t1315}
07-16 16:12:12.929 V/WindowManager(32216): Computed rotation=ROTATION_0 (0) for display id=0 based on lastOrientation=SCREEN_ORIENTATION_UNSPECIFIED (-1) and oldRotation=ROTATION_0 (0), caller=com.android.server.wm.DisplayContent.updateRotationUnchecked:2410 com.android.server.wm.WindowManagerService.updateRotationUnchecked:4778 com.android.server.wm.WindowManagerService.thawDisplayRotation:4719 com.android.server.wm.WindowManagerService.thawRotation:4683 android.view.IWindowManager$Stub.onTransact:2536 com.android.server.wm.WindowManagerService.onTransact:1608 
07-16 16:12:12.935 I/Layer   (  812): id=54574 removeFromCurrentState WindowToken{658fcb8 type=2032 android.os.Binder@e88431b}#54574 (135)
07-16 16:12:12.935 I/SurfaceFlinger(  812): id=54574 Removed WindowToken{658fcb8 type=2032 android.os.Binder@e88431b}#54574 (135)
07-16 16:12:12.936 I/Layer   (  812): id=54574 Destroyed WindowToken{658fcb8 type=2032 android.os.Binder@e88431b}#54574
07-16 16:12:12.938 D/BatterySaverPolicy(32216): accessibility changed to false, updating policy.
07-16 16:12:12.944 I/SAMSUNGWALLET[IN]( 8580): [WalletStartup] Screen reader is disabled
07-16 16:12:12.945 V/Navbar.Store(32579): handleEvent(0) OnRotationLockedChanged(rotationLocked=false) [Module] NavBarStoreImpl
07-16 16:12:12.946 I/RecentsOrientedState( 1102): current RecentsOrientedState: [this=RecentsOrientedState@167690131 mOrientationHandler=PortraitPagedViewHandler@212551405 mDisplayRotation=0 mTouchRotation=0 mRecentsActivityRotation=0 mRecentsRotation=0 isRecentsActivityRotationAllowed=false mSystemRotation=true mStateId=38272 mFlags=299]
07-16 16:12:12.947 I/RecentsOrientedState( 1102): current RecentsOrientedState: [this=RecentsOrientedState@167690131 mOrientationHandler=PortraitPagedViewHandler@212551405 mDisplayRotation=0 mTouchRotation=0 mRecentsActivityRotation=0 mRecentsRotation=0 isRecentsActivityRotationAllowed=false mSystemRotation=true mStateId=38272 mFlags=299]
07-16 16:12:12.948 I/RecentsOrientedState( 1102): current RecentsOrientedState: [this=RecentsOrientedState@167690131 mOrientationHandler=PortraitPagedViewHandler@212551405 mDisplayRotation=0 mTouchRotation=0 mRecentsActivityRotation=0 mRecentsRotation=0 isRecentsActivityRotationAllowed=false mSystemRotation=true mStateId=38272 mFlags=299]
07-16 16:12:12.949 I/RecentsOrientedState( 1102): current RecentsOrientedState: [this=RecentsOrientedState@167690131 mOrientationHandler=PortraitPagedViewHandler@212551405 mDisplayRotation=0 mTouchRotation=0 mRecentsActivityRotation=0 mRecentsRotation=0 isRecentsActivityRotationAllowed=false mSystemRotation=true mStateId=38272 mFlags=299]
07-16 16:12:12.950 I/RecentsOrientedState( 1102): current RecentsOrientedState: [this=RecentsOrientedState@167690131 mOrientationHandler=PortraitPagedViewHandler@212551405 mDisplayRotation=0 mTouchRotation=0 mRecentsActivityRotation=0 mRecentsRotation=0 isRecentsActivityRotationAllowed=false mSystemRotation=true mStateId=38272 mFlags=299]
07-16 16:12:12.951 I/RecentsOrientedState( 1102): current RecentsOrientedState: [this=RecentsOrientedState@167690131 mOrientationHandler=PortraitPagedViewHandler@212551405 mDisplayRotation=0 mTouchRotation=0 mRecentsActivityRotation=0 mRecentsRotation=0 isRecentsActivityRotationAllowed=false mSystemRotation=true mStateId=38272 mFlags=299]
07-16 16:12:12.952 I/RecentsOrientedState( 1102): current RecentsOrientedState: [this=RecentsOrientedState@167690131 mOrientationHandler=PortraitPagedViewHandler@212551405 mDisplayRotation=0 mTouchRotation=0 mRecentsActivityRotation=0 mRecentsRotation=0 isRecentsActivityRotationAllowed=false mSystemRotation=true mStateId=38272 mFlags=299]
07-16 16:12:12.953 I/RecentsOrientedState( 1102): current RecentsOrientedState: [this=RecentsOrientedState@167690131 mOrientationHandler=PortraitPagedViewHandler@212551405 mDisplayRotation=0 mTouchRotation=0 mRecentsActivityRotation=0 mRecentsRotation=0 isRecentsActivityRotationAllowed=false mSystemRotation=true mStateId=38272 mFlags=299]
07-16 16:12:12.955 D/SettingsHelper(32579): onChange() COMPLETED elapsed= 3
07-16 16:12:12.955 V/SettingsHelper(32579): *** broadcastChange for content://settings/system/accelerometer_rotation
07-16 16:12:12.955 D/Tile.RotationLockTile(32579):  OnChangedCallback : 
07-16 16:12:12.957 I/RecentsOrientedState( 1102): current RecentsOrientedState: [this=RecentsOrientedState@167690131 mOrientationHandler=PortraitPagedViewHandler@212551405 mDisplayRotation=0 mTouchRotation=0 mRecentsActivityRotation=0 mRecentsRotation=0 isRecentsActivityRotationAllowed=false mSystemRotation=true mStateId=38272 mFlags=299]
07-16 16:12:12.958 I/RecentsOrientedState( 1102): current RecentsOrientedState: [this=RecentsOrientedState@167690131 mOrientationHandler=PortraitPagedViewHandler@212551405 mDisplayRotation=0 mTouchRotation=0 mRecentsActivityRotation=0 mRecentsRotation=0 isRecentsActivityRotationAllowed=false mSystemRotation=true mStateId=38272 mFlags=299]
