07-16 16:12:07.362 D/ConnectivityManager(20504): StackLog: [android.net.ConnectivityManager.sendRequestForNetwork(ConnectivityManager.java:4300)] [android.net.ConnectivityManager.registerDefaultNetworkCallbackForUid(ConnectivityManager.java:4864)] [android.net.ConnectivityManager.registerDefaultNetworkCallback(ConnectivityManager.java:4831)] [m1.fz.b(:com.google.android.gms.dynamite_cronetdynamite@262634029@26.26.34 (190400-0):39)] [m1.ft.<init>(:com.google.android.gms.dynamite_cronetdynamite@262634029@26.26.34 (190400-0):89)] [org.chromium.net.NetworkChangeNotifier.g(:com.google.android.gms.dynamite_cronetdynamite@262634029@26.26.34 (190400-0):21)] [m1.jb.run(:com.google.android.gms.dynamite_cronetdynamite@262634029@26.26.34 (190400-0):44)]
07-16 16:12:07.366 D/ConnectivityService(32216): requestNetwork for uid/pid:15010228/20504 activeRequest: null callbackRequest: 3540 [NetworkRequest [ REQUEST id=3541, [ Capabilities: INTERNET&NOT_RESTRICTED&TRUSTED&NOT_VCN_MANAGED Uid: 15010228 RequestorUid: 15010228 RequestorPkg: com.google.android.gms UnderlyingNetworks: Null] ]] callback flags: 0 order: 2147483647
07-16 16:12:07.366 I/Privacy (20773): [Privacy] library version: 5.6.3
07-16 16:12:07.367 D/ConnectivityService(32216):    accepting network in place of null
07-16 16:12:07.371 D/WifiNetworkFactory(32216): got request NetworkRequest [ REQUEST id=3541, [ Capabilities: INTERNET&NOT_RESTRICTED&TRUSTED&NOT_VCN_MANAGED Uid: 15010228 RequestorUid: 15010228 RequestorPkg: com.google.android.gms UnderlyingNetworks: Null] ]
07-16 16:12:07.372 D/UntrustedWifiNetworkFactory(32216): got request NetworkRequest [ REQUEST id=3541, [ Capabilities: INTERNET&NOT_RESTRICTED&TRUSTED&NOT_VCN_MANAGED Uid: 15010228 RequestorUid: 15010228 RequestorPkg: com.google.android.gms UnderlyingNetworks: Null] ]
07-16 16:12:07.373 D/ConnectivityService(32216): Rematched networks [computed 0ms] [applied 1ms] [issued 5]
07-16 16:12:07.373 D/ConnectivityService(32216): NetworkReassignment :
07-16 16:12:07.373 D/ConnectivityService(32216):   3541 : null → 100
07-16 16:12:07.374 D/OemPaidWifiNetworkFactory(32216): got request NetworkRequest [ REQUEST id=3541, [ Capabilities: INTERNET&NOT_RESTRICTED&TRUSTED&NOT_VCN_MANAGED Uid: 15010228 RequestorUid: 15010228 RequestorPkg: com.google.android.gms UnderlyingNetworks: Null] ]
07-16 16:12:07.374 D/MultiInternetWifiNetworkFactory(32216): got request NetworkRequest [ REQUEST id=3541, [ Capabilities: INTERNET&NOT_RESTRICTED&TRUSTED&NOT_VCN_MANAGED Uid: 15010228 RequestorUid: 15010228 RequestorPkg: com.google.android.gms UnderlyingNetworks: Null] ]
07-16 16:12:07.376 I/QuickShare(20773): [Common][main] [UserHandleCompat] ownerMode is false
07-16 16:12:07.376 I/QuickShare(20773): [Common][main] [QuickShareApplication] The restoration related to receiving is only valid in ownerMode, so it is not necessary.
07-16 16:12:07.377 I/ShareLive:QuickShare(20773): [D2D][main] [BroadcastUtil] [Scheduling]----registerSchedulerReceiver
07-16 16:12:07.378 I/ShareLive:QuickShare(20773): [D2D][RxScheduler-2] [ISettingsCompat] isBtEnabled value = true
07-16 16:12:07.378 I/ShareLive:QuickShare(20773): [D2D][RxScheduler-2] [SettingsRepositoryImpl] syncByBtState: btState is same, state=true
07-16 16:12:07.380 I/ShareLive:QuickShare(20773): [D2D][RxScheduler-3] [CapabilitySourceImpl] gms version: 262634029
07-16 16:12:07.380 I/QuickShare(20773): [Common][RxScheduler-3] [PersonaManagerCompat] isSecureFolderMode : true
07-16 16:12:07.380 I/ShareLive:QuickShare(20773): [D2D][RxScheduler-3] [CapabilitySourceImpl] nearbyShareSupported=false
07-16 16:12:07.380 I/ShareLive:QuickShare(20773): [D2D][RxScheduler-3] [ProtocolXRepository] isProtocolXAvailable: false
07-16 16:12:07.381 I/ShareLive:QuickShare(20773): [D2D][RxComputation-1] [WorkerRepositoryImpl] enqueueBluetoothStateWorker dependOnBluetooth = true
07-16 16:12:07.381 I/ShareLive:QuickShare(20773): [D2D][RxComputation-1] [WorkSourceImpl] enqueueBluetoothStateWorker
07-16 16:12:07.382 I/QuickShare(20773): [Common][main] [QuickShareApplication] onCreate versionName = [ 13.8.51.58 ], versionCode = [ 1385158205 ]
07-16 16:12:07.382 I/ShareLive:QuickShare(20773): [D2D][RxScheduler-7] [CapabilitySourceImpl] gms version: 262634029
07-16 16:12:07.382 I/QuickShare(20773): [Common][RxScheduler-7] [PersonaManagerCompat] isSecureFolderMode : true
07-16 16:12:07.382 I/ShareLive:QuickShare(20773): [D2D][RxScheduler-7] [CapabilitySourceImpl] nearbyShareSupported=false
07-16 16:12:07.383 I/ShareLive:QuickShare(20773): [D2D][RxScheduler-7] [CapabilitySourceImpl] gms version: 262634029
07-16 16:12:07.383 I/QuickShare(20773): [Common][RxScheduler-7] [PersonaManagerCompat] isSecureFolderMode : true
07-16 16:12:07.383 I/ShareLive:QuickShare(20773): [D2D][RxScheduler-7] [CapabilitySourceImpl] nearbyShareSupported=false
07-16 16:12:07.383 I/QuickShare(20773): [Common][RxScheduler-7] [QuickShareApplication] syncProtocolXEnabled complete
07-16 16:12:07.388 D/ConnectivityManager(20504): StackLog: [android.net.ConnectivityManager.sendRequestForNetwork(ConnectivityManager.java:4300)] [android.net.ConnectivityManager.sendRequestForNetwork(ConnectivityManager.java:4342)] [android.net.ConnectivityManager.registerNetworkCallback(ConnectivityManager.java:4724)] [m1.fz.b(:com.google.android.gms.dynamite_cronetdynamite@262634029@26.26.34 (190400-0):130)] [m1.ft.<init>(:com.google.android.gms.dynamite_cronetdynamite@262634029@26.26.34 (190400-0):89)] [org.chromium.net.NetworkChangeNotifier.g(:com.google.android.gms.dynamite_cronetdynamite@262634029@26.26.34 (190400-0):21)] [m1.jb.run(:com.google.android.gms.dynamite_cronetdynamite@262634029@26.26.34 (190400-0):44)]
07-16 16:12:07.388 I/ConsentManagerApiServic(20684): (REDACTED) ConsentManagerApiService onGetService success %s
07-16 16:12:07.396 D/ConnectivityService(32216): Rematched networks [computed 0ms] [applied 1ms] [issued 3]
07-16 16:12:07.396 D/ConnectivityService(32216): NetworkReassignment : no changes
07-16 16:12:07.399 I/QuickShare(20773): [Common][main] [QuickShareApplication] onTrimMemory level=15
07-16 16:12:07.401 I/ShareLive:QuickShare(20773): [D2D][RxScheduler-4] [PreferenceRepository] enforceShowPermissionNotice=false
07-16 16:12:07.401 I/ShareLive:QuickShare(20773): [D2D][RxScheduler-6] [CapabilitySourceImpl] supportsSocialAdditionalDiscovery=true
07-16 16:12:07.402 I/ShareLive:QuickShare(20773): [D2D][RxScheduler-6] [SettingsRepositoryImpl] isKnoxDopMode : false
07-16 16:12:07.402 I/ShareLive:QuickShare(20773): [D2D][RxScheduler-6] [SettingsRepositoryImpl] isDiscoveryAdditionalFeatureSupported qs=true, gs=true, mcf=true, isKnoxDopMode=false
07-16 16:12:07.404 D/SettingsProvider(32216): isChangeAllowed() : name = quickshare_enabled
07-16 16:12:07.404 D/SettingsProvider(32216): edmUri: content://com.sec.knox.provider/RestrictionPolicy3
07-16 16:12:07.404 D/SettingsProvider(32216): projectionArgs: isSettingsChangesAllowed
07-16 16:12:07.404 D/SettingsProvider(32216): selectionArgs: false
07-16 16:12:07.404 D/SettingsProvider(32216): selectionArgs: 15005026
07-16 16:12:07.405 D/SecContentProvider(32216): query(), uri = 17 selection = isSettingsChangesAllowed
07-16 16:12:07.405 D/SecContentProvider(32216): called from android.uid.sharelive:5026
07-16 16:12:07.405 D/EnterpriseUtils(32216): getCallingOrCurrentUserId(): move: cxtInfo.mContainerId = 150
07-16 16:12:07.405 D/RestrictionPolicy(32216): isSettingsChangesAllowedAsUser, userId 150 : true
07-16 16:12:07.405 D/SettingsProvider(32216): ret = 1
07-16 16:12:07.406 I/ShareLive:QuickShare(20773): [D2D][RxScheduler-8] [SettingsCompat] update system setting int name = quickshare_enabled, value = 0
07-16 16:12:07.406 I/ShareLive:QuickShare(20773): [D2D][RxScheduler-2] [CapabilitySourceImpl] gms version: 262634029
07-16 16:12:07.407 I/QuickShare(20773): [Common][RxScheduler-2] [PersonaManagerCompat] isSecureFolderMode : true
07-16 16:12:07.407 I/ShareLive:QuickShare(20773): [D2D][RxScheduler-2] [CapabilitySourceImpl] nearbyShareSupported=false
07-16 16:12:07.407 I/QuickShare(20773): [Common][RxScheduler-4] [UserHandleCompat] ownerMode is false
07-16 16:12:07.408 I/ShareLive:QuickShare(20773): [D2D][RxScheduler-4] [SettingsRepositoryImpl] getSetting: Setting(deviceName=hariom's F62, deviceVisibility=DeviceVisibility(type=OFF, updateBy=DEFAULT, everyone10Min=true, temporaryMode=NONE), directShare=true, transcoding=false, internetTransfer=false, familyDeviceSharing=UNDEFINED, shareWithCoA=true)
07-16 16:12:07.410 I/LinkSharing:QuickShare(20773): [D2S][RxScheduler-6] [SamsungAccountSource] AccountManagerProvider version: 1.8
07-16 16:12:07.413 D/CompatibilityChangeReporter(32216): Compat change id reported: 135634846; UID 15010109; state: DISABLED
07-16 16:12:07.413 D/CompatibilityChangeReporter(32216): Compat change id reported: 177438394; UID 15010109; state: DISABLED
07-16 16:12:07.413 D/CompatibilityChangeReporter(32216): Compat change id reported: 135772972; UID 15010109; state: DISABLED
07-16 16:12:07.413 D/CompatibilityChangeReporter(32216): Compat change id reported: 135754954; UID 15010109; state: ENABLED
07-16 16:12:07.414 D/CompatibilityChangeReporter(32216): Compat change id reported: 143937733; UID 15010109; state: ENABLED
07-16 16:12:07.414 W/Zygote  (31989): forkRepeatedly terminated due to non-simple command
07-16 16:12:07.414 D/Zygote  (31989): mbuffer starts with 18, nice name is , mEnd = 980, mNext = 36, mLinesLeft = 16, mFd = 63
07-16 16:12:07.417 I/ConsentManagerApiServic(20684): (REDACTED) ConsentManagerApiService onGetService success %s
07-16 16:12:07.418 I/ShareLive:QuickShare(20773): [D2D][main] [NearbyShareReceiver] received nearby share action = com.google.android.gms.nearby.sharing.ACTION_UPDATE_VISIBILITY_TILE
07-16 16:12:07.423 I/ShareLive:QuickShare(20773): [D2D][main] [NearbyShareReceiver] sendBroadcast com.samsung.systemui.qs.action.ACTION_UPDATE_CUSTOMTILE_VISIBILITY
07-16 16:12:07.436 I/DynamiteModule(20504): Considering local module com.google.android.gms.googlecertificates:7 and remote module com.google.android.gms.googlecertificates:7
07-16 16:12:07.436 I/DynamiteModule(20504): Selected local version of com.google.android.gms.googlecertificates
07-16 16:12:07.436 I/Zygote  (31989): Entering forkRepeatedly native zygote loop
07-16 16:12:07.449 D/Zygote  (31989): Forked child process 20888
07-16 16:12:07.450 I/ActivityManager(32216): Start proc 20888:com.osp.app.signin/u150a109 for content provider {com.osp.app.signin/com.samsung.android.samsungaccount.utils.accounts.AccountManagerProvider}
07-16 16:12:07.468 I/LinkSharing:QuickShare(20773): [D2S][main] [SmpEventReceiver] onReceive: action=com.samsung.android.sdk.smp.smpInitResult
07-16 16:12:07.468 I/LinkSharing:QuickShare(20773): [D2S][main] [SmpEventReceiver] SMP init success
07-16 16:12:07.484 I/.osp.app.signin(20888): Using CollectorTypeCC GC.
07-16 16:12:07.499 E/.osp.app.signin(20888): Not starting debugger since process cannot load the jdwp agent.
07-16 16:12:07.502 D/BoundBrokerSvc(20504): onBind: Intent { act=com.google.android.gms.common.telemetry.service.START dat=chimera-action:/... cmp=com.google.android.gms/.chimera.PersistentApiService }
07-16 16:12:07.502 D/BoundBrokerSvc(20504): Loading bound service for intent: Intent { act=com.google.android.gms.common.telemetry.service.START dat=chimera-action:/... cmp=com.google.android.gms/.chimera.PersistentApiService }
07-16 16:12:07.503 I/NearbySharing(20504): Network state changed: NetworkState(isRestricted=false, isOnline=true, isCongested=false, isMetered=false, isWifiConnected=true)
07-16 16:12:07.504 I/NearbySharing( 1485): Network state changed: NetworkState(isRestricted=false, isOnline=true, isCongested=false, isMetered=false, isWifiConnected=true)
07-16 16:12:07.509 I/NearbySharing( 1485): Network state changed: NetworkState(isRestricted=false, isOnline=true, isCongested=false, isMetered=false, isWifiConnected=true)
07-16 16:12:07.509 D/ActivityThread(20888): setConscryptValidator
07-16 16:12:07.509 D/ActivityThread(20888): setConscryptValidator - put
07-16 16:12:07.514 I/SDHMS:D ( 1998): SIOP:: AP:358 BAT:238 USB:0 CHG:293 PA:323 WIFI:279 SKIN:278 SKINF:277 SKINB:278 LRP:278 LRF:277 LRB:278 
07-16 16:12:07.517 I/ActivityManager(32216): DSS OFF for com.osp.app.signin
07-16 16:12:07.518 I/cn_CronetLibraryLoader(20504): Cronet version: 149.0.7827.159, arch: aarch64
07-16 16:12:07.535 D/CompatibilityChangeReporter(20888): Compat change id reported: 171979766; UID 15010109; state: ENABLED
07-16 16:12:07.540 D/BoundBrokerSvc(20504): onBind: Intent { act=com.google.android.gms.phenotype.service.START pkg=com.google.android.gms }
07-16 16:12:07.540 D/BoundBrokerSvc(20504): Loading bound service for intent: Intent { act=com.google.android.gms.phenotype.service.START pkg=com.google.android.gms }
07-16 16:12:07.553 I/NearbySharing(20504): Network state changed: NetworkState(isRestricted=false, isOnline=true, isCongested=false, isMetered=false, isWifiConnected=true)
07-16 16:12:07.554 D/nativeloader(20888): Configuring classloader-namespace for other apk /system/framework/org.apache.http.legacy.jar. target_sdk_version=37, uses_libraries=ALL, library_path=/data/app/~~_8XEkTlJbKVXcEfJp_6iww==/com.osp.app.signin-x-ETCp3ojXj4MaV-aopakw==/lib/arm64:/data/app/~~_8XEkTlJbKVXcEfJp_6iww==/com.osp.app.signin-x-ETCp3ojXj4MaV-aopakw==/base.apk!/lib/arm64-v8a, permitted_path=/data:/mnt/expand:/data/user/150/com.osp.app.signin
07-16 16:12:07.554 D/nativeloader(20888): Extending system_exposed_libraries: libneural.snap.samsung.so:libsnap_aidl.snap.samsung.so:libSEF.quram.so:libimagecodec.quram.so:libagifencoder.quram.so:libheifcapture_jni.media.samsung.so:libjpegsq.media.samsung.so:libslljpeg.media.samsung.so:libsemimagecrop_jni.media.samsung.so:libsimba.media.samsung.so:libapex_jni.media.samsung.so:libsume_mediabuffer_jni.media.samsung.so:libhumantracking.arcsoft.so:libPortraitDistortionCorrection.arcsoft.so:libPortraitDistortionCorrectionCali.arcsoft.so:libface_landmark.arcsoft.so:libFacialStickerEngine.arcsoft.so:libveengine.arcsoft.so:libhigh_res.arcsoft.so:libimage_enhancement.arcsoft.so:liblow_light_hdr.arcsoft.so:libhigh_dynamic_range.arcsoft.so:libFacialAttributeDetection.arcsoft.so:libBeauty_v4.camera.samsung.so:libexifa.camera.samsung.so:libjpega.camera.samsung.so:libOpenCv.camera.samsung.so:libImageScreener.camera.samsung.so:libMyFilter.camera.samsung.so:libtflite2.myfilters.camera.samsung.so:libEventFinder.camera.samsung.so:libHIDTSnapJNI.camera.samsung.so:libS
07-16 16:12:07.562 D/nativeloader(20888): Configuring classloader-namespace for other apk /system/framework/samsungkeystoreutils.jar. target_sdk_version=37, uses_libraries=ALL, library_path=/data/app/~~_8XEkTlJbKVXcEfJp_6iww==/com.osp.app.signin-x-ETCp3ojXj4MaV-aopakw==/lib/arm64:/data/app/~~_8XEkTlJbKVXcEfJp_6iww==/com.osp.app.signin-x-ETCp3ojXj4MaV-aopakw==/base.apk!/lib/arm64-v8a, permitted_path=/data:/mnt/expand:/data/user/150/com.osp.app.signin
07-16 16:12:07.563 D/nativeloader(20888): Extending system_exposed_libraries: libneural.snap.samsung.so:libsnap_aidl.snap.samsung.so:libSEF.quram.so:libimagecodec.quram.so:libagifencoder.quram.so:libheifcapture_jni.media.samsung.so:libjpegsq.media.samsung.so:libslljpeg.media.samsung.so:libsemimagecrop_jni.media.samsung.so:libsimba.media.samsung.so:libapex_jni.media.samsung.so:libsume_mediabuffer_jni.media.samsung.so:libhumantracking.arcsoft.so:libPortraitDistortionCorrection.arcsoft.so:libPortraitDistortionCorrectionCali.arcsoft.so:libface_landmark.arcsoft.so:libFacialStickerEngine.arcsoft.so:libveengine.arcsoft.so:libhigh_res.arcsoft.so:libimage_enhancement.arcsoft.so:liblow_light_hdr.arcsoft.so:libhigh_dynamic_range.arcsoft.so:libFacialAttributeDetection.arcsoft.so:libBeauty_v4.camera.samsung.so:libexifa.camera.samsung.so:libjpega.camera.samsung.so:libOpenCv.camera.samsung.so:libImageScreener.camera.samsung.so:libMyFilter.camera.samsung.so:libtflite2.myfilters.camera.samsung.so:libEventFinder.camera.samsung.so:libHIDTSnapJNI.camera.samsung.so:libS
07-16 16:12:07.567 D/BoundBrokerSvc(20504): onBind: Intent { act=com.google.android.gms.clearcut.service.START pkg=com.google.android.gms }
07-16 16:12:07.569 D/BoundBrokerSvc(20504): Loading bound service for intent: Intent { act=com.google.android.gms.clearcut.service.START pkg=com.google.android.gms }
07-16 16:12:07.577 D/nativeloader(20888): Configuring classloader-namespace for other apk /system/framework/com.samsung.android.nfc.t4t.jar. target_sdk_version=37, uses_libraries=ALL, library_path=/data/app/~~_8XEkTlJbKVXcEfJp_6iww==/com.osp.app.signin-x-ETCp3ojXj4MaV-aopakw==/lib/arm64:/data/app/~~_8XEkTlJbKVXcEfJp_6iww==/com.osp.app.signin-x-ETCp3ojXj4MaV-aopakw==/base.apk!/lib/arm64-v8a, permitted_path=/data:/mnt/expand:/data/user/150/com.osp.app.signin
07-16 16:12:07.577 D/nativeloader(20888): Extending system_exposed_libraries: libneural.snap.samsung.so:libsnap_aidl.snap.samsung.so:libSEF.quram.so:libimagecodec.quram.so:libagifencoder.quram.so:libheifcapture_jni.media.samsung.so:libjpegsq.media.samsung.so:libslljpeg.media.samsung.so:libsemimagecrop_jni.media.samsung.so:libsimba.media.samsung.so:libapex_jni.media.samsung.so:libsume_mediabuffer_jni.media.samsung.so:libhumantracking.arcsoft.so:libPortraitDistortionCorrection.arcsoft.so:libPortraitDistortionCorrectionCali.arcsoft.so:libface_landmark.arcsoft.so:libFacialStickerEngine.arcsoft.so:libveengine.arcsoft.so:libhigh_res.arcsoft.so:libimage_enhancement.arcsoft.so:liblow_light_hdr.arcsoft.so:libhigh_dynamic_range.arcsoft.so:libFacialAttributeDetection.arcsoft.so:libBeauty_v4.camera.samsung.so:libexifa.camera.samsung.so:libjpega.camera.samsung.so:libOpenCv.camera.samsung.so:libImageScreener.camera.samsung.so:libMyFilter.camera.samsung.so:libtflite2.myfilters.camera.samsung.so:libEventFinder.camera.samsung.so:libHIDTSnapJNI.camera.samsung.so:libS
07-16 16:12:07.578 D/nativeloader(20504): Configuring classloader-namespace for other apk . target_sdk_version=37, uses_libraries=ALL, library_path=/data/user_de/150/com.google.android.gms/app_chimera/m/0000044e/dl-TfliteDynamiteDynamite.integ_260580502100400.apk!/lib/arm64-v8a, permitted_path=/data:/mnt/expand
07-16 16:12:07.578 D/nativeloader(20504): Extending system_exposed_libraries: libneural.snap.samsung.so:libsnap_aidl.snap.samsung.so:libSEF.quram.so:libimagecodec.quram.so:libagifencoder.quram.so:libheifcapture_jni.media.samsung.so:libjpegsq.media.samsung.so:libslljpeg.media.samsung.so:libsemimagecrop_jni.media.samsung.so:libsimba.media.samsung.so:libapex_jni.media.samsung.so:libsume_mediabuffer_jni.media.samsung.so:libhumantracking.arcsoft.so:libPortraitDistortionCorrection.arcsoft.so:libPortraitDistortionCorrectionCali.arcsoft.so:libface_landmark.arcsoft.so:libFacialStickerEngine.arcsoft.so:libveengine.arcsoft.so:libhigh_res.arcsoft.so:libimage_enhancement.arcsoft.so:liblow_light_hdr.arcsoft.so:libhigh_dynamic_range.arcsoft.so:libFacialAttributeDetection.arcsoft.so:libBeauty_v4.camera.samsung.so:libexifa.camera.samsung.so:libjpega.camera.samsung.so:libOpenCv.camera.samsung.so:libImageScreener.camera.samsung.so:libMyFilter.camera.samsung.so:libtflite2.myfilters.camera.samsung.so:libEventFinder.camera.samsung.so:libHIDTSnapJNI.camera.samsung.so:libS
07-16 16:12:07.586 D/BoundBrokerSvc(20504): onBind: Intent { act=com.google.android.gms.usagereporting.service.START pkg=com.google.android.gms }
07-16 16:12:07.586 D/BoundBrokerSvc(20504): Loading bound service for intent: Intent { act=com.google.android.gms.usagereporting.service.START pkg=com.google.android.gms }
07-16 16:12:07.639 I/NearbyConnections(20504): Client 66642159 requested setting downloads directory to null.
07-16 16:12:07.640 I/NearbyConnections(20504): Client 66642159 with package name 0p:com.google.android.gms.nearby.presence and sdk version 262634000 has connected, downloads dir is set to null.
07-16 16:12:07.641 D/nativeloader(20888): Configuring classloader-namespace for other apk /data/app/~~_8XEkTlJbKVXcEfJp_6iww==/com.osp.app.signin-x-ETCp3ojXj4MaV-aopakw==/base.apk. target_sdk_version=37, uses_libraries=, library_path=/data/app/~~_8XEkTlJbKVXcEfJp_6iww==/com.osp.app.signin-x-ETCp3ojXj4MaV-aopakw==/lib/arm64:/data/app/~~_8XEkTlJbKVXcEfJp_6iww==/com.osp.app.signin-x-ETCp3ojXj4MaV-aopakw==/base.apk!/lib/arm64-v8a, permitted_path=/data:/mnt/expand:/data/user/150/com.osp.app.signin
07-16 16:12:07.692 V/GraphicsEnvironment(20888): ANGLE Developer option for 'com.osp.app.signin' set to: 'default'
07-16 16:12:07.693 V/GraphicsEnvironment(20888): ANGLE GameManagerService for com.osp.app.signin: false
07-16 16:12:07.693 V/GraphicsEnvironment(20888): Neither updatable production driver nor prerelease driver is supported.
07-16 16:12:07.712 D/NetworkSecurityConfig(20888): Using Network Security Config from resource network_security_config debugBuild: false
07-16 16:12:07.726 D/NetworkSecurityConfig(20888): Using Network Security Config from resource network_security_config debugBuild: false
07-16 16:12:07.763 I/SetConsentOperation(20684): (REDACTED) SetConsentOperation executing for package %s key %s
07-16 16:12:07.764 I/ProtoConsentDataManager(20684): (REDACTED) setConsent: Storing consent for package=[%s], item=[%s]
07-16 16:12:07.781 I/Multidevice(20504): (REDACTED) [djtz] Multidevice Sync Response: %s
07-16 16:12:07.785 I/SetConsentOperation(20684): (REDACTED) SetConsentOperation executing for package %s key %s
07-16 16:12:07.785 I/ProtoConsentDataManager(20684): (REDACTED) setConsent: Storing consent for package=[%s], item=[%s]
07-16 16:12:07.797 I/SetConsentOperation(20684): (REDACTED) SetConsentOperation executing for package %s key %s
07-16 16:12:07.798 I/ProtoConsentDataManager(20684): (REDACTED) setConsent: Storing consent for package=[%s], item=[%s]
07-16 16:12:07.801 I/TFLite-in-PlayServices(20504): Initialized module.
07-16 16:12:07.813 D/CompatibilityChangeReporter(20888): Compat change id reported: 183155436; UID 15010109; state: ENABLED
07-16 16:12:07.825 I/SetConsentOperation(20684): SetConsentOperation success [CONTEXT service_id=460 ]
07-16 16:12:07.831 D/SemNscXgbMsL1(32216): Probability - Cloud gaming: [0.012927986]
07-16 16:12:07.832 D/SemNscXgbMsL1(32216): Probability - Real time: [0.22890869]
07-16 16:12:07.832 D/SemNscXgbMsL1(32216): Probability - Non real time: [0.6272209]
07-16 16:12:07.832 D/SemNscXgbMsL1(32216): 1 sample inference time: 0.841347 msecs
07-16 16:12:07.833 D/SemNscXgbL2Rt(32216): L2 RT 1 sample inference time: 1.210577 msecs
07-16 16:12:07.835 D/SemNscXgbL2Nrt(32216): L2 NRT 1 sample inference time: 0.963846 msecs
07-16 16:12:07.844 I/FirebaseApp(20888): Device unlocked: initializing all Firebase APIs for app [DEFAULT]
07-16 16:12:07.851 I/NearbySharing(20504): Successfully set consent for consent transfer.
07-16 16:12:07.864 I/SetConsentOperation(20684): (REDACTED) SetConsentOperation executing for package %s key %s
07-16 16:12:07.864 I/ProtoConsentDataManager(20684): (REDACTED) setConsent: Storing consent for package=[%s], item=[%s]
07-16 16:12:07.867 I/SetConsentOperation(20684): (REDACTED) SetConsentOperation executing for package %s key %s
07-16 16:12:07.867 I/ProtoConsentDataManager(20684): (REDACTED) setConsent: Storing consent for package=[%s], item=[%s]
07-16 16:12:07.868 I/SetConsentOperation(20684): SetConsentOperation success [CONTEXT service_id=460 ]
07-16 16:12:07.876 I/NearbySharing(20504): Successfully set visibility for consent transfer.
07-16 16:12:07.880 I/SetConsentOperation(20684): (REDACTED) SetConsentOperation executing for package %s key %s
07-16 16:12:07.881 I/ProtoConsentDataManager(20684): (REDACTED) setConsent: Storing consent for package=[%s], item=[%s]
07-16 16:12:07.883 I/SetConsentOperation(20684): (REDACTED) SetConsentOperation executing for package %s key %s
07-16 16:12:07.883 I/ProtoConsentDataManager(20684): (REDACTED) setConsent: Storing consent for package=[%s], item=[%s]
07-16 16:12:07.889 I/SetConsentOperation(20684): SetConsentOperation success [CONTEXT service_id=460 ]
07-16 16:12:07.902 I/SetConsentOperation(20684): (REDACTED) SetConsentOperation executing for package %s key %s
07-16 16:12:07.903 I/ProtoConsentDataManager(20684): (REDACTED) setConsent: Storing consent for package=[%s], item=[%s]
07-16 16:12:07.909 I/NearbySharing(20504): Successfully set consent for consent transfer.
07-16 16:12:07.915 I/SemanticLocation(20504): [MDD] Loading embedded CSL model. [CONTEXT service_id=173 ]
07-16 16:12:07.918 I/FirebaseInitProvider(20888): FirebaseApp initialization successful
07-16 16:12:07.919 I/SetConsentOperation(20684): (REDACTED) SetConsentOperation executing for package %s key %s
07-16 16:12:07.920 I/ProtoConsentDataManager(20684): (REDACTED) setConsent: Storing consent for package=[%s], item=[%s]
07-16 16:12:07.928 I/SetConsentOperation(20684): (REDACTED) SetConsentOperation executing for package %s key %s
07-16 16:12:07.932 I/ProtoConsentDataManager(20684): (REDACTED) setConsent: Storing consent for package=[%s], item=[%s]
07-16 16:12:07.935 I/SetConsentOperation(20684): SetConsentOperation success [CONTEXT service_id=460 ]
07-16 16:12:07.945 I/SetConsentOperation(20684): SetConsentOperation success [CONTEXT service_id=460 ]
07-16 16:12:07.952 I/NearbySharing(20504): Successfully set visibility for consent transfer.
07-16 16:12:07.955 I/SetConsentOperation(20684): SetConsentOperation success [CONTEXT service_id=460 ]
07-16 16:12:07.971 I/SetConsentOperation(20684): SetConsentOperation success [CONTEXT service_id=460 ]
07-16 16:12:07.973 I/CapsuleProvider_1.0.23(20888): onCreate
07-16 16:12:07.974 W/.gms.persistent(20504): Accessing hidden method Landroid/net/ConnectivityManager;->isNetworkTypeMobile(I)Z (max-target-p, reflection, denied)
07-16 16:12:07.975 W/.gms.persistent(20504): Accessing hidden method Landroid/os/PowerManager;->isLightDeviceIdleMode()Z (max-target-s, reflection, denied)
07-16 16:12:07.981 D/BoundBrokerSvc( 2669): onUnbind: Intent { act=com.google.android.gms.feedback.internal.IFeedbackService dat=chimera-action:/... cmp=com.google.android.gms/.chimera.GmsBoundBrokerService }
07-16 16:12:07.994 I/SetConsentOperation(20684): SetConsentOperation success [CONTEXT service_id=460 ]
07-16 16:12:08.001 I/SetConsentOperation(20684): SetConsentOperation success [CONTEXT service_id=460 ]
07-16 16:12:08.016 I/GenerationRegistry(32216): mBackingStore.isClosed() : false
07-16 16:12:08.017 D/SGM:GameManager(32216): identifyForegroundApp. com.collectiq.ai.local, mCurrentUserId: 0, callerUserId: 0
07-16 16:12:08.017 D/SGM:PkgDataHelper(32216): getGamePkgData(). com.collectiq.ai.local
07-16 16:12:08.017 I/PolicyManager( 4611): [#CMH#] Is foreground game app: false
07-16 16:12:08.025 I/NearbySharing(20504): Successfully set consent for consent transfer.
07-16 16:12:08.025 I/NearbySharing(20504): Successfully set visibility for consent transfer.
07-16 16:12:08.027 I/LocationConsentTransfer(20504): (REDACTED) Successfully submitted consent %s=%s to ConsentManager
07-16 16:12:08.028 I/LocationConsentTransfer(20504): (REDACTED) Successfully submitted consent %s=%s to ConsentManager
07-16 16:12:08.029 D/SGM:GameManager(32216): identifyForegroundApp. com.collectiq.ai.local, mCurrentUserId: 0, callerUserId: 150
07-16 16:12:08.029 D/SGM:PkgDataHelper(32216): getGamePkgData(). com.collectiq.ai.local
07-16 16:12:08.030 I/PolicyManager(13993): [#CMH#] Is foreground game app: false
07-16 16:12:08.055 I/LocationConsentTransfer(20504): (REDACTED) Successfully submitted consent %s=%s to ConsentManager
07-16 16:12:08.067 I/SamsungAccount(20888): [SamsungAccountCapabilityProvider] onCreate
07-16 16:12:08.070 I/SetConsentOperation(20684): SetConsentOperation success [CONTEXT service_id=460 ]
07-16 16:12:08.081 D/DIAGMON_SDK[605079](20888): setDeviceId : 
07-16 16:12:08.081 I/SamsungAccount(20888): [MinorInfoProvider] onCreate
07-16 16:12:08.082 W/ROOM    (20888): Overriding migration com.samsung.android.samsungaccount.b2b.data.db.setting.B2bSettingDatabase$Companion$MIGRATION_3_4$1@d6b3104 with com.samsung.android.samsungaccount.b2b.data.db.setting.B2bSettingDatabase$Companion$MIGRATION_4_5$1@cab46ed
07-16 16:12:08.094 W/.osp.app.signin(20888): ClassLoaderContext classpath size mismatch. expected=17, found=0 (DLC[];PCL[base.apk*3491875920:base.apk!classes2.dex*1653629313:base.apk!classes3.dex*2927522697:base.apk!classes4.dex*2346296060:base.apk!classes5.dex*3463217154:base.apk!classes6.dex*3851216051:base.apk!classes7.dex*4162161349:base.apk!classes8.dex*1812198046:base.apk!classes9.dex*761180913:base.apk!classes10.dex*3472546232:base.apk!classes11.dex*1897628520:base.apk!classes12.dex*232584688:base.apk!classes13.dex*2396496553:base.apk!classes14.dex*3211178189:base.apk!classes15.dex*2747924295:base.apk!classes16.dex*3886710882:base.apk!classes17.dex*879767039]{PCL[/system/framework/org.apache.http.legacy.jar*3951777098]#PCL[/system_ext/framework/org.carconnectivity.android.digitalkey.timesync.jar*1887653036]#PCL[/system/framework/com.android.location.provider.jar*3175360615]#PCL[/system/framework/com.android.media.remotedisplay.jar*3743104115]} | DLC[];PCL[])
07-16 16:12:08.097 I/SamsungAccount(20888): [SignatureCheckProvider] onCreate
07-16 16:12:08.099 I/DynamiteModule(20888): Considering local module com.google.android.gms.measurement.dynamite:155 and remote module com.google.android.gms.measurement.dynamite:199
07-16 16:12:08.100 I/DynamiteModule(20888): Selected remote version of com.google.android.gms.measurement.dynamite, version >= 199
07-16 16:12:08.101 I/NearbyConnections(20504): Add DeviceProvider of type 2.
07-16 16:12:08.101 I/NearbyConnections(20504): Successfully register device provider for endpointType 2 by client 66642159
07-16 16:12:08.100 V/DynamiteModule(20888): Dynamite loader version >= 2, using loadModule2NoCrashUtils
07-16 16:12:08.110 I/LocationConsentTransfer(20504): (REDACTED) Successfully submitted consent %s=%s to ConsentManager
07-16 16:12:08.113 I/SamsungAccount(20888): [GlobalSearchProvider] secQueryGetFingerprint : 1570101100en_GB
07-16 16:12:08.129 D/CompatibilityChangeReporter(32216): Compat change id reported: 161145287; UID 15010109; state: DISABLED
07-16 16:12:08.142 I/NearbyConnections(20504): Client 47409916 requested setting downloads directory to null.
07-16 16:12:08.143 I/NearbyConnections(20504): Client 47409916 with package name 0p:com.google.android.gms.nearby.sharing and sdk version 262634000 has connected, downloads dir is set to null.
07-16 16:12:08.148 I/SamsungAccount(20888): [AccountManagerProvider] getSamsungAccountId
07-16 16:12:08.153 I/SystemMemoryMap(20504): (REDACTED) [activityrecognition] serialization complete (extras/values=%.2f/%.2fkb)
07-16 16:12:08.152 I/SamsungAccount(20888): [UserHandleHelper] isKnoxId : true
07-16 16:12:08.154 I/SamsungAccount(20888): [UserHandleHelper] isSecureFolderMode : true
07-16 16:12:08.154 I/SamsungAccount(20888): [AccountManagerProvider] init isWorkProfile: false
07-16 16:12:08.154 I/SamsungAccount(20888): [SamsungAccountApp] isSamsungAccountSignedIn : false
07-16 16:12:08.155 I/SamsungAccount(20888): [AccountContextResolverImpl] isWorkProfile: false requestedAccountType:null targetUserId: null currentUserId: 150
07-16 16:12:08.155 I/SamsungAccount(20888): [SamsungAccountApp] isDigitalLegacyMode : false
07-16 16:12:08.157 W/System  (20888): ClassLoader referenced unknown path: 
07-16 16:12:08.157 I/SamsungAccount(20888): [TestPropertyFileUtil] property file not exist
07-16 16:12:08.158 D/nativeloader(20888): Configuring classloader-namespace for other apk . target_sdk_version=37, uses_libraries=, library_path=/data/app/~~ApX_bfOXoNQnpVTJbLZ5YQ==/com.google.android.gms-z0nioF-F264cvxEyYF3Bew==/lib/arm64:/data/app/~~ApX_bfOXoNQnpVTJbLZ5YQ==/com.google.android.gms-z0nioF-F264cvxEyYF3Bew==/base.apk!/lib/arm64-v8a, permitted_path=/data:/mnt/expand:/data/user/150/com.google.android.gms
07-16 16:12:08.158 I/SamsungAccount(20888): [NotificationUtil] cancelNotification : 20111267
07-16 16:12:08.160 I/SamsungAccount(20888): [UserHandleHelper] isKnoxId : true
07-16 16:12:08.160 I/SamsungAccount(20888): [UserHandleHelper] isSecureFolderMode : true
07-16 16:12:08.160 I/SamsungAccount(20888): [UserHandleHelper] isKnoxId : true
07-16 16:12:08.160 I/SamsungAccount(20888): [UserHandleHelper] isSecureFolderMode : true
07-16 16:12:08.160 I/SamsungAccount(20888): [AccountManagerProvider] Calling package : app.sharelive.
07-16 16:12:08.161 I/SamsungAccount(20888): [UserHandleHelper] getRestrictions, fail
07-16 16:12:08.161 I/SamsungAccount(20888): [UserHandleHelper] account type is empty. So b2c account type.
07-16 16:12:08.161 I/SamsungAccount(20888): [UserHandleHelper] getAccountType : b2c
07-16 16:12:08.161 I/SamsungAccount(20888): [UserHandleHelper] isB2bAccountType : false
07-16 16:12:08.161 I/SamsungAccount(20888): [B2bSharedAccountTypeManagerUtilImpl] isSamsungAccountSignedIn: false
07-16 16:12:08.161 I/SamsungAccount(20888): [B2bSharedAccountTypeManagerUtilImpl] isSamsungAccountSignedOut: true
07-16 16:12:08.161 I/SamsungAccount(20888): [UserHandleHelper] getRestrictions, fail
07-16 16:12:08.162 I/SamsungAccount(20888): [UserHandleHelper] account type is empty. So b2c account type.
07-16 16:12:08.162 I/SamsungAccount(20888): [UserHandleHelper] getAccountType : b2c
07-16 16:12:08.162 I/SamsungAccount(20888): [UserHandleHelper] isB2bAccountType : false
07-16 16:12:08.162 I/SamsungAccount(20888): [B2bFeature] init, isB2bFeatureEnabled : true, isB2bAccountType : false, isWorkProfile: false, isB2bAccountTypeFromRestriction: false, isB2bAccountTypeAsDefault: false
07-16 16:12:08.165 D/SamsungAccount$SALogger(20888): init Log Path : /data/user/150/com.osp.app.signin/Log/
07-16 16:12:08.170 D/NetdEventListenerService(32216): DNS Requested by : 100, 15010228
07-16 16:12:08.171 D/TrafficStats(20504): tagSocket(127) with statsTag=0x5065fff, statsUid=-1
07-16 16:12:08.213 D/SamsungAccount$SALogger(20888): init success
07-16 16:12:08.220 I/NearbyConnections(20504): Client 47409916 requested discovery to start.
07-16 16:12:08.222 I/SamsungAccount(20888): [DeviceManager] init START
07-16 16:12:08.243 I/NearbyConnections(20504): 47409916 0p:com.google.android.gms.nearby.sharing startDiscovery in nc mode.
07-16 16:12:08.243 I/NearbyConnections(20504): ServiceController is null - creating a new one.
07-16 16:12:08.245 I/GenerationRegistry(32216): mBackingStore.isClosed() : false
07-16 16:12:08.256 W/.osp.app.signin(20888): ClassLoaderContext classpath size mismatch. expected=17, found=3 (DLC[];PCL[base.apk*3491875920:base.apk!classes2.dex*1653629313:base.apk!classes3.dex*2927522697:base.apk!classes4.dex*2346296060:base.apk!classes5.dex*3463217154:base.apk!classes6.dex*3851216051:base.apk!classes7.dex*4162161349:base.apk!classes8.dex*1812198046:base.apk!classes9.dex*761180913:base.apk!classes10.dex*3472546232:base.apk!classes11.dex*1897628520:base.apk!classes12.dex*232584688:base.apk!classes13.dex*2396496553:base.apk!classes14.dex*3211178189:base.apk!classes15.dex*2747924295:base.apk!classes16.dex*3886710882:base.apk!classes17.dex*879767039]{PCL[/system/framework/org.apache.http.legacy.jar*3951777098]#PCL[/system_ext/framework/org.carconnectivity.android.digitalkey.timesync.jar*1887653036]#PCL[/system/framework/com.android.location.provider.jar*3175360615]#PCL[/system/framework/com.android.media.remotedisplay.jar*3743104115]} | DLC[];PCL[/data/app/~~_8XEkTlJbKVXcEfJp_6iww==/com.osp.app.signin-x-ETCp3ojXj4MaV-aopakw==/base.apk*313561621:/data/app/~~_8XEkTlJbKVXcEfJp_6iww==/com.osp.app.signin-x-ETCp3ojXj4MaV-aopakw==/base.apk!classes2.dex*3664062539:/data/app/~~_8XEkTlJbKVXcEfJp_6iww==/com.osp.app.signin-x-ETCp3ojXj4MaV-aopakw==/base.apk!classes3.dex*4273442926]{PCL[/system/framework/org.apache.http.legacy.jar*3951777098]#PCL[/system/framework/samsungkeystoreutils.jar*2558677781]#PCL[/system/framework/com.samsung.android.nfc.t4t.jar*3456365446]})
07-16 16:12:08.257 I/SamsungAccount(20888): [DeviceManager] init END
07-16 16:12:08.257 I/SamsungAccount(20888): [OpenDBManager] saveOpenData(Support_SamsungPass_Integration, true)
07-16 16:12:08.258 I/SamsungAccount(20888): [OpenContentProvider] query open data
07-16 16:12:08.260 I/SamsungAccount(20888): [OpenContentProvider] Calling package : app.signin.
07-16 16:12:08.266 I/SamsungAccount(20888): [OpenContentProvider] update openData : true
07-16 16:12:08.267 I/SamsungAccount(20888): [PushUtil] enable firebase auto init by IN
07-16 16:12:08.290 D/TrafficStats(20504): tagSocket(130) with statsTag=0x5065fff, statsUid=-1
07-16 16:12:08.304 D/io_stats(  472): !@   8,0 r 173104392 4264929888 w 32514142 585682016 d 0 0 f 0 0 iot 33788224 0 th 0 0 0 pt 0 inp 0 1 1214867.967
07-16 16:12:08.306 I/SamsungAccount(20888): [SignatureInfoDbHelper] searchOnUser(fromDb) - [10/62gyq][app.sharelive.][64/3291d] => matched
07-16 16:12:08.306 I/SamsungAccount(20888): [AccountManagerProvider] This is the access of the allowed application
07-16 16:12:08.309 I/SamsungAccount(20888): [B2cAccountMethodExecutor] makeResultBundle - resultCode : 0
07-16 16:12:08.310 I/SamsungAccount(20888): [B2bSharedAccountTypeManagerUtilImpl] isSamsungAccountSignedIn: false
07-16 16:12:08.310 I/SamsungAccount(20888): [B2bSharedAccountTypeManagerUtilImpl] isSamsungAccountSignedIn: false
07-16 16:12:08.310 I/LinkSharing:QuickShare(20773): [D2S][RxScheduler-6] [SamsungAccountSource] Before signed in
07-16 16:12:08.311 I/LinkSharing:QuickShare(20773): [D2S][RxScheduler-6] [SamsungAccountSource] isRegistered=false
07-16 16:12:08.312 I/ShareLive:QuickShare(20773): [D2D][RxScheduler-6] [MigrationSettingsRepository] already tipsSetting migration done
07-16 16:12:08.313 I/ShareLive:QuickShare(20773): [D2D][RxScheduler-6] [MigrationSettingsRepository] already nearbySettings migration done
07-16 16:12:08.313 I/ShareLive:QuickShare(20773): [D2D][RxScheduler-6] [CapabilitySourceImpl] gms version: 262634029
07-16 16:12:08.314 I/QuickShare(20773): [Common][RxScheduler-6] [PersonaManagerCompat] isSecureFolderMode : true
07-16 16:12:08.314 I/ShareLive:QuickShare(20773): [D2D][RxScheduler-6] [CapabilitySourceImpl] nearbyShareSupported=false
07-16 16:12:08.314 I/QuickShare(20773): [Common][RxScheduler-6] [QuickShareApplication] initWithoutNetwork success
07-16 16:12:08.330 I/BluetoothAdapter(20504): STATE_ON
07-16 16:12:08.335 D/SemNscXgbMsL1(32216): Probability - Cloud gaming: [0.01894916]
07-16 16:12:08.336 D/SemNscXgbMsL1(32216): Probability - Real time: [0.47315577]
07-16 16:12:08.336 D/SemNscXgbMsL1(32216): Probability - Non real time: [0.6383903]
07-16 16:12:08.336 D/SemNscXgbMsL1(32216): 1 sample inference time: 0.5895 msecs
07-16 16:12:08.336 I/NearbyConnections(20504): In OfflineServiceControllerFactory create(), pcpManager:InstantConnectionPcpManager isSupportInstantConnection:true isDisableInstantConnectionsOnLegacyDevices:true shouldEnableInstantConnections:true isEnableRefactorWifiNetwork:true
07-16 16:12:08.337 D/SemNscXgbL2Rt(32216): L2 RT 1 sample inference time: 1.088077 msecs
07-16 16:12:08.338 D/SemNscXgbL2Nrt(32216): L2 NRT 1 sample inference time: 0.787423 msecs
07-16 16:12:08.358 D/EnterpriseUtils(32216): getCallingOrCurrentUserId(): move: cxtInfo.mContainerId = 150
07-16 16:12:08.358 D/EnterpriseUtils(32216): getCallingOrCurrentUserId(): move: cxtInfo.mContainerId = 150
07-16 16:12:08.370 I/Nearby  (20504): (REDACTED) Note nearby client %s for operation %s
07-16 16:12:08.398 I/SamsungAccount(20888): [QrNfcRepository] updateQrAndNfcStateAsync
07-16 16:12:08.401 I/Programs(20888): getPrograms IN mobile.settings.samsungaccount SM-E625FZBDINS null
07-16 16:12:08.406 I/SamsungAnalytics605079(20888): Tracker start:6.05.079
07-16 16:12:08.410 I/SamsungAccount(20888): [AnalyticsWorkManager] startWork
07-16 16:12:08.412 I/DataManager(20888): cacheConfigFile is not exist
07-16 16:12:08.412 D/DataManager(20888): status : EXPIRED cachesPrograms: null
07-16 16:12:08.413 I/DataManager(20888): checkAndUpdateCacheFromServer IN SM-E625FZBDINS EXPIRED null
07-16 16:12:08.415 D/HttpRequest(20888): https://api.account.samsung.com/v1/abtests?countryCode=IN&modelCode=SM-E625FZBDINS&planID=mobile.settings.samsungaccount
07-16 16:12:08.416 D/WM-PackageManagerHelper(20888): Skipping component enablement for androidx.work.impl.background.systemjob.SystemJobService
07-16 16:12:08.416 D/WM-Schedulers(20888): Created SystemJobScheduler and enabled SystemJobService
07-16 16:12:08.434 I/SamsungAccount(20888): [AnalyticsPref] setSaVersionStatus : 15.7.01.1
07-16 16:12:08.439 D/WM-ForceStopRunnable(20888): The default process name was not specified.
07-16 16:12:08.439 D/WM-ForceStopRunnable(20888): Performing cleanup operations.
07-16 16:12:08.451 I/SamsungAccount(20888): [AnalyticsPref] setSignedInStatus : 0
07-16 16:12:08.451 I/SamsungAccount(20888): [AccountDiagmonLogger] Diagmon Logger Init
07-16 16:12:08.451 I/DIAGMON_SDK[605079](20888): DiagMonAgent type: 2
07-16 16:12:08.451 D/DIAGMON_SDK[605079][773-399-565755] (20888): setConfiguration type : CUSTOM
07-16 16:12:08.451 I/DIAGMON_SDK[605079][773-399-565755] (20888): generated SR object
07-16 16:12:08.452 I/CapsuleProvider_1.0.23(20888): releasing initialize wait lock.
07-16 16:12:08.452 I/SamsungAccount(20888): [MobileServiceStateProxy] registerServiceStateForSesSdk : false
07-16 16:12:08.452 I/SamsungAccount(20888): [MobileServiceStateImpl] serviceName : AuthService
07-16 16:12:08.452 I/SamsungAccount(20888): [MobileServiceStateProxy] registerServiceState, AuthService is added
07-16 16:12:08.452 I/SamsungAccount(20888): [MobileServiceStateImpl] serviceName : ProfileService
07-16 16:12:08.452 I/SamsungAccount(20888): [MobileServiceStateProxy] registerServiceState, ProfileService is added
07-16 16:12:08.452 I/SamsungAccount(20888): [MobileServiceStateImpl] serviceName : PlaceService
07-16 16:12:08.453 I/SamsungAccount(20888): [MobileServiceStateProxy] registerServiceState, PlaceService is added
07-16 16:12:08.467 D/ScanFilter(  704): manu data matches
07-16 16:12:08.467 D/BtGatt.GattService(  704): onScanResult to scannerId: 4- eventType=0x1b, addressType=0, address=28AF42_D, primaryPhy=1, secondaryPhy=0, advertisingSid=0xff, txPower=127, rssi=-65, periodicAdvInt=0x0
07-16 16:12:08.472 I/[+1000]oneconnect[1.8.47.24_01][BEACON_MANAGER_CONTROL_SERVICE]( 9207): BeaconManagerControlService.reserveStopService - Setting timer to stop service in 180000ms
07-16 16:12:08.477 D/SamsungAnalytics605079(20888): Device is not enabled for logging
07-16 16:12:08.478 I/SamsungAccount(20888): [Migration]  startMigrationService : Migration was completed in the past! status - 2
07-16 16:12:08.478 I/SamsungAccount(20888): [EasySignUpMappingManager] requestMappingIfNeeded
07-16 16:12:08.479 I/SamsungAccount(20888): [EasySignUpMappingManager] This OneUI version does not need ESU mapping.
07-16 16:12:08.480 I/SamsungAccount(20888): [MinorInfoUtil] unsupported country
07-16 16:12:08.480 I/SamsungAccount(20888): [MinorInfoUtil] isMinorInfoFeatureSupported : false
07-16 16:12:08.480 I/SamsungAnalytics605079(20888): register setting status
07-16 16:12:08.481 D/SamsungAnalytics605079(20888): Tracker is not initialized, status : -1
07-16 16:12:08.502 D/CompatibilityChangeReporter(20888): Compat change id reported: 160794467; UID 15010109; state: ENABLED
07-16 16:12:08.506 E/ActivityThread(20888): Failed to find provider info for com.sec.android.log.diagmonagent
07-16 16:12:08.506 W/DIAGMON_SDK[605079][773-399-565755] (20888): Authority check got failed
07-16 16:12:08.520 W/GoogleCertificates(20504): GoogleCertificates has been initialized already
07-16 16:12:08.534 D/WM-Processor(20888): Processor cancelling 180f7449-9dba-46e1-87a2-4de3ab6e625d
07-16 16:12:08.534 D/WM-Processor(20888): WorkerWrapper could not be found for 180f7449-9dba-46e1-87a2-4de3ab6e625d
07-16 16:12:08.551 W/libprocessgroup(32216): Failed to open /dev/blkio//cgroup.procs: No such file or directory
07-16 16:12:08.553 D/WM-GreedyScheduler(20888): Cancelling work ID 180f7449-9dba-46e1-87a2-4de3ab6e625d
07-16 16:12:08.561 I/Finsky  ( 3725): [2] SCH: job service start with id 9906.
07-16 16:12:08.569 D/NetdEventListenerService(32216): DNS Requested by : 100, 15010109
07-16 16:12:08.569 D/TrafficStats(20888): tagSocket(114) with statsTag=0x7370f178, statsUid=-1
07-16 16:12:08.579 I/Finsky  ( 3725): [1894] SCH: Satisfied jobs for 9906 are: 12-1
07-16 16:12:08.582 I/Finsky  ( 3725): [1899] SCH: Job 12-1 starting
07-16 16:12:08.585 I/Finsky  ( 3725): [2] WM::SCH: Logging work start for 12-1
07-16 16:12:08.586 I/Finsky  ( 3725): [2] [ContentSync] job started
07-16 16:12:08.596 I/FA      (20888): App measurement disabled via the manifest
07-16 16:12:08.596 E/.osp.app.signin(20888): No package ID 6a found for ID 0x6a0b0013.
07-16 16:12:08.598 I/FA      (20888): App measurement initialized, version: 175000
07-16 16:12:08.598 I/FA      (20888): To enable debug logging run: adb shell setprop log.tag.FA VERBOSE
07-16 16:12:08.598 I/FA      (20888): To enable faster debug mode event logging run:
07-16 16:12:08.598 I/FA      (20888):   adb shell setprop debug.firebase.analytics.app com.osp.app.signin
07-16 16:12:08.599 D/CompatibilityChangeReporter(20888): Compat change id reported: 194532703; UID 15010109; state: ENABLED
07-16 16:12:08.599 D/WM-SystemJobScheduler(20888): Scheduling work ID e6617713-baae-4d08-98a5-ebce768cc395Job ID 2671
07-16 16:12:08.600 D/CompatibilityChangeReporter(32216): Compat change id reported: 194532703; UID 15010109; state: ENABLED
07-16 16:12:08.605 W/libprocessgroup(32216): Failed to open /dev/blkio//cgroup.procs: No such file or directory
07-16 16:12:08.608 W/libprocessgroup(32216): Failed to open /dev/blkio//cgroup.procs: No such file or directory
07-16 16:12:08.609 W/libprocessgroup(32216): Failed to open /dev/blkio//cgroup.procs: No such file or directory
07-16 16:12:08.610 W/libprocessgroup(32216): Failed to open /dev/blkio//cgroup.procs: No such file or directory
07-16 16:12:08.610 W/libprocessgroup(32216): Failed to open /dev/blkio//cgroup.procs: No such file or directory
07-16 16:12:08.611 W/libprocessgroup(32216): Failed to open /dev/blkio//cgroup.procs: No such file or directory
07-16 16:12:08.612 D/WM-SystemJobService(20888): onStartJob for WorkGenerationalId(workSpecId=e6617713-baae-4d08-98a5-ebce768cc395, generation=0)
07-16 16:12:08.621 I/PhenotypeResourceReader(20504): unable to find any Phenotype resource metadata for com.osp.app.signin
07-16 16:12:08.625 D/WM-GreedyScheduler(20888): Starting work for e6617713-baae-4d08-98a5-ebce768cc395
07-16 16:12:08.639 D/WM-Processor(20888): qz3: processing WorkGenerationalId(workSpecId=e6617713-baae-4d08-98a5-ebce768cc395, generation=0)
07-16 16:12:08.640 D/WM-Processor(20888): Work WorkGenerationalId(workSpecId=e6617713-baae-4d08-98a5-ebce768cc395, generation=0) is already enqueued for processing
07-16 16:12:08.644 E/audit   (  685): type=1400 audit(1784182328.639:819772): avc:  denied  { write } for  pid=20504 comm="ThreadPoolForeg" name="traced_producer" dev="tmpfs" ino=7808 scontext=u:r:gmscore_app:s0:c662,c768 tcontext=u:object_r:traced_producer_socket:s0 tclass=sock_file permissive=0 SEPF_SM-E625F_13_0001 audit_filtered
07-16 16:12:08.644 E/audit   (  685): type=1300 audit(1784182328.639:819772): arch=c00000b7 syscall=203 success=no exit=-13 a0=54 a1=b40000773b49d420 a2=1e a3=ffffffff95ba135b items=1 ppid=31989 pid=20504 auid=4294967295 uid=15010228 gid=15010228 euid=15010228 suid=15010228 fsuid=15010228 egid=15010228 sgid=15010228 fsgid=15010228 tty=(none) ses=4294967295 comm="ThreadPoolForeg" exe="/system/bin/app_process64" subj=u:r:gmscore_app:s0:c662,c768 key=(null)
07-16 16:12:08.644 E/audit   (  685): type=1306 audit(1784182328.639:819772): saddr=01002F6465762F736F636B65742F7472616365645F70726F647563657200
07-16 16:12:08.644 E/audit   (  685): type=1302 audit(1784182328.639:819772): item=0 name="/dev/socket/traced_producer" inode=7808 dev=00:11 mode=0140666 ouid=0 ogid=0 rdev=00:00 obj=u:object_r:traced_producer_socket:s0 nametype=NORMAL cap_fp=0000000000000000 cap_fi=0000000000000000 cap_fe=0 cap_fver=0
07-16 16:12:08.644 E/audit   (  685): type=1327 audit(1784182328.639:819772): proctitle="com.google.android.gms.persistent"
07-16 16:12:08.656 I/NearbyConnections(20504): Instant Connection Security key rotated.
07-16 16:12:08.656 I/NearbyConnections(20504): Scheduled invalidation of the HPKE key alarm (delayMillis:8000) for client 47409916
07-16 16:12:08.657 I/NearbyConnections(20504): Get local endpoint id from random generation 0LPC (last:null) for client 47409916
07-16 16:12:08.657 I/NearbyConnections(20504): MediumsOwnership owner set to dluv(194469875)
07-16 16:12:08.657 D/WM-WorkerWrapper(20888): Starting work for com.samsung.android.samsungaccount.samsunganalytics.AnalyticsWorker
07-16 16:12:08.661 I/SamsungAccount(20888): [SamsungAnalyticsWrapper] setSessionId
07-16 16:12:08.663 D/WM-PackageManagerHelper(20888): Skipping component enablement for androidx.work.impl.background.systemalarm.RescheduleReceiver
07-16 16:12:08.665 I/WM-WorkerWrapper(20888): Worker result SUCCESS for Work [ id=e6617713-baae-4d08-98a5-ebce768cc395, tags={ com.samsung.android.samsungaccount.samsunganalytics.AnalyticsWorker,REFRESH_SESSION_ID } ]
07-16 16:12:08.666 I/NearbyMediums(20504): NFC discovery successfully started.
07-16 16:12:08.670 I/NearbyMediums(20504): In ScanningCancellationFlag, service-id=NearbySharing has become the first scanner. The flag has been reset.
07-16 16:12:08.672 I/BluetoothAdapter(20504): STATE_ON
07-16 16:12:08.673 D/WM-Processor(20888): qz3 e6617713-baae-4d08-98a5-ebce768cc395 executed; reschedule = false
07-16 16:12:08.674 D/WM-SystemJobService(20888): e6617713-baae-4d08-98a5-ebce768cc395 executed on JobScheduler
07-16 16:12:08.674 I/BluetoothAdapter(20504): STATE_ON
07-16 16:12:08.677 I/BluetoothAdapter(20504): STATE_ON
07-16 16:12:08.678 I/BluetoothAdapter(20504): STATE_ON
07-16 16:12:08.678 D/BluetoothLeScanner(20504): Start Scan with callback
07-16 16:12:08.683 D/WM-GreedyScheduler(20888): Cancelling work ID e6617713-baae-4d08-98a5-ebce768cc395
